Archive member included because of file (symbol)

/usr/lib/w32api/libadvapi32.a(dykgs00245.o)
                              winmisc.o (_GetUserNameA@8)
/usr/lib/w32api/libadvapi32.a(dykgs00412.o)
                              winpgnt.o (_RegOpenKeyA@12)
/usr/lib/w32api/libadvapi32.a(dykgs00400.o)
                              winpgnt.o (_RegEnumKeyA@16)
/usr/lib/w32api/libadvapi32.a(dykgs00386.o)
                              winpgnt.o (_RegCloseKey@4)
/usr/lib/w32api/libadvapi32.a(dykgs00172.o)
                              winpgnt.o (_EqualSid@8)
/usr/lib/w32api/libadvapi32.a(dykgh.o)
                              /usr/lib/w32api/libadvapi32.a(dykgs00245.o) (__head_libadvapi32_a)
/usr/lib/w32api/libadvapi32.a(dykgt.o)
                              /usr/lib/w32api/libadvapi32.a(dykgh.o) (__libadvapi32_a_iname)
/usr/lib/w32api/libcomdlg32.a(dmycs00011.o)
                              winutils.o (_GetSaveFileNameA@4)
/usr/lib/w32api/libcomdlg32.a(dmycs00009.o)
                              winutils.o (_GetOpenFileNameA@4)
/usr/lib/w32api/libcomdlg32.a(dmych.o)
                              /usr/lib/w32api/libcomdlg32.a(dmycs00011.o) (__head_libcomdlg32_a)
/usr/lib/w32api/libcomdlg32.a(dmyct.o)
                              /usr/lib/w32api/libcomdlg32.a(dmych.o) (__libcomdlg32_a_iname)
/usr/lib/w32api/libgdi32.a(dyohs00199.o)
                              winpgnt.o (_GetStockObject@4)
/usr/lib/w32api/libgdi32.a(dyohh.o)
                              /usr/lib/w32api/libgdi32.a(dyohs00199.o) (__head_libgdi32_a)
/usr/lib/w32api/libgdi32.a(dyoht.o)
                              /usr/lib/w32api/libgdi32.a(dyohh.o) (__libgdi32_a_iname)
/usr/lib/w32api/libshell32.a(dsdfs00150.o)
                              winpgnt.o (_Shell_NotifyIconA@8)
/usr/lib/w32api/libshell32.a(dsdfs00143.o)
                              winpgnt.o (_ShellExecuteA@24)
/usr/lib/w32api/libshell32.a(dsdfh.o)
                              /usr/lib/w32api/libshell32.a(dsdfs00150.o) (__head_libshell32_a)
/usr/lib/w32api/libshell32.a(dsdft.o)
                              /usr/lib/w32api/libshell32.a(dsdfh.o) (__libshell32_a_iname)
/usr/lib/w32api/libuser32.a(dwxfs00627.o)
                              winhelp.o (_WinHelpA@16)
/usr/lib/w32api/libuser32.a(dwxfs00431.o)
                              winpgnt.o (_MessageBoxA@16)
/usr/lib/w32api/libuser32.a(dwxfs00181.o)
                              winpgnt.o (_EndDialog@8)
/usr/lib/w32api/libuser32.a(dwxfs00179.o)
                              winpgnt.o (_EnableWindow@8)
/usr/lib/w32api/libuser32.a(dwxfs00146.o)
                              winpgnt.o (_DialogBoxParamA@20)
/usr/lib/w32api/libuser32.a(dwxfs00512.o)
                              winpgnt.o (_SetActiveWindow@4)
/usr/lib/w32api/libuser32.a(dwxfs00143.o)
                              winpgnt.o (_DestroyWindow@4)
/usr/lib/w32api/libuser32.a(dwxfs00526.o)
                              winpgnt.o (_SetDlgItemTextA@12)
/usr/lib/w32api/libuser32.a(dwxfs00249.o)
                              winpgnt.o (_GetDesktopWindow@0)
/usr/lib/w32api/libuser32.a(dwxfs00346.o)
                              winpgnt.o (_GetWindowRect@8)
/usr/lib/w32api/libuser32.a(dwxfs00530.o)
                              winpgnt.o (_SetForegroundWindow@4)
/usr/lib/w32api/libuser32.a(dwxfs00568.o)
                              winpgnt.o (_SetWindowPos@28)
/usr/lib/w32api/libuser32.a(dwxfs00254.o)
                              winpgnt.o (_GetDlgItemTextA@16)
/usr/lib/w32api/libuser32.a(dwxfs00442.o)
                              winpgnt.o (_MoveWindow@24)
/usr/lib/w32api/libuser32.a(dwxfs00430.o)
                              winpgnt.o (_MessageBeep@4)
/usr/lib/w32api/libuser32.a(dwxfs00501.o)
                              winpgnt.o (_SendDlgItemMessageA@20)
/usr/lib/w32api/libuser32.a(dwxfs00340.o)
                              winpgnt.o (_GetWindowLongA@8)
/usr/lib/w32api/libuser32.a(dwxfs00565.o)
                              winpgnt.o (_SetWindowLongA@12)
/usr/lib/w32api/libuser32.a(dwxfs00252.o)
                              winpgnt.o (_GetDlgItem@8)
/usr/lib/w32api/libuser32.a(dwxfs00406.o)
                              winpgnt.o (_LoadIconA@8)
/usr/lib/w32api/libuser32.a(dwxfs00141.o)
                              winpgnt.o (_DestroyIcon@4)
/usr/lib/w32api/libuser32.a(dwxfs00487.o)
                              winpgnt.o (_RegisterWindowMessageA@4)
/usr/lib/w32api/libuser32.a(dwxfs00133.o)
                              winpgnt.o (_DefWindowProcA@16)
/usr/lib/w32api/libuser32.a(dwxfs00286.o)
                              winpgnt.o (_GetMenuItemInfoA@16)
/usr/lib/w32api/libuser32.a(dwxfs00282.o)
                              winpgnt.o (_GetMenuDefaultItem@12)
/usr/lib/w32api/libuser32.a(dwxfs00463.o)
                              winpgnt.o (_PostMessageA@16)
/usr/lib/w32api/libuser32.a(dwxfs00598.o)
                              winpgnt.o (_TrackPopupMenu@28)
/usr/lib/w32api/libuser32.a(dwxfs00284.o)
                              winpgnt.o (_GetMenuItemCount@4)
[...]
Memory Configuration

Name             Origin             Length             Attributes
*default*        0x00000000         0xffffffff

Linker script and memory map

                0x00400000                __image_base__ = 0x400000
                0x00000000                __dll__ = 0x0
                0x00400000                ___ImageBase = 0x400000
                0x00001000                __section_alignment__ = 0x1000
                0x00000200                __file_alignment__ = 0x200
                0x00000004                __major_os_version__ = 0x4
                0x00000000                __minor_os_version__ = 0x0
                0x00000001                __major_image_version__ = 0x1
                0x00000000                __minor_image_version__ = 0x0
                0x00000004                __major_subsystem_version__ = 0x4
                0x00000000                __minor_subsystem_version__ = 0x0
                0x00000002                __subsystem__ = 0x2
                0x00200000                __size_of_stack_reserve__ = 0x200000
                0x00001000                __size_of_stack_commit__ = 0x1000
                0x00100000                __size_of_heap_reserve__ = 0x100000
                0x00001000                __size_of_heap_commit__ = 0x1000
                0x00000000                __loader_flags__ = 0x0
LOAD /usr/lib/gcc/i686-pc-mingw32/3.4.4/../../../../i686-pc-mingw32/lib/crt2.o
LOAD misc.o
LOAD pageant.res.o
LOAD sshaes.o
LOAD sshbn.o
LOAD sshdes.o
LOAD sshdss.o
LOAD sshmd5.o
LOAD sshpubk.o
LOAD sshrsa.o
LOAD sshsh512.o
LOAD sshsha.o
LOAD tree234.o
LOAD version.o
LOAD winhelp.o
LOAD winmisc.o
LOAD winpgnt.o
LOAD winpgntc.o
LOAD winutils.o
LOAD /usr/lib/w32api/libadvapi32.a
LOAD /usr/lib/w32api/libcomctl32.a
LOAD /usr/lib/w32api/libcomdlg32.a
LOAD /usr/lib/w32api/libgdi32.a
LOAD /usr/lib/w32api/libimm32.a
LOAD /usr/lib/w32api/libshell32.a
LOAD /usr/lib/w32api/libuser32.a
LOAD /usr/lib/w32api/libwinmm.a
LOAD /usr/lib/w32api/libwinspool.a
LOAD /usr/lib/gcc/i686-pc-mingw32/3.4.4/../../../../i686-pc-mingw32/lib/libmingw32.a
LOAD /usr/lib/gcc/i686-pc-mingw32/3.4.4/libgcc.a
LOAD /usr/lib/gcc/i686-pc-mingw32/3.4.4/../../../../i686-pc-mingw32/lib/libmoldname.a
LOAD /usr/lib/gcc/i686-pc-mingw32/3.4.4/../../../../i686-pc-mingw32/lib/libmingwex.a
LOAD /usr/lib/gcc/i686-pc-mingw32/3.4.4/../../../../i686-pc-mingw32/lib/libmsvcrt.a
LOAD /usr/lib/gcc/i686-pc-mingw32/3.4.4/../../../../i686-pc-mingw32/lib/libmingw32.a
LOAD /usr/lib/w32api/libgdi32.a
LOAD /usr/lib/w32api/libcomdlg32.a
LOAD /usr/lib/w32api/libuser32.a
LOAD /usr/lib/w32api/libkernel32.a
LOAD /usr/lib/w32api/libadvapi32.a
LOAD /usr/lib/w32api/libshell32.a
LOAD /usr/lib/gcc/i686-pc-mingw32/3.4.4/../../../../i686-pc-mingw32/lib/libmingw32.a
LOAD /usr/lib/gcc/i686-pc-mingw32/3.4.4/libgcc.a
LOAD /usr/lib/gcc/i686-pc-mingw32/3.4.4/../../../../i686-pc-mingw32/lib/libmoldname.a
LOAD /usr/lib/gcc/i686-pc-mingw32/3.4.4/../../../../i686-pc-mingw32/lib/libmingwex.a
LOAD /usr/lib/gcc/i686-pc-mingw32/3.4.4/../../../../i686-pc-mingw32/lib/libmsvcrt.a
                0x00000268                . = SIZEOF_HEADERS
                0x00001000                . = ALIGN (__section_alignment__)

.text           0x00401000    0x18800
 *(.init)
 *(.text)
 .text          0x00401000      0x2e0 /usr/lib/gcc/i686-pc-mingw32/3.4.4/../../../../i686-pc-mingw32/lib/crt2.o
                0x004012a0                _WinMainCRTStartup
                0x00401280                _mainCRTStartup
                0x004012c0                _atexit
                0x004012d0                __onexit
 .text          0x004012e0      0xc10 misc.o
                0x00401c60                _free_prompts
                0x00401390                _ctrlparse
                0x004012e0                _parse_blocksize
                0x00401bc0                _fgetline
                0x004014e0                _bufchain_init
                0x00401960                _dupvprintf
                0x00401d30                _debug_memdump
                0x004015e0                _safemalloc
                0x00401670                _bufchain_add
                0x00401800                _dupstr
                0x00401ed0                _cfg_dest
                0x00401ac0                _bufchain_consume
                0x00401b80                _bufchain_clear
                0x00401ea0                _cfg_launchable
                0x00401540                _bufchain_fetch
                0x00401cf0                _debug_printf
                0x00401510                _bufchain_prefix
                0x00401760                _dupcat
                0x004018b0                _saferealloc
                0x00401850                _new_prompts
                0x004019f0                _dupprintf
                0x00401a10                _add_prompt
                0x00401aa0                _safefree
                0x00401450                _base64_encode_atom
                0x00401500                _bufchain_size
 .text          0x00401ef0     0x2db0 sshaes.o
                0x00404c30                _aes256_decrypt_pubkey
                0x00404bc0                _aes256_encrypt_pubkey
 .text          0x00404ca0     0x1e90 sshbn.o
                0x004060c0                _bignum_cmp
                0x00406370                _bigmul
                0x00406120                _bignum_rshift
                0x00406060                _ssh1_write_bignum
                0x004058b0                _modpow
                0x004065d0                _diagbn
                0x004069a0                _bignum_decimal
                0x00405e90                _ssh1_read_bignum
                0x00406390                _bignum_bitmask
                0x00405f80                _ssh2_bignum_length
                0x004066d0                _bigdiv
                0x00404dc0                _freebn
                0x00406400                _bignum_from_long
                0x00405fb0                _bignum_byte
                0x00405db0                _bignum_from_bytes
                0x00406710                _biggcd
                0x00404e70                _bn_power_2
                0x00405870                _bigmod
                0x004051b0                _modmul
                0x00404d10                _bn_restore_invariant
                0x00404e10                _bignum_set_bit
                0x00405d50                _decbn
                0x004064e0                _bignum_mod_short
                0x004067d0                _modinv
                0x004061f0                _bigmuladd
                0x00405f50                _ssh1_bignum_length
                0x00405f20                _bignum_bitcount
                0x00406010                _bignum_bit
                0x00406440                _bignum_add_long
                0x00404d50                _copybn
 .text          0x00406b30     0x2770 sshdes.o
                0x00408e20                _des3_decrypt_pubkey_ossh
                0x004091b0                _des_encrypt_xdmauth
                0x00408f90                _des3_encrypt_pubkey_ossh
                0x00408d00                _des3_encrypt_pubkey
                0x004091f0                _des_decrypt_xdmauth
                0x00408be0                _des3_decrypt_pubkey
 .text          0x004092a0     0x1810 sshdss.o
 .text          0x0040aab0      0xdf0 sshmd5.o
                0x0040b7b0                _hmacmd5_do_hmac
                0x0040b590                _hmacmd5_make_context
                0x0040b5c0                _hmacmd5_key
                0x0040b5b0                _hmacmd5_free_context
                0x0040b430                _MD5Final
                0x0040b550                _MD5Simple
                0x0040aaf0                _MD5Update
                0x0040aab0                _MD5Init
 .text          0x0040b8a0     0x2680 sshpubk.o
                0x0040be50                _rsakey_encrypted
                0x0040d5e0                _ssh2_save_userkey
                0x0040dd30                _key_type
                0x0040d390                _ssh2_userkey_encrypted
                0x0040c4b0                _base64_decode_atom
                0x0040d530                _base64_encode
                0x0040bf00                _rsakey_pubblob
                0x0040c720                _ssh2_load_userkey
                0x0040c060                _saversakey
                0x0040bd70                _loadrsakey
                0x0040c6c0                _find_pubkey_alg
                0x0040d180                _ssh2_userkey_loadpub
                0x0040d510                _base64_lines
                0x0040ded0                _key_type_to_str
 .text          0x0040df20     0x1e70 sshrsa.o
                0x0040e520                _rsastr_len
                0x0040e6f0                _rsa_fingerprint
                0x0040e510                _rsadecrypt
                0x0040df20                _makekey
                0x0040e5b0                _rsastr_fmt
                0x0040eb80                _freersakey
                0x0040ea50                _rsa_public_blob
                0x0040e070                _makeprivate
                0x0040e8f0                _rsa_verify
                0x0040eb00                _rsa_public_blob_len
                0x0040e080                _rsaencrypt
 .text          0x0040fd90     0x27a0 sshsh512.o
                0x0040fdf0                _SHA512_Bytes
                0x00412370                _SHA512_Final
                0x0040fd90                _SHA512_Init
                0x004124e0                _SHA512_Simple
 .text          0x00412530      0x9b0 sshsha.o
                0x004127e0                _SHA_Init
                0x00412530                _SHATransform
                0x00412a40                _SHA_Simple
                0x00412820                _SHA_Bytes
                0x00412e60                _hmac_sha1_simple
                0x00412920                _SHA_Final
 .text          0x00412ee0     0x1110 tree234.o
                0x00413610                _add234
                0x00413fa0                _del234
                0x00413640                _addpos234
                0x00412ee0                _newtree234
                0x00412f50                _freetree234
                0x00412fb0                _count234
                0x004138b0                _find234
                0x00413710                _findrelpos234
                0x00413670                _index234
                0x00413f50                _delpos234
                0x004138e0                _findrel234
                0x00413910                _findpos234
 .text          0x00413ff0        0x0 version.o
 .text          0x00413ff0      0x270 winhelp.o
                0x00414120                _has_help
                0x00414210                _quit_help
                0x00414110                _shutdown_help
                0x00413ff0                _init_help
                0x00414130                _launch_help
 .text          0x00414260      0x250 winmisc.o
                0x00414260                _platform_get_x11_auth
                0x00414290                _filename_from_str
                0x00414270                _platform_get_x_display
                0x004142f0                _filename_to_str
                0x00414330                _filename_is_null
                0x00414300                _filename_equal
                0x004143a0                _init_winver
                0x004143e0                _dputs
                0x00414340                _get_username
 .text          0x004144b0     0x4170 winpgnt.o
                0x00414510                _random_byte
                0x00417d60                _WinMain@16
                0x004144b0                _modalfatalbox
                0x00417d10                _agent_schedule_callback
                0x00417c80                _spawn_cmd
                0x00414950                _old_keyfile_warning
                0x00417d40                _cleanup_exit
 .text          0x00418620      0x1e0 winpgntc.o
                0x00418620                _agent_exists
                0x00418650                _agent_query
 .text          0x00418800      0x580 winutils.o
                0x00418a40                _split_into_argv
                0x00418800                _request_file
                0x00418990                _message_box
                0x00418910                _filereq_free
                0x004188f0                _filereq_new
                0x00418a10                _pgp_fingerprints
 .text          0x00418d80        0x8 /usr/lib/w32api/libadvapi32.a(dykgs00245.o)
                0x00418d80                _GetUserNameA@8
 .text          0x00418d88        0x8 /usr/lib/w32api/libadvapi32.a(dykgs00412.o)
                0x00418d88                _RegOpenKeyA@12
 .text          0x00418d90        0x8 /usr/lib/w32api/libadvapi32.a(dykgs00400.o)
                0x00418d90                _RegEnumKeyA@16
 .text          0x00418d98        0x8 /usr/lib/w32api/libadvapi32.a(dykgs00386.o)
                0x00418d98                _RegCloseKey@4
 .text          0x00418da0        0x8 /usr/lib/w32api/libadvapi32.a(dykgs00172.o)
                0x00418da0                _EqualSid@8
 .text          0x00418da8        0x0 /usr/lib/w32api/libadvapi32.a(dykgh.o)
 .text          0x00418da8        0x0 /usr/lib/w32api/libadvapi32.a(dykgt.o)
 .text          0x00418da8        0x8 /usr/lib/w32api/libcomdlg32.a(dmycs00011.o)
                0x00418da8                _GetSaveFileNameA@4
 .text          0x00418db0        0x8 /usr/lib/w32api/libcomdlg32.a(dmycs00009.o)
                0x00418db0                _GetOpenFileNameA@4
 .text          0x00418db8        0x0 /usr/lib/w32api/libcomdlg32.a(dmych.o)
 .text          0x00418db8        0x0 /usr/lib/w32api/libcomdlg32.a(dmyct.o)
 .text          0x00418db8        0x8 /usr/lib/w32api/libgdi32.a(dyohs00199.o)
                0x00418db8                _GetStockObject@4
 .text          0x00418dc0        0x0 /usr/lib/w32api/libgdi32.a(dyohh.o)
 .text          0x00418dc0        0x0 /usr/lib/w32api/libgdi32.a(dyoht.o)
 .text          0x00418dc0        0x8 /usr/lib/w32api/libshell32.a(dsdfs00150.o)
                0x00418dc0                _Shell_NotifyIconA@8
 .text          0x00418dc8        0x8 /usr/lib/w32api/libshell32.a(dsdfs00143.o)
                0x00418dc8                _ShellExecuteA@24
 .text          0x00418dd0        0x0 /usr/lib/w32api/libshell32.a(dsdfh.o)
 .text          0x00418dd0        0x0 /usr/lib/w32api/libshell32.a(dsdft.o)
 .text          0x00418dd0        0x8 /usr/lib/w32api/libuser32.a(dwxfs00627.o)
                0x00418dd0                _WinHelpA@16
 .text          0x00418dd8        0x8 /usr/lib/w32api/libuser32.a(dwxfs00431.o)
                0x00418dd8                _MessageBoxA@16
 .text          0x00418de0        0x8 /usr/lib/w32api/libuser32.a(dwxfs00181.o)
                0x00418de0                _EndDialog@8
 .text          0x00418de8        0x8 /usr/lib/w32api/libuser32.a(dwxfs00179.o)
                0x00418de8                _EnableWindow@8
 .text          0x00418df0        0x8 /usr/lib/w32api/libuser32.a(dwxfs00146.o)
                0x00418df0                _DialogBoxParamA@20
 .text          0x00418df8        0x8 /usr/lib/w32api/libuser32.a(dwxfs00512.o)
                0x00418df8                _SetActiveWindow@4
 .text          0x00418e00        0x8 /usr/lib/w32api/libuser32.a(dwxfs00143.o)
                0x00418e00                _DestroyWindow@4
 .text          0x00418e08        0x8 /usr/lib/w32api/libuser32.a(dwxfs00526.o)
                0x00418e08                _SetDlgItemTextA@12
 .text          0x00418e10        0x8 /usr/lib/w32api/libuser32.a(dwxfs00249.o)
                0x00418e10                _GetDesktopWindow@0
 .text          0x00418e18        0x8 /usr/lib/w32api/libuser32.a(dwxfs00346.o)
                0x00418e18                _GetWindowRect@8
 .text          0x00418e20        0x8 /usr/lib/w32api/libuser32.a(dwxfs00530.o)
                0x00418e20                _SetForegroundWindow@4
 .text          0x00418e28        0x8 /usr/lib/w32api/libuser32.a(dwxfs00568.o)
                0x00418e28                _SetWindowPos@28
 .text          0x00418e30        0x8 /usr/lib/w32api/libuser32.a(dwxfs00254.o)
                0x00418e30                _GetDlgItemTextA@16
 .text          0x00418e38        0x8 /usr/lib/w32api/libuser32.a(dwxfs00442.o)
                0x00418e38                _MoveWindow@24
 .text          0x00418e40        0x8 /usr/lib/w32api/libuser32.a(dwxfs00430.o)
                0x00418e40                _MessageBeep@4
 .text          0x00418e48        0x8 /usr/lib/w32api/libuser32.a(dwxfs00501.o)
                0x00418e48                _SendDlgItemMessageA@20
 .text          0x00418e50        0x8 /usr/lib/w32api/libuser32.a(dwxfs00340.o)
                0x00418e50                _GetWindowLongA@8
 .text          0x00418e58        0x8 /usr/lib/w32api/libuser32.a(dwxfs00565.o)
                0x00418e58                _SetWindowLongA@12
 .text          0x00418e60        0x8 /usr/lib/w32api/libuser32.a(dwxfs00252.o)
                0x00418e60                _GetDlgItem@8
 .text          0x00418e68        0x8 /usr/lib/w32api/libuser32.a(dwxfs00406.o)
                0x00418e68                _LoadIconA@8
 .text          0x00418e70        0x8 /usr/lib/w32api/libuser32.a(dwxfs00141.o)
                0x00418e70                _DestroyIcon@4
 .text          0x00418e78        0x8 /usr/lib/w32api/libuser32.a(dwxfs00487.o)
                0x00418e78                _RegisterWindowMessageA@4
 .text          0x00418e80        0x8 /usr/lib/w32api/libuser32.a(dwxfs00133.o)
                0x00418e80                _DefWindowProcA@16
 .text          0x00418e88        0x8 /usr/lib/w32api/libuser32.a(dwxfs00286.o)
                0x00418e88                _GetMenuItemInfoA@16
 .text          0x00418e90        0x8 /usr/lib/w32api/libuser32.a(dwxfs00282.o)
                0x00418e90                _GetMenuDefaultItem@12
 .text          0x00418e98        0x8 /usr/lib/w32api/libuser32.a(dwxfs00463.o)
                0x00418e98                _PostMessageA@16
 .text          0x00418ea0        0x8 /usr/lib/w32api/libuser32.a(dwxfs00598.o)
                0x00418ea0                _TrackPopupMenu@28
 .text          0x00418ea8        0x8 /usr/lib/w32api/libuser32.a(dwxfs00284.o)
                0x00418ea8                _GetMenuItemCount@4
 .text          0x00418eb0        0x8 /usr/lib/w32api/libuser32.a(dwxfs00491.o)
                0x00418eb0                _RemoveMenu@12
 .text          0x00418eb8        0x8 /usr/lib/w32api/libuser32.a(dwxfs00465.o)
                0x00418eb8                _PostQuitMessage@4
 .text          0x00418ec0        0x8 /usr/lib/w32api/libuser32.a(dwxfs00504.o)
                0x00418ec0                _SendMessageA@16
 .text          0x00418ec8        0x8 /usr/lib/w32api/libuser32.a(dwxfs00079.o)
                0x00418ec8                _CreateDialogParamA@20
 .text          0x00418ed0        0x8 /usr/lib/w32api/libuser32.a(dwxfs00581.o)
                0x00418ed0                _ShowWindow@8
 .text          0x00418ed8        0x8 /usr/lib/w32api/libuser32.a(dwxfs00246.o)
                0x00418ed8                _GetCursorPos@4
 .text          0x00418ee0        0x8 /usr/lib/w32api/libuser32.a(dwxfs00363.o)
                0x00418ee0                _InsertMenuItemA@16
 .text          0x00418ee8        0x8 /usr/lib/w32api/libuser32.a(dwxfs00089.o)
                0x00418ee8                _CreateWindowExA@48
 .text          0x00418ef0        0x8 /usr/lib/w32api/libuser32.a(dwxfs00088.o)
                0x00418ef0                _CreatePopupMenu@0
 .text          0x00418ef8        0x8 /usr/lib/w32api/libuser32.a(dwxfs00006.o)
                0x00418ef8                _AppendMenuA@16
 .text          0x00418f00        0x8 /usr/lib/w32api/libuser32.a(dwxfs00536.o)
                0x00418f00                _SetMenuDefaultItem@12
 .text          0x00418f08        0x8 /usr/lib/w32api/libuser32.a(dwxfs00292.o)
                0x00418f08                _GetMessageA@16
 .text          0x00418f10        0x8 /usr/lib/w32api/libuser32.a(dwxfs00391.o)
                0x00418f10                _IsWindow@4
 .text          0x00418f18        0x8 /usr/lib/w32api/libuser32.a(dwxfs00382.o)
                0x00418f18                _IsDialogMessageA@8
 .text          0x00418f20        0x8 /usr/lib/w32api/libuser32.a(dwxfs00604.o)
                0x00418f20                _TranslateMessage@4
 .text          0x00418f28        0x8 /usr/lib/w32api/libuser32.a(dwxfs00148.o)
                0x00418f28                _DispatchMessageA@4
 .text          0x00418f30        0x8 /usr/lib/w32api/libuser32.a(dwxfs00142.o)
                0x00418f30                _DestroyMenu@4
 .text          0x00418f38        0x8 /usr/lib/w32api/libuser32.a(dwxfs00087.o)
                0x00418f38                _CreateMenu@0
 .text          0x00418f40        0x8 /usr/lib/w32api/libuser32.a(dwxfs00402.o)
                0x00418f40                _LoadCursorA@8
 .text          0x00418f48        0x8 /usr/lib/w32api/libuser32.a(dwxfs00476.o)
                0x00418f48                _RegisterClassA@4
 .text          0x00418f50        0x8 /usr/lib/w32api/libuser32.a(dwxfs00209.o)
                0x00418f50                _FindWindowA@8
 .text          0x00418f58        0x8 /usr/lib/w32api/libuser32.a(dwxfs00434.o)
                0x00418f58                _MessageBoxIndirectA@4
 .text          0x00418f60        0x0 /usr/lib/w32api/libuser32.a(dwxfh.o)
 .text          0x00418f60        0x0 /usr/lib/w32api/libuser32.a(dwxft.o)
 .text          0x00418f60        0x0 /usr/lib/gcc/i686-pc-mingw32/3.4.4/../../../../i686-pc-mingw32/lib/libmingw32.a(CRTglob.o)
 .text          0x00418f60        0x0 /usr/lib/gcc/i686-pc-mingw32/3.4.4/../../../../i686-pc-mingw32/lib/libmingw32.a(CRTfmode.o)
 .text          0x00418f60        0x0 /usr/lib/gcc/i686-pc-mingw32/3.4.4/../../../../i686-pc-mingw32/lib/libmingw32.a(txtmode.o)
 .text          0x00418f60      0x120 /usr/lib/gcc/i686-pc-mingw32/3.4.4/../../../../i686-pc-mingw32/lib/libmingw32.a(main.o)
                0x00418f60                _main
 .text          0x00419080       0xb0 /usr/lib/gcc/i686-pc-mingw32/3.4.4/../../../../i686-pc-mingw32/lib/libmingw32.a(gccmain.o)
                0x00419110                ___main
                0x00419080                ___do_global_dtors
                0x004190b0                ___do_global_ctors
 .text          0x00419130       0x30 /usr/lib/gcc/i686-pc-mingw32/3.4.4/../../../../i686-pc-mingw32/lib/libmingw32.a(pseudo-reloc.o)
                0x00419130                __pei386_runtime_relocator
 .text          0x00419160      0x100 /usr/lib/gcc/i686-pc-mingw32/3.4.4/../../../../i686-pc-mingw32/lib/libmingw32.a(cpu_features.o)
                0x00419160                ___cpu_features_init
 .text          0x00419260       0x10 /usr/lib/gcc/i686-pc-mingw32/3.4.4/../../../../i686-pc-mingw32/lib/libmingw32.a(CRT_fp10.o)
                0x00419260                __fpreset
                0x00419260                _fpreset
 .text          0x00419270        0x0 /usr/lib/gcc/i686-pc-mingw32/3.4.4/../../../../i686-pc-mingw32/lib/libmingw32.a(pseudo-reloc-list.o)
 .text          0x00419270      0x1e0 /usr/lib/gcc/i686-pc-mingw32/3.4.4/libgcc.a(_umoddi3.o)
                0x00419270                ___umoddi3
 .text          0x00419450      0x130 /usr/lib/gcc/i686-pc-mingw32/3.4.4/libgcc.a(_udivdi3.o)
                0x00419450                ___udivdi3
 .text          0x00419580       0x30 /usr/lib/gcc/i686-pc-mingw32/3.4.4/libgcc.a(_chkstk.o)
                0x00419580                ___chkstk
                0x00419580                __alloca
 .text          0x004195b0        0x0 /usr/lib/gcc/i686-pc-mingw32/3.4.4/libgcc.a(_ctors.o)
 .text          0x004195b0        0x0 /usr/lib/gcc/i686-pc-mingw32/3.4.4/../../../../i686-pc-mingw32/lib/libmsvcrt.a(doxfs00266.o)
 .text          0x004195b0        0x0 /usr/lib/gcc/i686-pc-mingw32/3.4.4/../../../../i686-pc-mingw32/lib/libmsvcrt.a(doxfs00590.o)
 .text          0x004195b0        0x0 /usr/lib/gcc/i686-pc-mingw32/3.4.4/../../../../i686-pc-mingw32/lib/libmsvcrt.a(doxfs00383.o)
 .text          0x004195b0        0x8 /usr/lib/gcc/i686-pc-mingw32/3.4.4/../../../../i686-pc-mingw32/lib/libmsvcrt.a(doxfs00147.o)
                0x004195b0                __cexit
 .text          0x004195b8        0x8 /usr/lib/gcc/i686-pc-mingw32/3.4.4/../../../../i686-pc-mingw32/lib/libmsvcrt.a(doxfs00077.o)
                0x004195b8                ___p__environ
 .text          0x004195c0        0x8 /usr/lib/gcc/i686-pc-mingw32/3.4.4/../../../../i686-pc-mingw32/lib/libmsvcrt.a(doxfs00706.o)
                0x004195c0                _signal
 .text          0x004195c8        0x8 /usr/lib/gcc/i686-pc-mingw32/3.4.4/../../../../i686-pc-mingw32/lib/libmsvcrt.a(doxfs00079.o)
                0x004195c8                ___p__fmode
 .text          0x004195d0        0x8 /usr/lib/gcc/i686-pc-mingw32/3.4.4/../../../../i686-pc-mingw32/lib/libmsvcrt.a(doxfs00426.o)
                0x004195d0                __setmode
 .text          0x004195d8        0x8 /usr/lib/gcc/i686-pc-mingw32/3.4.4/../../../../i686-pc-mingw32/lib/libmsvcrt.a(doxfs00055.o)
                0x004195d8                ___getmainargs
 .text          0x004195e0        0x0 /usr/lib/gcc/i686-pc-mingw32/3.4.4/../../../../i686-pc-mingw32/lib/libmsvcrt.a(doxfs00392.o)
 .text          0x004195e0        0x0 /usr/lib/gcc/i686-pc-mingw32/3.4.4/../../../../i686-pc-mingw32/lib/libmsvcrt.a(doxfs00065.o)
 .text          0x004195e0        0x8 /usr/lib/gcc/i686-pc-mingw32/3.4.4/../../../../i686-pc-mingw32/lib/libmsvcrt.a(doxfs00684.o)
                0x004195e0                _memset
 .text          0x004195e8        0x8 /usr/lib/gcc/i686-pc-mingw32/3.4.4/../../../../i686-pc-mingw32/lib/libmsvcrt.a(doxfs00682.o)
                0x004195e8                _memcpy
 .text          0x004195f0        0x8 /usr/lib/gcc/i686-pc-mingw32/3.4.4/../../../../i686-pc-mingw32/lib/libmsvcrt.a(doxfs00625.o)
                0x004195f0                _free
 .text          0x004195f8        0x8 /usr/lib/gcc/i686-pc-mingw32/3.4.4/../../../../i686-pc-mingw32/lib/libmsvcrt.a(doxfs00698.o)
                0x004195f8                _realloc
 .text          0x00419600        0x8 /usr/lib/gcc/i686-pc-mingw32/3.4.4/../../../../i686-pc-mingw32/lib/libmsvcrt.a(doxfs00676.o)
                0x00419600                _malloc
 .text          0x00419608        0x8 /usr/lib/gcc/i686-pc-mingw32/3.4.4/../../../../i686-pc-mingw32/lib/libmsvcrt.a(doxfs00137.o)
                0x00419608                __assert
 .text          0x00419610        0x8 /usr/lib/gcc/i686-pc-mingw32/3.4.4/../../../../i686-pc-mingw32/lib/libmsvcrt.a(doxfs00613.o)
                0x00419610                _fgets
 .text          0x00419618        0x8 /usr/lib/gcc/i686-pc-mingw32/3.4.4/../../../../i686-pc-mingw32/lib/libmsvcrt.a(doxfs00490.o)
                0x00419618                __vsnprintf
 .text          0x00419620        0x8 /usr/lib/gcc/i686-pc-mingw32/3.4.4/../../../../i686-pc-mingw32/lib/libmsvcrt.a(doxfs00717.o)
                0x00419620                _strcpy
 .text          0x00419628        0x8 /usr/lib/gcc/i686-pc-mingw32/3.4.4/../../../../i686-pc-mingw32/lib/libmsvcrt.a(doxfs00721.o)
                0x00419628                _strlen
 .text          0x00419630        0x8 /usr/lib/gcc/i686-pc-mingw32/3.4.4/../../../../i686-pc-mingw32/lib/libmsvcrt.a(doxfs00731.o)
                0x00419630                _strtol
 .text          0x00419638        0x8 /usr/lib/gcc/i686-pc-mingw32/3.4.4/../../../../i686-pc-mingw32/lib/libmsvcrt.a(doxfs00732.o)
                0x00419638                _strtoul
 .text          0x00419640        0x8 /usr/lib/gcc/i686-pc-mingw32/3.4.4/../../../../i686-pc-mingw32/lib/libmsvcrt.a(doxfs00268.o)
                0x00419640                __isctype
 .text          0x00419648        0x8 /usr/lib/gcc/i686-pc-mingw32/3.4.4/../../../../i686-pc-mingw32/lib/libmsvcrt.a(doxfs00683.o)
                0x00419648                _memmove
 .text          0x00419650        0x8 /usr/lib/gcc/i686-pc-mingw32/3.4.4/../../../../i686-pc-mingw32/lib/libmsvcrt.a(doxfs00583.o)
                0x00419650                _abort
 .text          0x00419658        0x8 /usr/lib/gcc/i686-pc-mingw32/3.4.4/../../../../i686-pc-mingw32/lib/libmsvcrt.a(doxfs00709.o)
                0x00419658                _sprintf
 .text          0x00419660        0x8 /usr/lib/gcc/i686-pc-mingw32/3.4.4/../../../../i686-pc-mingw32/lib/libmsvcrt.a(doxfs00620.o)
                0x00419660                _fputc
 .text          0x00419668        0x8 /usr/lib/gcc/i686-pc-mingw32/3.4.4/../../../../i686-pc-mingw32/lib/libmsvcrt.a(doxfs00633.o)
                0x00419668                _fwrite
 .text          0x00419670        0x8 /usr/lib/gcc/i686-pc-mingw32/3.4.4/../../../../i686-pc-mingw32/lib/libmsvcrt.a(doxfs00619.o)
                0x00419670                _fprintf
 .text          0x00419678        0x8 /usr/lib/gcc/i686-pc-mingw32/3.4.4/../../../../i686-pc-mingw32/lib/libmsvcrt.a(doxfs00592.o)
                0x00419678                _atoi
 .text          0x00419680        0x8 /usr/lib/gcc/i686-pc-mingw32/3.4.4/../../../../i686-pc-mingw32/lib/libmsvcrt.a(doxfs00746.o)
                0x00419680                _ungetc
 .text          0x00419688        0x8 /usr/lib/gcc/i686-pc-mingw32/3.4.4/../../../../i686-pc-mingw32/lib/libmsvcrt.a(doxfs00611.o)
                0x00419688                _fgetc
 .text          0x00419690        0x8 /usr/lib/gcc/i686-pc-mingw32/3.4.4/../../../../i686-pc-mingw32/lib/libmsvcrt.a(doxfs00715.o)
                0x00419690                _strcmp
 .text          0x00419698        0x8 /usr/lib/gcc/i686-pc-mingw32/3.4.4/../../../../i686-pc-mingw32/lib/libmsvcrt.a(doxfs00607.o)
                0x00419698                _fclose
 .text          0x004196a0        0x8 /usr/lib/gcc/i686-pc-mingw32/3.4.4/../../../../i686-pc-mingw32/lib/libmsvcrt.a(doxfs00624.o)
                0x004196a0                _fread
 .text          0x004196a8        0x8 /usr/lib/gcc/i686-pc-mingw32/3.4.4/../../../../i686-pc-mingw32/lib/libmsvcrt.a(doxfs00618.o)
                0x004196a8                _fopen
 .text          0x004196b0        0x8 /usr/lib/gcc/i686-pc-mingw32/3.4.4/../../../../i686-pc-mingw32/lib/libmsvcrt.a(doxfs00724.o)
                0x004196b0                _strncpy
 .text          0x004196b8        0x8 /usr/lib/gcc/i686-pc-mingw32/3.4.4/../../../../i686-pc-mingw32/lib/libmsvcrt.a(doxfs00718.o)
                0x004196b8                _strcspn
 .text          0x004196c0        0x8 /usr/lib/gcc/i686-pc-mingw32/3.4.4/../../../../i686-pc-mingw32/lib/libmsvcrt.a(doxfs00726.o)
                0x004196c0                _strrchr
 .text          0x004196c8        0x8 /usr/lib/gcc/i686-pc-mingw32/3.4.4/../../../../i686-pc-mingw32/lib/libmsvcrt.a(doxfs00610.o)
                0x004196c8                _fflush
 .text          0x004196d0        0x8 /usr/lib/gcc/i686-pc-mingw32/3.4.4/../../../../i686-pc-mingw32/lib/libmsvcrt.a(doxfs00621.o)
                0x004196d0                _fputs
 .text          0x004196d8        0x8 /usr/lib/gcc/i686-pc-mingw32/3.4.4/../../../../i686-pc-mingw32/lib/libmsvcrt.a(doxfs00637.o)
                0x004196d8                _getenv
 .text          0x004196e0        0x8 /usr/lib/gcc/i686-pc-mingw32/3.4.4/../../../../i686-pc-mingw32/lib/libmsvcrt.a(doxfs00713.o)
                0x004196e0                _strcat
 .text          0x004196e8        0x8 /usr/lib/gcc/i686-pc-mingw32/3.4.4/../../../../i686-pc-mingw32/lib/libmsvcrt.a(doxfs00714.o)
                0x004196e8                _strchr
 .text          0x004196f0        0x8 /usr/lib/gcc/i686-pc-mingw32/3.4.4/../../../../i686-pc-mingw32/lib/libmsvcrt.a(doxfs00604.o)
                0x004196f0                _exit
 .text          0x004196f8        0x0 /usr/lib/gcc/i686-pc-mingw32/3.4.4/../../../../i686-pc-mingw32/lib/libmsvcrt.a(doxfh.o)
 .text          0x004196f8        0x0 /usr/lib/gcc/i686-pc-mingw32/3.4.4/../../../../i686-pc-mingw32/lib/libmsvcrt.a(doxft.o)
 .text          0x004196f8        0x8 /usr/lib/w32api/libkernel32.a(dyuhs00739.o)
                0x004196f8                _SetUnhandledExceptionFilter@4
 .text          0x00419700        0x8 /usr/lib/w32api/libkernel32.a(dyuhs00156.o)
                0x00419700                _ExitProcess@4
 .text          0x00419708        0x8 /usr/lib/w32api/libkernel32.a(dyuhs00335.o)
                0x00419708                _GetModuleFileNameA@12
 .text          0x00419710        0x8 /usr/lib/w32api/libkernel32.a(dyuhs00433.o)
                0x00419710                _GetVersionExA@4
 .text          0x00419718        0x8 /usr/lib/w32api/libkernel32.a(dyuhs00827.o)
                0x00419718                _WriteFile@20
 .text          0x00419720        0x8 /usr/lib/w32api/libkernel32.a(dyuhs00009.o)
                0x00419720                _AllocConsole@0
 .text          0x00419728        0x8 /usr/lib/w32api/libkernel32.a(dyuhs00388.o)
                0x00419728                _GetStdHandle@4
 .text          0x00419730        0x8 /usr/lib/w32api/libkernel32.a(dyuhs00565.o)
                0x00419730                _OpenFileMappingA@12
 .text          0x00419738        0x8 /usr/lib/w32api/libkernel32.a(dyuhs00284.o)
                0x00419738                _GetCurrentProcessId@0
 .text          0x00419740        0x8 /usr/lib/w32api/libkernel32.a(dyuhs00571.o)
                0x00419740                _OpenProcess@12
 .text          0x00419748        0x8 /usr/lib/w32api/libkernel32.a(dyuhs00038.o)
                0x00419748                _CloseHandle@4
 .text          0x00419750        0x8 /usr/lib/w32api/libkernel32.a(dyuhs00776.o)
                0x00419750                _UnmapViewOfFile@4
 .text          0x00419758        0x8 /usr/lib/w32api/libkernel32.a(dyuhs00534.o)
                0x00419758                _LocalFree@4
 .text          0x00419760        0x8 /usr/lib/w32api/libkernel32.a(dyuhs00546.o)
                0x00419760                _MapViewOfFile@20
 .text          0x00419768        0x8 /usr/lib/w32api/libkernel32.a(dyuhs00325.o)
                0x00419768                _GetLastError@0
 .text          0x00419770        0x8 /usr/lib/w32api/libkernel32.a(dyuhs00214.o)
                0x00419770                _FreeLibrary@4
 .text          0x00419778        0x8 /usr/lib/w32api/libkernel32.a(dyuhs00524.o)
                0x00419778                _LoadLibraryA@4
 .text          0x00419780        0x8 /usr/lib/w32api/libkernel32.a(dyuhs00364.o)
                0x00419780                _GetProcAddress@8
 .text          0x00419788        0x8 /usr/lib/w32api/libkernel32.a(dyuhs00286.o)
                0x00419788                _GetCurrentThreadId@0
 .text          0x00419790        0x8 /usr/lib/w32api/libkernel32.a(dyuhs00069.o)
                0x00419790                _CreateFileMappingA@24
 .text          0x00419798        0x8 /usr/lib/w32api/libkernel32.a(dyuhs00281.o)
                0x00419798                _GetCurrentDirectoryA@8
 .text          0x004197a0        0x8 /usr/lib/w32api/libkernel32.a(dyuhs00688.o)
                0x004197a0                _SetCurrentDirectoryA@4
 .text          0x004197a8        0x8 /usr/lib/w32api/libkernel32.a(dyuhs00237.o)
                0x004197a8                _GetCommandLineA@0
 .text          0x004197b0        0x8 /usr/lib/w32api/libkernel32.a(dyuhs00386.o)
                0x004197b0                _GetStartupInfoA@4
 .text          0x004197b8        0x8 /usr/lib/w32api/libkernel32.a(dyuhs00337.o)
                0x004197b8                _GetModuleHandleA@4
 .text          0x004197c0        0x0 /usr/lib/w32api/libkernel32.a(dyuhh.o)
 .text          0x004197c0        0x0 /usr/lib/w32api/libkernel32.a(dyuht.o)
 *(SORT(.text$*))
 *(.glue_7t)
 *(.glue_7)
                0x004197c0                ___CTOR_LIST__ = .
                0x004197c0                __CTOR_LIST__ = .
                0x004197c0        0x4 LONG 0xffffffff
 *(.ctors)
 *(.ctor)
 *(SORT(.ctors.*))
                0x004197c4        0x4 LONG 0x0
                0x004197c8                ___DTOR_LIST__ = .
                0x004197c8                __DTOR_LIST__ = .
                0x004197c8        0x4 LONG 0xffffffff
 *(.dtors)
 *(.dtor)
 *(SORT(.dtors.*))
                0x004197cc        0x4 LONG 0x0
 *(.fini)
 *(.gcc_exc)
                0x004197d0                PROVIDE (etext, .)
 *(.gcc_except_table)

.data           0x0041a000      0x200
                0x0041a000                __data_start__ = .
 *(.data)
 .data          0x0041a000        0x0 /usr/lib/gcc/i686-pc-mingw32/3.4.4/../../../../i686-pc-mingw32/lib/crt2.o
 .data          0x0041a000        0x0 misc.o
 .data          0x0041a000        0x0 sshaes.o
 .data          0x0041a000       0x10 sshbn.o
                0x0041a008                _bnOne
                0x0041a000                _One
                0x0041a004                _Zero
 .data          0x0041a010        0x0 sshdes.o
 .data          0x0041a010        0x0 sshdss.o
 .data          0x0041a010        0x0 sshmd5.o
 .data          0x0041a010        0x0 sshpubk.o
 .data          0x0041a010        0x0 sshrsa.o
 .data          0x0041a010        0x0 sshsh512.o
 .data          0x0041a010        0x0 sshsha.o
 .data          0x0041a010        0x0 tree234.o
 *fill*         0x0041a010       0x10 00
 .data          0x0041a020       0x80 version.o
                0x0041a020                _sshver
                0x0041a060                _ver
 .data          0x0041a0a0        0x0 winhelp.o
 .data          0x0041a0a0        0x4 winmisc.o
 .data          0x0041a0a4       0x10 winpgnt.o
                0x0041a0a4                _flags
 .data          0x0041a0b4        0x0 winpgntc.o
 .data          0x0041a0b4        0x0 winutils.o
 .data          0x0041a0b4        0x0 /usr/lib/w32api/libadvapi32.a(dykgs00245.o)
 .data          0x0041a0b4        0x0 /usr/lib/w32api/libadvapi32.a(dykgs00412.o)
 .data          0x0041a0b4        0x0 /usr/lib/w32api/libadvapi32.a(dykgs00400.o)
 .data          0x0041a0b4        0x0 /usr/lib/w32api/libadvapi32.a(dykgs00386.o)
 .data          0x0041a0b4        0x0 /usr/lib/w32api/libadvapi32.a(dykgs00172.o)
 .data          0x0041a0b4        0x0 /usr/lib/w32api/libadvapi32.a(dykgh.o)
 .data          0x0041a0b4        0x0 /usr/lib/w32api/libadvapi32.a(dykgt.o)
 .data          0x0041a0b4        0x0 /usr/lib/w32api/libcomdlg32.a(dmycs00011.o)
 .data          0x0041a0b4        0x0 /usr/lib/w32api/libcomdlg32.a(dmycs00009.o)
 .data          0x0041a0b4        0x0 /usr/lib/w32api/libcomdlg32.a(dmych.o)
 .data          0x0041a0b4        0x0 /usr/lib/w32api/libcomdlg32.a(dmyct.o)
 .data          0x0041a0b4        0x0 /usr/lib/w32api/libgdi32.a(dyohs00199.o)
 .data          0x0041a0b4        0x0 /usr/lib/w32api/libgdi32.a(dyohh.o)
 .data          0x0041a0b4        0x0 /usr/lib/w32api/libgdi32.a(dyoht.o)
 .data          0x0041a0b4        0x0 /usr/lib/w32api/libshell32.a(dsdfs00150.o)
 .data          0x0041a0b4        0x0 /usr/lib/w32api/libshell32.a(dsdfs00143.o)
 .data          0x0041a0b4        0x0 /usr/lib/w32api/libshell32.a(dsdfh.o)
 .data          0x0041a0b4        0x0 /usr/lib/w32api/libshell32.a(dsdft.o)
 .data          0x0041a0b4        0x0 /usr/lib/w32api/libuser32.a(dwxfs00627.o)
 .data          0x0041a0b4        0x0 /usr/lib/w32api/libuser32.a(dwxfs00431.o)
 .data          0x0041a0b4        0x0 /usr/lib/w32api/libuser32.a(dwxfs00181.o)
 .data          0x0041a0b4        0x0 /usr/lib/w32api/libuser32.a(dwxfs00179.o)
 .data          0x0041a0b4        0x0 /usr/lib/w32api/libuser32.a(dwxfs00146.o)
 .data          0x0041a0b4        0x0 /usr/lib/w32api/libuser32.a(dwxfs00512.o)
 .data          0x0041a0b4        0x0 /usr/lib/w32api/libuser32.a(dwxfs00143.o)
 .data          0x0041a0b4        0x0 /usr/lib/w32api/libuser32.a(dwxfs00526.o)
 .data          0x0041a0b4        0x0 /usr/lib/w32api/libuser32.a(dwxfs00249.o)
 .data          0x0041a0b4        0x0 /usr/lib/w32api/libuser32.a(dwxfs00346.o)
 .data          0x0041a0b4        0x0 /usr/lib/w32api/libuser32.a(dwxfs00530.o)
 .data          0x0041a0b4        0x0 /usr/lib/w32api/libuser32.a(dwxfs00568.o)
 .data          0x0041a0b4        0x0 /usr/lib/w32api/libuser32.a(dwxfs00254.o)
 .data          0x0041a0b4        0x0 /usr/lib/w32api/libuser32.a(dwxfs00442.o)
 .data          0x0041a0b4        0x0 /usr/lib/w32api/libuser32.a(dwxfs00430.o)
 .data          0x0041a0b4        0x0 /usr/lib/w32api/libuser32.a(dwxfs00501.o)
 .data          0x0041a0b4        0x0 /usr/lib/w32api/libuser32.a(dwxfs00340.o)
 .data          0x0041a0b4        0x0 /usr/lib/w32api/libuser32.a(dwxfs00565.o)
 .data          0x0041a0b4        0x0 /usr/lib/w32api/libuser32.a(dwxfs00252.o)
 .data          0x0041a0b4        0x0 /usr/lib/w32api/libuser32.a(dwxfs00406.o)
 .data          0x0041a0b4        0x0 /usr/lib/w32api/libuser32.a(dwxfs00141.o)
 .data          0x0041a0b4        0x0 /usr/lib/w32api/libuser32.a(dwxfs00487.o)
 .data          0x0041a0b4        0x0 /usr/lib/w32api/libuser32.a(dwxfs00133.o)
 .data          0x0041a0b4        0x0 /usr/lib/w32api/libuser32.a(dwxfs00286.o)
 .data          0x0041a0b4        0x0 /usr/lib/w32api/libuser32.a(dwxfs00282.o)
 .data          0x0041a0b4        0x0 /usr/lib/w32api/libuser32.a(dwxfs00463.o)
 .data          0x0041a0b4        0x0 /usr/lib/w32api/libuser32.a(dwxfs00598.o)
 .data          0x0041a0b4        0x0 /usr/lib/w32api/libuser32.a(dwxfs00284.o)
 .data          0x0041a0b4        0x0 /usr/lib/w32api/libuser32.a(dwxfs00491.o)
 .data          0x0041a0b4        0x0 /usr/lib/w32api/libuser32.a(dwxfs00465.o)
 .data          0x0041a0b4        0x0 /usr/lib/w32api/libuser32.a(dwxfs00504.o)
 .data          0x0041a0b4        0x0 /usr/lib/w32api/libuser32.a(dwxfs00079.o)
 .data          0x0041a0b4        0x0 /usr/lib/w32api/libuser32.a(dwxfs00581.o)
 .data          0x0041a0b4        0x0 /usr/lib/w32api/libuser32.a(dwxfs00246.o)
 .data          0x0041a0b4        0x0 /usr/lib/w32api/libuser32.a(dwxfs00363.o)
 .data          0x0041a0b4        0x0 /usr/lib/w32api/libuser32.a(dwxfs00089.o)
 .data          0x0041a0b4        0x0 /usr/lib/w32api/libuser32.a(dwxfs00088.o)
 .data          0x0041a0b4        0x0 /usr/lib/w32api/libuser32.a(dwxfs00006.o)
 .data          0x0041a0b4        0x0 /usr/lib/w32api/libuser32.a(dwxfs00536.o)
 .data          0x0041a0b4        0x0 /usr/lib/w32api/libuser32.a(dwxfs00292.o)
 .data          0x0041a0b4        0x0 /usr/lib/w32api/libuser32.a(dwxfs00391.o)
 .data          0x0041a0b4        0x0 /usr/lib/w32api/libuser32.a(dwxfs00382.o)
 .data          0x0041a0b4        0x0 /usr/lib/w32api/libuser32.a(dwxfs00604.o)
 .data          0x0041a0b4        0x0 /usr/lib/w32api/libuser32.a(dwxfs00148.o)
 .data          0x0041a0b4        0x0 /usr/lib/w32api/libuser32.a(dwxfs00142.o)
 .data          0x0041a0b4        0x0 /usr/lib/w32api/libuser32.a(dwxfs00087.o)
 .data          0x0041a0b4        0x0 /usr/lib/w32api/libuser32.a(dwxfs00402.o)
 .data          0x0041a0b4        0x0 /usr/lib/w32api/libuser32.a(dwxfs00476.o)
 .data          0x0041a0b4        0x0 /usr/lib/w32api/libuser32.a(dwxfs00209.o)
 .data          0x0041a0b4        0x0 /usr/lib/w32api/libuser32.a(dwxfs00434.o)
 .data          0x0041a0b4        0x0 /usr/lib/w32api/libuser32.a(dwxfh.o)
 .data          0x0041a0b4        0x0 /usr/lib/w32api/libuser32.a(dwxft.o)
 .data          0x0041a0b4        0x4 /usr/lib/gcc/i686-pc-mingw32/3.4.4/../../../../i686-pc-mingw32/lib/libmingw32.a(CRTglob.o)
                0x0041a0b4                __CRT_glob
 .data          0x0041a0b8        0x0 /usr/lib/gcc/i686-pc-mingw32/3.4.4/../../../../i686-pc-mingw32/lib/libmingw32.a(CRTfmode.o)
 .data          0x0041a0b8        0x4 /usr/lib/gcc/i686-pc-mingw32/3.4.4/../../../../i686-pc-mingw32/lib/libmingw32.a(txtmode.o)
                0x0041a0b8                __fmode
 .data          0x0041a0bc        0x0 /usr/lib/gcc/i686-pc-mingw32/3.4.4/../../../../i686-pc-mingw32/lib/libmingw32.a(main.o)
 .data          0x0041a0bc        0x4 /usr/lib/gcc/i686-pc-mingw32/3.4.4/../../../../i686-pc-mingw32/lib/libmingw32.a(gccmain.o)
 .data          0x0041a0c0        0x0 /usr/lib/gcc/i686-pc-mingw32/3.4.4/../../../../i686-pc-mingw32/lib/libmingw32.a(pseudo-reloc.o)
 .data          0x0041a0c0        0x0 /usr/lib/gcc/i686-pc-mingw32/3.4.4/../../../../i686-pc-mingw32/lib/libmingw32.a(cpu_features.o)
 .data          0x0041a0c0        0x0 /usr/lib/gcc/i686-pc-mingw32/3.4.4/../../../../i686-pc-mingw32/lib/libmingw32.a(CRT_fp10.o)
 .data          0x0041a0c0        0x0 /usr/lib/gcc/i686-pc-mingw32/3.4.4/../../../../i686-pc-mingw32/lib/libmingw32.a(pseudo-reloc-list.o)
 .data          0x0041a0c0        0x0 /usr/lib/gcc/i686-pc-mingw32/3.4.4/libgcc.a(_umoddi3.o)
 .data          0x0041a0c0        0x0 /usr/lib/gcc/i686-pc-mingw32/3.4.4/libgcc.a(_udivdi3.o)
 .data          0x0041a0c0        0x0 /usr/lib/gcc/i686-pc-mingw32/3.4.4/libgcc.a(_chkstk.o)
 .data          0x0041a0c0        0x0 /usr/lib/gcc/i686-pc-mingw32/3.4.4/libgcc.a(_ctors.o)
 .data          0x0041a0c0        0x0 /usr/lib/gcc/i686-pc-mingw32/3.4.4/../../../../i686-pc-mingw32/lib/libmsvcrt.a(doxfs00266.o)
 .data          0x0041a0c0        0x0 /usr/lib/gcc/i686-pc-mingw32/3.4.4/../../../../i686-pc-mingw32/lib/libmsvcrt.a(doxfs00099.o)
 .data          0x0041a0c0        0x0 /usr/lib/gcc/i686-pc-mingw32/3.4.4/../../../../i686-pc-mingw32/lib/libmsvcrt.a(doxfs00590.o)
 .data          0x0041a0c0        0x0 /usr/lib/gcc/i686-pc-mingw32/3.4.4/../../../../i686-pc-mingw32/lib/libmsvcrt.a(doxfs00383.o)
 .data          0x0041a0c0        0x0 /usr/lib/gcc/i686-pc-mingw32/3.4.4/../../../../i686-pc-mingw32/lib/libmsvcrt.a(doxfs00147.o)
 .data          0x0041a0c0        0x0 /usr/lib/gcc/i686-pc-mingw32/3.4.4/../../../../i686-pc-mingw32/lib/libmsvcrt.a(doxfs00077.o)
 .data          0x0041a0c0        0x0 /usr/lib/gcc/i686-pc-mingw32/3.4.4/../../../../i686-pc-mingw32/lib/libmsvcrt.a(doxfs00706.o)
 .data          0x0041a0c0        0x0 /usr/lib/gcc/i686-pc-mingw32/3.4.4/../../../../i686-pc-mingw32/lib/libmsvcrt.a(doxfs00079.o)
 .data          0x0041a0c0        0x0 /usr/lib/gcc/i686-pc-mingw32/3.4.4/../../../../i686-pc-mingw32/lib/libmsvcrt.a(doxfs00426.o)
 .data          0x0041a0c0        0x0 /usr/lib/gcc/i686-pc-mingw32/3.4.4/../../../../i686-pc-mingw32/lib/libmsvcrt.a(doxfs00055.o)
 .data          0x0041a0c0        0x0 /usr/lib/gcc/i686-pc-mingw32/3.4.4/../../../../i686-pc-mingw32/lib/libmsvcrt.a(doxfs00392.o)
 .data          0x0041a0c0        0x0 /usr/lib/gcc/i686-pc-mingw32/3.4.4/../../../../i686-pc-mingw32/lib/libmsvcrt.a(doxfs00065.o)
 .data          0x0041a0c0        0x0 /usr/lib/gcc/i686-pc-mingw32/3.4.4/../../../../i686-pc-mingw32/lib/libmsvcrt.a(doxfs00684.o)
 .data          0x0041a0c0        0x0 /usr/lib/gcc/i686-pc-mingw32/3.4.4/../../../../i686-pc-mingw32/lib/libmsvcrt.a(doxfs00682.o)
 .data          0x0041a0c0        0x0 /usr/lib/gcc/i686-pc-mingw32/3.4.4/../../../../i686-pc-mingw32/lib/libmsvcrt.a(doxfs00625.o)
 .data          0x0041a0c0        0x0 /usr/lib/gcc/i686-pc-mingw32/3.4.4/../../../../i686-pc-mingw32/lib/libmsvcrt.a(doxfs00698.o)
 .data          0x0041a0c0        0x0 /usr/lib/gcc/i686-pc-mingw32/3.4.4/../../../../i686-pc-mingw32/lib/libmsvcrt.a(doxfs00676.o)
 .data          0x0041a0c0        0x0 /usr/lib/gcc/i686-pc-mingw32/3.4.4/../../../../i686-pc-mingw32/lib/libmsvcrt.a(doxfs00137.o)
 .data          0x0041a0c0        0x0 /usr/lib/gcc/i686-pc-mingw32/3.4.4/../../../../i686-pc-mingw32/lib/libmsvcrt.a(doxfs00613.o)
 .data          0x0041a0c0        0x0 /usr/lib/gcc/i686-pc-mingw32/3.4.4/../../../../i686-pc-mingw32/lib/libmsvcrt.a(doxfs00490.o)
 .data          0x0041a0c0        0x0 /usr/lib/gcc/i686-pc-mingw32/3.4.4/../../../../i686-pc-mingw32/lib/libmsvcrt.a(doxfs00717.o)
 .data          0x0041a0c0        0x0 /usr/lib/gcc/i686-pc-mingw32/3.4.4/../../../../i686-pc-mingw32/lib/libmsvcrt.a(doxfs00721.o)
 .data          0x0041a0c0        0x0 /usr/lib/gcc/i686-pc-mingw32/3.4.4/../../../../i686-pc-mingw32/lib/libmsvcrt.a(doxfs00731.o)
 .data          0x0041a0c0        0x0 /usr/lib/gcc/i686-pc-mingw32/3.4.4/../../../../i686-pc-mingw32/lib/libmsvcrt.a(doxfs00732.o)
 .data          0x0041a0c0        0x0 /usr/lib/gcc/i686-pc-mingw32/3.4.4/../../../../i686-pc-mingw32/lib/libmsvcrt.a(doxfs00268.o)
 .data          0x0041a0c0        0x0 /usr/lib/gcc/i686-pc-mingw32/3.4.4/../../../../i686-pc-mingw32/lib/libmsvcrt.a(doxfs00683.o)
 .data          0x0041a0c0        0x0 /usr/lib/gcc/i686-pc-mingw32/3.4.4/../../../../i686-pc-mingw32/lib/libmsvcrt.a(doxfs00583.o)
 .data          0x0041a0c0        0x0 /usr/lib/gcc/i686-pc-mingw32/3.4.4/../../../../i686-pc-mingw32/lib/libmsvcrt.a(doxfs00709.o)
 .data          0x0041a0c0        0x0 /usr/lib/gcc/i686-pc-mingw32/3.4.4/../../../../i686-pc-mingw32/lib/libmsvcrt.a(doxfs00620.o)
 .data          0x0041a0c0        0x0 /usr/lib/gcc/i686-pc-mingw32/3.4.4/../../../../i686-pc-mingw32/lib/libmsvcrt.a(doxfs00633.o)
 .data          0x0041a0c0        0x0 /usr/lib/gcc/i686-pc-mingw32/3.4.4/../../../../i686-pc-mingw32/lib/libmsvcrt.a(doxfs00619.o)
 .data          0x0041a0c0        0x0 /usr/lib/gcc/i686-pc-mingw32/3.4.4/../../../../i686-pc-mingw32/lib/libmsvcrt.a(doxfs00592.o)
 .data          0x0041a0c0        0x0 /usr/lib/gcc/i686-pc-mingw32/3.4.4/../../../../i686-pc-mingw32/lib/libmsvcrt.a(doxfs00746.o)
 .data          0x0041a0c0        0x0 /usr/lib/gcc/i686-pc-mingw32/3.4.4/../../../../i686-pc-mingw32/lib/libmsvcrt.a(doxfs00611.o)
 .data          0x0041a0c0        0x0 /usr/lib/gcc/i686-pc-mingw32/3.4.4/../../../../i686-pc-mingw32/lib/libmsvcrt.a(doxfs00715.o)
 .data          0x0041a0c0        0x0 /usr/lib/gcc/i686-pc-mingw32/3.4.4/../../../../i686-pc-mingw32/lib/libmsvcrt.a(doxfs00607.o)
 .data          0x0041a0c0        0x0 /usr/lib/gcc/i686-pc-mingw32/3.4.4/../../../../i686-pc-mingw32/lib/libmsvcrt.a(doxfs00624.o)
 .data          0x0041a0c0        0x0 /usr/lib/gcc/i686-pc-mingw32/3.4.4/../../../../i686-pc-mingw32/lib/libmsvcrt.a(doxfs00618.o)
 .data          0x0041a0c0        0x0 /usr/lib/gcc/i686-pc-mingw32/3.4.4/../../../../i686-pc-mingw32/lib/libmsvcrt.a(doxfs00724.o)
 .data          0x0041a0c0        0x0 /usr/lib/gcc/i686-pc-mingw32/3.4.4/../../../../i686-pc-mingw32/lib/libmsvcrt.a(doxfs00718.o)
 .data          0x0041a0c0        0x0 /usr/lib/gcc/i686-pc-mingw32/3.4.4/../../../../i686-pc-mingw32/lib/libmsvcrt.a(doxfs00726.o)
 .data          0x0041a0c0        0x0 /usr/lib/gcc/i686-pc-mingw32/3.4.4/../../../../i686-pc-mingw32/lib/libmsvcrt.a(doxfs00610.o)
 .data          0x0041a0c0        0x0 /usr/lib/gcc/i686-pc-mingw32/3.4.4/../../../../i686-pc-mingw32/lib/libmsvcrt.a(doxfs00621.o)
 .data          0x0041a0c0        0x0 /usr/lib/gcc/i686-pc-mingw32/3.4.4/../../../../i686-pc-mingw32/lib/libmsvcrt.a(doxfs00637.o)
 .data          0x0041a0c0        0x0 /usr/lib/gcc/i686-pc-mingw32/3.4.4/../../../../i686-pc-mingw32/lib/libmsvcrt.a(doxfs00713.o)
 .data          0x0041a0c0        0x0 /usr/lib/gcc/i686-pc-mingw32/3.4.4/../../../../i686-pc-mingw32/lib/libmsvcrt.a(doxfs00714.o)
 .data          0x0041a0c0        0x0 /usr/lib/gcc/i686-pc-mingw32/3.4.4/../../../../i686-pc-mingw32/lib/libmsvcrt.a(doxfs00604.o)
 .data          0x0041a0c0        0x0 /usr/lib/gcc/i686-pc-mingw32/3.4.4/../../../../i686-pc-mingw32/lib/libmsvcrt.a(doxfh.o)
 .data          0x0041a0c0        0x0 /usr/lib/gcc/i686-pc-mingw32/3.4.4/../../../../i686-pc-mingw32/lib/libmsvcrt.a(doxft.o)
 .data          0x0041a0c0        0x0 /usr/lib/w32api/libkernel32.a(dyuhs00739.o)
 .data          0x0041a0c0        0x0 /usr/lib/w32api/libkernel32.a(dyuhs00156.o)
 .data          0x0041a0c0        0x0 /usr/lib/w32api/libkernel32.a(dyuhs00335.o)
 .data          0x0041a0c0        0x0 /usr/lib/w32api/libkernel32.a(dyuhs00433.o)
 .data          0x0041a0c0        0x0 /usr/lib/w32api/libkernel32.a(dyuhs00827.o)
 .data          0x0041a0c0        0x0 /usr/lib/w32api/libkernel32.a(dyuhs00009.o)
 .data          0x0041a0c0        0x0 /usr/lib/w32api/libkernel32.a(dyuhs00388.o)
 .data          0x0041a0c0        0x0 /usr/lib/w32api/libkernel32.a(dyuhs00565.o)
 .data          0x0041a0c0        0x0 /usr/lib/w32api/libkernel32.a(dyuhs00284.o)
 .data          0x0041a0c0        0x0 /usr/lib/w32api/libkernel32.a(dyuhs00571.o)
 .data          0x0041a0c0        0x0 /usr/lib/w32api/libkernel32.a(dyuhs00038.o)
 .data          0x0041a0c0        0x0 /usr/lib/w32api/libkernel32.a(dyuhs00776.o)
 .data          0x0041a0c0        0x0 /usr/lib/w32api/libkernel32.a(dyuhs00534.o)
 .data          0x0041a0c0        0x0 /usr/lib/w32api/libkernel32.a(dyuhs00546.o)
 .data          0x0041a0c0        0x0 /usr/lib/w32api/libkernel32.a(dyuhs00325.o)
 .data          0x0041a0c0        0x0 /usr/lib/w32api/libkernel32.a(dyuhs00214.o)
 .data          0x0041a0c0        0x0 /usr/lib/w32api/libkernel32.a(dyuhs00524.o)
 .data          0x0041a0c0        0x0 /usr/lib/w32api/libkernel32.a(dyuhs00364.o)
 .data          0x0041a0c0        0x0 /usr/lib/w32api/libkernel32.a(dyuhs00286.o)
 .data          0x0041a0c0        0x0 /usr/lib/w32api/libkernel32.a(dyuhs00069.o)
 .data          0x0041a0c0        0x0 /usr/lib/w32api/libkernel32.a(dyuhs00281.o)
 .data          0x0041a0c0        0x0 /usr/lib/w32api/libkernel32.a(dyuhs00688.o)
 .data          0x0041a0c0        0x0 /usr/lib/w32api/libkernel32.a(dyuhs00237.o)
 .data          0x0041a0c0        0x0 /usr/lib/w32api/libkernel32.a(dyuhs00386.o)
 .data          0x0041a0c0        0x0 /usr/lib/w32api/libkernel32.a(dyuhs00337.o)
 .data          0x0041a0c0        0x0 /usr/lib/w32api/libkernel32.a(dyuhh.o)
 .data          0x0041a0c0        0x0 /usr/lib/w32api/libkernel32.a(dyuht.o)
 *(.data2)
 *(SORT(.data$*))
 *(.jcr)
                0x0041a0c0                __data_end__ = .
 *(.data_cygwin_nocopy)

.rdata          0x0041b000     0x4600
 *(.rdata)
 .rdata         0x0041b000      0x160 misc.o
 .rdata         0x0041b160     0x2580 sshaes.o
                0x0041b160                _ssh2_aes
 .rdata         0x0041d6e0       0x3c sshbn.o
 *fill*         0x0041d71c        0x4 00
 .rdata         0x0041d720      0xc20 sshdes.o
                0x0041d780                _ssh2_des
                0x0041d730                _ssh_des
                0x0041d80c                _ssh2_3des
                0x0041d764                _ssh_3des
 .rdata         0x0041e340       0xe0 sshdss.o
                0x0041e360                _ssh_dss
 .rdata         0x0041e420       0x40 sshmd5.o
                0x0041e440                _ssh_hmac_md5
 .rdata         0x0041e460      0x328 sshpubk.o
 *fill*         0x0041e788       0x18 00
 .rdata         0x0041e7a0      0x100 sshrsa.o
                0x0041e7c0                _ssh_rsa
 .rdata         0x0041e8a0      0x2c0 sshsh512.o
 .rdata         0x0041eb60      0x160 sshsha.o
                0x0041ec80                _ssh_hmac_sha1
                0x0041eca8                _ssh_sha1
                0x0041ec00                _ssh_hmac_sha1_buggy
                0x0041eba0                _ssh_hmac_sha1_96_buggy
                0x0041ec40                _ssh_hmac_sha1_96
 .rdata         0x0041ecc0       0x3c tree234.o
 .rdata         0x0041ecfc       0x14 winhelp.o
 .rdata         0x0041ed10       0x20 winmisc.o
                0x0041ed10                _platform_x11_best_transport
 *fill*         0x0041ed30       0x10 00
 .rdata         0x0041ed40      0x5e0 winpgnt.o
 .rdata         0x0041f320       0x1c winpgntc.o
 .rdata         0x0041f33c      0x25c winutils.o
 *(SORT(.rdata$*))
 *(.eh_frame)
                0x0041f598                ___RUNTIME_PSEUDO_RELOC_LIST__ = .
                0x0041f598                __RUNTIME_PSEUDO_RELOC_LIST__ = .
 *(.rdata_runtime_pseudo_reloc)
                0x0041f598                ___RUNTIME_PSEUDO_RELOC_LIST_END__ = .
                0x0041f598                __RUNTIME_PSEUDO_RELOC_LIST_END__ = .

.pdata
 *(.pdata)

.bss            0x00420000      0x2d8
                0x00420000                __bss_start__ = .
 *(.bss)
 .bss           0x00420000        0x8 /usr/lib/gcc/i686-pc-mingw32/3.4.4/../../../../i686-pc-mingw32/lib/crt2.o
                0x00420004                __argc
                0x00420000                __argv
 .bss           0x00420008        0x0 misc.o
 .bss           0x00420008        0x0 sshaes.o
 .bss           0x00420008        0x4 sshbn.o
                0x00420008                _bnZero
 .bss           0x0042000c        0x0 sshdes.o
 .bss           0x0042000c        0x0 sshdss.o
 .bss           0x0042000c        0x0 sshmd5.o
 .bss           0x0042000c        0xc sshpubk.o
                0x0042000c                _ssh2_wrong_passphrase
 .bss           0x00420018        0x0 sshrsa.o
 .bss           0x00420018        0x0 sshsh512.o
 .bss           0x00420018        0x0 sshsha.o
 .bss           0x00420018        0x0 tree234.o
 .bss           0x00420018        0x0 version.o
 .bss           0x00420018       0x30 winhelp.o
 .bss           0x00420048       0x20 winmisc.o
 .bss           0x00420068      0x110 winpgnt.o
 .bss           0x00420178        0x0 winpgntc.o
 .bss           0x00420178        0x0 winutils.o
 .bss           0x00420178        0x0 /usr/lib/w32api/libadvapi32.a(dykgs00245.o)
 .bss           0x00420178        0x0 /usr/lib/w32api/libadvapi32.a(dykgs00412.o)
 .bss           0x00420178        0x0 /usr/lib/w32api/libadvapi32.a(dykgs00400.o)
 .bss           0x00420178        0x0 /usr/lib/w32api/libadvapi32.a(dykgs00386.o)
 .bss           0x00420178        0x0 /usr/lib/w32api/libadvapi32.a(dykgs00172.o)
 .bss           0x00420178        0x0 /usr/lib/w32api/libadvapi32.a(dykgh.o)
 .bss           0x00420178        0x0 /usr/lib/w32api/libadvapi32.a(dykgt.o)
 .bss           0x00420178        0x0 /usr/lib/w32api/libcomdlg32.a(dmycs00011.o)
 .bss           0x00420178        0x0 /usr/lib/w32api/libcomdlg32.a(dmycs00009.o)
 .bss           0x00420178        0x0 /usr/lib/w32api/libcomdlg32.a(dmych.o)
 .bss           0x00420178        0x0 /usr/lib/w32api/libcomdlg32.a(dmyct.o)
 .bss           0x00420178        0x0 /usr/lib/w32api/libgdi32.a(dyohs00199.o)
 .bss           0x00420178        0x0 /usr/lib/w32api/libgdi32.a(dyohh.o)
 .bss           0x00420178        0x0 /usr/lib/w32api/libgdi32.a(dyoht.o)
 .bss           0x00420178        0x0 /usr/lib/w32api/libshell32.a(dsdfs00150.o)
 .bss           0x00420178        0x0 /usr/lib/w32api/libshell32.a(dsdfs00143.o)
 .bss           0x00420178        0x0 /usr/lib/w32api/libshell32.a(dsdfh.o)
 .bss           0x00420178        0x0 /usr/lib/w32api/libshell32.a(dsdft.o)
 .bss           0x00420178        0x0 /usr/lib/w32api/libuser32.a(dwxfs00627.o)
 .bss           0x00420178        0x0 /usr/lib/w32api/libuser32.a(dwxfs00431.o)
 .bss           0x00420178        0x0 /usr/lib/w32api/libuser32.a(dwxfs00181.o)
 .bss           0x00420178        0x0 /usr/lib/w32api/libuser32.a(dwxfs00179.o)
 .bss           0x00420178        0x0 /usr/lib/w32api/libuser32.a(dwxfs00146.o)
 .bss           0x00420178        0x0 /usr/lib/w32api/libuser32.a(dwxfs00512.o)
 .bss           0x00420178        0x0 /usr/lib/w32api/libuser32.a(dwxfs00143.o)
 .bss           0x00420178        0x0 /usr/lib/w32api/libuser32.a(dwxfs00526.o)
 .bss           0x00420178        0x0 /usr/lib/w32api/libuser32.a(dwxfs00249.o)
 .bss           0x00420178        0x0 /usr/lib/w32api/libuser32.a(dwxfs00346.o)
 .bss           0x00420178        0x0 /usr/lib/w32api/libuser32.a(dwxfs00530.o)
 .bss           0x00420178        0x0 /usr/lib/w32api/libuser32.a(dwxfs00568.o)
 .bss           0x00420178        0x0 /usr/lib/w32api/libuser32.a(dwxfs00254.o)
 .bss           0x00420178        0x0 /usr/lib/w32api/libuser32.a(dwxfs00442.o)
 .bss           0x00420178        0x0 /usr/lib/w32api/libuser32.a(dwxfs00430.o)
 .bss           0x00420178        0x0 /usr/lib/w32api/libuser32.a(dwxfs00501.o)
 .bss           0x00420178        0x0 /usr/lib/w32api/libuser32.a(dwxfs00340.o)
 .bss           0x00420178        0x0 /usr/lib/w32api/libuser32.a(dwxfs00565.o)
 .bss           0x00420178        0x0 /usr/lib/w32api/libuser32.a(dwxfs00252.o)
 .bss           0x00420178        0x0 /usr/lib/w32api/libuser32.a(dwxfs00406.o)
 .bss           0x00420178        0x0 /usr/lib/w32api/libuser32.a(dwxfs00141.o)
 .bss           0x00420178        0x0 /usr/lib/w32api/libuser32.a(dwxfs00487.o)
 .bss           0x00420178        0x0 /usr/lib/w32api/libuser32.a(dwxfs00133.o)
 .bss           0x00420178        0x0 /usr/lib/w32api/libuser32.a(dwxfs00286.o)
 .bss           0x00420178        0x0 /usr/lib/w32api/libuser32.a(dwxfs00282.o)
 .bss           0x00420178        0x0 /usr/lib/w32api/libuser32.a(dwxfs00463.o)
 .bss           0x00420178        0x0 /usr/lib/w32api/libuser32.a(dwxfs00598.o)
 .bss           0x00420178        0x0 /usr/lib/w32api/libuser32.a(dwxfs00284.o)
 .bss           0x00420178        0x0 /usr/lib/w32api/libuser32.a(dwxfs00491.o)
 .bss           0x00420178        0x0 /usr/lib/w32api/libuser32.a(dwxfs00465.o)
 .bss           0x00420178        0x0 /usr/lib/w32api/libuser32.a(dwxfs00504.o)
 .bss           0x00420178        0x0 /usr/lib/w32api/libuser32.a(dwxfs00079.o)
 .bss           0x00420178        0x0 /usr/lib/w32api/libuser32.a(dwxfs00581.o)
 .bss           0x00420178        0x0 /usr/lib/w32api/libuser32.a(dwxfs00246.o)
 .bss           0x00420178        0x0 /usr/lib/w32api/libuser32.a(dwxfs00363.o)
 .bss           0x00420178        0x0 /usr/lib/w32api/libuser32.a(dwxfs00089.o)
 .bss           0x00420178        0x0 /usr/lib/w32api/libuser32.a(dwxfs00088.o)
 .bss           0x00420178        0x0 /usr/lib/w32api/libuser32.a(dwxfs00006.o)
 .bss           0x00420178        0x0 /usr/lib/w32api/libuser32.a(dwxfs00536.o)
 .bss           0x00420178        0x0 /usr/lib/w32api/libuser32.a(dwxfs00292.o)
 .bss           0x00420178        0x0 /usr/lib/w32api/libuser32.a(dwxfs00391.o)
 .bss           0x00420178        0x0 /usr/lib/w32api/libuser32.a(dwxfs00382.o)
 .bss           0x00420178        0x0 /usr/lib/w32api/libuser32.a(dwxfs00604.o)
 .bss           0x00420178        0x0 /usr/lib/w32api/libuser32.a(dwxfs00148.o)
 .bss           0x00420178        0x0 /usr/lib/w32api/libuser32.a(dwxfs00142.o)
 .bss           0x00420178        0x0 /usr/lib/w32api/libuser32.a(dwxfs00087.o)
 .bss           0x00420178        0x0 /usr/lib/w32api/libuser32.a(dwxfs00402.o)
 .bss           0x00420178        0x0 /usr/lib/w32api/libuser32.a(dwxfs00476.o)
 .bss           0x00420178        0x0 /usr/lib/w32api/libuser32.a(dwxfs00209.o)
 .bss           0x00420178        0x0 /usr/lib/w32api/libuser32.a(dwxfs00434.o)
 .bss           0x00420178        0x0 /usr/lib/w32api/libuser32.a(dwxfh.o)
 .bss           0x00420178        0x0 /usr/lib/w32api/libuser32.a(dwxft.o)
 .bss           0x00420178        0x0 /usr/lib/gcc/i686-pc-mingw32/3.4.4/../../../../i686-pc-mingw32/lib/libmingw32.a(CRTglob.o)
 .bss           0x00420178        0x4 /usr/lib/gcc/i686-pc-mingw32/3.4.4/../../../../i686-pc-mingw32/lib/libmingw32.a(CRTfmode.o)
                0x00420178                __CRT_fmode
 .bss           0x0042017c        0x0 /usr/lib/gcc/i686-pc-mingw32/3.4.4/../../../../i686-pc-mingw32/lib/libmingw32.a(txtmode.o)
 .bss           0x0042017c        0x0 /usr/lib/gcc/i686-pc-mingw32/3.4.4/../../../../i686-pc-mingw32/lib/libmingw32.a(main.o)
 *fill*         0x0042017c        0x4 00
 .bss           0x00420180       0x10 /usr/lib/gcc/i686-pc-mingw32/3.4.4/../../../../i686-pc-mingw32/lib/libmingw32.a(gccmain.o)
 .bss           0x00420190        0x0 /usr/lib/gcc/i686-pc-mingw32/3.4.4/../../../../i686-pc-mingw32/lib/libmingw32.a(pseudo-reloc.o)
 .bss           0x00420190        0x4 /usr/lib/gcc/i686-pc-mingw32/3.4.4/../../../../i686-pc-mingw32/lib/libmingw32.a(cpu_features.o)
                0x00420190                ___cpu_features
 .bss           0x00420194        0x0 /usr/lib/gcc/i686-pc-mingw32/3.4.4/../../../../i686-pc-mingw32/lib/libmingw32.a(CRT_fp10.o)
 .bss           0x00420194        0x4 /usr/lib/gcc/i686-pc-mingw32/3.4.4/../../../../i686-pc-mingw32/lib/libmingw32.a(pseudo-reloc-list.o)
 .bss           0x00420198        0x0 /usr/lib/gcc/i686-pc-mingw32/3.4.4/libgcc.a(_umoddi3.o)
 .bss           0x00420198        0x0 /usr/lib/gcc/i686-pc-mingw32/3.4.4/libgcc.a(_udivdi3.o)
 .bss           0x00420198        0x0 /usr/lib/gcc/i686-pc-mingw32/3.4.4/libgcc.a(_chkstk.o)
 .bss           0x00420198        0x0 /usr/lib/gcc/i686-pc-mingw32/3.4.4/libgcc.a(_ctors.o)
 .bss           0x00420198        0x0 /usr/lib/gcc/i686-pc-mingw32/3.4.4/../../../../i686-pc-mingw32/lib/libmsvcrt.a(doxfs00266.o)
 .bss           0x00420198        0x0 /usr/lib/gcc/i686-pc-mingw32/3.4.4/../../../../i686-pc-mingw32/lib/libmsvcrt.a(doxfs00099.o)
 .bss           0x00420198        0x0 /usr/lib/gcc/i686-pc-mingw32/3.4.4/../../../../i686-pc-mingw32/lib/libmsvcrt.a(doxfs00590.o)
 .bss           0x00420198        0x0 /usr/lib/gcc/i686-pc-mingw32/3.4.4/../../../../i686-pc-mingw32/lib/libmsvcrt.a(doxfs00383.o)
 .bss           0x00420198        0x0 /usr/lib/gcc/i686-pc-mingw32/3.4.4/../../../../i686-pc-mingw32/lib/libmsvcrt.a(doxfs00147.o)
 .bss           0x00420198        0x0 /usr/lib/gcc/i686-pc-mingw32/3.4.4/../../../../i686-pc-mingw32/lib/libmsvcrt.a(doxfs00077.o)
 .bss           0x00420198        0x0 /usr/lib/gcc/i686-pc-mingw32/3.4.4/../../../../i686-pc-mingw32/lib/libmsvcrt.a(doxfs00706.o)
 .bss           0x00420198        0x0 /usr/lib/gcc/i686-pc-mingw32/3.4.4/../../../../i686-pc-mingw32/lib/libmsvcrt.a(doxfs00079.o)
 .bss           0x00420198        0x0 /usr/lib/gcc/i686-pc-mingw32/3.4.4/../../../../i686-pc-mingw32/lib/libmsvcrt.a(doxfs00426.o)
 .bss           0x00420198        0x0 /usr/lib/gcc/i686-pc-mingw32/3.4.4/../../../../i686-pc-mingw32/lib/libmsvcrt.a(doxfs00055.o)
 .bss           0x00420198        0x0 /usr/lib/gcc/i686-pc-mingw32/3.4.4/../../../../i686-pc-mingw32/lib/libmsvcrt.a(doxfs00392.o)
 .bss           0x00420198        0x0 /usr/lib/gcc/i686-pc-mingw32/3.4.4/../../../../i686-pc-mingw32/lib/libmsvcrt.a(doxfs00065.o)
 .bss           0x00420198        0x0 /usr/lib/gcc/i686-pc-mingw32/3.4.4/../../../../i686-pc-mingw32/lib/libmsvcrt.a(doxfs00684.o)
 .bss           0x00420198        0x0 /usr/lib/gcc/i686-pc-mingw32/3.4.4/../../../../i686-pc-mingw32/lib/libmsvcrt.a(doxfs00682.o)
 .bss           0x00420198        0x0 /usr/lib/gcc/i686-pc-mingw32/3.4.4/../../../../i686-pc-mingw32/lib/libmsvcrt.a(doxfs00625.o)
 .bss           0x00420198        0x0 /usr/lib/gcc/i686-pc-mingw32/3.4.4/../../../../i686-pc-mingw32/lib/libmsvcrt.a(doxfs00698.o)
 .bss           0x00420198        0x0 /usr/lib/gcc/i686-pc-mingw32/3.4.4/../../../../i686-pc-mingw32/lib/libmsvcrt.a(doxfs00676.o)
 .bss           0x00420198        0x0 /usr/lib/gcc/i686-pc-mingw32/3.4.4/../../../../i686-pc-mingw32/lib/libmsvcrt.a(doxfs00137.o)
 .bss           0x00420198        0x0 /usr/lib/gcc/i686-pc-mingw32/3.4.4/../../../../i686-pc-mingw32/lib/libmsvcrt.a(doxfs00613.o)
 .bss           0x00420198        0x0 /usr/lib/gcc/i686-pc-mingw32/3.4.4/../../../../i686-pc-mingw32/lib/libmsvcrt.a(doxfs00490.o)
 .bss           0x00420198        0x0 /usr/lib/gcc/i686-pc-mingw32/3.4.4/../../../../i686-pc-mingw32/lib/libmsvcrt.a(doxfs00717.o)
 .bss           0x00420198        0x0 /usr/lib/gcc/i686-pc-mingw32/3.4.4/../../../../i686-pc-mingw32/lib/libmsvcrt.a(doxfs00721.o)
 .bss           0x00420198        0x0 /usr/lib/gcc/i686-pc-mingw32/3.4.4/../../../../i686-pc-mingw32/lib/libmsvcrt.a(doxfs00731.o)
 .bss           0x00420198        0x0 /usr/lib/gcc/i686-pc-mingw32/3.4.4/../../../../i686-pc-mingw32/lib/libmsvcrt.a(doxfs00732.o)
 .bss           0x00420198        0x0 /usr/lib/gcc/i686-pc-mingw32/3.4.4/../../../../i686-pc-mingw32/lib/libmsvcrt.a(doxfs00268.o)
 .bss           0x00420198        0x0 /usr/lib/gcc/i686-pc-mingw32/3.4.4/../../../../i686-pc-mingw32/lib/libmsvcrt.a(doxfs00683.o)
 .bss           0x00420198        0x0 /usr/lib/gcc/i686-pc-mingw32/3.4.4/../../../../i686-pc-mingw32/lib/libmsvcrt.a(doxfs00583.o)
 .bss           0x00420198        0x0 /usr/lib/gcc/i686-pc-mingw32/3.4.4/../../../../i686-pc-mingw32/lib/libmsvcrt.a(doxfs00709.o)
 .bss           0x00420198        0x0 /usr/lib/gcc/i686-pc-mingw32/3.4.4/../../../../i686-pc-mingw32/lib/libmsvcrt.a(doxfs00620.o)
 .bss           0x00420198        0x0 /usr/lib/gcc/i686-pc-mingw32/3.4.4/../../../../i686-pc-mingw32/lib/libmsvcrt.a(doxfs00633.o)
 .bss           0x00420198        0x0 /usr/lib/gcc/i686-pc-mingw32/3.4.4/../../../../i686-pc-mingw32/lib/libmsvcrt.a(doxfs00619.o)
 .bss           0x00420198        0x0 /usr/lib/gcc/i686-pc-mingw32/3.4.4/../../../../i686-pc-mingw32/lib/libmsvcrt.a(doxfs00592.o)
 .bss           0x00420198        0x0 /usr/lib/gcc/i686-pc-mingw32/3.4.4/../../../../i686-pc-mingw32/lib/libmsvcrt.a(doxfs00746.o)
 .bss           0x00420198        0x0 /usr/lib/gcc/i686-pc-mingw32/3.4.4/../../../../i686-pc-mingw32/lib/libmsvcrt.a(doxfs00611.o)
 .bss           0x00420198        0x0 /usr/lib/gcc/i686-pc-mingw32/3.4.4/../../../../i686-pc-mingw32/lib/libmsvcrt.a(doxfs00715.o)
 .bss           0x00420198        0x0 /usr/lib/gcc/i686-pc-mingw32/3.4.4/../../../../i686-pc-mingw32/lib/libmsvcrt.a(doxfs00607.o)
 .bss           0x00420198        0x0 /usr/lib/gcc/i686-pc-mingw32/3.4.4/../../../../i686-pc-mingw32/lib/libmsvcrt.a(doxfs00624.o)
 .bss           0x00420198        0x0 /usr/lib/gcc/i686-pc-mingw32/3.4.4/../../../../i686-pc-mingw32/lib/libmsvcrt.a(doxfs00618.o)
 .bss           0x00420198        0x0 /usr/lib/gcc/i686-pc-mingw32/3.4.4/../../../../i686-pc-mingw32/lib/libmsvcrt.a(doxfs00724.o)
 .bss           0x00420198        0x0 /usr/lib/gcc/i686-pc-mingw32/3.4.4/../../../../i686-pc-mingw32/lib/libmsvcrt.a(doxfs00718.o)
 .bss           0x00420198        0x0 /usr/lib/gcc/i686-pc-mingw32/3.4.4/../../../../i686-pc-mingw32/lib/libmsvcrt.a(doxfs00726.o)
 .bss           0x00420198        0x0 /usr/lib/gcc/i686-pc-mingw32/3.4.4/../../../../i686-pc-mingw32/lib/libmsvcrt.a(doxfs00610.o)
 .bss           0x00420198        0x0 /usr/lib/gcc/i686-pc-mingw32/3.4.4/../../../../i686-pc-mingw32/lib/libmsvcrt.a(doxfs00621.o)
 .bss           0x00420198        0x0 /usr/lib/gcc/i686-pc-mingw32/3.4.4/../../../../i686-pc-mingw32/lib/libmsvcrt.a(doxfs00637.o)
 .bss           0x00420198        0x0 /usr/lib/gcc/i686-pc-mingw32/3.4.4/../../../../i686-pc-mingw32/lib/libmsvcrt.a(doxfs00713.o)
 .bss           0x00420198        0x0 /usr/lib/gcc/i686-pc-mingw32/3.4.4/../../../../i686-pc-mingw32/lib/libmsvcrt.a(doxfs00714.o)
 .bss           0x00420198        0x0 /usr/lib/gcc/i686-pc-mingw32/3.4.4/../../../../i686-pc-mingw32/lib/libmsvcrt.a(doxfs00604.o)
 .bss           0x00420198        0x0 /usr/lib/gcc/i686-pc-mingw32/3.4.4/../../../../i686-pc-mingw32/lib/libmsvcrt.a(doxfh.o)
 .bss           0x00420198        0x0 /usr/lib/gcc/i686-pc-mingw32/3.4.4/../../../../i686-pc-mingw32/lib/libmsvcrt.a(doxft.o)
 .bss           0x00420198        0x0 /usr/lib/w32api/libkernel32.a(dyuhs00739.o)
 .bss           0x00420198        0x0 /usr/lib/w32api/libkernel32.a(dyuhs00156.o)
 .bss           0x00420198        0x0 /usr/lib/w32api/libkernel32.a(dyuhs00335.o)
 .bss           0x00420198        0x0 /usr/lib/w32api/libkernel32.a(dyuhs00433.o)
 .bss           0x00420198        0x0 /usr/lib/w32api/libkernel32.a(dyuhs00827.o)
 .bss           0x00420198        0x0 /usr/lib/w32api/libkernel32.a(dyuhs00009.o)
 .bss           0x00420198        0x0 /usr/lib/w32api/libkernel32.a(dyuhs00388.o)
 .bss           0x00420198        0x0 /usr/lib/w32api/libkernel32.a(dyuhs00565.o)
 .bss           0x00420198        0x0 /usr/lib/w32api/libkernel32.a(dyuhs00284.o)
 .bss           0x00420198        0x0 /usr/lib/w32api/libkernel32.a(dyuhs00571.o)
 .bss           0x00420198        0x0 /usr/lib/w32api/libkernel32.a(dyuhs00038.o)
 .bss           0x00420198        0x0 /usr/lib/w32api/libkernel32.a(dyuhs00776.o)
 .bss           0x00420198        0x0 /usr/lib/w32api/libkernel32.a(dyuhs00534.o)
 .bss           0x00420198        0x0 /usr/lib/w32api/libkernel32.a(dyuhs00546.o)
 .bss           0x00420198        0x0 /usr/lib/w32api/libkernel32.a(dyuhs00325.o)
 .bss           0x00420198        0x0 /usr/lib/w32api/libkernel32.a(dyuhs00214.o)
 .bss           0x00420198        0x0 /usr/lib/w32api/libkernel32.a(dyuhs00524.o)
 .bss           0x00420198        0x0 /usr/lib/w32api/libkernel32.a(dyuhs00364.o)
 .bss           0x00420198        0x0 /usr/lib/w32api/libkernel32.a(dyuhs00286.o)
 .bss           0x00420198        0x0 /usr/lib/w32api/libkernel32.a(dyuhs00069.o)
 .bss           0x00420198        0x0 /usr/lib/w32api/libkernel32.a(dyuhs00281.o)
 .bss           0x00420198        0x0 /usr/lib/w32api/libkernel32.a(dyuhs00688.o)
 .bss           0x00420198        0x0 /usr/lib/w32api/libkernel32.a(dyuhs00237.o)
 .bss           0x00420198        0x0 /usr/lib/w32api/libkernel32.a(dyuhs00386.o)
 .bss           0x00420198        0x0 /usr/lib/w32api/libkernel32.a(dyuhs00337.o)
 .bss           0x00420198        0x0 /usr/lib/w32api/libkernel32.a(dyuhh.o)
 .bss           0x00420198        0x0 /usr/lib/w32api/libkernel32.a(dyuht.o)
 *(COMMON)
 COMMON         0x00420198       0xa0 winmisc.o
                0x00420198                _osVersion
 COMMON         0x00420238       0x80 winpgnt.o
                0x00420238                _loaded_session
                0x00420248                _term
                0x00420258                _default_port
                0x00420268                _hinst
                0x00420278                _logbox
                0x00420288                _hwnd
                0x00420298                _logctx
                0x004202a8                _default_protocol
 COMMON         0x004202b8       0x20 /usr/lib/gcc/i686-pc-mingw32/3.4.4/libgcc.a(_ctors.o)
                0x004202d8                __bss_end__ = .

.edata
 *(.edata)

/DISCARD/
 *(.debug$S)
 *(.debug$T)
 *(.debug$F)
 *(.drectve)

.idata          0x00421000     0x1000
 SORT(*)(.idata$2)
 .idata$2       0x00421000       0x14 /usr/lib/gcc/i686-pc-mingw32/3.4.4/../../../../i686-pc-mingw32/lib/libmsvcrt.a(doxfh.o)
                0x00421000                __head_libmsvcrt_a
 .idata$2       0x00421014       0x14 /usr/lib/w32api/libadvapi32.a(dykgh.o)
                0x00421014                __head_libadvapi32_a
 .idata$2       0x00421028       0x14 /usr/lib/w32api/libcomdlg32.a(dmych.o)
                0x00421028                __head_libcomdlg32_a
 .idata$2       0x0042103c       0x14 /usr/lib/w32api/libgdi32.a(dyohh.o)
                0x0042103c                __head_libgdi32_a
 .idata$2       0x00421050       0x14 /usr/lib/w32api/libkernel32.a(dyuhh.o)
                0x00421050                __head_libkernel32_a
 .idata$2       0x00421064       0x14 /usr/lib/w32api/libshell32.a(dsdfh.o)
                0x00421064                __head_libshell32_a
 .idata$2       0x00421078       0x14 /usr/lib/w32api/libuser32.a(dwxfh.o)
                0x00421078                __head_libuser32_a
 SORT(*)(.idata$3)
                0x0042108c        0x4 LONG 0x0
                0x00421090        0x4 LONG 0x0
                0x00421094        0x4 LONG 0x0
                0x00421098        0x4 LONG 0x0
                0x0042109c        0x4 LONG 0x0
 SORT(*)(.idata$4)
 .idata$4       0x004210a0        0x4 /usr/lib/gcc/i686-pc-mingw32/3.4.4/../../../../i686-pc-mingw32/lib/libmsvcrt.a(doxfh.o)
 .idata$4       0x004210a4        0x4 /usr/lib/gcc/i686-pc-mingw32/3.4.4/../../../../i686-pc-mingw32/lib/libmsvcrt.a(doxfs00055.o)
 .idata$4       0x004210a8        0x4 /usr/lib/gcc/i686-pc-mingw32/3.4.4/../../../../i686-pc-mingw32/lib/libmsvcrt.a(doxfs00065.o)
 .idata$4       0x004210ac        0x4 /usr/lib/gcc/i686-pc-mingw32/3.4.4/../../../../i686-pc-mingw32/lib/libmsvcrt.a(doxfs00077.o)
 .idata$4       0x004210b0        0x4 /usr/lib/gcc/i686-pc-mingw32/3.4.4/../../../../i686-pc-mingw32/lib/libmsvcrt.a(doxfs00079.o)
 .idata$4       0x004210b4        0x4 /usr/lib/gcc/i686-pc-mingw32/3.4.4/../../../../i686-pc-mingw32/lib/libmsvcrt.a(doxfs00099.o)
 .idata$4       0x004210b8        0x4 /usr/lib/gcc/i686-pc-mingw32/3.4.4/../../../../i686-pc-mingw32/lib/libmsvcrt.a(doxfs00137.o)
 .idata$4       0x004210bc        0x4 /usr/lib/gcc/i686-pc-mingw32/3.4.4/../../../../i686-pc-mingw32/lib/libmsvcrt.a(doxfs00147.o)
 .idata$4       0x004210c0        0x4 /usr/lib/gcc/i686-pc-mingw32/3.4.4/../../../../i686-pc-mingw32/lib/libmsvcrt.a(doxfs00266.o)
 .idata$4       0x004210c4        0x4 /usr/lib/gcc/i686-pc-mingw32/3.4.4/../../../../i686-pc-mingw32/lib/libmsvcrt.a(doxfs00268.o)
 .idata$4       0x004210c8        0x4 /usr/lib/gcc/i686-pc-mingw32/3.4.4/../../../../i686-pc-mingw32/lib/libmsvcrt.a(doxfs00383.o)
 .idata$4       0x004210cc        0x4 /usr/lib/gcc/i686-pc-mingw32/3.4.4/../../../../i686-pc-mingw32/lib/libmsvcrt.a(doxfs00392.o)
 .idata$4       0x004210d0        0x4 /usr/lib/gcc/i686-pc-mingw32/3.4.4/../../../../i686-pc-mingw32/lib/libmsvcrt.a(doxfs00426.o)
 .idata$4       0x004210d4        0x4 /usr/lib/gcc/i686-pc-mingw32/3.4.4/../../../../i686-pc-mingw32/lib/libmsvcrt.a(doxfs00490.o)
 .idata$4       0x004210d8        0x4 /usr/lib/gcc/i686-pc-mingw32/3.4.4/../../../../i686-pc-mingw32/lib/libmsvcrt.a(doxfs00583.o)
 .idata$4       0x004210dc        0x4 /usr/lib/gcc/i686-pc-mingw32/3.4.4/../../../../i686-pc-mingw32/lib/libmsvcrt.a(doxfs00590.o)
 .idata$4       0x004210e0        0x4 /usr/lib/gcc/i686-pc-mingw32/3.4.4/../../../../i686-pc-mingw32/lib/libmsvcrt.a(doxfs00592.o)
 .idata$4       0x004210e4        0x4 /usr/lib/gcc/i686-pc-mingw32/3.4.4/../../../../i686-pc-mingw32/lib/libmsvcrt.a(doxfs00604.o)
 .idata$4       0x004210e8        0x4 /usr/lib/gcc/i686-pc-mingw32/3.4.4/../../../../i686-pc-mingw32/lib/libmsvcrt.a(doxfs00607.o)
 .idata$4       0x004210ec        0x4 /usr/lib/gcc/i686-pc-mingw32/3.4.4/../../../../i686-pc-mingw32/lib/libmsvcrt.a(doxfs00610.o)
 .idata$4       0x004210f0        0x4 /usr/lib/gcc/i686-pc-mingw32/3.4.4/../../../../i686-pc-mingw32/lib/libmsvcrt.a(doxfs00611.o)
 .idata$4       0x004210f4        0x4 /usr/lib/gcc/i686-pc-mingw32/3.4.4/../../../../i686-pc-mingw32/lib/libmsvcrt.a(doxfs00613.o)
 .idata$4       0x004210f8        0x4 /usr/lib/gcc/i686-pc-mingw32/3.4.4/../../../../i686-pc-mingw32/lib/libmsvcrt.a(doxfs00618.o)
 .idata$4       0x004210fc        0x4 /usr/lib/gcc/i686-pc-mingw32/3.4.4/../../../../i686-pc-mingw32/lib/libmsvcrt.a(doxfs00619.o)
 .idata$4       0x00421100        0x4 /usr/lib/gcc/i686-pc-mingw32/3.4.4/../../../../i686-pc-mingw32/lib/libmsvcrt.a(doxfs00620.o)
 .idata$4       0x00421104        0x4 /usr/lib/gcc/i686-pc-mingw32/3.4.4/../../../../i686-pc-mingw32/lib/libmsvcrt.a(doxfs00621.o)
 .idata$4       0x00421108        0x4 /usr/lib/gcc/i686-pc-mingw32/3.4.4/../../../../i686-pc-mingw32/lib/libmsvcrt.a(doxfs00624.o)
 .idata$4       0x0042110c        0x4 /usr/lib/gcc/i686-pc-mingw32/3.4.4/../../../../i686-pc-mingw32/lib/libmsvcrt.a(doxfs00625.o)
 .idata$4       0x00421110        0x4 /usr/lib/gcc/i686-pc-mingw32/3.4.4/../../../../i686-pc-mingw32/lib/libmsvcrt.a(doxfs00633.o)
 .idata$4       0x00421114        0x4 /usr/lib/gcc/i686-pc-mingw32/3.4.4/../../../../i686-pc-mingw32/lib/libmsvcrt.a(doxfs00637.o)
 .idata$4       0x00421118        0x4 /usr/lib/gcc/i686-pc-mingw32/3.4.4/../../../../i686-pc-mingw32/lib/libmsvcrt.a(doxfs00676.o)
 .idata$4       0x0042111c        0x4 /usr/lib/gcc/i686-pc-mingw32/3.4.4/../../../../i686-pc-mingw32/lib/libmsvcrt.a(doxfs00682.o)
 .idata$4       0x00421120        0x4 /usr/lib/gcc/i686-pc-mingw32/3.4.4/../../../../i686-pc-mingw32/lib/libmsvcrt.a(doxfs00683.o)
 .idata$4       0x00421124        0x4 /usr/lib/gcc/i686-pc-mingw32/3.4.4/../../../../i686-pc-mingw32/lib/libmsvcrt.a(doxfs00684.o)
 .idata$4       0x00421128        0x4 /usr/lib/gcc/i686-pc-mingw32/3.4.4/../../../../i686-pc-mingw32/lib/libmsvcrt.a(doxfs00698.o)
 .idata$4       0x0042112c        0x4 /usr/lib/gcc/i686-pc-mingw32/3.4.4/../../../../i686-pc-mingw32/lib/libmsvcrt.a(doxfs00706.o)
 .idata$4       0x00421130        0x4 /usr/lib/gcc/i686-pc-mingw32/3.4.4/../../../../i686-pc-mingw32/lib/libmsvcrt.a(doxfs00709.o)
 .idata$4       0x00421134        0x4 /usr/lib/gcc/i686-pc-mingw32/3.4.4/../../../../i686-pc-mingw32/lib/libmsvcrt.a(doxfs00713.o)
 .idata$4       0x00421138        0x4 /usr/lib/gcc/i686-pc-mingw32/3.4.4/../../../../i686-pc-mingw32/lib/libmsvcrt.a(doxfs00714.o)
 .idata$4       0x0042113c        0x4 /usr/lib/gcc/i686-pc-mingw32/3.4.4/../../../../i686-pc-mingw32/lib/libmsvcrt.a(doxfs00715.o)
 .idata$4       0x00421140        0x4 /usr/lib/gcc/i686-pc-mingw32/3.4.4/../../../../i686-pc-mingw32/lib/libmsvcrt.a(doxfs00717.o)
 .idata$4       0x00421144        0x4 /usr/lib/gcc/i686-pc-mingw32/3.4.4/../../../../i686-pc-mingw32/lib/libmsvcrt.a(doxfs00718.o)
 .idata$4       0x00421148        0x4 /usr/lib/gcc/i686-pc-mingw32/3.4.4/../../../../i686-pc-mingw32/lib/libmsvcrt.a(doxfs00721.o)
 .idata$4       0x0042114c        0x4 /usr/lib/gcc/i686-pc-mingw32/3.4.4/../../../../i686-pc-mingw32/lib/libmsvcrt.a(doxfs00724.o)
 .idata$4       0x00421150        0x4 /usr/lib/gcc/i686-pc-mingw32/3.4.4/../../../../i686-pc-mingw32/lib/libmsvcrt.a(doxfs00726.o)
 .idata$4       0x00421154        0x4 /usr/lib/gcc/i686-pc-mingw32/3.4.4/../../../../i686-pc-mingw32/lib/libmsvcrt.a(doxfs00731.o)
 .idata$4       0x00421158        0x4 /usr/lib/gcc/i686-pc-mingw32/3.4.4/../../../../i686-pc-mingw32/lib/libmsvcrt.a(doxfs00732.o)
 .idata$4       0x0042115c        0x4 /usr/lib/gcc/i686-pc-mingw32/3.4.4/../../../../i686-pc-mingw32/lib/libmsvcrt.a(doxfs00746.o)
 .idata$4       0x00421160        0x4 /usr/lib/gcc/i686-pc-mingw32/3.4.4/../../../../i686-pc-mingw32/lib/libmsvcrt.a(doxft.o)
 .idata$4       0x00421164        0x4 /usr/lib/w32api/libadvapi32.a(dykgh.o)
 .idata$4       0x00421168        0x4 /usr/lib/w32api/libadvapi32.a(dykgs00172.o)
 .idata$4       0x0042116c        0x4 /usr/lib/w32api/libadvapi32.a(dykgs00245.o)
 .idata$4       0x00421170        0x4 /usr/lib/w32api/libadvapi32.a(dykgs00386.o)
 .idata$4       0x00421174        0x4 /usr/lib/w32api/libadvapi32.a(dykgs00400.o)
 .idata$4       0x00421178        0x4 /usr/lib/w32api/libadvapi32.a(dykgs00412.o)
 .idata$4       0x0042117c        0x4 /usr/lib/w32api/libadvapi32.a(dykgt.o)
 .idata$4       0x00421180        0x4 /usr/lib/w32api/libcomdlg32.a(dmych.o)
 .idata$4       0x00421184        0x4 /usr/lib/w32api/libcomdlg32.a(dmycs00009.o)
 .idata$4       0x00421188        0x4 /usr/lib/w32api/libcomdlg32.a(dmycs00011.o)
 .idata$4       0x0042118c        0x4 /usr/lib/w32api/libcomdlg32.a(dmyct.o)
 .idata$4       0x00421190        0x4 /usr/lib/w32api/libgdi32.a(dyohh.o)
 .idata$4       0x00421194        0x4 /usr/lib/w32api/libgdi32.a(dyohs00199.o)
 .idata$4       0x00421198        0x4 /usr/lib/w32api/libgdi32.a(dyoht.o)
 .idata$4       0x0042119c        0x4 /usr/lib/w32api/libkernel32.a(dyuhh.o)
 .idata$4       0x004211a0        0x4 /usr/lib/w32api/libkernel32.a(dyuhs00009.o)
 .idata$4       0x004211a4        0x4 /usr/lib/w32api/libkernel32.a(dyuhs00038.o)
 .idata$4       0x004211a8        0x4 /usr/lib/w32api/libkernel32.a(dyuhs00069.o)
 .idata$4       0x004211ac        0x4 /usr/lib/w32api/libkernel32.a(dyuhs00156.o)
 .idata$4       0x004211b0        0x4 /usr/lib/w32api/libkernel32.a(dyuhs00214.o)
 .idata$4       0x004211b4        0x4 /usr/lib/w32api/libkernel32.a(dyuhs00237.o)
 .idata$4       0x004211b8        0x4 /usr/lib/w32api/libkernel32.a(dyuhs00281.o)
 .idata$4       0x004211bc        0x4 /usr/lib/w32api/libkernel32.a(dyuhs00284.o)
 .idata$4       0x004211c0        0x4 /usr/lib/w32api/libkernel32.a(dyuhs00286.o)
 .idata$4       0x004211c4        0x4 /usr/lib/w32api/libkernel32.a(dyuhs00325.o)
 .idata$4       0x004211c8        0x4 /usr/lib/w32api/libkernel32.a(dyuhs00335.o)
 .idata$4       0x004211cc        0x4 /usr/lib/w32api/libkernel32.a(dyuhs00337.o)
 .idata$4       0x004211d0        0x4 /usr/lib/w32api/libkernel32.a(dyuhs00364.o)
 .idata$4       0x004211d4        0x4 /usr/lib/w32api/libkernel32.a(dyuhs00386.o)
 .idata$4       0x004211d8        0x4 /usr/lib/w32api/libkernel32.a(dyuhs00388.o)
 .idata$4       0x004211dc        0x4 /usr/lib/w32api/libkernel32.a(dyuhs00433.o)
 .idata$4       0x004211e0        0x4 /usr/lib/w32api/libkernel32.a(dyuhs00524.o)
 .idata$4       0x004211e4        0x4 /usr/lib/w32api/libkernel32.a(dyuhs00534.o)
 .idata$4       0x004211e8        0x4 /usr/lib/w32api/libkernel32.a(dyuhs00546.o)
 .idata$4       0x004211ec        0x4 /usr/lib/w32api/libkernel32.a(dyuhs00565.o)
 .idata$4       0x004211f0        0x4 /usr/lib/w32api/libkernel32.a(dyuhs00571.o)
 .idata$4       0x004211f4        0x4 /usr/lib/w32api/libkernel32.a(dyuhs00688.o)
 .idata$4       0x004211f8        0x4 /usr/lib/w32api/libkernel32.a(dyuhs00739.o)
 .idata$4       0x004211fc        0x4 /usr/lib/w32api/libkernel32.a(dyuhs00776.o)
 .idata$4       0x00421200        0x4 /usr/lib/w32api/libkernel32.a(dyuhs00827.o)
 .idata$4       0x00421204        0x4 /usr/lib/w32api/libkernel32.a(dyuht.o)
 .idata$4       0x00421208        0x4 /usr/lib/w32api/libshell32.a(dsdfh.o)
 .idata$4       0x0042120c        0x4 /usr/lib/w32api/libshell32.a(dsdfs00143.o)
 .idata$4       0x00421210        0x4 /usr/lib/w32api/libshell32.a(dsdfs00150.o)
 .idata$4       0x00421214        0x4 /usr/lib/w32api/libshell32.a(dsdft.o)
 .idata$4       0x00421218        0x4 /usr/lib/w32api/libuser32.a(dwxfh.o)
 .idata$4       0x0042121c        0x4 /usr/lib/w32api/libuser32.a(dwxfs00006.o)
 .idata$4       0x00421220        0x4 /usr/lib/w32api/libuser32.a(dwxfs00079.o)
 .idata$4       0x00421224        0x4 /usr/lib/w32api/libuser32.a(dwxfs00087.o)
 .idata$4       0x00421228        0x4 /usr/lib/w32api/libuser32.a(dwxfs00088.o)
 .idata$4       0x0042122c        0x4 /usr/lib/w32api/libuser32.a(dwxfs00089.o)
 .idata$4       0x00421230        0x4 /usr/lib/w32api/libuser32.a(dwxfs00133.o)
 .idata$4       0x00421234        0x4 /usr/lib/w32api/libuser32.a(dwxfs00141.o)
 .idata$4       0x00421238        0x4 /usr/lib/w32api/libuser32.a(dwxfs00142.o)
 .idata$4       0x0042123c        0x4 /usr/lib/w32api/libuser32.a(dwxfs00143.o)
 .idata$4       0x00421240        0x4 /usr/lib/w32api/libuser32.a(dwxfs00146.o)
 .idata$4       0x00421244        0x4 /usr/lib/w32api/libuser32.a(dwxfs00148.o)
 .idata$4       0x00421248        0x4 /usr/lib/w32api/libuser32.a(dwxfs00179.o)
 .idata$4       0x0042124c        0x4 /usr/lib/w32api/libuser32.a(dwxfs00181.o)
 .idata$4       0x00421250        0x4 /usr/lib/w32api/libuser32.a(dwxfs00209.o)
 .idata$4       0x00421254        0x4 /usr/lib/w32api/libuser32.a(dwxfs00246.o)
 .idata$4       0x00421258        0x4 /usr/lib/w32api/libuser32.a(dwxfs00249.o)
 .idata$4       0x0042125c        0x4 /usr/lib/w32api/libuser32.a(dwxfs00252.o)
 .idata$4       0x00421260        0x4 /usr/lib/w32api/libuser32.a(dwxfs00254.o)
 .idata$4       0x00421264        0x4 /usr/lib/w32api/libuser32.a(dwxfs00282.o)
 .idata$4       0x00421268        0x4 /usr/lib/w32api/libuser32.a(dwxfs00284.o)
 .idata$4       0x0042126c        0x4 /usr/lib/w32api/libuser32.a(dwxfs00286.o)
 .idata$4       0x00421270        0x4 /usr/lib/w32api/libuser32.a(dwxfs00292.o)
 .idata$4       0x00421274        0x4 /usr/lib/w32api/libuser32.a(dwxfs00340.o)
 .idata$4       0x00421278        0x4 /usr/lib/w32api/libuser32.a(dwxfs00346.o)
 .idata$4       0x0042127c        0x4 /usr/lib/w32api/libuser32.a(dwxfs00363.o)
 .idata$4       0x00421280        0x4 /usr/lib/w32api/libuser32.a(dwxfs00382.o)
 .idata$4       0x00421284        0x4 /usr/lib/w32api/libuser32.a(dwxfs00391.o)
 .idata$4       0x00421288        0x4 /usr/lib/w32api/libuser32.a(dwxfs00402.o)
 .idata$4       0x0042128c        0x4 /usr/lib/w32api/libuser32.a(dwxfs00406.o)
 .idata$4       0x00421290        0x4 /usr/lib/w32api/libuser32.a(dwxfs00430.o)
 .idata$4       0x00421294        0x4 /usr/lib/w32api/libuser32.a(dwxfs00431.o)
 .idata$4       0x00421298        0x4 /usr/lib/w32api/libuser32.a(dwxfs00434.o)
 .idata$4       0x0042129c        0x4 /usr/lib/w32api/libuser32.a(dwxfs00442.o)
 .idata$4       0x004212a0        0x4 /usr/lib/w32api/libuser32.a(dwxfs00463.o)
 .idata$4       0x004212a4        0x4 /usr/lib/w32api/libuser32.a(dwxfs00465.o)
 .idata$4       0x004212a8        0x4 /usr/lib/w32api/libuser32.a(dwxfs00476.o)
 .idata$4       0x004212ac        0x4 /usr/lib/w32api/libuser32.a(dwxfs00487.o)
 .idata$4       0x004212b0        0x4 /usr/lib/w32api/libuser32.a(dwxfs00491.o)
 .idata$4       0x004212b4        0x4 /usr/lib/w32api/libuser32.a(dwxfs00501.o)
 .idata$4       0x004212b8        0x4 /usr/lib/w32api/libuser32.a(dwxfs00504.o)
 .idata$4       0x004212bc        0x4 /usr/lib/w32api/libuser32.a(dwxfs00512.o)
 .idata$4       0x004212c0        0x4 /usr/lib/w32api/libuser32.a(dwxfs00526.o)
 .idata$4       0x004212c4        0x4 /usr/lib/w32api/libuser32.a(dwxfs00530.o)
 .idata$4       0x004212c8        0x4 /usr/lib/w32api/libuser32.a(dwxfs00536.o)
 .idata$4       0x004212cc        0x4 /usr/lib/w32api/libuser32.a(dwxfs00565.o)
 .idata$4       0x004212d0        0x4 /usr/lib/w32api/libuser32.a(dwxfs00568.o)
 .idata$4       0x004212d4        0x4 /usr/lib/w32api/libuser32.a(dwxfs00581.o)
 .idata$4       0x004212d8        0x4 /usr/lib/w32api/libuser32.a(dwxfs00598.o)
 .idata$4       0x004212dc        0x4 /usr/lib/w32api/libuser32.a(dwxfs00604.o)
 .idata$4       0x004212e0        0x4 /usr/lib/w32api/libuser32.a(dwxfs00627.o)
 .idata$4       0x004212e4        0x4 /usr/lib/w32api/libuser32.a(dwxft.o)
 SORT(*)(.idata$5)
 .idata$5       0x004212e8        0x4 /usr/lib/gcc/i686-pc-mingw32/3.4.4/../../../../i686-pc-mingw32/lib/libmsvcrt.a(doxfh.o)
 .idata$5       0x004212ec        0x4 /usr/lib/gcc/i686-pc-mingw32/3.4.4/../../../../i686-pc-mingw32/lib/libmsvcrt.a(doxfs00055.o)
                0x004212ec                __imp____getmainargs
 .idata$5       0x004212f0        0x4 /usr/lib/gcc/i686-pc-mingw32/3.4.4/../../../../i686-pc-mingw32/lib/libmsvcrt.a(doxfs00065.o)
                0x004212f0                __imp____mb_cur_max
 .idata$5       0x004212f4        0x4 /usr/lib/gcc/i686-pc-mingw32/3.4.4/../../../../i686-pc-mingw32/lib/libmsvcrt.a(doxfs00077.o)
                0x004212f4                __imp____p__environ
 .idata$5       0x004212f8        0x4 /usr/lib/gcc/i686-pc-mingw32/3.4.4/../../../../i686-pc-mingw32/lib/libmsvcrt.a(doxfs00079.o)
                0x004212f8                __imp____p__fmode
 .idata$5       0x004212fc        0x4 /usr/lib/gcc/i686-pc-mingw32/3.4.4/../../../../i686-pc-mingw32/lib/libmsvcrt.a(doxfs00099.o)
                0x004212fc                __imp____set_app_type
 .idata$5       0x00421300        0x4 /usr/lib/gcc/i686-pc-mingw32/3.4.4/../../../../i686-pc-mingw32/lib/libmsvcrt.a(doxfs00137.o)
                0x00421300                __imp___assert
 .idata$5       0x00421304        0x4 /usr/lib/gcc/i686-pc-mingw32/3.4.4/../../../../i686-pc-mingw32/lib/libmsvcrt.a(doxfs00147.o)
                0x00421304                __imp___cexit
 .idata$5       0x00421308        0x4 /usr/lib/gcc/i686-pc-mingw32/3.4.4/../../../../i686-pc-mingw32/lib/libmsvcrt.a(doxfs00266.o)
                0x00421308                __imp___iob
 .idata$5       0x0042130c        0x4 /usr/lib/gcc/i686-pc-mingw32/3.4.4/../../../../i686-pc-mingw32/lib/libmsvcrt.a(doxfs00268.o)
                0x0042130c                __imp___isctype
 .idata$5       0x00421310        0x4 /usr/lib/gcc/i686-pc-mingw32/3.4.4/../../../../i686-pc-mingw32/lib/libmsvcrt.a(doxfs00383.o)
                0x00421310                __imp___onexit
 .idata$5       0x00421314        0x4 /usr/lib/gcc/i686-pc-mingw32/3.4.4/../../../../i686-pc-mingw32/lib/libmsvcrt.a(doxfs00392.o)
                0x00421314                __imp___pctype
 .idata$5       0x00421318        0x4 /usr/lib/gcc/i686-pc-mingw32/3.4.4/../../../../i686-pc-mingw32/lib/libmsvcrt.a(doxfs00426.o)
                0x00421318                __imp___setmode
 .idata$5       0x0042131c        0x4 /usr/lib/gcc/i686-pc-mingw32/3.4.4/../../../../i686-pc-mingw32/lib/libmsvcrt.a(doxfs00490.o)
                0x0042131c                __imp___vsnprintf
 .idata$5       0x00421320        0x4 /usr/lib/gcc/i686-pc-mingw32/3.4.4/../../../../i686-pc-mingw32/lib/libmsvcrt.a(doxfs00583.o)
                0x00421320                __imp__abort
 .idata$5       0x00421324        0x4 /usr/lib/gcc/i686-pc-mingw32/3.4.4/../../../../i686-pc-mingw32/lib/libmsvcrt.a(doxfs00590.o)
                0x00421324                __imp__atexit
 .idata$5       0x00421328        0x4 /usr/lib/gcc/i686-pc-mingw32/3.4.4/../../../../i686-pc-mingw32/lib/libmsvcrt.a(doxfs00592.o)
                0x00421328                __imp__atoi
 .idata$5       0x0042132c        0x4 /usr/lib/gcc/i686-pc-mingw32/3.4.4/../../../../i686-pc-mingw32/lib/libmsvcrt.a(doxfs00604.o)
                0x0042132c                __imp__exit
 .idata$5       0x00421330        0x4 /usr/lib/gcc/i686-pc-mingw32/3.4.4/../../../../i686-pc-mingw32/lib/libmsvcrt.a(doxfs00607.o)
                0x00421330                __imp__fclose
 .idata$5       0x00421334        0x4 /usr/lib/gcc/i686-pc-mingw32/3.4.4/../../../../i686-pc-mingw32/lib/libmsvcrt.a(doxfs00610.o)
                0x00421334                __imp__fflush
 .idata$5       0x00421338        0x4 /usr/lib/gcc/i686-pc-mingw32/3.4.4/../../../../i686-pc-mingw32/lib/libmsvcrt.a(doxfs00611.o)
                0x00421338                __imp__fgetc
 .idata$5       0x0042133c        0x4 /usr/lib/gcc/i686-pc-mingw32/3.4.4/../../../../i686-pc-mingw32/lib/libmsvcrt.a(doxfs00613.o)
                0x0042133c                __imp__fgets
 .idata$5       0x00421340        0x4 /usr/lib/gcc/i686-pc-mingw32/3.4.4/../../../../i686-pc-mingw32/lib/libmsvcrt.a(doxfs00618.o)
                0x00421340                __imp__fopen
 .idata$5       0x00421344        0x4 /usr/lib/gcc/i686-pc-mingw32/3.4.4/../../../../i686-pc-mingw32/lib/libmsvcrt.a(doxfs00619.o)
                0x00421344                __imp__fprintf
 .idata$5       0x00421348        0x4 /usr/lib/gcc/i686-pc-mingw32/3.4.4/../../../../i686-pc-mingw32/lib/libmsvcrt.a(doxfs00620.o)
                0x00421348                __imp__fputc
 .idata$5       0x0042134c        0x4 /usr/lib/gcc/i686-pc-mingw32/3.4.4/../../../../i686-pc-mingw32/lib/libmsvcrt.a(doxfs00621.o)
                0x0042134c                __imp__fputs
 .idata$5       0x00421350        0x4 /usr/lib/gcc/i686-pc-mingw32/3.4.4/../../../../i686-pc-mingw32/lib/libmsvcrt.a(doxfs00624.o)
                0x00421350                __imp__fread
 .idata$5       0x00421354        0x4 /usr/lib/gcc/i686-pc-mingw32/3.4.4/../../../../i686-pc-mingw32/lib/libmsvcrt.a(doxfs00625.o)
                0x00421354                __imp__free