Archive member included because of file (symbol)

/usr/lib/w32api/libadvapi32.a(dykgs00245.o)
                              winmisc.o (_GetUserNameA@8)
/usr/lib/w32api/libadvapi32.a(dykgs00389.o)
                              winstore.o (_RegCreateKeyA@12)
/usr/lib/w32api/libadvapi32.a(dykgs00386.o)
                              winstore.o (_RegCloseKey@4)
/usr/lib/w32api/libadvapi32.a(dykgs00434.o)
                              winstore.o (_RegSetValueExA@24)
/usr/lib/w32api/libadvapi32.a(dykgs00412.o)
                              winstore.o (_RegOpenKeyA@12)
/usr/lib/w32api/libadvapi32.a(dykgs00423.o)
                              winstore.o (_RegQueryValueExA@24)
/usr/lib/w32api/libadvapi32.a(dykgs00393.o)
                              winstore.o (_RegDeleteKeyA@8)
/usr/lib/w32api/libadvapi32.a(dykgs00400.o)
                              winstore.o (_RegEnumKeyA@16)
/usr/lib/w32api/libadvapi32.a(dykgh.o)
                              /usr/lib/w32api/libadvapi32.a(dykgs00245.o) (__head_libadvapi32_a)
/usr/lib/w32api/libadvapi32.a(dykgt.o)
                              /usr/lib/w32api/libadvapi32.a(dykgh.o) (__libadvapi32_a_iname)
/usr/lib/w32api/libuser32.a(dwxfs00258.o)
                              winnoise.o (_GetForegroundWindow@0)
/usr/lib/w32api/libuser32.a(dwxfs00223.o)
                              winnoise.o (_GetCapture@0)
/usr/lib/w32api/libuser32.a(dwxfs00240.o)
                              winnoise.o (_GetClipboardOwner@0)
/usr/lib/w32api/libuser32.a(dwxfs00309.o)
                              winnoise.o (_GetQueueStatus@4)
/usr/lib/w32api/libuser32.a(dwxfs00246.o)
                              winnoise.o (_GetCursorPos@4)
/usr/lib/w32api/libuser32.a(dwxfs00209.o)
                              winpgntc.o (_FindWindowA@8)
/usr/lib/w32api/libuser32.a(dwxfs00504.o)
                              winpgntc.o (_SendMessageA@16)
/usr/lib/w32api/libuser32.a(dwxfh.o)
                              /usr/lib/w32api/libuser32.a(dwxfs00258.o) (__head_libuser32_a)
/usr/lib/w32api/libuser32.a(dwxft.o)
                              /usr/lib/w32api/libuser32.a(dwxfh.o) (__libuser32_a_iname)
/usr/lib/gcc/i686-pc-mingw32/3.4.4/../../../../i686-pc-mingw32/lib/libmingw32.a(CRTglob.o)
                              /usr/lib/gcc/i686-pc-mingw32/3.4.4/../../../../i686-pc-mingw32/lib/crt2.o (__CRT_glob)
/usr/lib/gcc/i686-pc-mingw32/3.4.4/../../../../i686-pc-mingw32/lib/libmingw32.a(CRTfmode.o)
                              /usr/lib/gcc/i686-pc-mingw32/3.4.4/../../../../i686-pc-mingw32/lib/crt2.o (__CRT_fmode)
/usr/lib/gcc/i686-pc-mingw32/3.4.4/../../../../i686-pc-mingw32/lib/libmingw32.a(txtmode.o)
                              /usr/lib/gcc/i686-pc-mingw32/3.4.4/../../../../i686-pc-mingw32/lib/crt2.o (__fmode)
/usr/lib/gcc/i686-pc-mingw32/3.4.4/../../../../i686-pc-mingw32/lib/libmingw32.a(gccmain.o)
                              /usr/lib/gcc/i686-pc-mingw32/3.4.4/../../../../i686-pc-mingw32/lib/crt2.o (___main)
/usr/lib/gcc/i686-pc-mingw32/3.4.4/../../../../i686-pc-mingw32/lib/libmingw32.a(pseudo-reloc.o)
                              /usr/lib/gcc/i686-pc-mingw32/3.4.4/../../../../i686-pc-mingw32/lib/crt2.o (__pei386_runtime_relocator)
/usr/lib/gcc/i686-pc-mingw32/3.4.4/../../../../i686-pc-mingw32/lib/libmingw32.a(cpu_features.o)
                              /usr/lib/gcc/i686-pc-mingw32/3.4.4/../../../../i686-pc-mingw32/lib/crt2.o (___cpu_features_init)
/usr/lib/gcc/i686-pc-mingw32/3.4.4/../../../../i686-pc-mingw32/lib/libmingw32.a(CRT_fp10.o)
                              /usr/lib/gcc/i686-pc-mingw32/3.4.4/../../../../i686-pc-mingw32/lib/crt2.o (__fpreset)
/usr/lib/gcc/i686-pc-mingw32/3.4.4/../../../../i686-pc-mingw32/lib/libmingw32.a(pseudo-reloc-list.o)
                              /usr/lib/gcc/i686-pc-mingw32/3.4.4/../../../../i686-pc-mingw32/lib/libmingw32.a(pseudo-reloc.o) (___RUNTIME_PSEUDO_RELOC_LIST__)
/usr/lib/gcc/i686-pc-mingw32/3.4.4/libgcc.a(_chkstk.o)
                              pscp.o (__alloca)
/usr/lib/gcc/i686-pc-mingw32/3.4.4/libgcc.a(_umoddi3.o)
                              sshbn.o (___umoddi3)
/usr/lib/gcc/i686-pc-mingw32/3.4.4/libgcc.a(_udivdi3.o)
                              sshbn.o (___udivdi3)
/usr/lib/gcc/i686-pc-mingw32/3.4.4/libgcc.a(_divdi3.o)
                              winsftp.o (___divdi3)
/usr/lib/gcc/i686-pc-mingw32/3.4.4/libgcc.a(_ctors.o)
                              /usr/lib/gcc/i686-pc-mingw32/3.4.4/../../../../i686-pc-mingw32/lib/libmingw32.a(gccmain.o) (___CTOR_LIST__)
/usr/lib/gcc/i686-pc-mingw32/3.4.4/../../../../i686-pc-mingw32/lib/libmoldname.a(dctgs00084.o)
                              proxy.o (_strnicmp)
/usr/lib/gcc/i686-pc-mingw32/3.4.4/../../../../i686-pc-mingw32/lib/libmoldname.a(dctgs00081.o)
                              ssh.o (_stricmp)
/usr/lib/gcc/i686-pc-mingw32/3.4.4/../../../../i686-pc-mingw32/lib/libmoldname.a(dctgh.o)
[...]
Memory Configuration

Name             Origin             Length             Attributes
*default*        0x00000000         0xffffffff

Linker script and memory map

                0x00400000                __image_base__ = 0x400000
                0x00000000                __dll__ = 0x0
                0x00400000                ___ImageBase = 0x400000
                0x00001000                __section_alignment__ = 0x1000
                0x00000200                __file_alignment__ = 0x200
                0x00000004                __major_os_version__ = 0x4
                0x00000000                __minor_os_version__ = 0x0
                0x00000001                __major_image_version__ = 0x1
                0x00000000                __minor_image_version__ = 0x0
                0x00000004                __major_subsystem_version__ = 0x4
                0x00000000                __minor_subsystem_version__ = 0x0
                0x00000003                __subsystem__ = 0x3
                0x00200000                __size_of_stack_reserve__ = 0x200000
                0x00001000                __size_of_stack_commit__ = 0x1000
                0x00100000                __size_of_heap_reserve__ = 0x100000
                0x00001000                __size_of_heap_commit__ = 0x1000
                0x00000000                __loader_flags__ = 0x0
LOAD /usr/lib/gcc/i686-pc-mingw32/3.4.4/../../../../i686-pc-mingw32/lib/crt2.o
LOAD be_none.o
LOAD cmdline.o
LOAD cproxy.o
LOAD int64.o
LOAD logging.o
LOAD misc.o
LOAD pinger.o
LOAD portfwd.o
LOAD proxy.o
LOAD pscp.o
LOAD pscp.res.o
LOAD settings.o
LOAD sftp.o
LOAD ssh.o
LOAD sshaes.o
LOAD ssharcf.o
LOAD sshblowf.o
LOAD sshbn.o
LOAD sshcrc.o
LOAD sshcrcda.o
LOAD sshdes.o
LOAD sshdh.o
LOAD sshdss.o
LOAD sshmd5.o
LOAD sshpubk.o
LOAD sshrand.o
LOAD sshrsa.o
LOAD sshsh256.o
LOAD sshsh512.o
LOAD sshsha.o
LOAD sshzlib.o
LOAD timing.o
LOAD tree234.o
LOAD version.o
LOAD wildcard.o
LOAD wincons.o
LOAD windefs.o
LOAD winhandl.o
LOAD winmisc.o
LOAD winnet.o
LOAD winnoise.o
LOAD winpgntc.o
LOAD winproxy.o
LOAD winsftp.o
LOAD winstore.o
LOAD wintime.o
LOAD x11fwd.o
LOAD /usr/lib/w32api/libadvapi32.a
LOAD /usr/lib/w32api/libcomctl32.a
LOAD /usr/lib/w32api/libcomdlg32.a
LOAD /usr/lib/w32api/libgdi32.a
LOAD /usr/lib/w32api/libimm32.a
LOAD /usr/lib/w32api/libshell32.a
LOAD /usr/lib/w32api/libuser32.a
LOAD /usr/lib/w32api/libwinmm.a
LOAD /usr/lib/w32api/libwinspool.a
LOAD /usr/lib/gcc/i686-pc-mingw32/3.4.4/../../../../i686-pc-mingw32/lib/libmingw32.a
LOAD /usr/lib/gcc/i686-pc-mingw32/3.4.4/libgcc.a
LOAD /usr/lib/gcc/i686-pc-mingw32/3.4.4/../../../../i686-pc-mingw32/lib/libmoldname.a
LOAD /usr/lib/gcc/i686-pc-mingw32/3.4.4/../../../../i686-pc-mingw32/lib/libmingwex.a
LOAD /usr/lib/gcc/i686-pc-mingw32/3.4.4/../../../../i686-pc-mingw32/lib/libmsvcrt.a
LOAD /usr/lib/gcc/i686-pc-mingw32/3.4.4/../../../../i686-pc-mingw32/lib/libmingw32.a
LOAD /usr/lib/w32api/libuser32.a
LOAD /usr/lib/w32api/libkernel32.a
LOAD /usr/lib/w32api/libadvapi32.a
LOAD /usr/lib/w32api/libshell32.a
LOAD /usr/lib/gcc/i686-pc-mingw32/3.4.4/../../../../i686-pc-mingw32/lib/libmingw32.a
LOAD /usr/lib/gcc/i686-pc-mingw32/3.4.4/libgcc.a
LOAD /usr/lib/gcc/i686-pc-mingw32/3.4.4/../../../../i686-pc-mingw32/lib/libmoldname.a
LOAD /usr/lib/gcc/i686-pc-mingw32/3.4.4/../../../../i686-pc-mingw32/lib/libmingwex.a
LOAD /usr/lib/gcc/i686-pc-mingw32/3.4.4/../../../../i686-pc-mingw32/lib/libmsvcrt.a
                0x00000268                . = SIZEOF_HEADERS
                0x00001000                . = ALIGN (__section_alignment__)

.text           0x00401000    0x42600
 *(.init)
 *(.text)
 .text          0x00401000      0x2e0 /usr/lib/gcc/i686-pc-mingw32/3.4.4/../../../../i686-pc-mingw32/lib/crt2.o
                0x004012a0                _WinMainCRTStartup
                0x00401280                _mainCRTStartup
                0x004012c0                _atexit
                0x004012d0                __onexit
 .text          0x004012e0        0x0 be_none.o
 .text          0x004012e0      0xfc0 cmdline.o
                0x00401380                _cmdline_cleanup
                0x00402230                _cmdline_run_saved
                0x004013b0                _cmdline_get_passwd_input
                0x004014a0                _cmdline_process_param
 .text          0x004022a0      0x4f0 cproxy.o
                0x004022c0                _proxy_socks5_handlechap
                0x004022a0                _proxy_socks5_offerencryptedauth
                0x00402640                _proxy_socks5_selectchap
 .text          0x00402790      0x3f0 int64.o
                0x00402ac0                _uint64_from_decimal
                0x004028d0                _uint64_add
                0x004029c0                _uint64_to_double
                0x00402820                _uint64_decimal
                0x00402940                _uint64_compare
                0x00402a50                _uint64_shift_left
                0x00402980                _uint64_subtract
                0x00402910                _uint64_add32
                0x004028c0                _uint64_make
                0x00402790                _uint64_div10
                0x004029f0                _uint64_shift_right
 .text          0x00402b80      0xc00 logging.o
                0x00402bb0                _logfclose
                0x00402c60                _log_free
                0x00402c90                _logfopen
                0x00403570                _logtraffic
                0x00402b80                _logflush
                0x00402bf0                _log_init
                0x004034d0                _log_eventlog
                0x00402f30                _log_reconfig
                0x00403100                _log_packet
 .text          0x00403780      0xc10 misc.o
                0x00404100                _free_prompts
                0x00403830                _ctrlparse
                0x00403780                _parse_blocksize
                0x00404060                _fgetline
                0x00403980                _bufchain_init
                0x00403e00                _dupvprintf
                0x004041d0                _debug_memdump
                0x00403a80                _safemalloc
                0x00403b10                _bufchain_add
                0x00403ca0                _dupstr
                0x00404370                _cfg_dest
                0x00403f60                _bufchain_consume
                0x00404020                _bufchain_clear
                0x00404340                _cfg_launchable
                0x004039e0                _bufchain_fetch
                0x00404190                _debug_printf
                0x004039b0                _bufchain_prefix
                0x00403c00                _dupcat
                0x00403d50                _saferealloc
                0x00403cf0                _new_prompts
                0x00403e90                _dupprintf
                0x00403eb0                _add_prompt
                0x00403f40                _safefree
                0x004038f0                _base64_encode_atom
                0x004039a0                _bufchain_size
 .text          0x00404390      0x150 pinger.o
                0x00404490                _pinger_reconfig
                0x004044c0                _pinger_free
                0x00404440                _pinger_new
 .text          0x004044e0      0xb30 portfwd.o
                0x00404f50                _pfd_send
                0x00404510                _pfd_close
                0x00404e90                _pfd_terminate
                0x00404f70                _pfd_confirm
                0x00404ee0                _pfd_override_throttle
                0x00404b20                _pfd_newconnect
                0x00404d90                _pfd_addforward
                0x00404ea0                _pfd_unthrottle
 .text          0x00405010     0x2dd0 proxy.o
                0x004062d0                _proxy_socks4_negotiate
                0x004070d0                _format_telnet_command
                0x00407cd0                _proxy_telnet_negotiate
                0x00405010                _proxy_activate
                0x004059c0                _new_connection
                0x00405920                _name_lookup
                0x00405c70                _new_listener
                0x00405cd0                _proxy_http_negotiate
                0x004066b0                _proxy_socks5_negotiate
 .text          0x00407de0     0x47d0 pscp.o
                0x00409920                _scp_send_dirname
                0x00408e40                _sftp_senddata
                0x00409d90                _scp_get_sink_action
                0x00409720                _scp_send_finish
                0x00407fd0                _connection_fatal
                0x00408080                _from_backend
                0x0040bb80                _version
                0x004093c0                _scp_send_filename
                0x00407f50                _modalfatalbox
                0x00408e30                _sftp_recvdata
                0x00408050                _agent_schedule_callback
                0x004081c0                _from_backend_untrusted
                0x004095f0                _scp_send_filedata
                0x00407de0                _ldisc_send
                0x00409310                _scp_send_filetimes
                0x00409150                _scp_source_setup
                0x0040bbb0                _cmdline_error
                0x00409900                _scp_restore_remotepath
                0x0040a910                _scp_accept_filexfer
                0x004092a0                _scp_send_errmsg
                0x004098e0                _scp_save_remotepath
                0x00408e90                _scp_sftp_listdir
                0x0040ab70                _scp_finish_filerecv
                0x00409d50                _scp_sink_init
                0x00409b50                _scp_send_enddir
                0x00407ed0                _fatalbox
                0x0040aa50                _scp_recv_filedata
                0x0040bc40                _psftp_main
                0x00409ba0                _scp_sink_setup
 .text          0x0040c5b0     0x3900 settings.o
                0x0040cb00                _save_open_settings
                0x0040fac0                _load_settings
                0x0040e180                _save_settings
                0x0040fb00                _do_defaults
                0x0040fba0                _get_sesslist
                0x0040e1d0                _load_open_settings
 .text          0x0040feb0     0x1fd0 sftp.o
                0x00410dc0                _fxp_rmdir_send
                0x00411ba0                _xfer_download_data
                0x00411160                _fxp_setstat_recv
                0x004110e0                _fxp_setstat_send
                0x00410540                _sftp_recv
                0x004117c0                _fxp_set_userdata
                0x00411860                _xfer_done
                0x004119f0                _xfer_set_error
                0x00411e30                _xfer_cleanup
                0x00410d00                _fxp_close_recv
                0x00410ea0                _fxp_remove_recv
                0x00410e10                _fxp_rmdir_recv
                0x00411300                _fxp_read_recv
                0x00411080                _fxp_fstat_recv
                0x00411da0                _xfer_upload_gotpkt
                0x004107c0                _sftp_find_request
                0x004117b0                _fxp_get_userdata
                0x00410790                _sftp_register
                0x00410940                _fxp_init
                0x00410ee0                _fxp_rename_send
                0x00410e50                _fxp_remove_send
                0x00410760                _sftp_cleanup_request
                0x00411700                _fxp_dup_name
                0x00410a20                _fxp_realpath_recv
                0x00411c70                _xfer_upload_init
                0x004109d0                _fxp_realpath_send
                0x00411890                _xfer_download_queue
                0x00411390                _fxp_readdir_send
                0x00411780                _fxp_free_name
                0x00410fc0                _fxp_stat_recv
                0x00410ab0                _fxp_open_send
                0x004115d0                _fxp_write_send
                0x004111a0                _fxp_fsetstat_send
                0x00410ba0                _fxp_opendir_send
                0x00411cc0                _xfer_upload_data
                0x004119b0                _xfer_download_init
                0x00410b00                _fxp_open_recv
                0x00411280                _fxp_read_send
                0x004116a0                _fxp_free_names
                0x00410f30                _fxp_rename_recv
                0x00410920                _fxp_error
                0x004104c0                _sftp_send
                0x00410930                _fxp_error_type
                0x00411ca0                _xfer_upload_ready
                0x00411660                _fxp_write_recv
                0x00411240                _fxp_fsetstat_recv
                0x00411020                _fxp_fstat_send
                0x00410d80                _fxp_mkdir_recv
                0x00410d30                _fxp_mkdir_send
                0x00410f70                _fxp_stat_send
                0x00411a00                _xfer_download_gotpkt
                0x00410bf0                _fxp_opendir_recv
                0x00410c90                _fxp_close_send
                0x004113f0                _fxp_readdir_recv
 .text          0x00411e80    0x120d0 ssh.o
                0x00418540                _sshfwd_unthrottle
                0x00423c90                _new_sock_channel
                0x00419630                _sshfwd_write
                0x00423d60                _ssh_send_port_open
                0x00423f40                _ssh_fallback_cmd
                0x00419820                _sshfwd_close
 .text          0x00423f50     0x2db0 sshaes.o
                0x00426c90                _aes256_decrypt_pubkey
                0x00426c20                _aes256_encrypt_pubkey
 .text          0x00426d00      0x240 ssharcf.o
 .text          0x00426f40     0x12d0 sshblowf.o
 .text          0x00428210     0x1e90 sshbn.o
                0x00429630                _bignum_cmp
                0x004298e0                _bigmul
                0x00429690                _bignum_rshift
                0x004295d0                _ssh1_write_bignum
                0x00428e20                _modpow
                0x00429b40                _diagbn
                0x00429f10                _bignum_decimal
                0x00429400                _ssh1_read_bignum
                0x00429900                _bignum_bitmask
                0x004294f0                _ssh2_bignum_length
                0x00429c40                _bigdiv
                0x00428330                _freebn
                0x00429970                _bignum_from_long
                0x00429520                _bignum_byte
                0x00429320                _bignum_from_bytes
                0x00429c80                _biggcd
                0x004283e0                _bn_power_2
                0x00428de0                _bigmod
                0x00428720                _modmul
                0x00428280                _bn_restore_invariant
                0x00428380                _bignum_set_bit
                0x004292c0                _decbn
                0x00429a50                _bignum_mod_short
                0x00429d40                _modinv
                0x00429760                _bigmuladd
                0x004294c0                _ssh1_bignum_length
                0x00429490                _bignum_bitcount
                0x00429580                _bignum_bit
                0x004299b0                _bignum_add_long
                0x004282c0                _copybn
 .text          0x0042a0a0       0x70 sshcrc.o
                0x0042a0a0                _crc32_update
                0x0042a0e0                _crc32_compute
 .text          0x0042a110      0x450 sshcrcda.o
                0x0042a110                _crcda_make_context
                0x0042a250                _detect_attack
                0x0042a140                _crcda_free_context
 .text          0x0042a560     0x2770 sshdes.o
                0x0042c850                _des3_decrypt_pubkey_ossh
                0x0042cbe0                _des_encrypt_xdmauth
                0x0042c9c0                _des3_encrypt_pubkey_ossh
                0x0042c730                _des3_encrypt_pubkey
                0x0042cc20                _des_decrypt_xdmauth
                0x0042c610                _des3_decrypt_pubkey
 .text          0x0042ccd0      0x310 sshdh.o
                0x0042cdc0                _dh_cleanup
                0x0042cd70                _dh_setup_gex
                0x0042cfb0                _dh_find_K
                0x0042cd10                _dh_setup_group
                0x0042ce20                _dh_create_e
 .text          0x0042cfe0     0x1810 sshdss.o
 .text          0x0042e7f0      0xdf0 sshmd5.o
                0x0042f4f0                _hmacmd5_do_hmac
                0x0042f2d0                _hmacmd5_make_context
                0x0042f300                _hmacmd5_key
                0x0042f2f0                _hmacmd5_free_context
                0x0042f170                _MD5Final
                0x0042f290                _MD5Simple
                0x0042e830                _MD5Update
                0x0042e7f0                _MD5Init
 .text          0x0042f5e0     0x2680 sshpubk.o
                0x0042fb90                _rsakey_encrypted
                0x00431320                _ssh2_save_userkey
                0x00431a70                _key_type
                0x004310d0                _ssh2_userkey_encrypted
                0x004301f0                _base64_decode_atom
                0x00431270                _base64_encode
                0x0042fc40                _rsakey_pubblob
                0x00430460                _ssh2_load_userkey
                0x0042fda0                _saversakey
                0x0042fab0                _loadrsakey
                0x00430400                _find_pubkey_alg
                0x00430ec0                _ssh2_userkey_loadpub
                0x00431250                _base64_lines
                0x00431c10                _key_type_to_str
 .text          0x00431c60      0x4d0 sshrand.o
                0x00432070                _random_unref
                0x00432080                _random_byte
                0x004320c0                _random_get_savedata
                0x00431ff0                _random_ref
                0x00431dc0                _random_add_noise
                0x00431eb0                _random_add_heavynoise
 .text          0x00432130     0x1e70 sshrsa.o
                0x00432730                _rsastr_len
                0x00432900                _rsa_fingerprint
                0x00432720                _rsadecrypt
                0x00432130                _makekey
                0x004327c0                _rsastr_fmt
                0x00432d90                _freersakey
                0x00432c60                _rsa_public_blob
                0x00432280                _makeprivate
                0x00432b00                _rsa_verify
                0x00432d10                _rsa_public_blob_len
                0x00432290                _rsaencrypt
 .text          0x00433fa0      0xad0 sshsh256.o
                0x00434790                _SHA256_Bytes
                0x00433fe0                _SHA256_Block
                0x00434760                _SHA256_Init
                0x00433fa0                _SHA256_Core_Init
                0x00434890                _SHA256_Final
                0x004349b0                _SHA256_Simple
 .text          0x00434a70     0x27a0 sshsh512.o
                0x00434ad0                _SHA512_Bytes
                0x00437050                _SHA512_Final
                0x00434a70                _SHA512_Init
                0x004371c0                _SHA512_Simple
 .text          0x00437210      0x9b0 sshsha.o
                0x004374c0                _SHA_Init
                0x00437210                _SHATransform
                0x00437720                _SHA_Simple
                0x00437500                _SHA_Bytes
                0x00437b40                _hmac_sha1_simple
                0x00437600                _SHA_Final
 .text          0x00437bc0     0x1a90 sshzlib.o
                0x00438620                _zlib_compress_cleanup
                0x00438e90                _zlib_decompress_block
                0x00438ba0                _zlib_decompress_init
                0x00438690                _zlib_compress_block
                0x00438cf0                _zlib_decompress_cleanup
                0x00438550                _zlib_compress_init
 .text          0x00439650      0x2b0 timing.o
                0x004398d0                _expire_timer_context
                0x00439730                _schedule_timer
                0x004397f0                _run_timers
 .text          0x00439900     0x1110 tree234.o
                0x0043a030                _add234
                0x0043a9c0                _del234
                0x0043a060                _addpos234
                0x00439900                _newtree234
                0x00439970                _freetree234
                0x004399d0                _count234
                0x0043a2d0                _find234
                0x0043a130                _findrelpos234
                0x0043a090                _index234
                0x0043a970                _delpos234
                0x0043a300                _findrel234
                0x0043a330                _findpos234
 .text          0x0043aa10        0x0 version.o
 .text          0x0043aa10      0x390 wildcard.o
                0x0043aa10                _wc_error
                0x0043ac10                _wc_match
                0x0043ad30                _wc_unescape
 .text          0x0043ada0      0x850 wincons.o
                0x0043ade0                _timer_change_notify
                0x0043b2c0                _console_provide_logctx
                0x0043b2d0                _logevent
                0x0043adf0                _verify_ssh_host_key
                0x0043add0                _notify_remote_exit
                0x0043b260                _old_keyfile_warning
                0x0043b320                _console_get_userpass_input
                0x0043b000                _askalg
                0x0043b120                _askappend
                0x0043b5e0                _frontend_keypress
                0x0043aff0                _update_specials_menu
                0x0043adc0                _set_busy_status
                0x0043ada0                _cleanup_exit
                0x0043b280                _pgp_fingerprints
 .text          0x0043b5f0      0x160 windefs.o
                0x0043b740                _platform_default_i
                0x0043b6f0                _platform_default_s
                0x0043b670                _platform_default_filename
                0x0043b5f0                _platform_default_fontspec
 .text          0x0043b750      0xa30 winhandl.o
                0x0043be30                _handle_get_events
                0x0043bdc0                _handle_write
                0x0043bb90                _handle_input_new
                0x0043bfa0                _handle_got_event
                0x0043bca0                _handle_output_new
                0x0043c170                _handle_get_privdata
                0x0043bf20                _handle_free
                0x0043c130                _handle_backlog
                0x0043c0f0                _handle_unthrottle
 .text          0x0043c180      0x250 winmisc.o
                0x0043c180                _platform_get_x11_auth
                0x0043c1b0                _filename_from_str
                0x0043c190                _platform_get_x_display
                0x0043c210                _filename_to_str
                0x0043c250                _filename_is_null
                0x0043c220                _filename_equal
                0x0043c2c0                _init_winver
                0x0043c300                _dputs
                0x0043c260                _get_username
 .text          0x0043c3d0     0x2660 winnet.o
                0x0043e800                _sk_addr_error
                0x0043dbf0                _sk_newlistener
                0x0043d610                _sk_register
                0x0043cc80                _winsock_error_string
                0x0043d590                _sk_addr_free
                0x0043e930                _next_socket
                0x0043cbe0                _sk_cleanup
                0x0043c410                _sk_startup
                0x0043d140                _sk_nextaddr
                0x0043e960                _socket_writable
                0x0043c460                _sk_init
                0x0043cda0                _sk_namelookup
                0x0043e8f0                _first_socket
                0x0043e890                _socket_reselect_all
                0x0043d190                _sk_getaddr
                0x0043e010                _try_send
                0x0043e9a0                _net_service_lookup
                0x0043d3c0                _sk_address_is_local
                0x0043db10                _sk_new
                0x0043d0c0                _sk_nonamelookup
                0x0043d4b0                _sk_addrcopy
                0x0043e2b0                _select_result
                0x0043e770                _net_pending_errors
                0x0043d280                _sk_hostname_is_local
                0x0043d490                _sk_addrtype
                0x0043e9e0                _platform_get_x11_unix_address
 .text          0x0043ea30      0x320 winnoise.o
                0x0043eb40                _noise_get_light
                0x0043ea30                _random_save_seed
                0x0043ece0                _noise_ultralight
                0x0043ea80                _noise_get_heavy
                0x0043eba0                _noise_regular
 .text          0x0043ed50      0x1e0 winpgntc.o
                0x0043ed50                _agent_exists
                0x0043ed80                _agent_query
 .text          0x0043ef30      0x450 winproxy.o
                0x0043f0e0                _platform_new_connection
                0x0043ef30                _localproxy_gotdata
                0x0043efc0                _localproxy_sentdata
 .text          0x0043f380     0x1150 winsftp.o
                0x0043fbc0                _begin_wildcard_matching
                0x0043f490                _psftp_getcwd
                0x0043f6e0                _open_new_file
                0x0043fde0                _vet_filename
                0x0043f9d0                _open_directory
                0x0043f8f0                _seek_file
                0x0043fcc0                _wildcard_get_filename
                0x0043f390                _get_userpass_input
                0x0043fd80                _finish_wildcard_matching
                0x0043fb60                _test_wildcard
                0x00440360                _ssh_sftp_get_cmdline
                0x0043f660                _read_from_file
                0x0043f960                _get_file_posn
                0x0043f6b0                _close_rfile
                0x0043f7f0                _write_to_file
                0x0043feb0                _do_select
                0x0043f3f0                _psftp_lcd
                0x0043fa50                _read_filename
                0x0043fe80                _dir_file_cat
                0x0043fe50                _create_directory
                0x0043f530                _open_existing_file
                0x0043fb10                _close_directory
                0x0043ff80                _do_eventsel_loop
                0x0043f380                _get_ttymode
                0x0043f9a0                _file_type
                0x004401b0                _ssh_sftp_loop_iteration
                0x0043f750                _open_existing_wfile
                0x0043f840                _set_file_times
                0x004404a0                _main
                0x0043f8c0                _close_wfile
 .text          0x004404d0     0x13b0 winstore.o
                0x00440ae0                _read_setting_filename
                0x004406e0                _write_setting_i
                0x00440720                _close_settings_w
                0x004415c0                _read_random_seed
                0x00440680                _write_setting_s
                0x00440e10                _verify_host_key
                0x00440a10                _write_setting_fontspec
                0x00440740                _open_settings_r
                0x00440810                _read_setting_s
                0x00441640                _write_random_seed
                0x00440c60                _enum_settings_next
                0x00440b20                _write_setting_filename
                0x004408d0                _read_setting_fontspec
                0x00440870                _read_setting_i
                0x00440570                _open_settings_w
                0x00441110                _store_host_key
                0x00440c00                _enum_settings_start
                0x00440b50                _close_settings_r
                0x00441720                _cleanup_all
                0x00440b70                _del_settings
                0x00440d60                _enum_settings_finish
 .text          0x00441880       0x90 wintime.o
                0x00441880                _ltime
 .text          0x00441910     0x1110 x11fwd.o
                0x00441cd0                _x11_get_screen_number
                0x00441d30                _x11_display
                0x00441bb0                _x11_close
                0x00441dc0                _x11_init
                0x00441970                _x11_invent_auth
                0x00441af0                _x11_free_auth
                0x00442130                _x11_send
                0x00442080                _x11_unthrottle
                0x00441b50                _x11_get_real_auth
                0x004420c0                _x11_override_throttle
 .text          0x00442a20        0x8 /usr/lib/w32api/libadvapi32.a(dykgs00245.o)
                0x00442a20                _GetUserNameA@8
 .text          0x00442a28        0x8 /usr/lib/w32api/libadvapi32.a(dykgs00389.o)
                0x00442a28                _RegCreateKeyA@12
 .text          0x00442a30        0x8 /usr/lib/w32api/libadvapi32.a(dykgs00386.o)
                0x00442a30                _RegCloseKey@4
 .text          0x00442a38        0x8 /usr/lib/w32api/libadvapi32.a(dykgs00434.o)
                0x00442a38                _RegSetValueExA@24
 .text          0x00442a40        0x8 /usr/lib/w32api/libadvapi32.a(dykgs00412.o)
                0x00442a40                _RegOpenKeyA@12
 .text          0x00442a48        0x8 /usr/lib/w32api/libadvapi32.a(dykgs00423.o)
                0x00442a48                _RegQueryValueExA@24
 .text          0x00442a50        0x8 /usr/lib/w32api/libadvapi32.a(dykgs00393.o)
                0x00442a50                _RegDeleteKeyA@8
 .text          0x00442a58        0x8 /usr/lib/w32api/libadvapi32.a(dykgs00400.o)
                0x00442a58                _RegEnumKeyA@16
 .text          0x00442a60        0x0 /usr/lib/w32api/libadvapi32.a(dykgh.o)
 .text          0x00442a60        0x0 /usr/lib/w32api/libadvapi32.a(dykgt.o)
 .text          0x00442a60        0x8 /usr/lib/w32api/libuser32.a(dwxfs00258.o)
                0x00442a60                _GetForegroundWindow@0
 .text          0x00442a68        0x8 /usr/lib/w32api/libuser32.a(dwxfs00223.o)
                0x00442a68                _GetCapture@0
 .text          0x00442a70        0x8 /usr/lib/w32api/libuser32.a(dwxfs00240.o)
                0x00442a70                _GetClipboardOwner@0
 .text          0x00442a78        0x8 /usr/lib/w32api/libuser32.a(dwxfs00309.o)
                0x00442a78                _GetQueueStatus@4
 .text          0x00442a80        0x8 /usr/lib/w32api/libuser32.a(dwxfs00246.o)
                0x00442a80                _GetCursorPos@4
 .text          0x00442a88        0x8 /usr/lib/w32api/libuser32.a(dwxfs00209.o)
                0x00442a88                _FindWindowA@8
 .text          0x00442a90        0x8 /usr/lib/w32api/libuser32.a(dwxfs00504.o)
                0x00442a90                _SendMessageA@16
 .text          0x00442a98        0x0 /usr/lib/w32api/libuser32.a(dwxfh.o)
 .text          0x00442a98        0x0 /usr/lib/w32api/libuser32.a(dwxft.o)
 .text          0x00442a98        0x0 /usr/lib/gcc/i686-pc-mingw32/3.4.4/../../../../i686-pc-mingw32/lib/libmingw32.a(CRTglob.o)
 .text          0x00442a98        0x0 /usr/lib/gcc/i686-pc-mingw32/3.4.4/../../../../i686-pc-mingw32/lib/libmingw32.a(CRTfmode.o)
 .text          0x00442a98        0x0 /usr/lib/gcc/i686-pc-mingw32/3.4.4/../../../../i686-pc-mingw32/lib/libmingw32.a(txtmode.o)
 *fill*         0x00442a98        0x8 00
 .text          0x00442aa0       0xb0 /usr/lib/gcc/i686-pc-mingw32/3.4.4/../../../../i686-pc-mingw32/lib/libmingw32.a(gccmain.o)
                0x00442b30                ___main
                0x00442aa0                ___do_global_dtors
                0x00442ad0                ___do_global_ctors
 .text          0x00442b50       0x30 /usr/lib/gcc/i686-pc-mingw32/3.4.4/../../../../i686-pc-mingw32/lib/libmingw32.a(pseudo-reloc.o)
                0x00442b50                __pei386_runtime_relocator
 .text          0x00442b80      0x100 /usr/lib/gcc/i686-pc-mingw32/3.4.4/../../../../i686-pc-mingw32/lib/libmingw32.a(cpu_features.o)
                0x00442b80                ___cpu_features_init
 .text          0x00442c80       0x10 /usr/lib/gcc/i686-pc-mingw32/3.4.4/../../../../i686-pc-mingw32/lib/libmingw32.a(CRT_fp10.o)
                0x00442c80                __fpreset
                0x00442c80                _fpreset
 .text          0x00442c90        0x0 /usr/lib/gcc/i686-pc-mingw32/3.4.4/../../../../i686-pc-mingw32/lib/libmingw32.a(pseudo-reloc-list.o)
 .text          0x00442c90       0x30 /usr/lib/gcc/i686-pc-mingw32/3.4.4/libgcc.a(_chkstk.o)
                0x00442c90                ___chkstk
                0x00442c90                __alloca
 .text          0x00442cc0      0x1e0 /usr/lib/gcc/i686-pc-mingw32/3.4.4/libgcc.a(_umoddi3.o)
                0x00442cc0                ___umoddi3
 .text          0x00442ea0      0x130 /usr/lib/gcc/i686-pc-mingw32/3.4.4/libgcc.a(_udivdi3.o)
                0x00442ea0                ___udivdi3
 .text          0x00442fd0      0x160 /usr/lib/gcc/i686-pc-mingw32/3.4.4/libgcc.a(_divdi3.o)
                0x00442fd0                ___divdi3
 .text          0x00443130        0x0 /usr/lib/gcc/i686-pc-mingw32/3.4.4/libgcc.a(_ctors.o)
 .text          0x00443130        0x8 /usr/lib/gcc/i686-pc-mingw32/3.4.4/../../../../i686-pc-mingw32/lib/libmoldname.a(dctgs00084.o)
                0x00443130                _strnicmp
 .text          0x00443138        0x8 /usr/lib/gcc/i686-pc-mingw32/3.4.4/../../../../i686-pc-mingw32/lib/libmoldname.a(dctgs00081.o)
                0x00443138                _stricmp
 .text          0x00443140        0x0 /usr/lib/gcc/i686-pc-mingw32/3.4.4/../../../../i686-pc-mingw32/lib/libmoldname.a(dctgh.o)
 .text          0x00443140        0x0 /usr/lib/gcc/i686-pc-mingw32/3.4.4/../../../../i686-pc-mingw32/lib/libmoldname.a(dctgt.o)
 .text          0x00443140        0x0 /usr/lib/gcc/i686-pc-mingw32/3.4.4/../../../../i686-pc-mingw32/lib/libmsvcrt.a(doxfs00266.o)
 .text          0x00443140        0x0 /usr/lib/gcc/i686-pc-mingw32/3.4.4/../../../../i686-pc-mingw32/lib/libmsvcrt.a(doxfs00590.o)
 .text          0x00443140        0x0 /usr/lib/gcc/i686-pc-mingw32/3.4.4/../../../../i686-pc-mingw32/lib/libmsvcrt.a(doxfs00383.o)
 .text          0x00443140        0x8 /usr/lib/gcc/i686-pc-mingw32/3.4.4/../../../../i686-pc-mingw32/lib/libmsvcrt.a(doxfs00147.o)
                0x00443140                __cexit
 .text          0x00443148        0x8 /usr/lib/gcc/i686-pc-mingw32/3.4.4/../../../../i686-pc-mingw32/lib/libmsvcrt.a(doxfs00077.o)
                0x00443148                ___p__environ
 .text          0x00443150        0x8 /usr/lib/gcc/i686-pc-mingw32/3.4.4/../../../../i686-pc-mingw32/lib/libmsvcrt.a(doxfs00706.o)
                0x00443150                _signal
 .text          0x00443158        0x8 /usr/lib/gcc/i686-pc-mingw32/3.4.4/../../../../i686-pc-mingw32/lib/libmsvcrt.a(doxfs00079.o)
                0x00443158                ___p__fmode
 .text          0x00443160        0x8 /usr/lib/gcc/i686-pc-mingw32/3.4.4/../../../../i686-pc-mingw32/lib/libmsvcrt.a(doxfs00426.o)
                0x00443160                __setmode
 .text          0x00443168        0x8 /usr/lib/gcc/i686-pc-mingw32/3.4.4/../../../../i686-pc-mingw32/lib/libmsvcrt.a(doxfs00055.o)
                0x00443168                ___getmainargs
 .text          0x00443170        0x8 /usr/lib/gcc/i686-pc-mingw32/3.4.4/../../../../i686-pc-mingw32/lib/libmsvcrt.a(doxfs00684.o)
                0x00443170                _memset
 .text          0x00443178        0x8 /usr/lib/gcc/i686-pc-mingw32/3.4.4/../../../../i686-pc-mingw32/lib/libmsvcrt.a(doxfs00611.o)
                0x00443178                _fgetc
 .text          0x00443180        0x8 /usr/lib/gcc/i686-pc-mingw32/3.4.4/../../../../i686-pc-mingw32/lib/libmsvcrt.a(doxfs00592.o)
                0x00443180                _atoi
 .text          0x00443188        0x8 /usr/lib/gcc/i686-pc-mingw32/3.4.4/../../../../i686-pc-mingw32/lib/libmsvcrt.a(doxfs00714.o)
                0x00443188                _strchr
 .text          0x00443190        0x8 /usr/lib/gcc/i686-pc-mingw32/3.4.4/../../../../i686-pc-mingw32/lib/libmsvcrt.a(doxfs00721.o)
                0x00443190                _strlen
 .text          0x00443198        0x8 /usr/lib/gcc/i686-pc-mingw32/3.4.4/../../../../i686-pc-mingw32/lib/libmsvcrt.a(doxfs00724.o)
                0x00443198                _strncpy
 .text          0x004431a0        0x8 /usr/lib/gcc/i686-pc-mingw32/3.4.4/../../../../i686-pc-mingw32/lib/libmsvcrt.a(doxfs00618.o)
                0x004431a0                _fopen
 .text          0x004431a8        0x8 /usr/lib/gcc/i686-pc-mingw32/3.4.4/../../../../i686-pc-mingw32/lib/libmsvcrt.a(doxfs00682.o)
                0x004431a8                _memcpy
 .text          0x004431b0        0x8 /usr/lib/gcc/i686-pc-mingw32/3.4.4/../../../../i686-pc-mingw32/lib/libmsvcrt.a(doxfs00137.o)
                0x004431b0                __assert
 .text          0x004431b8        0x0 /usr/lib/gcc/i686-pc-mingw32/3.4.4/../../../../i686-pc-mingw32/lib/libmsvcrt.a(doxfs00065.o)
 .text          0x004431b8        0x0 /usr/lib/gcc/i686-pc-mingw32/3.4.4/../../../../i686-pc-mingw32/lib/libmsvcrt.a(doxfs00392.o)
 .text          0x004431b8        0x8 /usr/lib/gcc/i686-pc-mingw32/3.4.4/../../../../i686-pc-mingw32/lib/libmsvcrt.a(doxfs00742.o)
                0x004431b8                _tolower
 .text          0x004431c0        0x8 /usr/lib/gcc/i686-pc-mingw32/3.4.4/../../../../i686-pc-mingw32/lib/libmsvcrt.a(doxfs00709.o)
                0x004431c0                _sprintf
 .text          0x004431c8        0x8 /usr/lib/gcc/i686-pc-mingw32/3.4.4/../../../../i686-pc-mingw32/lib/libmsvcrt.a(doxfs00619.o)
                0x004431c8                _fprintf
 .text          0x004431d0        0x8 /usr/lib/gcc/i686-pc-mingw32/3.4.4/../../../../i686-pc-mingw32/lib/libmsvcrt.a(doxfs00607.o)
                0x004431d0                _fclose
 .text          0x004431d8        0x8 /usr/lib/gcc/i686-pc-mingw32/3.4.4/../../../../i686-pc-mingw32/lib/libmsvcrt.a(doxfs00720.o)
                0x004431d8                _strftime
 .text          0x004431e0        0x8 /usr/lib/gcc/i686-pc-mingw32/3.4.4/../../../../i686-pc-mingw32/lib/libmsvcrt.a(doxfs00610.o)
                0x004431e0                _fflush
 .text          0x004431e8        0x8 /usr/lib/gcc/i686-pc-mingw32/3.4.4/../../../../i686-pc-mingw32/lib/libmsvcrt.a(doxfs00633.o)
                0x004431e8                _fwrite
 .text          0x004431f0        0x8 /usr/lib/gcc/i686-pc-mingw32/3.4.4/../../../../i686-pc-mingw32/lib/libmsvcrt.a(doxfs00268.o)
                0x004431f0                __isctype
 .text          0x004431f8        0x8 /usr/lib/gcc/i686-pc-mingw32/3.4.4/../../../../i686-pc-mingw32/lib/libmsvcrt.a(doxfs00625.o)
                0x004431f8                _free
 .text          0x00443200        0x8 /usr/lib/gcc/i686-pc-mingw32/3.4.4/../../../../i686-pc-mingw32/lib/libmsvcrt.a(doxfs00698.o)
                0x00443200                _realloc
 .text          0x00443208        0x8 /usr/lib/gcc/i686-pc-mingw32/3.4.4/../../../../i686-pc-mingw32/lib/libmsvcrt.a(doxfs00676.o)
                0x00443208                _malloc
 .text          0x00443210        0x8 /usr/lib/gcc/i686-pc-mingw32/3.4.4/../../../../i686-pc-mingw32/lib/libmsvcrt.a(doxfs00613.o)
                0x00443210                _fgets
 .text          0x00443218        0x8 /usr/lib/gcc/i686-pc-mingw32/3.4.4/../../../../i686-pc-mingw32/lib/libmsvcrt.a(doxfs00490.o)
                0x00443218                __vsnprintf
 .text          0x00443220        0x8 /usr/lib/gcc/i686-pc-mingw32/3.4.4/../../../../i686-pc-mingw32/lib/libmsvcrt.a(doxfs00717.o)
                0x00443220                _strcpy
 .text          0x00443228        0x8 /usr/lib/gcc/i686-pc-mingw32/3.4.4/../../../../i686-pc-mingw32/lib/libmsvcrt.a(doxfs00731.o)
                0x00443228                _strtol
 .text          0x00443230        0x8 /usr/lib/gcc/i686-pc-mingw32/3.4.4/../../../../i686-pc-mingw32/lib/libmsvcrt.a(doxfs00732.o)
                0x00443230                _strtoul
 .text          0x00443238        0x8 /usr/lib/gcc/i686-pc-mingw32/3.4.4/../../../../i686-pc-mingw32/lib/libmsvcrt.a(doxfs00683.o)
                0x00443238                _memmove
 .text          0x00443240        0x8 /usr/lib/gcc/i686-pc-mingw32/3.4.4/../../../../i686-pc-mingw32/lib/libmsvcrt.a(doxfs00712.o)
                0x00443240                _sscanf
 .text          0x00443248        0x8 /usr/lib/gcc/i686-pc-mingw32/3.4.4/../../../../i686-pc-mingw32/lib/libmsvcrt.a(doxfs00692.o)
                0x00443248                _puts
 .text          0x00443250        0x8 /usr/lib/gcc/i686-pc-mingw32/3.4.4/../../../../i686-pc-mingw32/lib/libmsvcrt.a(doxfs00691.o)
                0x00443250                _putchar
 .text          0x00443258        0x8 /usr/lib/gcc/i686-pc-mingw32/3.4.4/../../../../i686-pc-mingw32/lib/libmsvcrt.a(doxfs00604.o)
                0x00443258                _exit
 .text          0x00443260        0x8 /usr/lib/gcc/i686-pc-mingw32/3.4.4/../../../../i686-pc-mingw32/lib/libmsvcrt.a(doxfs00748.o)
                0x00443260                _vfprintf
 .text          0x00443268        0x8 /usr/lib/gcc/i686-pc-mingw32/3.4.4/../../../../i686-pc-mingw32/lib/libmsvcrt.a(doxfs00739.o)
                0x00443268                _time
 .text          0x00443270        0x8 /usr/lib/gcc/i686-pc-mingw32/3.4.4/../../../../i686-pc-mingw32/lib/libmsvcrt.a(doxfs00695.o)
                0x00443270                _qsort
 .text          0x00443278        0x8 /usr/lib/gcc/i686-pc-mingw32/3.4.4/../../../../i686-pc-mingw32/lib/libmsvcrt.a(doxfs00715.o)
                0x00443278                _strcmp
 .text          0x00443280        0x8 /usr/lib/gcc/i686-pc-mingw32/3.4.4/../../../../i686-pc-mingw32/lib/libmsvcrt.a(doxfs00689.o)
                0x00443280                _printf
 .text          0x00443288        0x8 /usr/lib/gcc/i686-pc-mingw32/3.4.4/../../../../i686-pc-mingw32/lib/libmsvcrt.a(doxfs00602.o)
                0x00443288                _difftime
 .text          0x00443290        0x8 /usr/lib/gcc/i686-pc-mingw32/3.4.4/../../../../i686-pc-mingw32/lib/libmsvcrt.a(doxfs00726.o)
                0x00443290                _strrchr
 .text          0x00443298        0x8 /usr/lib/gcc/i686-pc-mingw32/3.4.4/../../../../i686-pc-mingw32/lib/libmsvcrt.a(doxfs00727.o)
                0x00443298                _strspn
 .text          0x004432a0        0x8 /usr/lib/gcc/i686-pc-mingw32/3.4.4/../../../../i686-pc-mingw32/lib/libmsvcrt.a(doxfs00718.o)
                0x004432a0                _strcspn
 .text          0x004432a8        0x8 /usr/lib/gcc/i686-pc-mingw32/3.4.4/../../../../i686-pc-mingw32/lib/libmsvcrt.a(doxfs00620.o)
                0x004432a8                _fputc
 .text          0x004432b0        0x8 /usr/lib/gcc/i686-pc-mingw32/3.4.4/../../../../i686-pc-mingw32/lib/libmsvcrt.a(doxfs00722.o)
                0x004432b0                _strncat
 .text          0x004432b8        0x8 /usr/lib/gcc/i686-pc-mingw32/3.4.4/../../../../i686-pc-mingw32/lib/libmsvcrt.a(doxfs00730.o)
                0x004432b8                _strtok
 .text          0x004432c0        0x8 /usr/lib/gcc/i686-pc-mingw32/3.4.4/../../../../i686-pc-mingw32/lib/libmsvcrt.a(doxfs00680.o)
                0x004432c0                _memchr
 .text          0x004432c8        0x8 /usr/lib/gcc/i686-pc-mingw32/3.4.4/../../../../i686-pc-mingw32/lib/libmsvcrt.a(doxfs00583.o)
                0x004432c8                _abort
 .text          0x004432d0        0x8 /usr/lib/gcc/i686-pc-mingw32/3.4.4/../../../../i686-pc-mingw32/lib/libmsvcrt.a(doxfs00746.o)
                0x004432d0                _ungetc
 .text          0x004432d8        0x8 /usr/lib/gcc/i686-pc-mingw32/3.4.4/../../../../i686-pc-mingw32/lib/libmsvcrt.a(doxfs00624.o)
                0x004432d8                _fread
 .text          0x004432e0        0x8 /usr/lib/gcc/i686-pc-mingw32/3.4.4/../../../../i686-pc-mingw32/lib/libmsvcrt.a(doxfs00621.o)
                0x004432e0                _fputs
 .text          0x004432e8        0x8 /usr/lib/gcc/i686-pc-mingw32/3.4.4/../../../../i686-pc-mingw32/lib/libmsvcrt.a(doxfs00637.o)
                0x004432e8                _getenv
 .text          0x004432f0        0x8 /usr/lib/gcc/i686-pc-mingw32/3.4.4/../../../../i686-pc-mingw32/lib/libmsvcrt.a(doxfs00699.o)
                0x004432f0                _remove
 .text          0x004432f8        0x0 /usr/lib/gcc/i686-pc-mingw32/3.4.4/../../../../i686-pc-mingw32/lib/libmsvcrt.a(doxfh.o)
 .text          0x004432f8        0x0 /usr/lib/gcc/i686-pc-mingw32/3.4.4/../../../../i686-pc-mingw32/lib/libmsvcrt.a(doxft.o)
 .text          0x004432f8        0x8 /usr/lib/w32api/libkernel32.a(dyuhs00739.o)
                0x004432f8                _SetUnhandledExceptionFilter@4
 .text          0x00443300        0x8 /usr/lib/w32api/libkernel32.a(dyuhs00156.o)
                0x00443300                _ExitProcess@4
 .text          0x00443308        0x8 /usr/lib/w32api/libkernel32.a(dyuhs00423.o)
                0x00443308                _GetTickCount@0
 .text          0x00443310        0x8 /usr/lib/w32api/libkernel32.a(dyuhs00388.o)
                0x00443310                _GetStdHandle@4
 .text          0x00443318        0x8 /usr/lib/w32api/libkernel32.a(dyuhs00270.o)
                0x00443318                _GetConsoleMode@8
 .text          0x00443320        0x8 /usr/lib/w32api/libkernel32.a(dyuhs00677.o)
                0x00443320                _SetConsoleMode@8
 .text          0x00443328        0x8 /usr/lib/w32api/libkernel32.a(dyuhs00616.o)
                0x00443328                _ReadFile@20
 .text          0x00443330        0x8 /usr/lib/w32api/libkernel32.a(dyuhs00827.o)
                0x00443330                _WriteFile@20
 .text          0x00443338        0x8 /usr/lib/w32api/libkernel32.a(dyuhs00698.o)
                0x00443338                _SetEvent@4
 .text          0x00443340        0x8 /usr/lib/w32api/libkernel32.a(dyuhs00810.o)
                0x00443340                _WaitForSingleObject@8
 .text          0x00443348        0x8 /usr/lib/w32api/libkernel32.a(dyuhs00038.o)
                0x00443348                _CloseHandle@4
 .text          0x00443350        0x8 /usr/lib/w32api/libkernel32.a(dyuhs00325.o)
                0x00443350                _GetLastError@0
 .text          0x00443358        0x8 /usr/lib/w32api/libkernel32.a(dyuhs00352.o)
                0x00443358                _GetOverlappedResult@16
 .text          0x00443360        0x8 /usr/lib/w32api/libkernel32.a(dyuhs00064.o)
                0x00443360                _CreateEventA@16
 .text          0x00443368        0x8 /usr/lib/w32api/libkernel32.a(dyuhs00091.o)
                0x00443368                _CreateThread@24
 .text          0x00443370        0x8 /usr/lib/w32api/libkernel32.a(dyuhs00433.o)
                0x00443370                _GetVersionExA@4
 .text          0x00443378        0x8 /usr/lib/w32api/libkernel32.a(dyuhs00009.o)
                0x00443378                _AllocConsole@0
 .text          0x00443380        0x8 /usr/lib/w32api/libkernel32.a(dyuhs00524.o)
                0x00443380                _LoadLibraryA@4
 .text          0x00443388        0x8 /usr/lib/w32api/libkernel32.a(dyuhs00364.o)
                0x00443388                _GetProcAddress@8
 .text          0x00443390        0x8 /usr/lib/w32api/libkernel32.a(dyuhs00214.o)
                0x00443390                _FreeLibrary@4
 .text          0x00443398        0x8 /usr/lib/w32api/libkernel32.a(dyuhs00443.o)
                0x00443398                _GetWindowsDirectoryA@8
 .text          0x004433a0        0x8 /usr/lib/w32api/libkernel32.a(dyuhs00182.o)
                0x004433a0                _FindFirstFileA@8
 .text          0x004433a8        0x8 /usr/lib/w32api/libkernel32.a(dyuhs00191.o)
                0x004433a8                _FindNextFileA@8
 .text          0x004433b0        0x8 /usr/lib/w32api/libkernel32.a(dyuhs00178.o)
                0x004433b0                _FindClose@4
 .text          0x004433b8        0x8 /usr/lib/w32api/libkernel32.a(dyuhs00284.o)
                0x004433b8                _GetCurrentProcessId@0
 .text          0x004433c0        0x8 /usr/lib/w32api/libkernel32.a(dyuhs00401.o)
                0x004433c0                _GetSystemTime@4
 .text          0x004433c8        0x8 /usr/lib/w32api/libkernel32.a(dyuhs00402.o)
                0x004433c8                _GetSystemTimeAdjustment@12
 .text          0x004433d0        0x8 /usr/lib/w32api/libkernel32.a(dyuhs00460.o)
                0x004433d0                _GlobalMemoryStatus@4
 .text          0x004433d8        0x8 /usr/lib/w32api/libkernel32.a(dyuhs00285.o)
                0x004433d8                _GetCurrentThread@0
 .text          0x004433e0        0x8 /usr/lib/w32api/libkernel32.a(dyuhs00422.o)
                0x004433e0                _GetThreadTimes@20
 .text          0x004433e8        0x8 /usr/lib/w32api/libkernel32.a(dyuhs00283.o)
                0x004433e8                _GetCurrentProcess@0
 .text          0x004433f0        0x8 /usr/lib/w32api/libkernel32.a(dyuhs00373.o)
                0x004433f0                _GetProcessTimes@20
 .text          0x004433f8        0x8 /usr/lib/w32api/libkernel32.a(dyuhs00597.o)
                0x004433f8                _QueryPerformanceCounter@4
 .text          0x00443400        0x8 /usr/lib/w32api/libkernel32.a(dyuhs00286.o)
                0x00443400                _GetCurrentThreadId@0
 .text          0x00443408        0x8 /usr/lib/w32api/libkernel32.a(dyuhs00069.o)
                0x00443408                _CreateFileMappingA@24
 .text          0x00443410        0x8 /usr/lib/w32api/libkernel32.a(dyuhs00546.o)
                0x00443410                _MapViewOfFile@20
 .text          0x00443418        0x8 /usr/lib/w32api/libkernel32.a(dyuhs00776.o)
                0x00443418                _UnmapViewOfFile@4
 .text          0x00443420        0x8 /usr/lib/w32api/libkernel32.a(dyuhs00084.o)
                0x00443420                _CreatePipe@16
 .text          0x00443428        0x8 /usr/lib/w32api/libkernel32.a(dyuhs00710.o)
                0x00443428                _SetHandleInformation@12
 .text          0x00443430        0x8 /usr/lib/w32api/libkernel32.a(dyuhs00085.o)
                0x00443430                _CreateProcessA@40
 .text          0x00443438        0x8 /usr/lib/w32api/libkernel32.a(dyuhs00688.o)
                0x00443438                _SetCurrentDirectoryA@4
 .text          0x00443440        0x8 /usr/lib/w32api/libkernel32.a(dyuhs00209.o)
                0x00443440                _FormatMessageA@28
 .text          0x00443448        0x8 /usr/lib/w32api/libkernel32.a(dyuhs00534.o)
                0x00443448                _LocalFree@4
 .text          0x00443450        0x8 /usr/lib/w32api/libkernel32.a(dyuhs00281.o)
                0x00443450                _GetCurrentDirectoryA@8
 .text          0x00443458        0x8 /usr/lib/w32api/libkernel32.a(dyuhs00068.o)
                0x00443458                _CreateFileA@28
 .text          0x00443460        0x8 /usr/lib/w32api/libkernel32.a(dyuhs00313.o)
                0x00443460                _GetFileSize@8
 .text          0x00443468        0x8 /usr/lib/w32api/libkernel32.a(dyuhs00315.o)
                0x00443468                _GetFileTime@16
 .text          0x00443470        0x8 /usr/lib/w32api/libkernel32.a(dyuhs00707.o)
                0x00443470                _SetFileTime@16
 .text          0x00443478        0x8 /usr/lib/w32api/libkernel32.a(dyuhs00703.o)
                0x00443478                _SetFilePointer@16
 .text          0x00443480        0x8 /usr/lib/w32api/libkernel32.a(dyuhs00308.o)
                0x00443480                _GetFileAttributesA@4
 .text          0x00443488        0x8 /usr/lib/w32api/libkernel32.a(dyuhs00060.o)
                0x00443488                _CreateDirectoryA@8
 .text          0x00443490        0x8 /usr/lib/w32api/libkernel32.a(dyuhs00808.o)
                0x00443490                _WaitForMultipleObjects@16
 .text          0x00443498        0x8 /usr/lib/w32api/libkernel32.a(dyuhs00303.o)
                0x00443498                _GetEnvironmentVariableA@12
 .text          0x004434a0        0x8 /usr/lib/w32api/libkernel32.a(dyuhs00326.o)
                0x004434a0                _GetLocalTime@4
 .text          0x004434a8        0x0 /usr/lib/w32api/libkernel32.a(dyuhh.o)
 .text          0x004434a8        0x0 /usr/lib/w32api/libkernel32.a(dyuht.o)
 *(SORT(.text$*))
 *(.glue_7t)
 *(.glue_7)
                0x004434a8                ___CTOR_LIST__ = .
                0x004434a8                __CTOR_LIST__ = .
                0x004434a8        0x4 LONG 0xffffffff
 *(.ctors)
 *(.ctor)
 *(SORT(.ctors.*))
                0x004434ac        0x4 LONG 0x0
                0x004434b0                ___DTOR_LIST__ = .
                0x004434b0                __DTOR_LIST__ = .
                0x004434b0        0x4 LONG 0xffffffff
 *(.dtors)
 *(.dtor)
 *(SORT(.dtors.*))
                0x004434b4        0x4 LONG 0x0
 *(.fini)
 *(.gcc_exc)
                0x004434b8                PROVIDE (etext, .)
 *(.gcc_except_table)

.data           0x00444000      0x200
                0x00444000                __data_start__ = .
 *(.data)
 .data          0x00444000        0x0 /usr/lib/gcc/i686-pc-mingw32/3.4.4/../../../../i686-pc-mingw32/lib/crt2.o
 .data          0x00444000       0x40 be_none.o
                0x00444000                _backends
 .data          0x00444040        0x0 cmdline.o
 .data          0x00444040        0x0 cproxy.o
 .data          0x00444040        0x0 int64.o
 .data          0x00444040        0x0 logging.o
 .data          0x00444040        0x0 misc.o
 .data          0x00444040        0x0 pinger.o
 .data          0x00444040        0x0 portfwd.o
 .data          0x00444040        0x0 proxy.o
 .data          0x00444040        0xc pscp.o
 .data          0x0044404c        0x0 settings.o
 .data          0x0044404c        0x0 sftp.o
 *fill*         0x0044404c       0x14 00
 .data          0x00444060       0xc0 ssh.o
                0x00444060                _ssh_backend
 .data          0x00444120        0x0 sshaes.o
 .data          0x00444120        0x0 ssharcf.o
 .data          0x00444120        0x0 sshblowf.o
 .data          0x00444120       0x10 sshbn.o
                0x00444128                _bnOne
                0x00444120                _One
                0x00444124                _Zero
 .data          0x00444130        0x0 sshcrc.o
 .data          0x00444130        0x4 sshcrcda.o
                0x00444130                _ONE
 .data          0x00444134        0x0 sshdes.o
 .data          0x00444134        0x0 sshdh.o
 .data          0x00444134        0x0 sshdss.o
 .data          0x00444134        0x0 sshmd5.o
 .data          0x00444134        0x0 sshpubk.o
 .data          0x00444134        0x0 sshrand.o
 .data          0x00444134        0x0 sshrsa.o
 .data          0x00444134        0x0 sshsh256.o
 .data          0x00444134        0x0 sshsh512.o
 .data          0x00444134        0x0 sshsha.o
 .data          0x00444134        0x0 sshzlib.o
 .data          0x00444134        0x0 timing.o
 .data          0x00444134        0x0 tree234.o
 *fill*         0x00444134        0xc 00
 .data          0x00444140       0x80 version.o
                0x00444140                _sshver
                0x00444180                _ver
 .data          0x004441c0        0x0 wildcard.o
 .data          0x004441c0        0x0 wincons.o
 .data          0x004441c0        0x0 windefs.o
 .data          0x004441c0        0x0 winhandl.o
 .data          0x004441c0        0x4 winmisc.o
 .data          0x004441c4        0x0 winnet.o
 .data          0x004441c4        0x0 winnoise.o
 .data          0x004441c4        0x0 winpgntc.o
 .data          0x004441c4        0x0 winproxy.o
 .data          0x004441c4        0x8 winsftp.o
 .data          0x004441cc        0x0 winstore.o
 .data          0x004441cc        0x0 wintime.o
 .data          0x004441cc        0x0 x11fwd.o
 .data          0x004441cc        0x0 /usr/lib/w32api/libadvapi32.a(dykgs00245.o)
 .data          0x004441cc        0x0 /usr/lib/w32api/libadvapi32.a(dykgs00389.o)
 .data          0x004441cc        0x0 /usr/lib/w32api/libadvapi32.a(dykgs00386.o)
 .data          0x004441cc        0x0 /usr/lib/w32api/libadvapi32.a(dykgs00434.o)
 .data          0x004441cc        0x0 /usr/lib/w32api/libadvapi32.a(dykgs00412.o)
 .data          0x004441cc        0x0 /usr/lib/w32api/libadvapi32.a(dykgs00423.o)
 .data          0x004441cc        0x0 /usr/lib/w32api/libadvapi32.a(dykgs00393.o)
 .data          0x004441cc        0x0 /usr/lib/w32api/libadvapi32.a(dykgs00400.o)
 .data          0x004441cc        0x0 /usr/lib/w32api/libadvapi32.a(dykgh.o)
 .data          0x004441cc        0x0 /usr/lib/w32api/libadvapi32.a(dykgt.o)
 .data          0x004441cc        0x0 /usr/lib/w32api/libuser32.a(dwxfs00258.o)
 .data          0x004441cc        0x0 /usr/lib/w32api/libuser32.a(dwxfs00223.o)
 .data          0x004441cc        0x0 /usr/lib/w32api/libuser32.a(dwxfs00240.o)
 .data          0x004441cc        0x0 /usr/lib/w32api/libuser32.a(dwxfs00309.o)
 .data          0x004441cc        0x0 /usr/lib/w32api/libuser32.a(dwxfs00246.o)
 .data          0x004441cc        0x0 /usr/lib/w32api/libuser32.a(dwxfs00209.o)
 .data          0x004441cc        0x0 /usr/lib/w32api/libuser32.a(dwxfs00504.o)
 .data          0x004441cc        0x0 /usr/lib/w32api/libuser32.a(dwxfh.o)
 .data          0x004441cc        0x0 /usr/lib/w32api/libuser32.a(dwxft.o)
 .data          0x004441cc        0x4 /usr/lib/gcc/i686-pc-mingw32/3.4.4/../../../../i686-pc-mingw32/lib/libmingw32.a(CRTglob.o)
                0x004441cc                __CRT_glob
 .data          0x004441d0        0x0 /usr/lib/gcc/i686-pc-mingw32/3.4.4/../../../../i686-pc-mingw32/lib/libmingw32.a(CRTfmode.o)
 .data          0x004441d0        0x4 /usr/lib/gcc/i686-pc-mingw32/3.4.4/../../../../i686-pc-mingw32/lib/libmingw32.a(txtmode.o)
                0x004441d0                __fmode
 .data          0x004441d4        0x4 /usr/lib/gcc/i686-pc-mingw32/3.4.4/../../../../i686-pc-mingw32/lib/libmingw32.a(gccmain.o)
 .data          0x004441d8        0x0 /usr/lib/gcc/i686-pc-mingw32/3.4.4/../../../../i686-pc-mingw32/lib/libmingw32.a(pseudo-reloc.o)
 .data          0x004441d8        0x0 /usr/lib/gcc/i686-pc-mingw32/3.4.4/../../../../i686-pc-mingw32/lib/libmingw32.a(cpu_features.o)
 .data          0x004441d8        0x0 /usr/lib/gcc/i686-pc-mingw32/3.4.4/../../../../i686-pc-mingw32/lib/libmingw32.a(CRT_fp10.o)
 .data          0x004441d8        0x0 /usr/lib/gcc/i686-pc-mingw32/3.4.4/../../../../i686-pc-mingw32/lib/libmingw32.a(pseudo-reloc-list.o)
 .data          0x004441d8        0x0 /usr/lib/gcc/i686-pc-mingw32/3.4.4/libgcc.a(_chkstk.o)
 .data          0x004441d8        0x0 /usr/lib/gcc/i686-pc-mingw32/3.4.4/libgcc.a(_umoddi3.o)
 .data          0x004441d8        0x0 /usr/lib/gcc/i686-pc-mingw32/3.4.4/libgcc.a(_udivdi3.o)
 .data          0x004441d8        0x0 /usr/lib/gcc/i686-pc-mingw32/3.4.4/libgcc.a(_divdi3.o)
 .data          0x004441d8        0x0 /usr/lib/gcc/i686-pc-mingw32/3.4.4/libgcc.a(_ctors.o)
 .data          0x004441d8        0x0 /usr/lib/gcc/i686-pc-mingw32/3.4.4/../../../../i686-pc-mingw32/lib/libmoldname.a(dctgs00084.o)
 .data          0x004441d8        0x0 /usr/lib/gcc/i686-pc-mingw32/3.4.4/../../../../i686-pc-mingw32/lib/libmoldname.a(dctgs00081.o)
 .data          0x004441d8        0x0 /usr/lib/gcc/i686-pc-mingw32/3.4.4/../../../../i686-pc-mingw32/lib/libmoldname.a(dctgh.o)
 .data          0x004441d8        0x0 /usr/lib/gcc/i686-pc-mingw32/3.4.4/../../../../i686-pc-mingw32/lib/libmoldname.a(dctgt.o)
 .data          0x004441d8        0x0 /usr/lib/gcc/i686-pc-mingw32/3.4.4/../../../../i686-pc-mingw32/lib/libmsvcrt.a(doxfs00266.o)
 .data          0x004441d8        0x0 /usr/lib/gcc/i686-pc-mingw32/3.4.4/../../../../i686-pc-mingw32/lib/libmsvcrt.a(doxfs00099.o)
 .data          0x004441d8        0x0 /usr/lib/gcc/i686-pc-mingw32/3.4.4/../../../../i686-pc-mingw32/lib/libmsvcrt.a(doxfs00590.o)
 .data          0x004441d8        0x0 /usr/lib/gcc/i686-pc-mingw32/3.4.4/../../../../i686-pc-mingw32/lib/libmsvcrt.a(doxfs00383.o)
 .data          0x004441d8        0x0 /usr/lib/gcc/i686-pc-mingw32/3.4.4/../../../../i686-pc-mingw32/lib/libmsvcrt.a(doxfs00147.o)
 .data          0x004441d8        0x0 /usr/lib/gcc/i686-pc-mingw32/3.4.4/../../../../i686-pc-mingw32/lib/libmsvcrt.a(doxfs00077.o)
 .data          0x004441d8        0x0 /usr/lib/gcc/i686-pc-mingw32/3.4.4/../../../../i686-pc-mingw32/lib/libmsvcrt.a(doxfs00706.o)
 .data          0x004441d8        0x0 /usr/lib/gcc/i686-pc-mingw32/3.4.4/../../../../i686-pc-mingw32/lib/libmsvcrt.a(doxfs00079.o)
 .data          0x004441d8        0x0 /usr/lib/gcc/i686-pc-mingw32/3.4.4/../../../../i686-pc-mingw32/lib/libmsvcrt.a(doxfs00426.o)
 .data          0x004441d8        0x0 /usr/lib/gcc/i686-pc-mingw32/3.4.4/../../../../i686-pc-mingw32/lib/libmsvcrt.a(doxfs00055.o)
 .data          0x004441d8        0x0 /usr/lib/gcc/i686-pc-mingw32/3.4.4/../../../../i686-pc-mingw32/lib/libmsvcrt.a(doxfs00684.o)
 .data          0x004441d8        0x0 /usr/lib/gcc/i686-pc-mingw32/3.4.4/../../../../i686-pc-mingw32/lib/libmsvcrt.a(doxfs00611.o)
 .data          0x004441d8        0x0 /usr/lib/gcc/i686-pc-mingw32/3.4.4/../../../../i686-pc-mingw32/lib/libmsvcrt.a(doxfs00592.o)
 .data          0x004441d8        0x0 /usr/lib/gcc/i686-pc-mingw32/3.4.4/../../../../i686-pc-mingw32/lib/libmsvcrt.a(doxfs00714.o)
 .data          0x004441d8        0x0 /usr/lib/gcc/i686-pc-mingw32/3.4.4/../../../../i686-pc-mingw32/lib/libmsvcrt.a(doxfs00721.o)
 .data          0x004441d8        0x0 /usr/lib/gcc/i686-pc-mingw32/3.4.4/../../../../i686-pc-mingw32/lib/libmsvcrt.a(doxfs00724.o)
 .data          0x004441d8        0x0 /usr/lib/gcc/i686-pc-mingw32/3.4.4/../../../../i686-pc-mingw32/lib/libmsvcrt.a(doxfs00618.o)
 .data          0x004441d8        0x0 /usr/lib/gcc/i686-pc-mingw32/3.4.4/../../../../i686-pc-mingw32/lib/libmsvcrt.a(doxfs00682.o)
 .data          0x004441d8        0x0 /usr/lib/gcc/i686-pc-mingw32/3.4.4/../../../../i686-pc-mingw32/lib/libmsvcrt.a(doxfs00137.o)
 .data          0x004441d8        0x0 /usr/lib/gcc/i686-pc-mingw32/3.4.4/../../../../i686-pc-mingw32/lib/libmsvcrt.a(doxfs00065.o)
 .data          0x004441d8        0x0 /usr/lib/gcc/i686-pc-mingw32/3.4.4/../../../../i686-pc-mingw32/lib/libmsvcrt.a(doxfs00392.o)
 .data          0x004441d8        0x0 /usr/lib/gcc/i686-pc-mingw32/3.4.4/../../../../i686-pc-mingw32/lib/libmsvcrt.a(doxfs00742.o)
 .data          0x004441d8        0x0 /usr/lib/gcc/i686-pc-mingw32/3.4.4/../../../../i686-pc-mingw32/lib/libmsvcrt.a(doxfs00709.o)
 .data          0x004441d8        0x0 /usr/lib/gcc/i686-pc-mingw32/3.4.4/../../../../i686-pc-mingw32/lib/libmsvcrt.a(doxfs00619.o)
 .data          0x004441d8        0x0 /usr/lib/gcc/i686-pc-mingw32/3.4.4/../../../../i686-pc-mingw32/lib/libmsvcrt.a(doxfs00607.o)
 .data          0x004441d8        0x0 /usr/lib/gcc/i686-pc-mingw32/3.4.4/../../../../i686-pc-mingw32/lib/libmsvcrt.a(doxfs00720.o)
 .data          0x004441d8        0x0 /usr/lib/gcc/i686-pc-mingw32/3.4.4/../../../../i686-pc-mingw32/lib/libmsvcrt.a(doxfs00610.o)
 .data          0x004441d8        0x0 /usr/lib/gcc/i686-pc-mingw32/3.4.4/../../../../i686-pc-mingw32/lib/libmsvcrt.a(doxfs00633.o)
 .data          0x004441d8        0x0 /usr/lib/gcc/i686-pc-mingw32/3.4.4/../../../../i686-pc-mingw32/lib/libmsvcrt.a(doxfs00268.o)
 .data          0x004441d8        0x0 /usr/lib/gcc/i686-pc-mingw32/3.4.4/../../../../i686-pc-mingw32/lib/libmsvcrt.a(doxfs00625.o)
 .data          0x004441d8        0x0 /usr/lib/gcc/i686-pc-mingw32/3.4.4/../../../../i686-pc-mingw32/lib/libmsvcrt.a(doxfs00698.o)
 .data          0x004441d8        0x0 /usr/lib/gcc/i686-pc-mingw32/3.4.4/../../../../i686-pc-mingw32/lib/libmsvcrt.a(doxfs00676.o)
 .data          0x004441d8        0x0 /usr/lib/gcc/i686-pc-mingw32/3.4.4/../../../../i686-pc-mingw32/lib/libmsvcrt.a(doxfs00613.o)
 .data          0x004441d8        0x0 /usr/lib/gcc/i686-pc-mingw32/3.4.4/../../../../i686-pc-mingw32/lib/libmsvcrt.a(doxfs00490.o)
 .data          0x004441d8        0x0 /usr/lib/gcc/i686-pc-mingw32/3.4.4/../../../../i686-pc-mingw32/lib/libmsvcrt.a(doxfs00717.o)
 .data          0x004441d8        0x0 /usr/lib/gcc/i686-pc-mingw32/3.4.4/../../../../i686-pc-mingw32/lib/libmsvcrt.a(doxfs00731.o)
 .data          0x004441d8        0x0 /usr/lib/gcc/i686-pc-mingw32/3.4.4/../../../../i686-pc-mingw32/lib/libmsvcrt.a(doxfs00732.o)
 .data          0x004441d8        0x0 /usr/lib/gcc/i686-pc-mingw32/3.4.4/../../../../i686-pc-mingw32/lib/libmsvcrt.a(doxfs00683.o)
 .data          0x004441d8        0x0 /usr/lib/gcc/i686-pc-mingw32/3.4.4/../../../../i686-pc-mingw32/lib/libmsvcrt.a(doxfs00712.o)
 .data          0x004441d8        0x0 /usr/lib/gcc/i686-pc-mingw32/3.4.4/../../../../i686-pc-mingw32/lib/libmsvcrt.a(doxfs00692.o)
 .data          0x004441d8        0x0 /usr/lib/gcc/i686-pc-mingw32/3.4.4/../../../../i686-pc-mingw32/lib/libmsvcrt.a(doxfs00691.o)
 .data          0x004441d8        0x0 /usr/lib/gcc/i686-pc-mingw32/3.4.4/../../../../i686-pc-mingw32/lib/libmsvcrt.a(doxfs00604.o)
 .data          0x004441d8        0x0 /usr/lib/gcc/i686-pc-mingw32/3.4.4/../../../../i686-pc-mingw32/lib/libmsvcrt.a(doxfs00748.o)
 .data          0x004441d8        0x0 /usr/lib/gcc/i686-pc-mingw32/3.4.4/../../../../i686-pc-mingw32/lib/libmsvcrt.a(doxfs00739.o)
 .data          0x004441d8        0x0 /usr/lib/gcc/i686-pc-mingw32/3.4.4/../../../../i686-pc-mingw32/lib/libmsvcrt.a(doxfs00695.o)
 .data          0x004441d8        0x0 /usr/lib/gcc/i686-pc-mingw32/3.4.4/../../../../i686-pc-mingw32/lib/libmsvcrt.a(doxfs00715.o)
 .data          0x004441d8        0x0 /usr/lib/gcc/i686-pc-mingw32/3.4.4/../../../../i686-pc-mingw32/lib/libmsvcrt.a(doxfs00689.o)
 .data          0x004441d8        0x0 /usr/lib/gcc/i686-pc-mingw32/3.4.4/../../../../i686-pc-mingw32/lib/libmsvcrt.a(doxfs00602.o)
 .data          0x004441d8        0x0 /usr/lib/gcc/i686-pc-mingw32/3.4.4/../../../../i686-pc-mingw32/lib/libmsvcrt.a(doxfs00726.o)
 .data          0x004441d8        0x0 /usr/lib/gcc/i686-pc-mingw32/3.4.4/../../../../i686-pc-mingw32/lib/libmsvcrt.a(doxfs00727.o)
 .data          0x004441d8        0x0 /usr/lib/gcc/i686-pc-mingw32/3.4.4/../../../../i686-pc-mingw32/lib/libmsvcrt.a(doxfs00718.o)
 .data          0x004441d8        0x0 /usr/lib/gcc/i686-pc-mingw32/3.4.4/../../../../i686-pc-mingw32/lib/libmsvcrt.a(doxfs00620.o)
 .data          0x004441d8        0x0 /usr/lib/gcc/i686-pc-mingw32/3.4.4/../../../../i686-pc-mingw32/lib/libmsvcrt.a(doxfs00722.o)
 .data          0x004441d8        0x0 /usr/lib/gcc/i686-pc-mingw32/3.4.4/../../../../i686-pc-mingw32/lib/libmsvcrt.a(doxfs00730.o)
 .data          0x004441d8        0x0 /usr/lib/gcc/i686-pc-mingw32/3.4.4/../../../../i686-pc-mingw32/lib/libmsvcrt.a(doxfs00680.o)
 .data          0x004441d8        0x0 /usr/lib/gcc/i686-pc-mingw32/3.4.4/../../../../i686-pc-mingw32/lib/libmsvcrt.a(doxfs00583.o)
 .data          0x004441d8        0x0 /usr/lib/gcc/i686-pc-mingw32/3.4.4/../../../../i686-pc-mingw32/lib/libmsvcrt.a(doxfs00746.o)
 .data          0x004441d8        0x0 /usr/lib/gcc/i686-pc-mingw32/3.4.4/../../../../i686-pc-mingw32/lib/libmsvcrt.a(doxfs00624.o)
 .data          0x004441d8        0x0 /usr/lib/gcc/i686-pc-mingw32/3.4.4/../../../../i686-pc-mingw32/lib/libmsvcrt.a(doxfs00621.o)
 .data          0x004441d8        0x0 /usr/lib/gcc/i686-pc-mingw32/3.4.4/../../../../i686-pc-mingw32/lib/libmsvcrt.a(doxfs00637.o)
 .data          0x004441d8        0x0 /usr/lib/gcc/i686-pc-mingw32/3.4.4/../../../../i686-pc-mingw32/lib/libmsvcrt.a(doxfs00699.o)
 .data          0x004441d8        0x0 /usr/lib/gcc/i686-pc-mingw32/3.4.4/../../../../i686-pc-mingw32/lib/libmsvcrt.a(doxfh.o)
 .data          0x004441d8        0x0 /usr/lib/gcc/i686-pc-mingw32/3.4.4/../../../../i686-pc-mingw32/lib/libmsvcrt.a(doxft.o)
 .data          0x004441d8        0x0 /usr/lib/w32api/libkernel32.a(dyuhs00739.o)
 .data          0x004441d8        0x0 /usr/lib/w32api/libkernel32.a(dyuhs00156.o)
 .data          0x004441d8        0x0 /usr/lib/w32api/libkernel32.a(dyuhs00423.o)
 .data          0x004441d8        0x0 /usr/lib/w32api/libkernel32.a(dyuhs00388.o)
 .data          0x004441d8        0x0 /usr/lib/w32api/libkernel32.a(dyuhs00270.o)
 .data          0x004441d8        0x0 /usr/lib/w32api/libkernel32.a(dyuhs00677.o)
 .data          0x004441d8        0x0 /usr/lib/w32api/libkernel32.a(dyuhs00616.o)
 .data          0x004441d8        0x0 /usr/lib/w32api/libkernel32.a(dyuhs00827.o)
 .data          0x004441d8        0x0 /usr/lib/w32api/libkernel32.a(dyuhs00698.o)
 .data          0x004441d8        0x0 /usr/lib/w32api/libkernel32.a(dyuhs00810.o)
 .data          0x004441d8        0x0 /usr/lib/w32api/libkernel32.a(dyuhs00038.o)
 .data          0x004441d8        0x0 /usr/lib/w32api/libkernel32.a(dyuhs00325.o)
 .data          0x004441d8        0x0 /usr/lib/w32api/libkernel32.a(dyuhs00352.o)
 .data          0x004441d8        0x0 /usr/lib/w32api/libkernel32.a(dyuhs00064.o)
 .data          0x004441d8        0x0 /usr/lib/w32api/libkernel32.a(dyuhs00091.o)
 .data          0x004441d8        0x0 /usr/lib/w32api/libkernel32.a(dyuhs00433.o)
 .data          0x004441d8        0x0 /usr/lib/w32api/libkernel32.a(dyuhs00009.o)
 .data          0x004441d8        0x0 /usr/lib/w32api/libkernel32.a(dyuhs00524.o)
 .data          0x004441d8        0x0 /usr/lib/w32api/libkernel32.a(dyuhs00364.o)
 .data          0x004441d8        0x0 /usr/lib/w32api/libkernel32.a(dyuhs00214.o)
 .data          0x004441d8        0x0 /usr/lib/w32api/libkernel32.a(dyuhs00443.o)
 .data          0x004441d8        0x0 /usr/lib/w32api/libkernel32.a(dyuhs00182.o)
 .data          0x004441d8        0x0 /usr/lib/w32api/libkernel32.a(dyuhs00191.o)
 .data          0x004441d8        0x0 /usr/lib/w32api/libkernel32.a(dyuhs00178.o)
 .data          0x004441d8        0x0 /usr/lib/w32api/libkernel32.a(dyuhs00284.o)
 .data          0x004441d8        0x0 /usr/lib/w32api/libkernel32.a(dyuhs00401.o)
 .data          0x004441d8        0x0 /usr/lib/w32api/libkernel32.a(dyuhs00402.o)
 .data          0x004441d8        0x0 /usr/lib/w32api/libkernel32.a(dyuhs00460.o)
 .data          0x004441d8        0x0 /usr/lib/w32api/libkernel32.a(dyuhs00285.o)
 .data          0x004441d8        0x0 /usr/lib/w32api/libkernel32.a(dyuhs00422.o)
 .data          0x004441d8        0x0 /usr/lib/w32api/libkernel32.a(dyuhs00283.o)
 .data          0x004441d8        0x0 /usr/lib/w32api/libkernel32.a(dyuhs00373.o)
 .data          0x004441d8        0x0 /usr/lib/w32api/libkernel32.a(dyuhs00597.o)
 .data          0x004441d8        0x0 /usr/lib/w32api/libkernel32.a(dyuhs00286.o)
 .data          0x004441d8        0x0 /usr/lib/w32api/libkernel32.a(dyuhs00069.o)
 .data          0x004441d8        0x0 /usr/lib/w32api/libkernel32.a(dyuhs00546.o)
 .data          0x004441d8        0x0 /usr/lib/w32api/libkernel32.a(dyuhs00776.o)
 .data          0x004441d8        0x0 /usr/lib/w32api/libkernel32.a(dyuhs00084.o)
 .data          0x004441d8        0x0 /usr/lib/w32api/libkernel32.a(dyuhs00710.o)
 .data          0x004441d8        0x0 /usr/lib/w32api/libkernel32.a(dyuhs00085.o)
 .data          0x004441d8        0x0 /usr/lib/w32api/libkernel32.a(dyuhs00688.o)
 .data          0x004441d8        0x0 /usr/lib/w32api/libkernel32.a(dyuhs00209.o)
 .data          0x004441d8        0x0 /usr/lib/w32api/libkernel32.a(dyuhs00534.o)
 .data          0x004441d8        0x0 /usr/lib/w32api/libkernel32.a(dyuhs00281.o)
 .data          0x004441d8        0x0 /usr/lib/w32api/libkernel32.a(dyuhs00068.o)
 .data          0x004441d8        0x0 /usr/lib/w32api/libkernel32.a(dyuhs00313.o)
 .data          0x004441d8        0x0 /usr/lib/w32api/libkernel32.a(dyuhs00315.o)
 .data          0x004441d8        0x0 /usr/lib/w32api/libkernel32.a(dyuhs00707.o)
 .data          0x004441d8        0x0 /usr/lib/w32api/libkernel32.a(dyuhs00703.o)
 .data          0x004441d8        0x0 /usr/lib/w32api/libkernel32.a(dyuhs00308.o)
 .data          0x004441d8        0x0 /usr/lib/w32api/libkernel32.a(dyuhs00060.o)
 .data          0x004441d8        0x0 /usr/lib/w32api/libkernel32.a(dyuhs00808.o)
 .data          0x004441d8        0x0 /usr/lib/w32api/libkernel32.a(dyuhs00303.o)
 .data          0x004441d8        0x0 /usr/lib/w32api/libkernel32.a(dyuhs00326.o)
 .data          0x004441d8        0x0 /usr/lib/w32api/libkernel32.a(dyuhh.o)
 .data          0x004441d8        0x0 /usr/lib/w32api/libkernel32.a(dyuht.o)
 *(.data2)
 *(SORT(.data$*))
 *(.jcr)
                0x004441d8                __data_end__ = .
 *(.data_cygwin_nocopy)

.rdata          0x00445000     0xe800
 *(.rdata)
 .rdata         0x00445000       0x18 be_none.o
 .rdata         0x00445018      0x17c cmdline.o
 .rdata         0x00445194      0x140 cproxy.o
 .rdata         0x004452d4       0x1c int64.o
 .rdata         0x004452f0      0x1f4 logging.o
 *fill*         0x004454e4       0x1c 00
 .rdata         0x00445500      0x160 misc.o
 .rdata         0x00445660       0x54 portfwd.o
 *fill*         0x004456b4        0xc 00
 .rdata         0x004456c0      0x520 proxy.o
 .rdata         0x00445be0      0xe3c pscp.o
 *fill*         0x00446a1c        0x4 00
 .rdata         0x00446a20      0xea0 settings.o
                0x00446b80                _ttymodes
 .rdata         0x004478c0      0x3a0 sftp.o
 .rdata         0x00447c60     0x3cc0 ssh.o
 .rdata         0x0044b920     0x2580 sshaes.o
                0x0044b920                _ssh2_aes
 .rdata         0x0044dea0      0x100 ssharcf.o
                0x0044df40                _ssh_arcfour128_ssh2
                0x0044dee0                _ssh_arcfour256_ssh2
                0x0044dea0                _ssh2_arcfour
 .rdata         0x0044dfa0     0x1180 sshblowf.o
                0x0044e06c                _ssh_blowfish_ssh1
                0x0044dfa0                _ssh2_blowfish
 .rdata         0x0044f120       0x3c sshbn.o
 *fill*         0x0044f15c        0x4 00
 .rdata         0x0044f160      0x400 sshcrc.o
 .rdata         0x0044f560       0x54 sshcrcda.o
 *fill*         0x0044f5b4        0xc 00
 .rdata         0x0044f5c0      0xc20 sshdes.o
                0x0044f620                _ssh2_des
                0x0044f5d0                _ssh_des
                0x0044f6ac                _ssh2_3des
                0x0044f604                _ssh_3des
 .rdata         0x004501e0      0x2e0 sshdh.o
                0x00450274                _ssh_diffiehellman_group14
                0x004501e0                _ssh_diffiehellman_gex
                0x004503e0                _ssh_diffiehellman_group1
 .rdata         0x004504c0       0xe0 sshdss.o
                0x004504e0                _ssh_dss
 .rdata         0x004505a0       0x40 sshmd5.o
                0x004505c0                _ssh_hmac_md5
 .rdata         0x004505e0      0x328 sshpubk.o
 *fill*         0x00450908       0x18 00
 .rdata         0x00450920      0x100 sshrsa.o
                0x00450940                _ssh_rsa
 .rdata         0x00450a20      0x120 sshsh256.o
                0x00450a28                _ssh_sha256
 .rdata         0x00450b40      0x2c0 sshsh512.o
 .rdata         0x00450e00      0x160 sshsha.o
                0x00450f20                _ssh_hmac_sha1
                0x00450f48                _ssh_sha1
                0x00450ea0                _ssh_hmac_sha1_buggy
                0x00450e40                _ssh_hmac_sha1_96_buggy
                0x00450ee0                _ssh_hmac_sha1_96
 .rdata         0x00450f60      0x4e0 sshzlib.o
                0x00450f80                _ssh_zlib
 .rdata         0x00451440       0x3c tree234.o
 .rdata         0x0045147c       0xf0 wildcard.o
 *fill*         0x0045156c       0x14 00
 .rdata         0x00451580      0xca0 wincons.o
 .rdata         0x00452220       0x24 windefs.o
 .rdata         0x00452244       0x58 winhandl.o
 .rdata         0x0045229c       0x20 winmisc.o
                0x0045229c                _platform_x11_best_transport
 *fill*         0x004522bc        0x4 00
 .rdata         0x004522c0      0xc20 winnet.o
                0x004522d0                _in6addr_any
                0x004522c0                _in6addr_loopback
 .rdata         0x00452ee0       0x1c winpgntc.o
 *fill*         0x00452efc        0x4 00
 .rdata         0x00452f00       0xc0 winproxy.o
 .rdata         0x00452fc0       0xc0 winsftp.o
 .rdata         0x00453080      0x398 winstore.o
 .rdata         0x00453418      0x250 x11fwd.o
                0x00453440                _x11_authnames
 *(SORT(.rdata$*))
 *(.eh_frame)
                0x00453668                ___RUNTIME_PSEUDO_RELOC_LIST__ = .
                0x00453668                __RUNTIME_PSEUDO_RELOC_LIST__ = .
 *(.rdata_runtime_pseudo_reloc)
                0x00453668                ___RUNTIME_PSEUDO_RELOC_LIST_END__ = .
                0x00453668                __RUNTIME_PSEUDO_RELOC_LIST_END__ = .

.pdata
 *(.pdata)

.bss            0x00454000     0x3948
                0x00454000                __bss_start__ = .
 *(.bss)
 .bss           0x00454000        0x8 /usr/lib/gcc/i686-pc-mingw32/3.4.4/../../../../i686-pc-mingw32/lib/crt2.o
                0x00454004                __argc
                0x00454000                __argv
 .bss           0x00454008        0x0 be_none.o
 .bss           0x00454008       0x48 cmdline.o
                0x00454008                _cmdline_tooltype
 .bss           0x00454050        0x0 cproxy.o
 .bss           0x00454050        0x0 int64.o
 .bss           0x00454050        0x0 logging.o
 .bss           0x00454050        0x0 misc.o
 .bss           0x00454050        0x0 pinger.o
 .bss           0x00454050        0x0 portfwd.o
 .bss           0x00454050        0x0 proxy.o
 .bss           0x00454050     0x2840 pscp.o
 .bss           0x00456890        0x0 settings.o
 .bss           0x00456890       0x30 sftp.o
 .bss           0x004568c0       0xa0 ssh.o
 .bss           0x00456960        0x0 sshaes.o
 .bss           0x00456960        0x0 ssharcf.o
 .bss           0x00456960        0x0 sshblowf.o
 .bss           0x00456960        0x4 sshbn.o
                0x00456960                _bnZero
 .bss           0x00456964        0x0 sshcrc.o
 .bss           0x00456964        0x4 sshcrcda.o
                0x00456964                _ZERO
 .bss           0x00456968        0x0 sshdes.o
 .bss           0x00456968        0x0 sshdh.o
 .bss           0x00456968        0x0 sshdss.o
 .bss           0x00456968        0x0 sshmd5.o
 .bss           0x00456968        0xc sshpubk.o
                0x00456968                _ssh2_wrong_passphrase
 *fill*         0x00456974        0x4 00
 .bss           0x00456978      0x518 sshrand.o
                0x00456978                _random_active
 .bss           0x00456e90        0x0 sshrsa.o
 .bss           0x00456e90        0x0 sshsh256.o
 .bss           0x00456e90        0x0 sshsh512.o
 .bss           0x00456e90        0x0 sshsha.o
 .bss           0x00456e90        0x0 sshzlib.o
 .bss           0x00456e90       0x30 timing.o
 .bss           0x00456ec0        0x0 tree234.o
 .bss           0x00456ec0        0x0 version.o
 .bss           0x00456ec0        0x0 wildcard.o
 .bss           0x00456ec0       0x18 wincons.o
                0x00456ec0                _console_batch_mode
 .bss           0x00456ed8        0x0 windefs.o
 .bss           0x00456ed8       0x10 winhandl.o
 .bss           0x00456ee8       0x20 winmisc.o
 .bss           0x00456f08      0x840 winnet.o
 .bss           0x00457748        0x0 winnoise.o
 .bss           0x00457748        0x0 winpgntc.o
 .bss           0x00457748        0x0 winproxy.o
 .bss           0x00457748        0x0 winsftp.o
 .bss           0x00457748       0x30 winstore.o
 .bss           0x00457778        0x0 wintime.o
 .bss           0x00457778        0x0 x11fwd.o
 .bss           0x00457778        0x0 /usr/lib/w32api/libadvapi32.a(dykgs00245.o)
 .bss           0x00457778        0x0 /usr/lib/w32api/libadvapi32.a(dykgs00389.o)
 .bss           0x00457778        0x0 /usr/lib/w32api/libadvapi32.a(dykgs00386.o)
 .bss           0x00457778        0x0 /usr/lib/w32api/libadvapi32.a(dykgs00434.o)
 .bss           0x00457778        0x0 /usr/lib/w32api/libadvapi32.a(dykgs00412.o)
 .bss           0x00457778        0x0 /usr/lib/w32api/libadvapi32.a(dykgs00423.o)
 .bss           0x00457778        0x0 /usr/lib/w32api/libadvapi32.a(dykgs00393.o)
 .bss           0x00457778        0x0 /usr/lib/w32api/libadvapi32.a(dykgs00400.o)
 .bss           0x00457778        0x0 /usr/lib/w32api/libadvapi32.a(dykgh.o)
 .bss           0x00457778        0x0 /usr/lib/w32api/libadvapi32.a(dykgt.o)
 .bss           0x00457778        0x0 /usr/lib/w32api/libuser32.a(dwxfs00258.o)
 .bss           0x00457778        0x0 /usr/lib/w32api/libuser32.a(dwxfs00223.o)
 .bss           0x00457778        0x0 /usr/lib/w32api/libuser32.a(dwxfs00240.o)
 .bss           0x00457778        0x0 /usr/lib/w32api/libuser32.a(dwxfs00309.o)
 .bss           0x00457778        0x0 /usr/lib/w32api/libuser32.a(dwxfs00246.o)
 .bss           0x00457778        0x0 /usr/lib/w32api/libuser32.a(dwxfs00209.o)
 .bss           0x00457778        0x0 /usr/lib/w32api/libuser32.a(dwxfs00504.o)
 .bss           0x00457778        0x0 /usr/lib/w32api/libuser32.a(dwxfh.o)
 .bss           0x00457778        0x0 /usr/lib/w32api/libuser32.a(dwxft.o)
 .bss           0x00457778        0x0 /usr/lib/gcc/i686-pc-mingw32/3.4.4/../../../../i686-pc-mingw32/lib/libmingw32.a(CRTglob.o)
 .bss           0x00457778        0x4 /usr/lib/gcc/i686-pc-mingw32/3.4.4/../../../../i686-pc-mingw32/lib/libmingw32.a(CRTfmode.o)
                0x00457778                __CRT_fmode
 .bss           0x0045777c        0x0 /usr/lib/gcc/i686-pc-mingw32/3.4.4/../../../../i686-pc-mingw32/lib/libmingw32.a(txtmode.o)
 *fill*         0x0045777c        0x4 00
 .bss           0x00457780       0x10 /usr/lib/gcc/i686-pc-mingw32/3.4.4/../../../../i686-pc-mingw32/lib/libmingw32.a(gccmain.o)
 .bss           0x00457790        0x0 /usr/lib/gcc/i686-pc-mingw32/3.4.4/../../../../i686-pc-mingw32/lib/libmingw32.a(pseudo-reloc.o)
 .bss           0x00457790        0x4 /usr/lib/gcc/i686-pc-mingw32/3.4.4/../../../../i686-pc-mingw32/lib/libmingw32.a(cpu_features.o)
                0x00457790                ___cpu_features
 .bss           0x00457794        0x0 /usr/lib/gcc/i686-pc-mingw32/3.4.4/../../../../i686-pc-mingw32/lib/libmingw32.a(CRT_fp10.o)
 .bss           0x00457794        0x4 /usr/lib/gcc/i686-pc-mingw32/3.4.4/../../../../i686-pc-mingw32/lib/libmingw32.a(pseudo-reloc-list.o)
 .bss           0x00457798        0x0 /usr/lib/gcc/i686-pc-mingw32/3.4.4/libgcc.a(_chkstk.o)
 .bss           0x00457798        0x0 /usr/lib/gcc/i686-pc-mingw32/3.4.4/libgcc.a(_umoddi3.o)
 .bss           0x00457798        0x0 /usr/lib/gcc/i686-pc-mingw32/3.4.4/libgcc.a(_udivdi3.o)
 .bss           0x00457798        0x0 /usr/lib/gcc/i686-pc-mingw32/3.4.4/libgcc.a(_divdi3.o)
 .bss           0x00457798        0x0 /usr/lib/gcc/i686-pc-mingw32/3.4.4/libgcc.a(_ctors.o)
 .bss           0x00457798        0x0 /usr/lib/gcc/i686-pc-mingw32/3.4.4/../../../../i686-pc-mingw32/lib/libmoldname.a(dctgs00084.o)
 .bss           0x00457798        0x0 /usr/lib/gcc/i686-pc-mingw32/3.4.4/../../../../i686-pc-mingw32/lib/libmoldname.a(dctgs00081.o)
 .bss           0x00457798        0x0 /usr/lib/gcc/i686-pc-mingw32/3.4.4/../../../../i686-pc-mingw32/lib/libmoldname.a(dctgh.o)
 .bss           0x00457798        0x0 /usr/lib/gcc/i686-pc-mingw32/3.4.4/../../../../i686-pc-mingw32/lib/libmoldname.a(dctgt.o)
 .bss           0x00457798        0x0 /usr/lib/gcc/i686-pc-mingw32/3.4.4/../../../../i686-pc-mingw32/lib/libmsvcrt.a(doxfs00266.o)
 .bss           0x00457798        0x0 /usr/lib/gcc/i686-pc-mingw32/3.4.4/../../../../i686-pc-mingw32/lib/libmsvcrt.a(doxfs00099.o)
 .bss           0x00457798        0x0 /usr/lib/gcc/i686-pc-mingw32/3.4.4/../../../../i686-pc-mingw32/lib/libmsvcrt.a(doxfs00590.o)
 .bss           0x00457798        0x0 /usr/lib/gcc/i686-pc-mingw32/3.4.4/../../../../i686-pc-mingw32/lib/libmsvcrt.a(doxfs00383.o)
 .bss           0x00457798        0x0 /usr/lib/gcc/i686-pc-mingw32/3.4.4/../../../../i686-pc-mingw32/lib/libmsvcrt.a(doxfs00147.o)
 .bss           0x00457798        0x0 /usr/lib/gcc/i686-pc-mingw32/3.4.4/../../../../i686-pc-mingw32/lib/libmsvcrt.a(doxfs00077.o)
 .bss           0x00457798        0x0 /usr/lib/gcc/i686-pc-mingw32/3.4.4/../../../../i686-pc-mingw32/lib/libmsvcrt.a(doxfs00706.o)
 .bss           0x00457798        0x0 /usr/lib/gcc/i686-pc-mingw32/3.4.4/../../../../i686-pc-mingw32/lib/libmsvcrt.a(doxfs00079.o)
 .bss           0x00457798        0x0 /usr/lib/gcc/i686-pc-mingw32/3.4.4/../../../../i686-pc-mingw32/lib/libmsvcrt.a(doxfs00426.o)
 .bss           0x00457798        0x0 /usr/lib/gcc/i686-pc-mingw32/3.4.4/../../../../i686-pc-mingw32/lib/libmsvcrt.a(doxfs00055.o)
 .bss           0x00457798        0x0 /usr/lib/gcc/i686-pc-mingw32/3.4.4/../../../../i686-pc-mingw32/lib/libmsvcrt.a(doxfs00684.o)
 .bss           0x00457798        0x0 /usr/lib/gcc/i686-pc-mingw32/3.4.4/../../../../i686-pc-mingw32/lib/libmsvcrt.a(doxfs00611.o)
 .bss           0x00457798        0x0 /usr/lib/gcc/i686-pc-mingw32/3.4.4/../../../../i686-pc-mingw32/lib/libmsvcrt.a(doxfs00592.o)
 .bss           0x00457798        0x0 /usr/lib/gcc/i686-pc-mingw32/3.4.4/../../../../i686-pc-mingw32/lib/libmsvcrt.a(doxfs00714.o)
 .bss           0x00457798        0x0 /usr/lib/gcc/i686-pc-mingw32/3.4.4/../../../../i686-pc-mingw32/lib/libmsvcrt.a(doxfs00721.o)
 .bss           0x00457798        0x0 /usr/lib/gcc/i686-pc-mingw32/3.4.4/../../../../i686-pc-mingw32/lib/libmsvcrt.a(doxfs00724.o)
 .bss           0x00457798        0x0 /usr/lib/gcc/i686-pc-mingw32/3.4.4/../../../../i686-pc-mingw32/lib/libmsvcrt.a(doxfs00618.o)
 .bss           0x00457798        0x0 /usr/lib/gcc/i686-pc-mingw32/3.4.4/../../../../i686-pc-mingw32/lib/libmsvcrt.a(doxfs00682.o)
 .bss           0x00457798        0x0 /usr/lib/gcc/i686-pc-mingw32/3.4.4/../../../../i686-pc-mingw32/lib/libmsvcrt.a(doxfs00137.o)
 .bss           0x00457798        0x0 /usr/lib/gcc/i686-pc-mingw32/3.4.4/../../../../i686-pc-mingw32/lib/libmsvcrt.a(doxfs00065.o)
 .bss           0x00457798        0x0 /usr/lib/gcc/i686-pc-mingw32/3.4.4/../../../../i686-pc-mingw32/lib/libmsvcrt.a(doxfs00392.o)
 .bss           0x00457798        0x0 /usr/lib/gcc/i686-pc-mingw32/3.4.4/../../../../i686-pc-mingw32/lib/libmsvcrt.a(doxfs00742.o)
 .bss           0x00457798        0x0 /usr/lib/gcc/i686-pc-mingw32/3.4.4/../../../../i686-pc-mingw32/lib/libmsvcrt.a(doxfs00709.o)
 .bss           0x00457798        0x0 /usr/lib/gcc/i686-pc-mingw32/3.4.4/../../../../i686-pc-mingw32/lib/libmsvcrt.a(doxfs00619.o)
 .bss           0x00457798        0x0 /usr/lib/gcc/i686-pc-mingw32/3.4.4/../../../../i686-pc-mingw32/lib/libmsvcrt.a(doxfs00607.o)
 .bss           0x00457798        0x0 /usr/lib/gcc/i686-pc-mingw32/3.4.4/../../../../i686-pc-mingw32/lib/libmsvcrt.a(doxfs00720.o)
 .bss           0x00457798        0x0 /usr/lib/gcc/i686-pc-mingw32/3.4.4/../../../../i686-pc-mingw32/lib/libmsvcrt.a(doxfs00610.o)
 .bss           0x00457798        0x0 /usr/lib/gcc/i686-pc-mingw32/3.4.4/../../../../i686-pc-mingw32/lib/libmsvcrt.a(doxfs00633.o)
 .bss           0x00457798        0x0 /usr/lib/gcc/i686-pc-mingw32/3.4.4/../../../../i686-pc-mingw32/lib/libmsvcrt.a(doxfs00268.o)
 .bss           0x00457798        0x0 /usr/lib/gcc/i686-pc-mingw32/3.4.4/../../../../i686-pc-mingw32/lib/libmsvcrt.a(doxfs00625.o)
 .bss           0x00457798        0x0 /usr/lib/gcc/i686-pc-mingw32/3.4.4/../../../../i686-pc-mingw32/lib/libmsvcrt.a(doxfs00698.o)
 .bss           0x00457798        0x0 /usr/lib/gcc/i686-pc-mingw32/3.4.4/../../../../i686-pc-mingw32/lib/libmsvcrt.a(doxfs00676.o)
 .bss           0x00457798        0x0 /usr/lib/gcc/i686-pc-mingw32/3.4.4/../../../../i686-pc-mingw32/lib/libmsvcrt.a(doxfs00613.o)
 .bss           0x00457798        0x0 /usr/lib/gcc/i686-pc-mingw32/3.4.4/../../../../i686-pc-mingw32/lib/libmsvcrt.a(doxfs00490.o)
 .bss           0x00457798        0x0 /usr/lib/gcc/i686-pc-mingw32/3.4.4/../../../../i686-pc-mingw32/lib/libmsvcrt.a(doxfs00717.o)
 .bss           0x00457798        0x0 /usr/lib/gcc/i686-pc-mingw32/3.4.4/../../../../i686-pc-mingw32/lib/libmsvcrt.a(doxfs00731.o)
 .bss           0x00457798        0x0 /usr/lib/gcc/i686-pc-mingw32/3.4.4/../../../../i686-pc-mingw32/lib/libmsvcrt.a(doxfs00732.o)
 .bss           0x00457798        0x0 /usr/lib/gcc/i686-pc-mingw32/3.4.4/../../../../i686-pc-mingw32/lib/libmsvcrt.a(doxfs00683.o)
 .bss           0x00457798        0x0 /usr/lib/gcc/i686-pc-mingw32/3.4.4/../../../../i686-pc-mingw32/lib/libmsvcrt.a(doxfs00712.o)
 .bss           0x00457798        0x0 /usr/lib/gcc/i686-pc-mingw32/3.4.4/../../../../i686-pc-mingw32/lib/libmsvcrt.a(doxfs00692.o)
 .bss           0x00457798        0x0 /usr/lib/gcc/i686-pc-mingw32/3.4.4/../../../../i686-pc-mingw32/lib/libmsvcrt.a(doxfs00691.o)
 .bss           0x00457798        0x0 /usr/lib/gcc/i686-pc-mingw32/3.4.4/../../../../i686-pc-mingw32/lib/libmsvcrt.a(doxfs00604.o)
 .bss           0x00457798        0x0 /usr/lib/gcc/i686-pc-mingw32/3.4.4/../../../../i686-pc-mingw32/lib/libmsvcrt.a(doxfs00748.o)
 .bss           0x00457798        0x0 /usr/lib/gcc/i686-pc-mingw32/3.4.4/../../../../i686-pc-mingw32/lib/libmsvcrt.a(doxfs00739.o)
 .bss           0x00457798        0x0 /usr/lib/gcc/i686-pc-mingw32/3.4.4/../../../../i686-pc-mingw32/lib/libmsvcrt.a(doxfs00695.o)
 .bss           0x00457798        0x0 /usr/lib/gcc/i686-pc-mingw32/3.4.4/../../../../i686-pc-mingw32/lib/libmsvcrt.a(doxfs00715.o)
 .bss           0x00457798        0x0 /usr/lib/gcc/i686-pc-mingw32/3.4.4/../../../../i686-pc-mingw32/lib/libmsvcrt.a(doxfs00689.o)
 .bss           0x00457798        0x0 /usr/lib/gcc/i686-pc-mingw32/3.4.4/../../../../i686-pc-mingw32/lib/libmsvcrt.a(doxfs00602.o)
 .bss           0x00457798        0x0 /usr/lib/gcc/i686-pc-mingw32/3.4.4/../../../../i686-pc-mingw32/lib/libmsvcrt.a(doxfs00726.o)
 .bss           0x00457798        0x0 /usr/lib/gcc/i686-pc-mingw32/3.4.4/../../../../i686-pc-mingw32/lib/libmsvcrt.a(doxfs00727.o)
 .bss           0x00457798        0x0 /usr/lib/gcc/i686-pc-mingw32/3.4.4/../../../../i686-pc-mingw32/lib/libmsvcrt.a(doxfs00718.o)
 .bss           0x00457798        0x0 /usr/lib/gcc/i686-pc-mingw32/3.4.4/../../../../i686-pc-mingw32/lib/libmsvcrt.a(doxfs00620.o)
 .bss           0x00457798        0x0 /usr/lib/gcc/i686-pc-mingw32/3.4.4/../../../../i686-pc-mingw32/lib/libmsvcrt.a(doxfs00722.o)
 .bss           0x00457798        0x0 /usr/lib/gcc/i686-pc-mingw32/3.4.4/../../../../i686-pc-mingw32/lib/libmsvcrt.a(doxfs00730.o)
 .bss           0x00457798        0x0 /usr/lib/gcc/i686-pc-mingw32/3.4.4/../../../../i686-pc-mingw32/lib/libmsvcrt.a(doxfs00680.o)
 .bss           0x00457798        0x0 /usr/lib/gcc/i686-pc-mingw32/3.4.4/../../../../i686-pc-mingw32/lib/libmsvcrt.a(doxfs00583.o)
 .bss           0x00457798        0x0 /usr/lib/gcc/i686-pc-mingw32/3.4.4/../../../../i686-pc-mingw32/lib/libmsvcrt.a(doxfs00746.o)
 .bss           0x00457798        0x0 /usr/lib/gcc/i686-pc-mingw32/3.4.4/../../../../i686-pc-mingw32/lib/libmsvcrt.a(doxfs00624.o)
 .bss           0x00457798        0x0 /usr/lib/gcc/i686-pc-mingw32/3.4.4/../../../../i686-pc-mingw32/lib/libmsvcrt.a(doxfs00621.o)
 .bss           0x00457798        0x0 /usr/lib/gcc/i686-pc-mingw32/3.4.4/../../../../i686-pc-mingw32/lib/libmsvcrt.a(doxfs00637.o)
 .bss           0x00457798        0x0 /usr/lib/gcc/i686-pc-mingw32/3.4.4/../../../../i686-pc-mingw32/lib/libmsvcrt.a(doxfs00699.o)
 .bss           0x00457798        0x0 /usr/lib/gcc/i686-pc-mingw32/3.4.4/../../../../i686-pc-mingw32/lib/libmsvcrt.a(doxfh.o)
 .bss           0x00457798        0x0 /usr/lib/gcc/i686-pc-mingw32/3.4.4/../../../../i686-pc-mingw32/lib/libmsvcrt.a(doxft.o)
 .bss           0x00457798        0x0 /usr/lib/w32api/libkernel32.a(dyuhs00739.o)
 .bss           0x00457798        0x0 /usr/lib/w32api/libkernel32.a(dyuhs00156.o)
 .bss           0x00457798        0x0 /usr/lib/w32api/libkernel32.a(dyuhs00423.o)
 .bss           0x00457798        0x0 /usr/lib/w32api/libkernel32.a(dyuhs00388.o)
 .bss           0x00457798        0x0 /usr/lib/w32api/libkernel32.a(dyuhs00270.o)
 .bss           0x00457798        0x0 /usr/lib/w32api/libkernel32.a(dyuhs00677.o)
 .bss           0x00457798        0x0 /usr/lib/w32api/libkernel32.a(dyuhs00616.o)