Archive member included because of file (symbol)

/usr/lib/w32api/libadvapi32.a(dykgs00245.o)
                              winmisc.o (_GetUserNameA@8)
/usr/lib/w32api/libadvapi32.a(dykgs00389.o)
                              winstore.o (_RegCreateKeyA@12)
/usr/lib/w32api/libadvapi32.a(dykgs00386.o)
                              winstore.o (_RegCloseKey@4)
/usr/lib/w32api/libadvapi32.a(dykgs00434.o)
                              winstore.o (_RegSetValueExA@24)
/usr/lib/w32api/libadvapi32.a(dykgs00412.o)
                              winstore.o (_RegOpenKeyA@12)
/usr/lib/w32api/libadvapi32.a(dykgs00423.o)
                              winstore.o (_RegQueryValueExA@24)
/usr/lib/w32api/libadvapi32.a(dykgs00393.o)
                              winstore.o (_RegDeleteKeyA@8)
/usr/lib/w32api/libadvapi32.a(dykgs00400.o)
                              winstore.o (_RegEnumKeyA@16)
/usr/lib/w32api/libadvapi32.a(dykgh.o)
                              /usr/lib/w32api/libadvapi32.a(dykgs00245.o) (__head_libadvapi32_a)
/usr/lib/w32api/libadvapi32.a(dykgt.o)
                              /usr/lib/w32api/libadvapi32.a(dykgh.o) (__libadvapi32_a_iname)
/usr/lib/w32api/libuser32.a(dwxfs00258.o)
                              winnoise.o (_GetForegroundWindow@0)
/usr/lib/w32api/libuser32.a(dwxfs00223.o)
                              winnoise.o (_GetCapture@0)
/usr/lib/w32api/libuser32.a(dwxfs00240.o)
                              winnoise.o (_GetClipboardOwner@0)
/usr/lib/w32api/libuser32.a(dwxfs00309.o)
                              winnoise.o (_GetQueueStatus@4)
/usr/lib/w32api/libuser32.a(dwxfs00246.o)
                              winnoise.o (_GetCursorPos@4)
/usr/lib/w32api/libuser32.a(dwxfs00209.o)
                              winpgntc.o (_FindWindowA@8)
/usr/lib/w32api/libuser32.a(dwxfs00504.o)
                              winpgntc.o (_SendMessageA@16)
/usr/lib/w32api/libuser32.a(dwxfh.o)
                              /usr/lib/w32api/libuser32.a(dwxfs00258.o) (__head_libuser32_a)
/usr/lib/w32api/libuser32.a(dwxft.o)
                              /usr/lib/w32api/libuser32.a(dwxfh.o) (__libuser32_a_iname)
/usr/lib/gcc/i686-pc-mingw32/3.4.4/../../../../i686-pc-mingw32/lib/libmingw32.a(CRTglob.o)
                              /usr/lib/gcc/i686-pc-mingw32/3.4.4/../../../../i686-pc-mingw32/lib/crt2.o (__CRT_glob)
/usr/lib/gcc/i686-pc-mingw32/3.4.4/../../../../i686-pc-mingw32/lib/libmingw32.a(CRTfmode.o)
                              /usr/lib/gcc/i686-pc-mingw32/3.4.4/../../../../i686-pc-mingw32/lib/crt2.o (__CRT_fmode)
/usr/lib/gcc/i686-pc-mingw32/3.4.4/../../../../i686-pc-mingw32/lib/libmingw32.a(txtmode.o)
                              /usr/lib/gcc/i686-pc-mingw32/3.4.4/../../../../i686-pc-mingw32/lib/crt2.o (__fmode)
/usr/lib/gcc/i686-pc-mingw32/3.4.4/../../../../i686-pc-mingw32/lib/libmingw32.a(gccmain.o)
                              /usr/lib/gcc/i686-pc-mingw32/3.4.4/../../../../i686-pc-mingw32/lib/crt2.o (___main)
/usr/lib/gcc/i686-pc-mingw32/3.4.4/../../../../i686-pc-mingw32/lib/libmingw32.a(pseudo-reloc.o)
                              /usr/lib/gcc/i686-pc-mingw32/3.4.4/../../../../i686-pc-mingw32/lib/crt2.o (__pei386_runtime_relocator)
/usr/lib/gcc/i686-pc-mingw32/3.4.4/../../../../i686-pc-mingw32/lib/libmingw32.a(cpu_features.o)
                              /usr/lib/gcc/i686-pc-mingw32/3.4.4/../../../../i686-pc-mingw32/lib/crt2.o (___cpu_features_init)
/usr/lib/gcc/i686-pc-mingw32/3.4.4/../../../../i686-pc-mingw32/lib/libmingw32.a(CRT_fp10.o)
                              /usr/lib/gcc/i686-pc-mingw32/3.4.4/../../../../i686-pc-mingw32/lib/crt2.o (__fpreset)
/usr/lib/gcc/i686-pc-mingw32/3.4.4/../../../../i686-pc-mingw32/lib/libmingw32.a(pseudo-reloc-list.o)
                              /usr/lib/gcc/i686-pc-mingw32/3.4.4/../../../../i686-pc-mingw32/lib/libmingw32.a(pseudo-reloc.o) (___RUNTIME_PSEUDO_RELOC_LIST__)
/usr/lib/gcc/i686-pc-mingw32/3.4.4/libgcc.a(_chkstk.o)
                              psftp.o (__alloca)
/usr/lib/gcc/i686-pc-mingw32/3.4.4/libgcc.a(_umoddi3.o)
                              sshbn.o (___umoddi3)
/usr/lib/gcc/i686-pc-mingw32/3.4.4/libgcc.a(_udivdi3.o)
                              sshbn.o (___udivdi3)
/usr/lib/gcc/i686-pc-mingw32/3.4.4/libgcc.a(_divdi3.o)
                              winsftp.o (___divdi3)
/usr/lib/gcc/i686-pc-mingw32/3.4.4/libgcc.a(_ctors.o)
                              /usr/lib/gcc/i686-pc-mingw32/3.4.4/../../../../i686-pc-mingw32/lib/libmingw32.a(gccmain.o) (___CTOR_LIST__)
/usr/lib/gcc/i686-pc-mingw32/3.4.4/../../../../i686-pc-mingw32/lib/libmoldname.a(dctgs00084.o)
                              proxy.o (_strnicmp)
/usr/lib/gcc/i686-pc-mingw32/3.4.4/../../../../i686-pc-mingw32/lib/libmoldname.a(dctgs00081.o)
                              ssh.o (_stricmp)
/usr/lib/gcc/i686-pc-mingw32/3.4.4/../../../../i686-pc-mingw32/lib/libmoldname.a(dctgh.o)
[...]
Memory Configuration

Name             Origin             Length             Attributes
*default*        0x00000000         0xffffffff

Linker script and memory map

                0x00400000                __image_base__ = 0x400000
                0x00000000                __dll__ = 0x0
                0x00400000                ___ImageBase = 0x400000
                0x00001000                __section_alignment__ = 0x1000
                0x00000200                __file_alignment__ = 0x200
                0x00000004                __major_os_version__ = 0x4
                0x00000000                __minor_os_version__ = 0x0
                0x00000001                __major_image_version__ = 0x1
                0x00000000                __minor_image_version__ = 0x0
                0x00000004                __major_subsystem_version__ = 0x4
                0x00000000                __minor_subsystem_version__ = 0x0
                0x00000003                __subsystem__ = 0x3
                0x00200000                __size_of_stack_reserve__ = 0x200000
                0x00001000                __size_of_stack_commit__ = 0x1000
                0x00100000                __size_of_heap_reserve__ = 0x100000
                0x00001000                __size_of_heap_commit__ = 0x1000
                0x00000000                __loader_flags__ = 0x0
LOAD /usr/lib/gcc/i686-pc-mingw32/3.4.4/../../../../i686-pc-mingw32/lib/crt2.o
LOAD be_none.o
LOAD cmdline.o
LOAD cproxy.o
LOAD int64.o
LOAD logging.o
LOAD misc.o
LOAD pinger.o
LOAD portfwd.o
LOAD proxy.o
LOAD psftp.o
LOAD psftp.res.o
LOAD settings.o
LOAD sftp.o
LOAD ssh.o
LOAD sshaes.o
LOAD ssharcf.o
LOAD sshblowf.o
LOAD sshbn.o
LOAD sshcrc.o
LOAD sshcrcda.o
LOAD sshdes.o
LOAD sshdh.o
LOAD sshdss.o
LOAD sshmd5.o
LOAD sshpubk.o
LOAD sshrand.o
LOAD sshrsa.o
LOAD sshsh256.o
LOAD sshsh512.o
LOAD sshsha.o
LOAD sshzlib.o
LOAD timing.o
LOAD tree234.o
LOAD version.o
LOAD wildcard.o
LOAD wincons.o
LOAD windefs.o
LOAD winhandl.o
LOAD winmisc.o
LOAD winnet.o
LOAD winnoise.o
LOAD winpgntc.o
LOAD winproxy.o
LOAD winsftp.o
LOAD winstore.o
LOAD wintime.o
LOAD x11fwd.o
LOAD /usr/lib/w32api/libadvapi32.a
LOAD /usr/lib/w32api/libcomctl32.a
LOAD /usr/lib/w32api/libcomdlg32.a
LOAD /usr/lib/w32api/libgdi32.a
LOAD /usr/lib/w32api/libimm32.a
LOAD /usr/lib/w32api/libshell32.a
LOAD /usr/lib/w32api/libuser32.a
LOAD /usr/lib/w32api/libwinmm.a
LOAD /usr/lib/w32api/libwinspool.a
LOAD /usr/lib/gcc/i686-pc-mingw32/3.4.4/../../../../i686-pc-mingw32/lib/libmingw32.a
LOAD /usr/lib/gcc/i686-pc-mingw32/3.4.4/libgcc.a
LOAD /usr/lib/gcc/i686-pc-mingw32/3.4.4/../../../../i686-pc-mingw32/lib/libmoldname.a
LOAD /usr/lib/gcc/i686-pc-mingw32/3.4.4/../../../../i686-pc-mingw32/lib/libmingwex.a
LOAD /usr/lib/gcc/i686-pc-mingw32/3.4.4/../../../../i686-pc-mingw32/lib/libmsvcrt.a
LOAD /usr/lib/gcc/i686-pc-mingw32/3.4.4/../../../../i686-pc-mingw32/lib/libmingw32.a
LOAD /usr/lib/w32api/libuser32.a
LOAD /usr/lib/w32api/libkernel32.a
LOAD /usr/lib/w32api/libadvapi32.a
LOAD /usr/lib/w32api/libshell32.a
LOAD /usr/lib/gcc/i686-pc-mingw32/3.4.4/../../../../i686-pc-mingw32/lib/libmingw32.a
LOAD /usr/lib/gcc/i686-pc-mingw32/3.4.4/libgcc.a
LOAD /usr/lib/gcc/i686-pc-mingw32/3.4.4/../../../../i686-pc-mingw32/lib/libmoldname.a
LOAD /usr/lib/gcc/i686-pc-mingw32/3.4.4/../../../../i686-pc-mingw32/lib/libmingwex.a
LOAD /usr/lib/gcc/i686-pc-mingw32/3.4.4/../../../../i686-pc-mingw32/lib/libmsvcrt.a
                0x00000268                . = SIZEOF_HEADERS
                0x00001000                . = ALIGN (__section_alignment__)

.text           0x00401000    0x42800
 *(.init)
 *(.text)
 .text          0x00401000      0x2e0 /usr/lib/gcc/i686-pc-mingw32/3.4.4/../../../../i686-pc-mingw32/lib/crt2.o
                0x004012a0                _WinMainCRTStartup
                0x00401280                _mainCRTStartup
                0x004012c0                _atexit
                0x004012d0                __onexit
 .text          0x004012e0        0x0 be_none.o
 .text          0x004012e0      0xfc0 cmdline.o
                0x00401380                _cmdline_cleanup
                0x00402230                _cmdline_run_saved
                0x004013b0                _cmdline_get_passwd_input
                0x004014a0                _cmdline_process_param
 .text          0x004022a0      0x4f0 cproxy.o
                0x004022c0                _proxy_socks5_handlechap
                0x004022a0                _proxy_socks5_offerencryptedauth
                0x00402640                _proxy_socks5_selectchap
 .text          0x00402790      0x3f0 int64.o
                0x00402ac0                _uint64_from_decimal
                0x004028d0                _uint64_add
                0x004029c0                _uint64_to_double
                0x00402820                _uint64_decimal
                0x00402940                _uint64_compare
                0x00402a50                _uint64_shift_left
                0x00402980                _uint64_subtract
                0x00402910                _uint64_add32
                0x004028c0                _uint64_make
                0x00402790                _uint64_div10
                0x004029f0                _uint64_shift_right
 .text          0x00402b80      0xc00 logging.o
                0x00402bb0                _logfclose
                0x00402c60                _log_free
                0x00402c90                _logfopen
                0x00403570                _logtraffic
                0x00402b80                _logflush
                0x00402bf0                _log_init
                0x004034d0                _log_eventlog
                0x00402f30                _log_reconfig
                0x00403100                _log_packet
 .text          0x00403780      0xc10 misc.o
                0x00404100                _free_prompts
                0x00403830                _ctrlparse
                0x00403780                _parse_blocksize
                0x00404060                _fgetline
                0x00403980                _bufchain_init
                0x00403e00                _dupvprintf
                0x004041d0                _debug_memdump
                0x00403a80                _safemalloc
                0x00403b10                _bufchain_add
                0x00403ca0                _dupstr
                0x00404370                _cfg_dest
                0x00403f60                _bufchain_consume
                0x00404020                _bufchain_clear
                0x00404340                _cfg_launchable
                0x004039e0                _bufchain_fetch
                0x00404190                _debug_printf
                0x004039b0                _bufchain_prefix
                0x00403c00                _dupcat
                0x00403d50                _saferealloc
                0x00403cf0                _new_prompts
                0x00403e90                _dupprintf
                0x00403eb0                _add_prompt
                0x00403f40                _safefree
                0x004038f0                _base64_encode_atom
                0x004039a0                _bufchain_size
 .text          0x00404390      0x150 pinger.o
                0x00404490                _pinger_reconfig
                0x004044c0                _pinger_free
                0x00404440                _pinger_new
 .text          0x004044e0      0xb30 portfwd.o
                0x00404f50                _pfd_send
                0x00404510                _pfd_close
                0x00404e90                _pfd_terminate
                0x00404f70                _pfd_confirm
                0x00404ee0                _pfd_override_throttle
                0x00404b20                _pfd_newconnect
                0x00404d90                _pfd_addforward
                0x00404ea0                _pfd_unthrottle
 .text          0x00405010     0x2dd0 proxy.o
                0x004062d0                _proxy_socks4_negotiate
                0x004070d0                _format_telnet_command
                0x00407cd0                _proxy_telnet_negotiate
                0x00405010                _proxy_activate
                0x004059c0                _new_connection
                0x00405920                _name_lookup
                0x00405c70                _new_listener
                0x00405cd0                _proxy_http_negotiate
                0x004066b0                _proxy_socks5_negotiate
 .text          0x00407de0     0x4a60 psftp.o
                0x0040b310                _sftp_getcmd
                0x004092d0                _sftp_wildcard_get_filename
                0x0040a000                _sftp_cmd_get
                0x00409590                _wildcard_iterate
                0x00409790                _sftp_cmd_ls
                0x0040bd70                _sftp_senddata
                0x0040b8f0                _connection_fatal
                0x0040b9d0                _from_backend
                0x0040b700                _do_sftp
                0x0040a5c0                _sftp_cmd_rmdir
                0x0040b870                _modalfatalbox
                0x0040bb40                _sftp_recvdata
                0x004089b0                _sftp_put_file
                0x0040b9a0                _agent_schedule_callback
                0x0040ac40                _sftp_cmd_chmod
                0x00409780                _sftp_cmd_quit
                0x004080e0                _sftp_get_file
                0x0040a700                _sftp_cmd_rm
                0x0040a380                _sftp_cmd_reput
                0x0040bb10                _from_backend_untrusted
                0x0040b970                _ldisc_send
                0x0040a020                _sftp_cmd_mget
                0x0040b140                _lookup_command
                0x004094f0                _sftp_finish_wildcard_matching
                0x0040c370                _cmdline_error
                0x0040a080                _sftp_general_put
                0x004096e0                _is_wildcard
                0x00409b70                _sftp_cmd_cd
                0x0040bd00                _sftp_cmd_close
                0x0040a8e0                _sftp_cmd_mv
                0x0040b7f0                _fatalbox
                0x0040a050                _sftp_cmd_reget
                0x00409750                _sftp_cmd_unknown
                0x00409d00                _sftp_cmd_pwd
                0x0040a330                _sftp_cmd_put
                0x00409740                _sftp_cmd_null
                0x0040bc60                _do_sftp_cleanup
                0x0040a350                _sftp_cmd_mput
                0x00407de0                _canonify
                0x00409d40                _sftp_general_get
                0x00409160                _sftp_begin_wildcard_matching
                0x0040c400                _psftp_main
                0x0040a3b0                _sftp_cmd_mkdir
 .text          0x0040c840     0x3900 settings.o
                0x0040cd90                _save_open_settings
                0x0040fd50                _load_settings
                0x0040e410                _save_settings
                0x0040fd90                _do_defaults
                0x0040fe30                _get_sesslist
                0x0040e460                _load_open_settings
 .text          0x00410140     0x1fd0 sftp.o
                0x00411050                _fxp_rmdir_send
                0x00411e30                _xfer_download_data
                0x004113f0                _fxp_setstat_recv
                0x00411370                _fxp_setstat_send
                0x004107d0                _sftp_recv
                0x00411a50                _fxp_set_userdata
                0x00411af0                _xfer_done
                0x00411c80                _xfer_set_error
                0x004120c0                _xfer_cleanup
                0x00410f90                _fxp_close_recv
                0x00411130                _fxp_remove_recv
                0x004110a0                _fxp_rmdir_recv
                0x00411590                _fxp_read_recv
                0x00411310                _fxp_fstat_recv
                0x00412030                _xfer_upload_gotpkt
                0x00410a50                _sftp_find_request
                0x00411a40                _fxp_get_userdata
                0x00410a20                _sftp_register
                0x00410bd0                _fxp_init
                0x00411170                _fxp_rename_send
                0x004110e0                _fxp_remove_send
                0x004109f0                _sftp_cleanup_request
                0x00411990                _fxp_dup_name
                0x00410cb0                _fxp_realpath_recv
                0x00411f00                _xfer_upload_init
                0x00410c60                _fxp_realpath_send
                0x00411b20                _xfer_download_queue
                0x00411620                _fxp_readdir_send
                0x00411a10                _fxp_free_name
                0x00411250                _fxp_stat_recv
                0x00410d40                _fxp_open_send
                0x00411860                _fxp_write_send
                0x00411430                _fxp_fsetstat_send
                0x00410e30                _fxp_opendir_send
                0x00411f50                _xfer_upload_data
                0x00411c40                _xfer_download_init
                0x00410d90                _fxp_open_recv
                0x00411510                _fxp_read_send
                0x00411930                _fxp_free_names
                0x004111c0                _fxp_rename_recv
                0x00410bb0                _fxp_error
                0x00410750                _sftp_send
                0x00410bc0                _fxp_error_type
                0x00411f30                _xfer_upload_ready
                0x004118f0                _fxp_write_recv
                0x004114d0                _fxp_fsetstat_recv
                0x004112b0                _fxp_fstat_send
                0x00411010                _fxp_mkdir_recv
                0x00410fc0                _fxp_mkdir_send
                0x00411200                _fxp_stat_send
                0x00411c90                _xfer_download_gotpkt
                0x00410e80                _fxp_opendir_recv
                0x00410f20                _fxp_close_send
                0x00411680                _fxp_readdir_recv
 .text          0x00412110    0x120d0 ssh.o
                0x004187d0                _sshfwd_unthrottle
                0x00423f20                _new_sock_channel
                0x004198c0                _sshfwd_write
                0x00423ff0                _ssh_send_port_open
                0x004241d0                _ssh_fallback_cmd
                0x00419ab0                _sshfwd_close
 .text          0x004241e0     0x2db0 sshaes.o
                0x00426f20                _aes256_decrypt_pubkey
                0x00426eb0                _aes256_encrypt_pubkey
 .text          0x00426f90      0x240 ssharcf.o
 .text          0x004271d0     0x12d0 sshblowf.o
 .text          0x004284a0     0x1e90 sshbn.o
                0x004298c0                _bignum_cmp
                0x00429b70                _bigmul
                0x00429920                _bignum_rshift
                0x00429860                _ssh1_write_bignum
                0x004290b0                _modpow
                0x00429dd0                _diagbn
                0x0042a1a0                _bignum_decimal
                0x00429690                _ssh1_read_bignum
                0x00429b90                _bignum_bitmask
                0x00429780                _ssh2_bignum_length
                0x00429ed0                _bigdiv
                0x004285c0                _freebn
                0x00429c00                _bignum_from_long
                0x004297b0                _bignum_byte
                0x004295b0                _bignum_from_bytes
                0x00429f10                _biggcd
                0x00428670                _bn_power_2
                0x00429070                _bigmod
                0x004289b0                _modmul
                0x00428510                _bn_restore_invariant
                0x00428610                _bignum_set_bit
                0x00429550                _decbn
                0x00429ce0                _bignum_mod_short
                0x00429fd0                _modinv
                0x004299f0                _bigmuladd
                0x00429750                _ssh1_bignum_length
                0x00429720                _bignum_bitcount
                0x00429810                _bignum_bit
                0x00429c40                _bignum_add_long
                0x00428550                _copybn
 .text          0x0042a330       0x70 sshcrc.o
                0x0042a330                _crc32_update
                0x0042a370                _crc32_compute
 .text          0x0042a3a0      0x450 sshcrcda.o
                0x0042a3a0                _crcda_make_context
                0x0042a4e0                _detect_attack
                0x0042a3d0                _crcda_free_context
 .text          0x0042a7f0     0x2770 sshdes.o
                0x0042cae0                _des3_decrypt_pubkey_ossh
                0x0042ce70                _des_encrypt_xdmauth
                0x0042cc50                _des3_encrypt_pubkey_ossh
                0x0042c9c0                _des3_encrypt_pubkey
                0x0042ceb0                _des_decrypt_xdmauth
                0x0042c8a0                _des3_decrypt_pubkey
 .text          0x0042cf60      0x310 sshdh.o
                0x0042d050                _dh_cleanup
                0x0042d000                _dh_setup_gex
                0x0042d240                _dh_find_K
                0x0042cfa0                _dh_setup_group
                0x0042d0b0                _dh_create_e
 .text          0x0042d270     0x1810 sshdss.o
 .text          0x0042ea80      0xdf0 sshmd5.o
                0x0042f780                _hmacmd5_do_hmac
                0x0042f560                _hmacmd5_make_context
                0x0042f590                _hmacmd5_key
                0x0042f580                _hmacmd5_free_context
                0x0042f400                _MD5Final
                0x0042f520                _MD5Simple
                0x0042eac0                _MD5Update
                0x0042ea80                _MD5Init
 .text          0x0042f870     0x2680 sshpubk.o
                0x0042fe20                _rsakey_encrypted
                0x004315b0                _ssh2_save_userkey
                0x00431d00                _key_type
                0x00431360                _ssh2_userkey_encrypted
                0x00430480                _base64_decode_atom
                0x00431500                _base64_encode
                0x0042fed0                _rsakey_pubblob
                0x004306f0                _ssh2_load_userkey
                0x00430030                _saversakey
                0x0042fd40                _loadrsakey
                0x00430690                _find_pubkey_alg
                0x00431150                _ssh2_userkey_loadpub
                0x004314e0                _base64_lines
                0x00431ea0                _key_type_to_str
 .text          0x00431ef0      0x4d0 sshrand.o
                0x00432300                _random_unref
                0x00432310                _random_byte
                0x00432350                _random_get_savedata
                0x00432280                _random_ref
                0x00432050                _random_add_noise
                0x00432140                _random_add_heavynoise
 .text          0x004323c0     0x1e70 sshrsa.o
                0x004329c0                _rsastr_len
                0x00432b90                _rsa_fingerprint
                0x004329b0                _rsadecrypt
                0x004323c0                _makekey
                0x00432a50                _rsastr_fmt
                0x00433020                _freersakey
                0x00432ef0                _rsa_public_blob
                0x00432510                _makeprivate
                0x00432d90                _rsa_verify
                0x00432fa0                _rsa_public_blob_len
                0x00432520                _rsaencrypt
 .text          0x00434230      0xad0 sshsh256.o
                0x00434a20                _SHA256_Bytes
                0x00434270                _SHA256_Block
                0x004349f0                _SHA256_Init
                0x00434230                _SHA256_Core_Init
                0x00434b20                _SHA256_Final
                0x00434c40                _SHA256_Simple
 .text          0x00434d00     0x27a0 sshsh512.o
                0x00434d60                _SHA512_Bytes
                0x004372e0                _SHA512_Final
                0x00434d00                _SHA512_Init
                0x00437450                _SHA512_Simple
 .text          0x004374a0      0x9b0 sshsha.o
                0x00437750                _SHA_Init
                0x004374a0                _SHATransform
                0x004379b0                _SHA_Simple
                0x00437790                _SHA_Bytes
                0x00437dd0                _hmac_sha1_simple
                0x00437890                _SHA_Final
 .text          0x00437e50     0x1a90 sshzlib.o
                0x004388b0                _zlib_compress_cleanup
                0x00439120                _zlib_decompress_block
                0x00438e30                _zlib_decompress_init
                0x00438920                _zlib_compress_block
                0x00438f80                _zlib_decompress_cleanup
                0x004387e0                _zlib_compress_init
 .text          0x004398e0      0x2b0 timing.o
                0x00439b60                _expire_timer_context
                0x004399c0                _schedule_timer
                0x00439a80                _run_timers
 .text          0x00439b90     0x1110 tree234.o
                0x0043a2c0                _add234
                0x0043ac50                _del234
                0x0043a2f0                _addpos234
                0x00439b90                _newtree234
                0x00439c00                _freetree234
                0x00439c60                _count234
                0x0043a560                _find234
                0x0043a3c0                _findrelpos234
                0x0043a320                _index234
                0x0043ac00                _delpos234
                0x0043a590                _findrel234
                0x0043a5c0                _findpos234
 .text          0x0043aca0        0x0 version.o
 .text          0x0043aca0      0x390 wildcard.o
                0x0043aca0                _wc_error
                0x0043aea0                _wc_match
                0x0043afc0                _wc_unescape
 .text          0x0043b030      0x850 wincons.o
                0x0043b070                _timer_change_notify
                0x0043b550                _console_provide_logctx
                0x0043b560                _logevent
                0x0043b080                _verify_ssh_host_key
                0x0043b060                _notify_remote_exit
                0x0043b4f0                _old_keyfile_warning
                0x0043b5b0                _console_get_userpass_input
                0x0043b290                _askalg
                0x0043b3b0                _askappend
                0x0043b870                _frontend_keypress
                0x0043b280                _update_specials_menu
                0x0043b050                _set_busy_status
                0x0043b030                _cleanup_exit
                0x0043b510                _pgp_fingerprints
 .text          0x0043b880      0x160 windefs.o
                0x0043b9d0                _platform_default_i
                0x0043b980                _platform_default_s
                0x0043b900                _platform_default_filename
                0x0043b880                _platform_default_fontspec
 .text          0x0043b9e0      0xa30 winhandl.o
                0x0043c0c0                _handle_get_events
                0x0043c050                _handle_write
                0x0043be20                _handle_input_new
                0x0043c230                _handle_got_event
                0x0043bf30                _handle_output_new
                0x0043c400                _handle_get_privdata
                0x0043c1b0                _handle_free
                0x0043c3c0                _handle_backlog
                0x0043c380                _handle_unthrottle
 .text          0x0043c410      0x250 winmisc.o
                0x0043c410                _platform_get_x11_auth
                0x0043c440                _filename_from_str
                0x0043c420                _platform_get_x_display
                0x0043c4a0                _filename_to_str
                0x0043c4e0                _filename_is_null
                0x0043c4b0                _filename_equal
                0x0043c550                _init_winver
                0x0043c590                _dputs
                0x0043c4f0                _get_username
 .text          0x0043c660     0x2660 winnet.o
                0x0043ea90                _sk_addr_error
                0x0043de80                _sk_newlistener
                0x0043d8a0                _sk_register
                0x0043cf10                _winsock_error_string
                0x0043d820                _sk_addr_free
                0x0043ebc0                _next_socket
                0x0043ce70                _sk_cleanup
                0x0043c6a0                _sk_startup
                0x0043d3d0                _sk_nextaddr
                0x0043ebf0                _socket_writable
                0x0043c6f0                _sk_init
                0x0043d030                _sk_namelookup
                0x0043eb80                _first_socket
                0x0043eb20                _socket_reselect_all
                0x0043d420                _sk_getaddr
                0x0043e2a0                _try_send
                0x0043ec30                _net_service_lookup
                0x0043d650                _sk_address_is_local
                0x0043dda0                _sk_new
                0x0043d350                _sk_nonamelookup
                0x0043d740                _sk_addrcopy
                0x0043e540                _select_result
                0x0043ea00                _net_pending_errors
                0x0043d510                _sk_hostname_is_local
                0x0043d720                _sk_addrtype
                0x0043ec70                _platform_get_x11_unix_address
 .text          0x0043ecc0      0x320 winnoise.o
                0x0043edd0                _noise_get_light
                0x0043ecc0                _random_save_seed
                0x0043ef70                _noise_ultralight
                0x0043ed10                _noise_get_heavy
                0x0043ee30                _noise_regular
 .text          0x0043efe0      0x1e0 winpgntc.o
                0x0043efe0                _agent_exists
                0x0043f010                _agent_query
 .text          0x0043f1c0      0x450 winproxy.o
                0x0043f370                _platform_new_connection
                0x0043f1c0                _localproxy_gotdata
                0x0043f250                _localproxy_sentdata
 .text          0x0043f610     0x1150 winsftp.o
                0x0043fe50                _begin_wildcard_matching
                0x0043f720                _psftp_getcwd
                0x0043f970                _open_new_file
                0x00440070                _vet_filename
                0x0043fc60                _open_directory
                0x0043fb80                _seek_file
                0x0043ff50                _wildcard_get_filename
                0x0043f620                _get_userpass_input
                0x00440010                _finish_wildcard_matching
                0x0043fdf0                _test_wildcard
                0x004405f0                _ssh_sftp_get_cmdline
                0x0043f8f0                _read_from_file
                0x0043fbf0                _get_file_posn
                0x0043f940                _close_rfile
                0x0043fa80                _write_to_file
                0x00440140                _do_select
                0x0043f680                _psftp_lcd
                0x0043fce0                _read_filename
                0x00440110                _dir_file_cat
                0x004400e0                _create_directory
                0x0043f7c0                _open_existing_file
                0x0043fda0                _close_directory
                0x00440210                _do_eventsel_loop
                0x0043f610                _get_ttymode
                0x0043fc30                _file_type
                0x00440440                _ssh_sftp_loop_iteration
                0x0043f9e0                _open_existing_wfile
                0x0043fad0                _set_file_times
                0x00440730                _main
                0x0043fb50                _close_wfile
 .text          0x00440760     0x13b0 winstore.o
                0x00440d70                _read_setting_filename
                0x00440970                _write_setting_i
                0x004409b0                _close_settings_w
                0x00441850                _read_random_seed
                0x00440910                _write_setting_s
                0x004410a0                _verify_host_key
                0x00440ca0                _write_setting_fontspec
                0x004409d0                _open_settings_r
                0x00440aa0                _read_setting_s
                0x004418d0                _write_random_seed
                0x00440ef0                _enum_settings_next
                0x00440db0                _write_setting_filename
                0x00440b60                _read_setting_fontspec
                0x00440b00                _read_setting_i
                0x00440800                _open_settings_w
                0x004413a0                _store_host_key
                0x00440e90                _enum_settings_start
                0x00440de0                _close_settings_r
                0x004419b0                _cleanup_all
                0x00440e00                _del_settings
                0x00440ff0                _enum_settings_finish
 .text          0x00441b10       0x90 wintime.o
                0x00441b10                _ltime
 .text          0x00441ba0     0x1110 x11fwd.o
                0x00441f60                _x11_get_screen_number
                0x00441fc0                _x11_display
                0x00441e40                _x11_close
                0x00442050                _x11_init
                0x00441c00                _x11_invent_auth
                0x00441d80                _x11_free_auth
                0x004423c0                _x11_send
                0x00442310                _x11_unthrottle
                0x00441de0                _x11_get_real_auth
                0x00442350                _x11_override_throttle
 .text          0x00442cb0        0x8 /usr/lib/w32api/libadvapi32.a(dykgs00245.o)
                0x00442cb0                _GetUserNameA@8
 .text          0x00442cb8        0x8 /usr/lib/w32api/libadvapi32.a(dykgs00389.o)
                0x00442cb8                _RegCreateKeyA@12
 .text          0x00442cc0        0x8 /usr/lib/w32api/libadvapi32.a(dykgs00386.o)
                0x00442cc0                _RegCloseKey@4
 .text          0x00442cc8        0x8 /usr/lib/w32api/libadvapi32.a(dykgs00434.o)
                0x00442cc8                _RegSetValueExA@24
 .text          0x00442cd0        0x8 /usr/lib/w32api/libadvapi32.a(dykgs00412.o)
                0x00442cd0                _RegOpenKeyA@12
 .text          0x00442cd8        0x8 /usr/lib/w32api/libadvapi32.a(dykgs00423.o)
                0x00442cd8                _RegQueryValueExA@24
 .text          0x00442ce0        0x8 /usr/lib/w32api/libadvapi32.a(dykgs00393.o)
                0x00442ce0                _RegDeleteKeyA@8
 .text          0x00442ce8        0x8 /usr/lib/w32api/libadvapi32.a(dykgs00400.o)
                0x00442ce8                _RegEnumKeyA@16
 .text          0x00442cf0        0x0 /usr/lib/w32api/libadvapi32.a(dykgh.o)
 .text          0x00442cf0        0x0 /usr/lib/w32api/libadvapi32.a(dykgt.o)
 .text          0x00442cf0        0x8 /usr/lib/w32api/libuser32.a(dwxfs00258.o)
                0x00442cf0                _GetForegroundWindow@0
 .text          0x00442cf8        0x8 /usr/lib/w32api/libuser32.a(dwxfs00223.o)
                0x00442cf8                _GetCapture@0
 .text          0x00442d00        0x8 /usr/lib/w32api/libuser32.a(dwxfs00240.o)
                0x00442d00                _GetClipboardOwner@0
 .text          0x00442d08        0x8 /usr/lib/w32api/libuser32.a(dwxfs00309.o)
                0x00442d08                _GetQueueStatus@4
 .text          0x00442d10        0x8 /usr/lib/w32api/libuser32.a(dwxfs00246.o)
                0x00442d10                _GetCursorPos@4
 .text          0x00442d18        0x8 /usr/lib/w32api/libuser32.a(dwxfs00209.o)
                0x00442d18                _FindWindowA@8
 .text          0x00442d20        0x8 /usr/lib/w32api/libuser32.a(dwxfs00504.o)
                0x00442d20                _SendMessageA@16
 .text          0x00442d28        0x0 /usr/lib/w32api/libuser32.a(dwxfh.o)
 .text          0x00442d28        0x0 /usr/lib/w32api/libuser32.a(dwxft.o)
 .text          0x00442d28        0x0 /usr/lib/gcc/i686-pc-mingw32/3.4.4/../../../../i686-pc-mingw32/lib/libmingw32.a(CRTglob.o)
 .text          0x00442d28        0x0 /usr/lib/gcc/i686-pc-mingw32/3.4.4/../../../../i686-pc-mingw32/lib/libmingw32.a(CRTfmode.o)
 .text          0x00442d28        0x0 /usr/lib/gcc/i686-pc-mingw32/3.4.4/../../../../i686-pc-mingw32/lib/libmingw32.a(txtmode.o)
 *fill*         0x00442d28        0x8 00
 .text          0x00442d30       0xb0 /usr/lib/gcc/i686-pc-mingw32/3.4.4/../../../../i686-pc-mingw32/lib/libmingw32.a(gccmain.o)
                0x00442dc0                ___main
                0x00442d30                ___do_global_dtors
                0x00442d60                ___do_global_ctors
 .text          0x00442de0       0x30 /usr/lib/gcc/i686-pc-mingw32/3.4.4/../../../../i686-pc-mingw32/lib/libmingw32.a(pseudo-reloc.o)
                0x00442de0                __pei386_runtime_relocator
 .text          0x00442e10      0x100 /usr/lib/gcc/i686-pc-mingw32/3.4.4/../../../../i686-pc-mingw32/lib/libmingw32.a(cpu_features.o)
                0x00442e10                ___cpu_features_init
 .text          0x00442f10       0x10 /usr/lib/gcc/i686-pc-mingw32/3.4.4/../../../../i686-pc-mingw32/lib/libmingw32.a(CRT_fp10.o)
                0x00442f10                __fpreset
                0x00442f10                _fpreset
 .text          0x00442f20        0x0 /usr/lib/gcc/i686-pc-mingw32/3.4.4/../../../../i686-pc-mingw32/lib/libmingw32.a(pseudo-reloc-list.o)
 .text          0x00442f20       0x30 /usr/lib/gcc/i686-pc-mingw32/3.4.4/libgcc.a(_chkstk.o)
                0x00442f20                ___chkstk
                0x00442f20                __alloca
 .text          0x00442f50      0x1e0 /usr/lib/gcc/i686-pc-mingw32/3.4.4/libgcc.a(_umoddi3.o)
                0x00442f50                ___umoddi3
 .text          0x00443130      0x130 /usr/lib/gcc/i686-pc-mingw32/3.4.4/libgcc.a(_udivdi3.o)
                0x00443130                ___udivdi3
 .text          0x00443260      0x160 /usr/lib/gcc/i686-pc-mingw32/3.4.4/libgcc.a(_divdi3.o)
                0x00443260                ___divdi3
 .text          0x004433c0        0x0 /usr/lib/gcc/i686-pc-mingw32/3.4.4/libgcc.a(_ctors.o)
 .text          0x004433c0        0x8 /usr/lib/gcc/i686-pc-mingw32/3.4.4/../../../../i686-pc-mingw32/lib/libmoldname.a(dctgs00084.o)
                0x004433c0                _strnicmp
 .text          0x004433c8        0x8 /usr/lib/gcc/i686-pc-mingw32/3.4.4/../../../../i686-pc-mingw32/lib/libmoldname.a(dctgs00081.o)
                0x004433c8                _stricmp
 .text          0x004433d0        0x0 /usr/lib/gcc/i686-pc-mingw32/3.4.4/../../../../i686-pc-mingw32/lib/libmoldname.a(dctgh.o)
 .text          0x004433d0        0x0 /usr/lib/gcc/i686-pc-mingw32/3.4.4/../../../../i686-pc-mingw32/lib/libmoldname.a(dctgt.o)
 .text          0x004433d0        0x0 /usr/lib/gcc/i686-pc-mingw32/3.4.4/../../../../i686-pc-mingw32/lib/libmsvcrt.a(doxfs00266.o)
 .text          0x004433d0        0x0 /usr/lib/gcc/i686-pc-mingw32/3.4.4/../../../../i686-pc-mingw32/lib/libmsvcrt.a(doxfs00590.o)
 .text          0x004433d0        0x0 /usr/lib/gcc/i686-pc-mingw32/3.4.4/../../../../i686-pc-mingw32/lib/libmsvcrt.a(doxfs00383.o)
 .text          0x004433d0        0x8 /usr/lib/gcc/i686-pc-mingw32/3.4.4/../../../../i686-pc-mingw32/lib/libmsvcrt.a(doxfs00147.o)
                0x004433d0                __cexit
 .text          0x004433d8        0x8 /usr/lib/gcc/i686-pc-mingw32/3.4.4/../../../../i686-pc-mingw32/lib/libmsvcrt.a(doxfs00077.o)
                0x004433d8                ___p__environ
 .text          0x004433e0        0x8 /usr/lib/gcc/i686-pc-mingw32/3.4.4/../../../../i686-pc-mingw32/lib/libmsvcrt.a(doxfs00706.o)
                0x004433e0                _signal
 .text          0x004433e8        0x8 /usr/lib/gcc/i686-pc-mingw32/3.4.4/../../../../i686-pc-mingw32/lib/libmsvcrt.a(doxfs00079.o)
                0x004433e8                ___p__fmode
 .text          0x004433f0        0x8 /usr/lib/gcc/i686-pc-mingw32/3.4.4/../../../../i686-pc-mingw32/lib/libmsvcrt.a(doxfs00426.o)
                0x004433f0                __setmode
 .text          0x004433f8        0x8 /usr/lib/gcc/i686-pc-mingw32/3.4.4/../../../../i686-pc-mingw32/lib/libmsvcrt.a(doxfs00055.o)
                0x004433f8                ___getmainargs
 .text          0x00443400        0x8 /usr/lib/gcc/i686-pc-mingw32/3.4.4/../../../../i686-pc-mingw32/lib/libmsvcrt.a(doxfs00684.o)
                0x00443400                _memset
 .text          0x00443408        0x8 /usr/lib/gcc/i686-pc-mingw32/3.4.4/../../../../i686-pc-mingw32/lib/libmsvcrt.a(doxfs00611.o)
                0x00443408                _fgetc
 .text          0x00443410        0x8 /usr/lib/gcc/i686-pc-mingw32/3.4.4/../../../../i686-pc-mingw32/lib/libmsvcrt.a(doxfs00592.o)
                0x00443410                _atoi
 .text          0x00443418        0x8 /usr/lib/gcc/i686-pc-mingw32/3.4.4/../../../../i686-pc-mingw32/lib/libmsvcrt.a(doxfs00714.o)
                0x00443418                _strchr
 .text          0x00443420        0x8 /usr/lib/gcc/i686-pc-mingw32/3.4.4/../../../../i686-pc-mingw32/lib/libmsvcrt.a(doxfs00721.o)
                0x00443420                _strlen
 .text          0x00443428        0x8 /usr/lib/gcc/i686-pc-mingw32/3.4.4/../../../../i686-pc-mingw32/lib/libmsvcrt.a(doxfs00724.o)
                0x00443428                _strncpy
 .text          0x00443430        0x8 /usr/lib/gcc/i686-pc-mingw32/3.4.4/../../../../i686-pc-mingw32/lib/libmsvcrt.a(doxfs00618.o)
                0x00443430                _fopen
 .text          0x00443438        0x8 /usr/lib/gcc/i686-pc-mingw32/3.4.4/../../../../i686-pc-mingw32/lib/libmsvcrt.a(doxfs00682.o)
                0x00443438                _memcpy
 .text          0x00443440        0x8 /usr/lib/gcc/i686-pc-mingw32/3.4.4/../../../../i686-pc-mingw32/lib/libmsvcrt.a(doxfs00137.o)
                0x00443440                __assert
 .text          0x00443448        0x0 /usr/lib/gcc/i686-pc-mingw32/3.4.4/../../../../i686-pc-mingw32/lib/libmsvcrt.a(doxfs00065.o)
 .text          0x00443448        0x0 /usr/lib/gcc/i686-pc-mingw32/3.4.4/../../../../i686-pc-mingw32/lib/libmsvcrt.a(doxfs00392.o)
 .text          0x00443448        0x8 /usr/lib/gcc/i686-pc-mingw32/3.4.4/../../../../i686-pc-mingw32/lib/libmsvcrt.a(doxfs00742.o)
                0x00443448                _tolower
 .text          0x00443450        0x8 /usr/lib/gcc/i686-pc-mingw32/3.4.4/../../../../i686-pc-mingw32/lib/libmsvcrt.a(doxfs00709.o)
                0x00443450                _sprintf
 .text          0x00443458        0x8 /usr/lib/gcc/i686-pc-mingw32/3.4.4/../../../../i686-pc-mingw32/lib/libmsvcrt.a(doxfs00619.o)
                0x00443458                _fprintf
 .text          0x00443460        0x8 /usr/lib/gcc/i686-pc-mingw32/3.4.4/../../../../i686-pc-mingw32/lib/libmsvcrt.a(doxfs00607.o)
                0x00443460                _fclose
 .text          0x00443468        0x8 /usr/lib/gcc/i686-pc-mingw32/3.4.4/../../../../i686-pc-mingw32/lib/libmsvcrt.a(doxfs00720.o)
                0x00443468                _strftime
 .text          0x00443470        0x8 /usr/lib/gcc/i686-pc-mingw32/3.4.4/../../../../i686-pc-mingw32/lib/libmsvcrt.a(doxfs00610.o)
                0x00443470                _fflush
 .text          0x00443478        0x8 /usr/lib/gcc/i686-pc-mingw32/3.4.4/../../../../i686-pc-mingw32/lib/libmsvcrt.a(doxfs00633.o)
                0x00443478                _fwrite
 .text          0x00443480        0x8 /usr/lib/gcc/i686-pc-mingw32/3.4.4/../../../../i686-pc-mingw32/lib/libmsvcrt.a(doxfs00268.o)
                0x00443480                __isctype
 .text          0x00443488        0x8 /usr/lib/gcc/i686-pc-mingw32/3.4.4/../../../../i686-pc-mingw32/lib/libmsvcrt.a(doxfs00625.o)
                0x00443488                _free
 .text          0x00443490        0x8 /usr/lib/gcc/i686-pc-mingw32/3.4.4/../../../../i686-pc-mingw32/lib/libmsvcrt.a(doxfs00698.o)
                0x00443490                _realloc
 .text          0x00443498        0x8 /usr/lib/gcc/i686-pc-mingw32/3.4.4/../../../../i686-pc-mingw32/lib/libmsvcrt.a(doxfs00676.o)
                0x00443498                _malloc
 .text          0x004434a0        0x8 /usr/lib/gcc/i686-pc-mingw32/3.4.4/../../../../i686-pc-mingw32/lib/libmsvcrt.a(doxfs00613.o)
                0x004434a0                _fgets
 .text          0x004434a8        0x8 /usr/lib/gcc/i686-pc-mingw32/3.4.4/../../../../i686-pc-mingw32/lib/libmsvcrt.a(doxfs00490.o)
                0x004434a8                __vsnprintf
 .text          0x004434b0        0x8 /usr/lib/gcc/i686-pc-mingw32/3.4.4/../../../../i686-pc-mingw32/lib/libmsvcrt.a(doxfs00717.o)
                0x004434b0                _strcpy
 .text          0x004434b8        0x8 /usr/lib/gcc/i686-pc-mingw32/3.4.4/../../../../i686-pc-mingw32/lib/libmsvcrt.a(doxfs00731.o)
                0x004434b8                _strtol
 .text          0x004434c0        0x8 /usr/lib/gcc/i686-pc-mingw32/3.4.4/../../../../i686-pc-mingw32/lib/libmsvcrt.a(doxfs00732.o)
                0x004434c0                _strtoul
 .text          0x004434c8        0x8 /usr/lib/gcc/i686-pc-mingw32/3.4.4/../../../../i686-pc-mingw32/lib/libmsvcrt.a(doxfs00683.o)
                0x004434c8                _memmove
 .text          0x004434d0        0x8 /usr/lib/gcc/i686-pc-mingw32/3.4.4/../../../../i686-pc-mingw32/lib/libmsvcrt.a(doxfs00712.o)
                0x004434d0                _sscanf
 .text          0x004434d8        0x8 /usr/lib/gcc/i686-pc-mingw32/3.4.4/../../../../i686-pc-mingw32/lib/libmsvcrt.a(doxfs00692.o)
                0x004434d8                _puts
 .text          0x004434e0        0x8 /usr/lib/gcc/i686-pc-mingw32/3.4.4/../../../../i686-pc-mingw32/lib/libmsvcrt.a(doxfs00604.o)
                0x004434e0                _exit
 .text          0x004434e8        0x8 /usr/lib/gcc/i686-pc-mingw32/3.4.4/../../../../i686-pc-mingw32/lib/libmsvcrt.a(doxfs00748.o)
                0x004434e8                _vfprintf
 .text          0x004434f0        0x8 /usr/lib/gcc/i686-pc-mingw32/3.4.4/../../../../i686-pc-mingw32/lib/libmsvcrt.a(doxfs00621.o)
                0x004434f0                _fputs
 .text          0x004434f8        0x8 /usr/lib/gcc/i686-pc-mingw32/3.4.4/../../../../i686-pc-mingw32/lib/libmsvcrt.a(doxfs00736.o)
                0x004434f8                _system
 .text          0x00443500        0x8 /usr/lib/gcc/i686-pc-mingw32/3.4.4/../../../../i686-pc-mingw32/lib/libmsvcrt.a(doxfs00718.o)
                0x00443500                _strcspn
 .text          0x00443508        0x8 /usr/lib/gcc/i686-pc-mingw32/3.4.4/../../../../i686-pc-mingw32/lib/libmsvcrt.a(doxfs00727.o)
                0x00443508                _strspn
 .text          0x00443510        0x8 /usr/lib/gcc/i686-pc-mingw32/3.4.4/../../../../i686-pc-mingw32/lib/libmsvcrt.a(doxfs00695.o)
                0x00443510                _qsort
 .text          0x00443518        0x8 /usr/lib/gcc/i686-pc-mingw32/3.4.4/../../../../i686-pc-mingw32/lib/libmsvcrt.a(doxfs00689.o)
                0x00443518                _printf
 .text          0x00443520        0x8 /usr/lib/gcc/i686-pc-mingw32/3.4.4/../../../../i686-pc-mingw32/lib/libmsvcrt.a(doxfs00726.o)
                0x00443520                _strrchr
 .text          0x00443528        0x8 /usr/lib/gcc/i686-pc-mingw32/3.4.4/../../../../i686-pc-mingw32/lib/libmsvcrt.a(doxfs00715.o)
                0x00443528                _strcmp
 .text          0x00443530        0x8 /usr/lib/gcc/i686-pc-mingw32/3.4.4/../../../../i686-pc-mingw32/lib/libmsvcrt.a(doxfs00722.o)
                0x00443530                _strncat
 .text          0x00443538        0x8 /usr/lib/gcc/i686-pc-mingw32/3.4.4/../../../../i686-pc-mingw32/lib/libmsvcrt.a(doxfs00730.o)
                0x00443538                _strtok
 .text          0x00443540        0x8 /usr/lib/gcc/i686-pc-mingw32/3.4.4/../../../../i686-pc-mingw32/lib/libmsvcrt.a(doxfs00680.o)
                0x00443540                _memchr
 .text          0x00443548        0x8 /usr/lib/gcc/i686-pc-mingw32/3.4.4/../../../../i686-pc-mingw32/lib/libmsvcrt.a(doxfs00620.o)
                0x00443548                _fputc
 .text          0x00443550        0x8 /usr/lib/gcc/i686-pc-mingw32/3.4.4/../../../../i686-pc-mingw32/lib/libmsvcrt.a(doxfs00583.o)
                0x00443550                _abort
 .text          0x00443558        0x8 /usr/lib/gcc/i686-pc-mingw32/3.4.4/../../../../i686-pc-mingw32/lib/libmsvcrt.a(doxfs00746.o)
                0x00443558                _ungetc
 .text          0x00443560        0x8 /usr/lib/gcc/i686-pc-mingw32/3.4.4/../../../../i686-pc-mingw32/lib/libmsvcrt.a(doxfs00624.o)
                0x00443560                _fread
 .text          0x00443568        0x8 /usr/lib/gcc/i686-pc-mingw32/3.4.4/../../../../i686-pc-mingw32/lib/libmsvcrt.a(doxfs00637.o)
                0x00443568                _getenv
 .text          0x00443570        0x8 /usr/lib/gcc/i686-pc-mingw32/3.4.4/../../../../i686-pc-mingw32/lib/libmsvcrt.a(doxfs00699.o)
                0x00443570                _remove
 .text          0x00443578        0x8 /usr/lib/gcc/i686-pc-mingw32/3.4.4/../../../../i686-pc-mingw32/lib/libmsvcrt.a(doxfs00739.o)
                0x00443578                _time
 .text          0x00443580        0x0 /usr/lib/gcc/i686-pc-mingw32/3.4.4/../../../../i686-pc-mingw32/lib/libmsvcrt.a(doxfh.o)
 .text          0x00443580        0x0 /usr/lib/gcc/i686-pc-mingw32/3.4.4/../../../../i686-pc-mingw32/lib/libmsvcrt.a(doxft.o)
 .text          0x00443580        0x8 /usr/lib/w32api/libkernel32.a(dyuhs00739.o)
                0x00443580                _SetUnhandledExceptionFilter@4
 .text          0x00443588        0x8 /usr/lib/w32api/libkernel32.a(dyuhs00156.o)
                0x00443588                _ExitProcess@4
 .text          0x00443590        0x8 /usr/lib/w32api/libkernel32.a(dyuhs00423.o)
                0x00443590                _GetTickCount@0
 .text          0x00443598        0x8 /usr/lib/w32api/libkernel32.a(dyuhs00388.o)
                0x00443598                _GetStdHandle@4
 .text          0x004435a0        0x8 /usr/lib/w32api/libkernel32.a(dyuhs00270.o)
                0x004435a0                _GetConsoleMode@8
 .text          0x004435a8        0x8 /usr/lib/w32api/libkernel32.a(dyuhs00677.o)
                0x004435a8                _SetConsoleMode@8
 .text          0x004435b0        0x8 /usr/lib/w32api/libkernel32.a(dyuhs00616.o)
                0x004435b0                _ReadFile@20
 .text          0x004435b8        0x8 /usr/lib/w32api/libkernel32.a(dyuhs00827.o)
                0x004435b8                _WriteFile@20
 .text          0x004435c0        0x8 /usr/lib/w32api/libkernel32.a(dyuhs00698.o)
                0x004435c0                _SetEvent@4
 .text          0x004435c8        0x8 /usr/lib/w32api/libkernel32.a(dyuhs00810.o)
                0x004435c8                _WaitForSingleObject@8
 .text          0x004435d0        0x8 /usr/lib/w32api/libkernel32.a(dyuhs00038.o)
                0x004435d0                _CloseHandle@4
 .text          0x004435d8        0x8 /usr/lib/w32api/libkernel32.a(dyuhs00325.o)
                0x004435d8                _GetLastError@0
 .text          0x004435e0        0x8 /usr/lib/w32api/libkernel32.a(dyuhs00352.o)
                0x004435e0                _GetOverlappedResult@16
 .text          0x004435e8        0x8 /usr/lib/w32api/libkernel32.a(dyuhs00064.o)
                0x004435e8                _CreateEventA@16
 .text          0x004435f0        0x8 /usr/lib/w32api/libkernel32.a(dyuhs00091.o)
                0x004435f0                _CreateThread@24
 .text          0x004435f8        0x8 /usr/lib/w32api/libkernel32.a(dyuhs00433.o)
                0x004435f8                _GetVersionExA@4
 .text          0x00443600        0x8 /usr/lib/w32api/libkernel32.a(dyuhs00009.o)
                0x00443600                _AllocConsole@0
 .text          0x00443608        0x8 /usr/lib/w32api/libkernel32.a(dyuhs00524.o)
                0x00443608                _LoadLibraryA@4
 .text          0x00443610        0x8 /usr/lib/w32api/libkernel32.a(dyuhs00364.o)
                0x00443610                _GetProcAddress@8
 .text          0x00443618        0x8 /usr/lib/w32api/libkernel32.a(dyuhs00214.o)
                0x00443618                _FreeLibrary@4
 .text          0x00443620        0x8 /usr/lib/w32api/libkernel32.a(dyuhs00443.o)
                0x00443620                _GetWindowsDirectoryA@8
 .text          0x00443628        0x8 /usr/lib/w32api/libkernel32.a(dyuhs00182.o)
                0x00443628                _FindFirstFileA@8
 .text          0x00443630        0x8 /usr/lib/w32api/libkernel32.a(dyuhs00191.o)
                0x00443630                _FindNextFileA@8
 .text          0x00443638        0x8 /usr/lib/w32api/libkernel32.a(dyuhs00178.o)
                0x00443638                _FindClose@4
 .text          0x00443640        0x8 /usr/lib/w32api/libkernel32.a(dyuhs00284.o)
                0x00443640                _GetCurrentProcessId@0
 .text          0x00443648        0x8 /usr/lib/w32api/libkernel32.a(dyuhs00401.o)
                0x00443648                _GetSystemTime@4
 .text          0x00443650        0x8 /usr/lib/w32api/libkernel32.a(dyuhs00402.o)
                0x00443650                _GetSystemTimeAdjustment@12
 .text          0x00443658        0x8 /usr/lib/w32api/libkernel32.a(dyuhs00460.o)
                0x00443658                _GlobalMemoryStatus@4
 .text          0x00443660        0x8 /usr/lib/w32api/libkernel32.a(dyuhs00285.o)
                0x00443660                _GetCurrentThread@0
 .text          0x00443668        0x8 /usr/lib/w32api/libkernel32.a(dyuhs00422.o)
                0x00443668                _GetThreadTimes@20
 .text          0x00443670        0x8 /usr/lib/w32api/libkernel32.a(dyuhs00283.o)
                0x00443670                _GetCurrentProcess@0
 .text          0x00443678        0x8 /usr/lib/w32api/libkernel32.a(dyuhs00373.o)
                0x00443678                _GetProcessTimes@20
 .text          0x00443680        0x8 /usr/lib/w32api/libkernel32.a(dyuhs00597.o)
                0x00443680                _QueryPerformanceCounter@4
 .text          0x00443688        0x8 /usr/lib/w32api/libkernel32.a(dyuhs00286.o)
                0x00443688                _GetCurrentThreadId@0
 .text          0x00443690        0x8 /usr/lib/w32api/libkernel32.a(dyuhs00069.o)
                0x00443690                _CreateFileMappingA@24
 .text          0x00443698        0x8 /usr/lib/w32api/libkernel32.a(dyuhs00546.o)
                0x00443698                _MapViewOfFile@20
 .text          0x004436a0        0x8 /usr/lib/w32api/libkernel32.a(dyuhs00776.o)
                0x004436a0                _UnmapViewOfFile@4
 .text          0x004436a8        0x8 /usr/lib/w32api/libkernel32.a(dyuhs00084.o)
                0x004436a8                _CreatePipe@16
 .text          0x004436b0        0x8 /usr/lib/w32api/libkernel32.a(dyuhs00710.o)
                0x004436b0                _SetHandleInformation@12
 .text          0x004436b8        0x8 /usr/lib/w32api/libkernel32.a(dyuhs00085.o)
                0x004436b8                _CreateProcessA@40
 .text          0x004436c0        0x8 /usr/lib/w32api/libkernel32.a(dyuhs00688.o)
                0x004436c0                _SetCurrentDirectoryA@4
 .text          0x004436c8        0x8 /usr/lib/w32api/libkernel32.a(dyuhs00209.o)
                0x004436c8                _FormatMessageA@28
 .text          0x004436d0        0x8 /usr/lib/w32api/libkernel32.a(dyuhs00534.o)
                0x004436d0                _LocalFree@4
 .text          0x004436d8        0x8 /usr/lib/w32api/libkernel32.a(dyuhs00281.o)
                0x004436d8                _GetCurrentDirectoryA@8
 .text          0x004436e0        0x8 /usr/lib/w32api/libkernel32.a(dyuhs00068.o)
                0x004436e0                _CreateFileA@28
 .text          0x004436e8        0x8 /usr/lib/w32api/libkernel32.a(dyuhs00313.o)
                0x004436e8                _GetFileSize@8
 .text          0x004436f0        0x8 /usr/lib/w32api/libkernel32.a(dyuhs00315.o)
                0x004436f0                _GetFileTime@16
 .text          0x004436f8        0x8 /usr/lib/w32api/libkernel32.a(dyuhs00707.o)
                0x004436f8                _SetFileTime@16
 .text          0x00443700        0x8 /usr/lib/w32api/libkernel32.a(dyuhs00703.o)
                0x00443700                _SetFilePointer@16
 .text          0x00443708        0x8 /usr/lib/w32api/libkernel32.a(dyuhs00308.o)
                0x00443708                _GetFileAttributesA@4
 .text          0x00443710        0x8 /usr/lib/w32api/libkernel32.a(dyuhs00060.o)
                0x00443710                _CreateDirectoryA@8
 .text          0x00443718        0x8 /usr/lib/w32api/libkernel32.a(dyuhs00808.o)
                0x00443718                _WaitForMultipleObjects@16
 .text          0x00443720        0x8 /usr/lib/w32api/libkernel32.a(dyuhs00303.o)
                0x00443720                _GetEnvironmentVariableA@12
 .text          0x00443728        0x8 /usr/lib/w32api/libkernel32.a(dyuhs00326.o)
                0x00443728                _GetLocalTime@4
 .text          0x00443730        0x0 /usr/lib/w32api/libkernel32.a(dyuhh.o)
 .text          0x00443730        0x0 /usr/lib/w32api/libkernel32.a(dyuht.o)
 *(SORT(.text$*))
 *(.glue_7t)
 *(.glue_7)
                0x00443730                ___CTOR_LIST__ = .
                0x00443730                __CTOR_LIST__ = .
                0x00443730        0x4 LONG 0xffffffff
 *(.ctors)
 *(.ctor)
 *(SORT(.ctors.*))
                0x00443734        0x4 LONG 0x0
                0x00443738                ___DTOR_LIST__ = .
                0x00443738                __DTOR_LIST__ = .
                0x00443738        0x4 LONG 0xffffffff
 *(.dtors)
 *(.dtor)
 *(SORT(.dtors.*))
                0x0044373c        0x4 LONG 0x0
 *(.fini)
 *(.gcc_exc)
                0x00443740                PROVIDE (etext, .)
 *(.gcc_except_table)

.data           0x00444000      0x400
                0x00444000                __data_start__ = .
 *(.data)
 .data          0x00444000        0x0 /usr/lib/gcc/i686-pc-mingw32/3.4.4/../../../../i686-pc-mingw32/lib/crt2.o
 .data          0x00444000       0x40 be_none.o
                0x00444000                _backends
 .data          0x00444040        0x0 cmdline.o
 .data          0x00444040        0x0 cproxy.o
 .data          0x00444040        0x0 int64.o
 .data          0x00444040        0x0 logging.o
 .data          0x00444040        0x0 misc.o
 .data          0x00444040        0x0 pinger.o
 .data          0x00444040        0x0 portfwd.o
 .data          0x00444040        0x0 proxy.o
 .data          0x00444040      0x240 psftp.o
 .data          0x00444280        0x0 settings.o
 .data          0x00444280        0x0 sftp.o
 .data          0x00444280       0xc0 ssh.o
                0x00444280                _ssh_backend
 .data          0x00444340        0x0 sshaes.o
 .data          0x00444340        0x0 ssharcf.o
 .data          0x00444340        0x0 sshblowf.o
 .data          0x00444340       0x10 sshbn.o
                0x00444348                _bnOne
                0x00444340                _One
                0x00444344                _Zero
 .data          0x00444350        0x0 sshcrc.o
 .data          0x00444350        0x4 sshcrcda.o
                0x00444350                _ONE
 .data          0x00444354        0x0 sshdes.o
 .data          0x00444354        0x0 sshdh.o
 .data          0x00444354        0x0 sshdss.o
 .data          0x00444354        0x0 sshmd5.o
 .data          0x00444354        0x0 sshpubk.o
 .data          0x00444354        0x0 sshrand.o
 .data          0x00444354        0x0 sshrsa.o
 .data          0x00444354        0x0 sshsh256.o
 .data          0x00444354        0x0 sshsh512.o
 .data          0x00444354        0x0 sshsha.o
 .data          0x00444354        0x0 sshzlib.o
 .data          0x00444354        0x0 timing.o
 .data          0x00444354        0x0 tree234.o
 *fill*         0x00444354        0xc 00
 .data          0x00444360       0x80 version.o
                0x00444360                _sshver
                0x004443a0                _ver
 .data          0x004443e0        0x0 wildcard.o
 .data          0x004443e0        0x0 wincons.o
 .data          0x004443e0        0x0 windefs.o
 .data          0x004443e0        0x0 winhandl.o
 .data          0x004443e0        0x4 winmisc.o
 .data          0x004443e4        0x0 winnet.o
 .data          0x004443e4        0x0 winnoise.o
 .data          0x004443e4        0x0 winpgntc.o
 .data          0x004443e4        0x0 winproxy.o
 .data          0x004443e4        0x8 winsftp.o
 .data          0x004443ec        0x0 winstore.o
 .data          0x004443ec        0x0 wintime.o
 .data          0x004443ec        0x0 x11fwd.o
 .data          0x004443ec        0x0 /usr/lib/w32api/libadvapi32.a(dykgs00245.o)
 .data          0x004443ec        0x0 /usr/lib/w32api/libadvapi32.a(dykgs00389.o)
 .data          0x004443ec        0x0 /usr/lib/w32api/libadvapi32.a(dykgs00386.o)
 .data          0x004443ec        0x0 /usr/lib/w32api/libadvapi32.a(dykgs00434.o)
 .data          0x004443ec        0x0 /usr/lib/w32api/libadvapi32.a(dykgs00412.o)
 .data          0x004443ec        0x0 /usr/lib/w32api/libadvapi32.a(dykgs00423.o)
 .data          0x004443ec        0x0 /usr/lib/w32api/libadvapi32.a(dykgs00393.o)
 .data          0x004443ec        0x0 /usr/lib/w32api/libadvapi32.a(dykgs00400.o)
 .data          0x004443ec        0x0 /usr/lib/w32api/libadvapi32.a(dykgh.o)
 .data          0x004443ec        0x0 /usr/lib/w32api/libadvapi32.a(dykgt.o)
 .data          0x004443ec        0x0 /usr/lib/w32api/libuser32.a(dwxfs00258.o)
 .data          0x004443ec        0x0 /usr/lib/w32api/libuser32.a(dwxfs00223.o)
 .data          0x004443ec        0x0 /usr/lib/w32api/libuser32.a(dwxfs00240.o)
 .data          0x004443ec        0x0 /usr/lib/w32api/libuser32.a(dwxfs00309.o)
 .data          0x004443ec        0x0 /usr/lib/w32api/libuser32.a(dwxfs00246.o)
 .data          0x004443ec        0x0 /usr/lib/w32api/libuser32.a(dwxfs00209.o)
 .data          0x004443ec        0x0 /usr/lib/w32api/libuser32.a(dwxfs00504.o)
 .data          0x004443ec        0x0 /usr/lib/w32api/libuser32.a(dwxfh.o)
 .data          0x004443ec        0x0 /usr/lib/w32api/libuser32.a(dwxft.o)
 .data          0x004443ec        0x4 /usr/lib/gcc/i686-pc-mingw32/3.4.4/../../../../i686-pc-mingw32/lib/libmingw32.a(CRTglob.o)
                0x004443ec                __CRT_glob
 .data          0x004443f0        0x0 /usr/lib/gcc/i686-pc-mingw32/3.4.4/../../../../i686-pc-mingw32/lib/libmingw32.a(CRTfmode.o)
 .data          0x004443f0        0x4 /usr/lib/gcc/i686-pc-mingw32/3.4.4/../../../../i686-pc-mingw32/lib/libmingw32.a(txtmode.o)
                0x004443f0                __fmode
 .data          0x004443f4        0x4 /usr/lib/gcc/i686-pc-mingw32/3.4.4/../../../../i686-pc-mingw32/lib/libmingw32.a(gccmain.o)
 .data          0x004443f8        0x0 /usr/lib/gcc/i686-pc-mingw32/3.4.4/../../../../i686-pc-mingw32/lib/libmingw32.a(pseudo-reloc.o)
 .data          0x004443f8        0x0 /usr/lib/gcc/i686-pc-mingw32/3.4.4/../../../../i686-pc-mingw32/lib/libmingw32.a(cpu_features.o)
 .data          0x004443f8        0x0 /usr/lib/gcc/i686-pc-mingw32/3.4.4/../../../../i686-pc-mingw32/lib/libmingw32.a(CRT_fp10.o)
 .data          0x004443f8        0x0 /usr/lib/gcc/i686-pc-mingw32/3.4.4/../../../../i686-pc-mingw32/lib/libmingw32.a(pseudo-reloc-list.o)
 .data          0x004443f8        0x0 /usr/lib/gcc/i686-pc-mingw32/3.4.4/libgcc.a(_chkstk.o)
 .data          0x004443f8        0x0 /usr/lib/gcc/i686-pc-mingw32/3.4.4/libgcc.a(_umoddi3.o)
 .data          0x004443f8        0x0 /usr/lib/gcc/i686-pc-mingw32/3.4.4/libgcc.a(_udivdi3.o)
 .data          0x004443f8        0x0 /usr/lib/gcc/i686-pc-mingw32/3.4.4/libgcc.a(_divdi3.o)
 .data          0x004443f8        0x0 /usr/lib/gcc/i686-pc-mingw32/3.4.4/libgcc.a(_ctors.o)
 .data          0x004443f8        0x0 /usr/lib/gcc/i686-pc-mingw32/3.4.4/../../../../i686-pc-mingw32/lib/libmoldname.a(dctgs00084.o)
 .data          0x004443f8        0x0 /usr/lib/gcc/i686-pc-mingw32/3.4.4/../../../../i686-pc-mingw32/lib/libmoldname.a(dctgs00081.o)
 .data          0x004443f8        0x0 /usr/lib/gcc/i686-pc-mingw32/3.4.4/../../../../i686-pc-mingw32/lib/libmoldname.a(dctgh.o)
 .data          0x004443f8        0x0 /usr/lib/gcc/i686-pc-mingw32/3.4.4/../../../../i686-pc-mingw32/lib/libmoldname.a(dctgt.o)
 .data          0x004443f8        0x0 /usr/lib/gcc/i686-pc-mingw32/3.4.4/../../../../i686-pc-mingw32/lib/libmsvcrt.a(doxfs00266.o)
 .data          0x004443f8        0x0 /usr/lib/gcc/i686-pc-mingw32/3.4.4/../../../../i686-pc-mingw32/lib/libmsvcrt.a(doxfs00099.o)
 .data          0x004443f8        0x0 /usr/lib/gcc/i686-pc-mingw32/3.4.4/../../../../i686-pc-mingw32/lib/libmsvcrt.a(doxfs00590.o)
 .data          0x004443f8        0x0 /usr/lib/gcc/i686-pc-mingw32/3.4.4/../../../../i686-pc-mingw32/lib/libmsvcrt.a(doxfs00383.o)
 .data          0x004443f8        0x0 /usr/lib/gcc/i686-pc-mingw32/3.4.4/../../../../i686-pc-mingw32/lib/libmsvcrt.a(doxfs00147.o)
 .data          0x004443f8        0x0 /usr/lib/gcc/i686-pc-mingw32/3.4.4/../../../../i686-pc-mingw32/lib/libmsvcrt.a(doxfs00077.o)
 .data          0x004443f8        0x0 /usr/lib/gcc/i686-pc-mingw32/3.4.4/../../../../i686-pc-mingw32/lib/libmsvcrt.a(doxfs00706.o)
 .data          0x004443f8        0x0 /usr/lib/gcc/i686-pc-mingw32/3.4.4/../../../../i686-pc-mingw32/lib/libmsvcrt.a(doxfs00079.o)
 .data          0x004443f8        0x0 /usr/lib/gcc/i686-pc-mingw32/3.4.4/../../../../i686-pc-mingw32/lib/libmsvcrt.a(doxfs00426.o)
 .data          0x004443f8        0x0 /usr/lib/gcc/i686-pc-mingw32/3.4.4/../../../../i686-pc-mingw32/lib/libmsvcrt.a(doxfs00055.o)
 .data          0x004443f8        0x0 /usr/lib/gcc/i686-pc-mingw32/3.4.4/../../../../i686-pc-mingw32/lib/libmsvcrt.a(doxfs00684.o)
 .data          0x004443f8        0x0 /usr/lib/gcc/i686-pc-mingw32/3.4.4/../../../../i686-pc-mingw32/lib/libmsvcrt.a(doxfs00611.o)
 .data          0x004443f8        0x0 /usr/lib/gcc/i686-pc-mingw32/3.4.4/../../../../i686-pc-mingw32/lib/libmsvcrt.a(doxfs00592.o)
 .data          0x004443f8        0x0 /usr/lib/gcc/i686-pc-mingw32/3.4.4/../../../../i686-pc-mingw32/lib/libmsvcrt.a(doxfs00714.o)
 .data          0x004443f8        0x0 /usr/lib/gcc/i686-pc-mingw32/3.4.4/../../../../i686-pc-mingw32/lib/libmsvcrt.a(doxfs00721.o)
 .data          0x004443f8        0x0 /usr/lib/gcc/i686-pc-mingw32/3.4.4/../../../../i686-pc-mingw32/lib/libmsvcrt.a(doxfs00724.o)
 .data          0x004443f8        0x0 /usr/lib/gcc/i686-pc-mingw32/3.4.4/../../../../i686-pc-mingw32/lib/libmsvcrt.a(doxfs00618.o)
 .data          0x004443f8        0x0 /usr/lib/gcc/i686-pc-mingw32/3.4.4/../../../../i686-pc-mingw32/lib/libmsvcrt.a(doxfs00682.o)
 .data          0x004443f8        0x0 /usr/lib/gcc/i686-pc-mingw32/3.4.4/../../../../i686-pc-mingw32/lib/libmsvcrt.a(doxfs00137.o)
 .data          0x004443f8        0x0 /usr/lib/gcc/i686-pc-mingw32/3.4.4/../../../../i686-pc-mingw32/lib/libmsvcrt.a(doxfs00065.o)
 .data          0x004443f8        0x0 /usr/lib/gcc/i686-pc-mingw32/3.4.4/../../../../i686-pc-mingw32/lib/libmsvcrt.a(doxfs00392.o)
 .data          0x004443f8        0x0 /usr/lib/gcc/i686-pc-mingw32/3.4.4/../../../../i686-pc-mingw32/lib/libmsvcrt.a(doxfs00742.o)
 .data          0x004443f8        0x0 /usr/lib/gcc/i686-pc-mingw32/3.4.4/../../../../i686-pc-mingw32/lib/libmsvcrt.a(doxfs00709.o)
 .data          0x004443f8        0x0 /usr/lib/gcc/i686-pc-mingw32/3.4.4/../../../../i686-pc-mingw32/lib/libmsvcrt.a(doxfs00619.o)
 .data          0x004443f8        0x0 /usr/lib/gcc/i686-pc-mingw32/3.4.4/../../../../i686-pc-mingw32/lib/libmsvcrt.a(doxfs00607.o)
 .data          0x004443f8        0x0 /usr/lib/gcc/i686-pc-mingw32/3.4.4/../../../../i686-pc-mingw32/lib/libmsvcrt.a(doxfs00720.o)
 .data          0x004443f8        0x0 /usr/lib/gcc/i686-pc-mingw32/3.4.4/../../../../i686-pc-mingw32/lib/libmsvcrt.a(doxfs00610.o)
 .data          0x004443f8        0x0 /usr/lib/gcc/i686-pc-mingw32/3.4.4/../../../../i686-pc-mingw32/lib/libmsvcrt.a(doxfs00633.o)
 .data          0x004443f8        0x0 /usr/lib/gcc/i686-pc-mingw32/3.4.4/../../../../i686-pc-mingw32/lib/libmsvcrt.a(doxfs00268.o)
 .data          0x004443f8        0x0 /usr/lib/gcc/i686-pc-mingw32/3.4.4/../../../../i686-pc-mingw32/lib/libmsvcrt.a(doxfs00625.o)
 .data          0x004443f8        0x0 /usr/lib/gcc/i686-pc-mingw32/3.4.4/../../../../i686-pc-mingw32/lib/libmsvcrt.a(doxfs00698.o)
 .data          0x004443f8        0x0 /usr/lib/gcc/i686-pc-mingw32/3.4.4/../../../../i686-pc-mingw32/lib/libmsvcrt.a(doxfs00676.o)
 .data          0x004443f8        0x0 /usr/lib/gcc/i686-pc-mingw32/3.4.4/../../../../i686-pc-mingw32/lib/libmsvcrt.a(doxfs00613.o)
 .data          0x004443f8        0x0 /usr/lib/gcc/i686-pc-mingw32/3.4.4/../../../../i686-pc-mingw32/lib/libmsvcrt.a(doxfs00490.o)
 .data          0x004443f8        0x0 /usr/lib/gcc/i686-pc-mingw32/3.4.4/../../../../i686-pc-mingw32/lib/libmsvcrt.a(doxfs00717.o)
 .data          0x004443f8        0x0 /usr/lib/gcc/i686-pc-mingw32/3.4.4/../../../../i686-pc-mingw32/lib/libmsvcrt.a(doxfs00731.o)
 .data          0x004443f8        0x0 /usr/lib/gcc/i686-pc-mingw32/3.4.4/../../../../i686-pc-mingw32/lib/libmsvcrt.a(doxfs00732.o)
 .data          0x004443f8        0x0 /usr/lib/gcc/i686-pc-mingw32/3.4.4/../../../../i686-pc-mingw32/lib/libmsvcrt.a(doxfs00683.o)
 .data          0x004443f8        0x0 /usr/lib/gcc/i686-pc-mingw32/3.4.4/../../../../i686-pc-mingw32/lib/libmsvcrt.a(doxfs00712.o)
 .data          0x004443f8        0x0 /usr/lib/gcc/i686-pc-mingw32/3.4.4/../../../../i686-pc-mingw32/lib/libmsvcrt.a(doxfs00692.o)
 .data          0x004443f8        0x0 /usr/lib/gcc/i686-pc-mingw32/3.4.4/../../../../i686-pc-mingw32/lib/libmsvcrt.a(doxfs00604.o)
 .data          0x004443f8        0x0 /usr/lib/gcc/i686-pc-mingw32/3.4.4/../../../../i686-pc-mingw32/lib/libmsvcrt.a(doxfs00748.o)
 .data          0x004443f8        0x0 /usr/lib/gcc/i686-pc-mingw32/3.4.4/../../../../i686-pc-mingw32/lib/libmsvcrt.a(doxfs00621.o)
 .data          0x004443f8        0x0 /usr/lib/gcc/i686-pc-mingw32/3.4.4/../../../../i686-pc-mingw32/lib/libmsvcrt.a(doxfs00736.o)
 .data          0x004443f8        0x0 /usr/lib/gcc/i686-pc-mingw32/3.4.4/../../../../i686-pc-mingw32/lib/libmsvcrt.a(doxfs00718.o)
 .data          0x004443f8        0x0 /usr/lib/gcc/i686-pc-mingw32/3.4.4/../../../../i686-pc-mingw32/lib/libmsvcrt.a(doxfs00727.o)
 .data          0x004443f8        0x0 /usr/lib/gcc/i686-pc-mingw32/3.4.4/../../../../i686-pc-mingw32/lib/libmsvcrt.a(doxfs00695.o)
 .data          0x004443f8        0x0 /usr/lib/gcc/i686-pc-mingw32/3.4.4/../../../../i686-pc-mingw32/lib/libmsvcrt.a(doxfs00689.o)
 .data          0x004443f8        0x0 /usr/lib/gcc/i686-pc-mingw32/3.4.4/../../../../i686-pc-mingw32/lib/libmsvcrt.a(doxfs00726.o)
 .data          0x004443f8        0x0 /usr/lib/gcc/i686-pc-mingw32/3.4.4/../../../../i686-pc-mingw32/lib/libmsvcrt.a(doxfs00715.o)
 .data          0x004443f8        0x0 /usr/lib/gcc/i686-pc-mingw32/3.4.4/../../../../i686-pc-mingw32/lib/libmsvcrt.a(doxfs00722.o)
 .data          0x004443f8        0x0 /usr/lib/gcc/i686-pc-mingw32/3.4.4/../../../../i686-pc-mingw32/lib/libmsvcrt.a(doxfs00730.o)
 .data          0x004443f8        0x0 /usr/lib/gcc/i686-pc-mingw32/3.4.4/../../../../i686-pc-mingw32/lib/libmsvcrt.a(doxfs00680.o)
 .data          0x004443f8        0x0 /usr/lib/gcc/i686-pc-mingw32/3.4.4/../../../../i686-pc-mingw32/lib/libmsvcrt.a(doxfs00620.o)
 .data          0x004443f8        0x0 /usr/lib/gcc/i686-pc-mingw32/3.4.4/../../../../i686-pc-mingw32/lib/libmsvcrt.a(doxfs00583.o)
 .data          0x004443f8        0x0 /usr/lib/gcc/i686-pc-mingw32/3.4.4/../../../../i686-pc-mingw32/lib/libmsvcrt.a(doxfs00746.o)
 .data          0x004443f8        0x0 /usr/lib/gcc/i686-pc-mingw32/3.4.4/../../../../i686-pc-mingw32/lib/libmsvcrt.a(doxfs00624.o)
 .data          0x004443f8        0x0 /usr/lib/gcc/i686-pc-mingw32/3.4.4/../../../../i686-pc-mingw32/lib/libmsvcrt.a(doxfs00637.o)
 .data          0x004443f8        0x0 /usr/lib/gcc/i686-pc-mingw32/3.4.4/../../../../i686-pc-mingw32/lib/libmsvcrt.a(doxfs00699.o)
 .data          0x004443f8        0x0 /usr/lib/gcc/i686-pc-mingw32/3.4.4/../../../../i686-pc-mingw32/lib/libmsvcrt.a(doxfs00739.o)
 .data          0x004443f8        0x0 /usr/lib/gcc/i686-pc-mingw32/3.4.4/../../../../i686-pc-mingw32/lib/libmsvcrt.a(doxfh.o)
 .data          0x004443f8        0x0 /usr/lib/gcc/i686-pc-mingw32/3.4.4/../../../../i686-pc-mingw32/lib/libmsvcrt.a(doxft.o)
 .data          0x004443f8        0x0 /usr/lib/w32api/libkernel32.a(dyuhs00739.o)
 .data          0x004443f8        0x0 /usr/lib/w32api/libkernel32.a(dyuhs00156.o)
 .data          0x004443f8        0x0 /usr/lib/w32api/libkernel32.a(dyuhs00423.o)
 .data          0x004443f8        0x0 /usr/lib/w32api/libkernel32.a(dyuhs00388.o)
 .data          0x004443f8        0x0 /usr/lib/w32api/libkernel32.a(dyuhs00270.o)
 .data          0x004443f8        0x0 /usr/lib/w32api/libkernel32.a(dyuhs00677.o)
 .data          0x004443f8        0x0 /usr/lib/w32api/libkernel32.a(dyuhs00616.o)
 .data          0x004443f8        0x0 /usr/lib/w32api/libkernel32.a(dyuhs00827.o)
 .data          0x004443f8        0x0 /usr/lib/w32api/libkernel32.a(dyuhs00698.o)
 .data          0x004443f8        0x0 /usr/lib/w32api/libkernel32.a(dyuhs00810.o)
 .data          0x004443f8        0x0 /usr/lib/w32api/libkernel32.a(dyuhs00038.o)
 .data          0x004443f8        0x0 /usr/lib/w32api/libkernel32.a(dyuhs00325.o)
 .data          0x004443f8        0x0 /usr/lib/w32api/libkernel32.a(dyuhs00352.o)
 .data          0x004443f8        0x0 /usr/lib/w32api/libkernel32.a(dyuhs00064.o)
 .data          0x004443f8        0x0 /usr/lib/w32api/libkernel32.a(dyuhs00091.o)
 .data          0x004443f8        0x0 /usr/lib/w32api/libkernel32.a(dyuhs00433.o)
 .data          0x004443f8        0x0 /usr/lib/w32api/libkernel32.a(dyuhs00009.o)
 .data          0x004443f8        0x0 /usr/lib/w32api/libkernel32.a(dyuhs00524.o)
 .data          0x004443f8        0x0 /usr/lib/w32api/libkernel32.a(dyuhs00364.o)
 .data          0x004443f8        0x0 /usr/lib/w32api/libkernel32.a(dyuhs00214.o)
 .data          0x004443f8        0x0 /usr/lib/w32api/libkernel32.a(dyuhs00443.o)
 .data          0x004443f8        0x0 /usr/lib/w32api/libkernel32.a(dyuhs00182.o)
 .data          0x004443f8        0x0 /usr/lib/w32api/libkernel32.a(dyuhs00191.o)
 .data          0x004443f8        0x0 /usr/lib/w32api/libkernel32.a(dyuhs00178.o)
 .data          0x004443f8        0x0 /usr/lib/w32api/libkernel32.a(dyuhs00284.o)
 .data          0x004443f8        0x0 /usr/lib/w32api/libkernel32.a(dyuhs00401.o)
 .data          0x004443f8        0x0 /usr/lib/w32api/libkernel32.a(dyuhs00402.o)
 .data          0x004443f8        0x0 /usr/lib/w32api/libkernel32.a(dyuhs00460.o)
 .data          0x004443f8        0x0 /usr/lib/w32api/libkernel32.a(dyuhs00285.o)
 .data          0x004443f8        0x0 /usr/lib/w32api/libkernel32.a(dyuhs00422.o)
 .data          0x004443f8        0x0 /usr/lib/w32api/libkernel32.a(dyuhs00283.o)
 .data          0x004443f8        0x0 /usr/lib/w32api/libkernel32.a(dyuhs00373.o)
 .data          0x004443f8        0x0 /usr/lib/w32api/libkernel32.a(dyuhs00597.o)
 .data          0x004443f8        0x0 /usr/lib/w32api/libkernel32.a(dyuhs00286.o)
 .data          0x004443f8        0x0 /usr/lib/w32api/libkernel32.a(dyuhs00069.o)
 .data          0x004443f8        0x0 /usr/lib/w32api/libkernel32.a(dyuhs00546.o)
 .data          0x004443f8        0x0 /usr/lib/w32api/libkernel32.a(dyuhs00776.o)
 .data          0x004443f8        0x0 /usr/lib/w32api/libkernel32.a(dyuhs00084.o)
 .data          0x004443f8        0x0 /usr/lib/w32api/libkernel32.a(dyuhs00710.o)
 .data          0x004443f8        0x0 /usr/lib/w32api/libkernel32.a(dyuhs00085.o)
 .data          0x004443f8        0x0 /usr/lib/w32api/libkernel32.a(dyuhs00688.o)
 .data          0x004443f8        0x0 /usr/lib/w32api/libkernel32.a(dyuhs00209.o)
 .data          0x004443f8        0x0 /usr/lib/w32api/libkernel32.a(dyuhs00534.o)
 .data          0x004443f8        0x0 /usr/lib/w32api/libkernel32.a(dyuhs00281.o)
 .data          0x004443f8        0x0 /usr/lib/w32api/libkernel32.a(dyuhs00068.o)
 .data          0x004443f8        0x0 /usr/lib/w32api/libkernel32.a(dyuhs00313.o)
 .data          0x004443f8        0x0 /usr/lib/w32api/libkernel32.a(dyuhs00315.o)
 .data          0x004443f8        0x0 /usr/lib/w32api/libkernel32.a(dyuhs00707.o)
 .data          0x004443f8        0x0 /usr/lib/w32api/libkernel32.a(dyuhs00703.o)
 .data          0x004443f8        0x0 /usr/lib/w32api/libkernel32.a(dyuhs00308.o)
 .data          0x004443f8        0x0 /usr/lib/w32api/libkernel32.a(dyuhs00060.o)
 .data          0x004443f8        0x0 /usr/lib/w32api/libkernel32.a(dyuhs00808.o)
 .data          0x004443f8        0x0 /usr/lib/w32api/libkernel32.a(dyuhs00303.o)
 .data          0x004443f8        0x0 /usr/lib/w32api/libkernel32.a(dyuhs00326.o)
 .data          0x004443f8        0x0 /usr/lib/w32api/libkernel32.a(dyuhh.o)
 .data          0x004443f8        0x0 /usr/lib/w32api/libkernel32.a(dyuht.o)
 *(.data2)
 *(SORT(.data$*))
 *(.jcr)
                0x004443f8                __data_end__ = .
 *(.data_cygwin_nocopy)

.rdata          0x00445000    0x10000
 *(.rdata)
 .rdata         0x00445000       0x18 be_none.o
 .rdata         0x00445018      0x17c cmdline.o
 .rdata         0x00445194      0x140 cproxy.o
 .rdata         0x004452d4       0x1c int64.o
 .rdata         0x004452f0      0x1f4 logging.o
 *fill*         0x004454e4       0x1c 00
 .rdata         0x00445500      0x160 misc.o
 .rdata         0x00445660       0x54 portfwd.o
 *fill*         0x004456b4        0xc 00
 .rdata         0x004456c0      0x520 proxy.o
 .rdata         0x00445be0     0x261c psftp.o
 *fill*         0x004481fc        0x4 00
 .rdata         0x00448200      0xea0 settings.o
                0x00448360                _ttymodes
 .rdata         0x004490a0      0x3a0 sftp.o
 .rdata         0x00449440     0x3cc0 ssh.o
 .rdata         0x0044d100     0x2580 sshaes.o
                0x0044d100                _ssh2_aes
 .rdata         0x0044f680      0x100 ssharcf.o
                0x0044f720                _ssh_arcfour128_ssh2
                0x0044f6c0                _ssh_arcfour256_ssh2
                0x0044f680                _ssh2_arcfour
 .rdata         0x0044f780     0x1180 sshblowf.o
                0x0044f84c                _ssh_blowfish_ssh1
                0x0044f780                _ssh2_blowfish
 .rdata         0x00450900       0x3c sshbn.o
 *fill*         0x0045093c        0x4 00
 .rdata         0x00450940      0x400 sshcrc.o
 .rdata         0x00450d40       0x54 sshcrcda.o
 *fill*         0x00450d94        0xc 00
 .rdata         0x00450da0      0xc20 sshdes.o
                0x00450e00                _ssh2_des
                0x00450db0                _ssh_des
                0x00450e8c                _ssh2_3des
                0x00450de4                _ssh_3des
 .rdata         0x004519c0      0x2e0 sshdh.o
                0x00451a54                _ssh_diffiehellman_group14
                0x004519c0                _ssh_diffiehellman_gex
                0x00451bc0                _ssh_diffiehellman_group1
 .rdata         0x00451ca0       0xe0 sshdss.o
                0x00451cc0                _ssh_dss
 .rdata         0x00451d80       0x40 sshmd5.o
                0x00451da0                _ssh_hmac_md5
 .rdata         0x00451dc0      0x328 sshpubk.o
 *fill*         0x004520e8       0x18 00
 .rdata         0x00452100      0x100 sshrsa.o
                0x00452120                _ssh_rsa
 .rdata         0x00452200      0x120 sshsh256.o
                0x00452208                _ssh_sha256
 .rdata         0x00452320      0x2c0 sshsh512.o
 .rdata         0x004525e0      0x160 sshsha.o
                0x00452700                _ssh_hmac_sha1
                0x00452728                _ssh_sha1
                0x00452680                _ssh_hmac_sha1_buggy
                0x00452620                _ssh_hmac_sha1_96_buggy
                0x004526c0                _ssh_hmac_sha1_96
 .rdata         0x00452740      0x4e0 sshzlib.o
                0x00452760                _ssh_zlib
 .rdata         0x00452c20       0x3c tree234.o
 .rdata         0x00452c5c       0xf0 wildcard.o
 *fill*         0x00452d4c       0x14 00
 .rdata         0x00452d60      0xca0 wincons.o
 .rdata         0x00453a00       0x24 windefs.o
 .rdata         0x00453a24       0x58 winhandl.o
 .rdata         0x00453a7c       0x20 winmisc.o
                0x00453a7c                _platform_x11_best_transport
 *fill*         0x00453a9c        0x4 00
 .rdata         0x00453aa0      0xc20 winnet.o
                0x00453ab0                _in6addr_any
                0x00453aa0                _in6addr_loopback
 .rdata         0x004546c0       0x1c winpgntc.o
 *fill*         0x004546dc        0x4 00
 .rdata         0x004546e0       0xc0 winproxy.o
 .rdata         0x004547a0       0xc0 winsftp.o
 .rdata         0x00454860      0x398 winstore.o
 .rdata         0x00454bf8      0x250 x11fwd.o
                0x00454c20                _x11_authnames
 *(SORT(.rdata$*))
 *(.eh_frame)
                0x00454e48                ___RUNTIME_PSEUDO_RELOC_LIST__ = .
                0x00454e48                __RUNTIME_PSEUDO_RELOC_LIST__ = .
 *(.rdata_runtime_pseudo_reloc)
                0x00454e48                ___RUNTIME_PSEUDO_RELOC_LIST_END__ = .
                0x00454e48                __RUNTIME_PSEUDO_RELOC_LIST_END__ = .

.pdata
 *(.pdata)

.bss            0x00455000     0x37e8
                0x00455000                __bss_start__ = .
 *(.bss)
 .bss           0x00455000        0x8 /usr/lib/gcc/i686-pc-mingw32/3.4.4/../../../../i686-pc-mingw32/lib/crt2.o
                0x00455004                __argc
                0x00455000                __argv
 .bss           0x00455008        0x0 be_none.o
 .bss           0x00455008       0x48 cmdline.o
                0x00455008                _cmdline_tooltype
 .bss           0x00455050        0x0 cproxy.o
 .bss           0x00455050        0x0 int64.o
 .bss           0x00455050        0x0 logging.o
 .bss           0x00455050        0x0 misc.o
 .bss           0x00455050        0x0 pinger.o
 .bss           0x00455050        0x0 portfwd.o
 .bss           0x00455050        0x0 proxy.o
 .bss           0x00455050     0x26c0 psftp.o
 .bss           0x00457710        0x0 settings.o
 .bss           0x00457710       0x30 sftp.o
 .bss           0x00457740       0xa0 ssh.o
 .bss           0x004577e0        0x0 sshaes.o
 .bss           0x004577e0        0x0 ssharcf.o
 .bss           0x004577e0        0x0 sshblowf.o
 .bss           0x004577e0        0x4 sshbn.o
                0x004577e0                _bnZero
 .bss           0x004577e4        0x0 sshcrc.o
 .bss           0x004577e4        0x4 sshcrcda.o
                0x004577e4                _ZERO
 .bss           0x004577e8        0x0 sshdes.o
 .bss           0x004577e8        0x0 sshdh.o
 .bss           0x004577e8        0x0 sshdss.o
 .bss           0x004577e8        0x0 sshmd5.o
 .bss           0x004577e8        0xc sshpubk.o
                0x004577e8                _ssh2_wrong_passphrase
 *fill*         0x004577f4        0x4 00
 .bss           0x004577f8      0x518 sshrand.o
                0x004577f8                _random_active
 .bss           0x00457d10        0x0 sshrsa.o
 .bss           0x00457d10        0x0 sshsh256.o
 .bss           0x00457d10        0x0 sshsh512.o
 .bss           0x00457d10        0x0 sshsha.o
 .bss           0x00457d10        0x0 sshzlib.o
 .bss           0x00457d10       0x30 timing.o
 .bss           0x00457d40        0x0 tree234.o
 .bss           0x00457d40        0x0 version.o
 .bss           0x00457d40        0x0 wildcard.o
 .bss           0x00457d40       0x18 wincons.o
                0x00457d40                _console_batch_mode
 .bss           0x00457d58        0x0 windefs.o
 .bss           0x00457d58       0x10 winhandl.o
 .bss           0x00457d68       0x20 winmisc.o
 .bss           0x00457d88      0x840 winnet.o
 .bss           0x004585c8        0x0 winnoise.o
 .bss           0x004585c8        0x0 winpgntc.o
 .bss           0x004585c8        0x0 winproxy.o
 .bss           0x004585c8        0x0 winsftp.o
 .bss           0x004585c8       0x30 winstore.o
 .bss           0x004585f8        0x0 wintime.o
 .bss           0x004585f8        0x0 x11fwd.o
 .bss           0x004585f8        0x0 /usr/lib/w32api/libadvapi32.a(dykgs00245.o)
 .bss           0x004585f8        0x0 /usr/lib/w32api/libadvapi32.a(dykgs00389.o)
 .bss           0x004585f8        0x0 /usr/lib/w32api/libadvapi32.a(dykgs00386.o)
 .bss           0x004585f8        0x0 /usr/lib/w32api/libadvapi32.a(dykgs00434.o)
 .bss           0x004585f8        0x0 /usr/lib/w32api/libadvapi32.a(dykgs00412.o)
 .bss           0x004585f8        0x0 /usr/lib/w32api/libadvapi32.a(dykgs00423.o)
 .bss           0x004585f8        0x0 /usr/lib/w32api/libadvapi32.a(dykgs00393.o)
 .bss           0x004585f8        0x0 /usr/lib/w32api/libadvapi32.a(dykgs00400.o)
 .bss           0x004585f8        0x0 /usr/lib/w32api/libadvapi32.a(dykgh.o)
 .bss           0x004585f8        0x0 /usr/lib/w32api/libadvapi32.a(dykgt.o)
 .bss           0x004585f8        0x0 /usr/lib/w32api/libuser32.a(dwxfs00258.o)
 .bss           0x004585f8        0x0 /usr/lib/w32api/libuser32.a(dwxfs00223.o)
 .bss           0x004585f8        0x0 /usr/lib/w32api/libuser32.a(dwxfs00240.o)
 .bss           0x004585f8        0x0 /usr/lib/w32api/libuser32.a(dwxfs00309.o)
 .bss           0x004585f8        0x0 /usr/lib/w32api/libuser32.a(dwxfs00246.o)
 .bss           0x004585f8        0x0 /usr/lib/w32api/libuser32.a(dwxfs00209.o)
 .bss           0x004585f8        0x0 /usr/lib/w32api/libuser32.a(dwxfs00504.o)
 .bss           0x004585f8        0x0 /usr/lib/w32api/libuser32.a(dwxfh.o)
 .bss           0x004585f8        0x0 /usr/lib/w32api/libuser32.a(dwxft.o)
 .bss           0x004585f8        0x0 /usr/lib/gcc/i686-pc-mingw32/3.4.4/../../../../i686-pc-mingw32/lib/libmingw32.a(CRTglob.o)
 .bss           0x004585f8        0x4 /usr/lib/gcc/i686-pc-mingw32/3.4.4/../../../../i686-pc-mingw32/lib/libmingw32.a(CRTfmode.o)
                0x004585f8                __CRT_fmode
 .bss           0x004585fc        0x0 /usr/lib/gcc/i686-pc-mingw32/3.4.4/../../../../i686-pc-mingw32/lib/libmingw32.a(txtmode.o)
 *fill*         0x004585fc        0x4 00
 .bss           0x00458600       0x10 /usr/lib/gcc/i686-pc-mingw32/3.4.4/../../../../i686-pc-mingw32/lib/libmingw32.a(gccmain.o)
 .bss           0x00458610        0x0 /usr/lib/gcc/i686-pc-mingw32/3.4.4/../../../../i686-pc-mingw32/lib/libmingw32.a(pseudo-reloc.o)
 .bss           0x00458610        0x4 /usr/lib/gcc/i686-pc-mingw32/3.4.4/../../../../i686-pc-mingw32/lib/libmingw32.a(cpu_features.o)
                0x00458610                ___cpu_features
 .bss           0x00458614        0x0 /usr/lib/gcc/i686-pc-mingw32/3.4.4/../../../../i686-pc-mingw32/lib/libmingw32.a(CRT_fp10.o)
 .bss           0x00458614        0x4 /usr/lib/gcc/i686-pc-mingw32/3.4.4/../../../../i686-pc-mingw32/lib/libmingw32.a(pseudo-reloc-list.o)
 .bss           0x00458618        0x0 /usr/lib/gcc/i686-pc-mingw32/3.4.4/libgcc.a(_chkstk.o)
 .bss           0x00458618        0x0 /usr/lib/gcc/i686-pc-mingw32/3.4.4/libgcc.a(_umoddi3.o)
 .bss           0x00458618        0x0 /usr/lib/gcc/i686-pc-mingw32/3.4.4/libgcc.a(_udivdi3.o)
 .bss           0x00458618        0x0 /usr/lib/gcc/i686-pc-mingw32/3.4.4/libgcc.a(_divdi3.o)
 .bss           0x00458618        0x0 /usr/lib/gcc/i686-pc-mingw32/3.4.4/libgcc.a(_ctors.o)
 .bss           0x00458618        0x0 /usr/lib/gcc/i686-pc-mingw32/3.4.4/../../../../i686-pc-mingw32/lib/libmoldname.a(dctgs00084.o)
 .bss           0x00458618        0x0 /usr/lib/gcc/i686-pc-mingw32/3.4.4/../../../../i686-pc-mingw32/lib/libmoldname.a(dctgs00081.o)
 .bss           0x00458618        0x0 /usr/lib/gcc/i686-pc-mingw32/3.4.4/../../../../i686-pc-mingw32/lib/libmoldname.a(dctgh.o)
 .bss           0x00458618        0x0 /usr/lib/gcc/i686-pc-mingw32/3.4.4/../../../../i686-pc-mingw32/lib/libmoldname.a(dctgt.o)
 .bss           0x00458618        0x0 /usr/lib/gcc/i686-pc-mingw32/3.4.4/../../../../i686-pc-mingw32/lib/libmsvcrt.a(doxfs00266.o)
 .bss           0x00458618        0x0 /usr/lib/gcc/i686-pc-mingw32/3.4.4/../../../../i686-pc-mingw32/lib/libmsvcrt.a(doxfs00099.o)
 .bss           0x00458618        0x0 /usr/lib/gcc/i686-pc-mingw32/3.4.4/../../../../i686-pc-mingw32/lib/libmsvcrt.a(doxfs00590.o)
 .bss           0x00458618        0x0 /usr/lib/gcc/i686-pc-mingw32/3.4.4/../../../../i686-pc-mingw32/lib/libmsvcrt.a(doxfs00383.o)
 .bss           0x00458618        0x0 /usr/lib/gcc/i686-pc-mingw32/3.4.4/../../../../i686-pc-mingw32/lib/libmsvcrt.a(doxfs00147.o)
 .bss           0x00458618        0x0 /usr/lib/gcc/i686-pc-mingw32/3.4.4/../../../../i686-pc-mingw32/lib/libmsvcrt.a(doxfs00077.o)
 .bss           0x00458618        0x0 /usr/lib/gcc/i686-pc-mingw32/3.4.4/../../../../i686-pc-mingw32/lib/libmsvcrt.a(doxfs00706.o)
 .bss           0x00458618        0x0 /usr/lib/gcc/i686-pc-mingw32/3.4.4/../../../../i686-pc-mingw32/lib/libmsvcrt.a(doxfs00079.o)
 .bss           0x00458618        0x0 /usr/lib/gcc/i686-pc-mingw32/3.4.4/../../../../i686-pc-mingw32/lib/libmsvcrt.a(doxfs00426.o)
 .bss           0x00458618        0x0 /usr/lib/gcc/i686-pc-mingw32/3.4.4/../../../../i686-pc-mingw32/lib/libmsvcrt.a(doxfs00055.o)
 .bss           0x00458618        0x0 /usr/lib/gcc/i686-pc-mingw32/3.4.4/../../../../i686-pc-mingw32/lib/libmsvcrt.a(doxfs00684.o)
 .bss           0x00458618        0x0 /usr/lib/gcc/i686-pc-mingw32/3.4.4/../../../../i686-pc-mingw32/lib/libmsvcrt.a(doxfs00611.o)
 .bss           0x00458618        0x0 /usr/lib/gcc/i686-pc-mingw32/3.4.4/../../../../i686-pc-mingw32/lib/libmsvcrt.a(doxfs00592.o)
 .bss           0x00458618        0x0 /usr/lib/gcc/i686-pc-mingw32/3.4.4/../../../../i686-pc-mingw32/lib/libmsvcrt.a(doxfs00714.o)
 .bss           0x00458618        0x0 /usr/lib/gcc/i686-pc-mingw32/3.4.4/../../../../i686-pc-mingw32/lib/libmsvcrt.a(doxfs00721.o)
 .bss           0x00458618        0x0 /usr/lib/gcc/i686-pc-mingw32/3.4.4/../../../../i686-pc-mingw32/lib/libmsvcrt.a(doxfs00724.o)
 .bss           0x00458618        0x0 /usr/lib/gcc/i686-pc-mingw32/3.4.4/../../../../i686-pc-mingw32/lib/libmsvcrt.a(doxfs00618.o)
 .bss           0x00458618        0x0 /usr/lib/gcc/i686-pc-mingw32/3.4.4/../../../../i686-pc-mingw32/lib/libmsvcrt.a(doxfs00682.o)
 .bss           0x00458618        0x0 /usr/lib/gcc/i686-pc-mingw32/3.4.4/../../../../i686-pc-mingw32/lib/libmsvcrt.a(doxfs00137.o)
 .bss           0x00458618        0x0 /usr/lib/gcc/i686-pc-mingw32/3.4.4/../../../../i686-pc-mingw32/lib/libmsvcrt.a(doxfs00065.o)
 .bss           0x00458618        0x0 /usr/lib/gcc/i686-pc-mingw32/3.4.4/../../../../i686-pc-mingw32/lib/libmsvcrt.a(doxfs00392.o)
 .bss           0x00458618        0x0 /usr/lib/gcc/i686-pc-mingw32/3.4.4/../../../../i686-pc-mingw32/lib/libmsvcrt.a(doxfs00742.o)
 .bss           0x00458618        0x0 /usr/lib/gcc/i686-pc-mingw32/3.4.4/../../../../i686-pc-mingw32/lib/libmsvcrt.a(doxfs00709.o)
 .bss           0x00458618        0x0 /usr/lib/gcc/i686-pc-mingw32/3.4.4/../../../../i686-pc-mingw32/lib/libmsvcrt.a(doxfs00619.o)
 .bss           0x00458618        0x0 /usr/lib/gcc/i686-pc-mingw32/3.4.4/../../../../i686-pc-mingw32/lib/libmsvcrt.a(doxfs00607.o)
 .bss           0x00458618        0x0 /usr/lib/gcc/i686-pc-mingw32/3.4.4/../../../../i686-pc-mingw32/lib/libmsvcrt.a(doxfs00720.o)
 .bss           0x00458618        0x0 /usr/lib/gcc/i686-pc-mingw32/3.4.4/../../../../i686-pc-mingw32/lib/libmsvcrt.a(doxfs00610.o)
 .bss           0x00458618        0x0 /usr/lib/gcc/i686-pc-mingw32/3.4.4/../../../../i686-pc-mingw32/lib/libmsvcrt.a(doxfs00633.o)
 .bss           0x00458618        0x0 /usr/lib/gcc/i686-pc-mingw32/3.4.4/../../../../i686-pc-mingw32/lib/libmsvcrt.a(doxfs00268.o)
 .bss           0x00458618        0x0 /usr/lib/gcc/i686-pc-mingw32/3.4.4/../../../../i686-pc-mingw32/lib/libmsvcrt.a(doxfs00625.o)
 .bss           0x00458618        0x0 /usr/lib/gcc/i686-pc-mingw32/3.4.4/../../../../i686-pc-mingw32/lib/libmsvcrt.a(doxfs00698.o)
 .bss           0x00458618        0x0 /usr/lib/gcc/i686-pc-mingw32/3.4.4/../../../../i686-pc-mingw32/lib/libmsvcrt.a(doxfs00676.o)
 .bss           0x00458618        0x0 /usr/lib/gcc/i686-pc-mingw32/3.4.4/../../../../i686-pc-mingw32/lib/libmsvcrt.a(doxfs00613.o)
 .bss           0x00458618        0x0 /usr/lib/gcc/i686-pc-mingw32/3.4.4/../../../../i686-pc-mingw32/lib/libmsvcrt.a(doxfs00490.o)
 .bss           0x00458618        0x0 /usr/lib/gcc/i686-pc-mingw32/3.4.4/../../../../i686-pc-mingw32/lib/libmsvcrt.a(doxfs00717.o)
 .bss           0x00458618        0x0 /usr/lib/gcc/i686-pc-mingw32/3.4.4/../../../../i686-pc-mingw32/lib/libmsvcrt.a(doxfs00731.o)
 .bss           0x00458618        0x0 /usr/lib/gcc/i686-pc-mingw32/3.4.4/../../../../i686-pc-mingw32/lib/libmsvcrt.a(doxfs00732.o)
 .bss           0x00458618        0x0 /usr/lib/gcc/i686-pc-mingw32/3.4.4/../../../../i686-pc-mingw32/lib/libmsvcrt.a(doxfs00683.o)
 .bss           0x00458618        0x0 /usr/lib/gcc/i686-pc-mingw32/3.4.4/../../../../i686-pc-mingw32/lib/libmsvcrt.a(doxfs00712.o)
 .bss           0x00458618        0x0 /usr/lib/gcc/i686-pc-mingw32/3.4.4/../../../../i686-pc-mingw32/lib/libmsvcrt.a(doxfs00692.o)
 .bss           0x00458618        0x0 /usr/lib/gcc/i686-pc-mingw32/3.4.4/../../../../i686-pc-mingw32/lib/libmsvcrt.a(doxfs00604.o)
 .bss           0x00458618        0x0 /usr/lib/gcc/i686-pc-mingw32/3.4.4/../../../../i686-pc-mingw32/lib/libmsvcrt.a(doxfs00748.o)
 .bss           0x00458618        0x0 /usr/lib/gcc/i686-pc-mingw32/3.4.4/../../../../i686-pc-mingw32/lib/libmsvcrt.a(doxfs00621.o)
 .bss           0x00458618        0x0 /usr/lib/gcc/i686-pc-mingw32/3.4.4/../../../../i686-pc-mingw32/lib/libmsvcrt.a(doxfs00736.o)
 .bss           0x00458618        0x0 /usr/lib/gcc/i686-pc-mingw32/3.4.4/../../../../i686-pc-mingw32/lib/libmsvcrt.a(doxfs00718.o)
 .bss           0x00458618        0x0 /usr/lib/gcc/i686-pc-mingw32/3.4.4/../../../../i686-pc-mingw32/lib/libmsvcrt.a(doxfs00727.o)
 .bss           0x00458618        0x0 /usr/lib/gcc/i686-pc-mingw32/3.4.4/../../../../i686-pc-mingw32/lib/libmsvcrt.a(doxfs00695.o)
 .bss           0x00458618        0x0 /usr/lib/gcc/i686-pc-mingw32/3.4.4/../../../../i686-pc-mingw32/lib/libmsvcrt.a(doxfs00689.o)
 .bss           0x00458618        0x0 /usr/lib/gcc/i686-pc-mingw32/3.4.4/../../../../i686-pc-mingw32/lib/libmsvcrt.a(doxfs00726.o)
 .bss           0x00458618        0x0 /usr/lib/gcc/i686-pc-mingw32/3.4.4/../../../../i686-pc-mingw32/lib/libmsvcrt.a(doxfs00715.o)
 .bss           0x00458618        0x0 /usr/lib/gcc/i686-pc-mingw32/3.4.4/../../../../i686-pc-mingw32/lib/libmsvcrt.a(doxfs00722.o)
 .bss           0x00458618        0x0 /usr/lib/gcc/i686-pc-mingw32/3.4.4/../../../../i686-pc-mingw32/lib/libmsvcrt.a(doxfs00730.o)
 .bss           0x00458618        0x0 /usr/lib/gcc/i686-pc-mingw32/3.4.4/../../../../i686-pc-mingw32/lib/libmsvcrt.a(doxfs00680.o)
 .bss           0x00458618        0x0 /usr/lib/gcc/i686-pc-mingw32/3.4.4/../../../../i686-pc-mingw32/lib/libmsvcrt.a(doxfs00620.o)
 .bss           0x00458618        0x0 /usr/lib/gcc/i686-pc-mingw32/3.4.4/../../../../i686-pc-mingw32/lib/libmsvcrt.a(doxfs00583.o)
 .bss           0x00458618        0x0 /usr/lib/gcc/i686-pc-mingw32/3.4.4/../../../../i686-pc-mingw32/lib/libmsvcrt.a(doxfs00746.o)
 .bss           0x00458618        0x0 /usr/lib/gcc/i686-pc-mingw32/3.4.4/../../../../i686-pc-mingw32/lib/libmsvcrt.a(doxfs00624.o)
 .bss           0x00458618        0x0 /usr/lib/gcc/i686-pc-mingw32/3.4.4/../../../../i686-pc-mingw32/lib/libmsvcrt.a(doxfs00637.o)
 .bss           0x00458618        0x0 /usr/lib/gcc/i686-pc-mingw32/3.4.4/../../../../i686-pc-mingw32/lib/libmsvcrt.a(doxfs00699.o)
 .bss           0x00458618        0x0 /usr/lib/gcc/i686-pc-mingw32/3.4.4/../../../../i686-pc-mingw32/lib/libmsvcrt.a(doxfs00739.o)
 .bss           0x00458618        0x0 /usr/lib/gcc/i686-pc-mingw32/3.4.4/../../../../i686-pc-mingw32/lib/libmsvcrt.a(doxfh.o)
 .bss           0x00458618        0x0 /usr/lib/gcc/i686-pc-mingw32/3.4.4/../../../../i686-pc-mingw32/lib/libmsvcrt.a(doxft.o)
 .bss           0x00458618        0x0 /usr/lib/w32api/libkernel32.a(dyuhs00739.o)
 .bss           0x00458618        0x0 /usr/lib/w32api/libkernel32.a(dyuhs00156.o)
 .bss           0x00458618        0x0 /usr/lib/w32api/libkernel32.a(dyuhs00423.o)