Archive member included because of file (symbol)

/usr/lib/w32api/libadvapi32.a(dykgs00245.o)
                              winmisc.o (_GetUserNameA@8)
/usr/lib/w32api/libadvapi32.a(dykgs00389.o)
                              winstore.o (_RegCreateKeyA@12)
/usr/lib/w32api/libadvapi32.a(dykgs00386.o)
                              winstore.o (_RegCloseKey@4)
/usr/lib/w32api/libadvapi32.a(dykgs00434.o)
                              winstore.o (_RegSetValueExA@24)
/usr/lib/w32api/libadvapi32.a(dykgs00412.o)
                              winstore.o (_RegOpenKeyA@12)
/usr/lib/w32api/libadvapi32.a(dykgs00423.o)
                              winstore.o (_RegQueryValueExA@24)
/usr/lib/w32api/libadvapi32.a(dykgs00393.o)
                              winstore.o (_RegDeleteKeyA@8)
/usr/lib/w32api/libadvapi32.a(dykgs00400.o)
                              winstore.o (_RegEnumKeyA@16)
/usr/lib/w32api/libadvapi32.a(dykgh.o)
                              /usr/lib/w32api/libadvapi32.a(dykgs00245.o) (__head_libadvapi32_a)
/usr/lib/w32api/libadvapi32.a(dykgt.o)
                              /usr/lib/w32api/libadvapi32.a(dykgh.o) (__libadvapi32_a_iname)
/usr/lib/w32api/libcomctl32.a(dkzhs00094.o)
                              winctrls.o (_MakeDragList@4)
/usr/lib/w32api/libcomctl32.a(dkzhs00093.o)
                              winctrls.o (_LBItemFromPt@16)
/usr/lib/w32api/libcomctl32.a(dkzhs00041.o)
                              winctrls.o (_DrawInsert@12)
/usr/lib/w32api/libcomctl32.a(dkzhs00091.o)
                              winpgen.o (_InitCommonControls@0)
/usr/lib/w32api/libcomctl32.a(dkzhh.o)
                              /usr/lib/w32api/libcomctl32.a(dkzhs00094.o) (__head_libcomctl32_a)
/usr/lib/w32api/libcomctl32.a(dkzht.o)
                              /usr/lib/w32api/libcomctl32.a(dkzhh.o) (__libcomctl32_a_iname)
/usr/lib/w32api/libcomdlg32.a(dmycs00002.o)
                              winctrls.o (_ChooseFontA@4)
/usr/lib/w32api/libcomdlg32.a(dmycs00000.o)
                              winctrls.o (_ChooseColorA@4)
/usr/lib/w32api/libcomdlg32.a(dmycs00011.o)
                              winutils.o (_GetSaveFileNameA@4)
/usr/lib/w32api/libcomdlg32.a(dmycs00009.o)
                              winutils.o (_GetOpenFileNameA@4)
/usr/lib/w32api/libcomdlg32.a(dmych.o)
                              /usr/lib/w32api/libcomdlg32.a(dmycs00002.o) (__head_libcomdlg32_a)
/usr/lib/w32api/libcomdlg32.a(dmyct.o)
                              /usr/lib/w32api/libcomdlg32.a(dmych.o) (__libcomdlg32_a_iname)
/usr/lib/w32api/libgdi32.a(dyohs00146.o)
                              winctrls.o (_GetDeviceCaps@8)
/usr/lib/w32api/libgdi32.a(dyohs00304.o)
                              winctrls.o (_SetMapMode@8)
/usr/lib/w32api/libgdi32.a(dyohs00279.o)
                              winctrls.o (_SelectObject@8)
/usr/lib/w32api/libgdi32.a(dyohs00208.o)
                              winctrls.o (_GetTextExtentExPointA@28)
/usr/lib/w32api/libgdi32.a(dyohs00211.o)
                              winctrls.o (_GetTextExtentPoint32A@16)
/usr/lib/w32api/libgdi32.a(dyohs00337.o)
                              winctrls.o (_TextOutA@20)
/usr/lib/w32api/libgdi32.a(dyohh.o)
                              /usr/lib/w32api/libgdi32.a(dyohs00146.o) (__head_libgdi32_a)
/usr/lib/w32api/libgdi32.a(dyoht.o)
                              /usr/lib/w32api/libgdi32.a(dyohh.o) (__libgdi32_a_iname)
/usr/lib/w32api/libuser32.a(dwxfs00504.o)
                              winctrls.o (_SendMessageA@16)
/usr/lib/w32api/libuser32.a(dwxfs00235.o)
                              winctrls.o (_GetClientRect@8)
/usr/lib/w32api/libuser32.a(dwxfs00423.o)
                              winctrls.o (_MapDialogRect@8)
/usr/lib/w32api/libuser32.a(dwxfs00089.o)
                              winctrls.o (_CreateWindowExA@48)
/usr/lib/w32api/libuser32.a(dwxfs00568.o)
                              winctrls.o (_SetWindowPos@28)
/usr/lib/w32api/libuser32.a(dwxfs00247.o)
                              winctrls.o (_GetDC@4)
/usr/lib/w32api/libuser32.a(dwxfs00490.o)
                              winctrls.o (_ReleaseDC@8)
/usr/lib/w32api/libuser32.a(dwxfs00501.o)
                              winctrls.o (_SendDlgItemMessageA@20)
/usr/lib/w32api/libuser32.a(dwxfs00565.o)
                              winctrls.o (_SetWindowLongA@12)
/usr/lib/w32api/libuser32.a(dwxfs00430.o)
                              winctrls.o (_MessageBeep@4)
/usr/lib/w32api/libuser32.a(dwxfs00056.o)
                              winctrls.o (_CheckRadioButton@16)
/usr/lib/w32api/libuser32.a(dwxfs00384.o)
                              winctrls.o (_IsDlgButtonChecked@8)
/usr/lib/w32api/libuser32.a(dwxfs00053.o)
                              winctrls.o (_CheckDlgButton@12)
/usr/lib/w32api/libuser32.a(dwxfs00526.o)
                              winctrls.o (_SetDlgItemTextA@12)
/usr/lib/w32api/libuser32.a(dwxfs00254.o)
                              winctrls.o (_GetDlgItemTextA@16)
/usr/lib/w32api/libuser32.a(dwxfs00487.o)
[...]
Memory Configuration

Name             Origin             Length             Attributes
*default*        0x00000000         0xffffffff

Linker script and memory map

                0x00400000                __image_base__ = 0x400000
                0x00000000                __dll__ = 0x0
                0x00400000                ___ImageBase = 0x400000
                0x00001000                __section_alignment__ = 0x1000
                0x00000200                __file_alignment__ = 0x200
                0x00000004                __major_os_version__ = 0x4
                0x00000000                __minor_os_version__ = 0x0
                0x00000001                __major_image_version__ = 0x1
                0x00000000                __minor_image_version__ = 0x0
                0x00000004                __major_subsystem_version__ = 0x4
                0x00000000                __minor_subsystem_version__ = 0x0
                0x00000002                __subsystem__ = 0x2
                0x00200000                __size_of_stack_reserve__ = 0x200000
                0x00001000                __size_of_stack_commit__ = 0x1000
                0x00100000                __size_of_heap_reserve__ = 0x100000
                0x00001000                __size_of_heap_commit__ = 0x1000
                0x00000000                __loader_flags__ = 0x0
LOAD /usr/lib/gcc/i686-pc-mingw32/3.4.4/../../../../i686-pc-mingw32/lib/crt2.o
LOAD import.o
LOAD misc.o
LOAD notiming.o
LOAD puttygen.res.o
LOAD sshaes.o
LOAD sshbn.o
LOAD sshdes.o
LOAD sshdss.o
LOAD sshdssg.o
LOAD sshmd5.o
LOAD sshprime.o
LOAD sshpubk.o
LOAD sshrand.o
LOAD sshrsa.o
LOAD sshrsag.o
LOAD sshsh512.o
LOAD sshsha.o
LOAD tree234.o
LOAD version.o
LOAD winctrls.o
LOAD winhelp.o
LOAD winmisc.o
LOAD winnoise.o
LOAD winpgen.o
LOAD winstore.o
LOAD wintime.o
LOAD winutils.o
LOAD /usr/lib/w32api/libadvapi32.a
LOAD /usr/lib/w32api/libcomctl32.a
LOAD /usr/lib/w32api/libcomdlg32.a
LOAD /usr/lib/w32api/libgdi32.a
LOAD /usr/lib/w32api/libimm32.a
LOAD /usr/lib/w32api/libshell32.a
LOAD /usr/lib/w32api/libuser32.a
LOAD /usr/lib/w32api/libwinmm.a
LOAD /usr/lib/w32api/libwinspool.a
LOAD /usr/lib/gcc/i686-pc-mingw32/3.4.4/../../../../i686-pc-mingw32/lib/libmingw32.a
LOAD /usr/lib/gcc/i686-pc-mingw32/3.4.4/libgcc.a
LOAD /usr/lib/gcc/i686-pc-mingw32/3.4.4/../../../../i686-pc-mingw32/lib/libmoldname.a
LOAD /usr/lib/gcc/i686-pc-mingw32/3.4.4/../../../../i686-pc-mingw32/lib/libmingwex.a
LOAD /usr/lib/gcc/i686-pc-mingw32/3.4.4/../../../../i686-pc-mingw32/lib/libmsvcrt.a
LOAD /usr/lib/gcc/i686-pc-mingw32/3.4.4/../../../../i686-pc-mingw32/lib/libmingw32.a
LOAD /usr/lib/w32api/libgdi32.a
LOAD /usr/lib/w32api/libcomdlg32.a
LOAD /usr/lib/w32api/libuser32.a
LOAD /usr/lib/w32api/libkernel32.a
LOAD /usr/lib/w32api/libadvapi32.a
LOAD /usr/lib/w32api/libshell32.a
LOAD /usr/lib/gcc/i686-pc-mingw32/3.4.4/../../../../i686-pc-mingw32/lib/libmingw32.a
LOAD /usr/lib/gcc/i686-pc-mingw32/3.4.4/libgcc.a
LOAD /usr/lib/gcc/i686-pc-mingw32/3.4.4/../../../../i686-pc-mingw32/lib/libmoldname.a
LOAD /usr/lib/gcc/i686-pc-mingw32/3.4.4/../../../../i686-pc-mingw32/lib/libmingwex.a
LOAD /usr/lib/gcc/i686-pc-mingw32/3.4.4/../../../../i686-pc-mingw32/lib/libmsvcrt.a
                0x00000268                . = SIZEOF_HEADERS
                0x00001000                . = ALIGN (__section_alignment__)

.text           0x00401000    0x23200
 *(.init)
 *(.text)
 .text          0x00401000      0x2e0 /usr/lib/gcc/i686-pc-mingw32/3.4.4/../../../../i686-pc-mingw32/lib/crt2.o
                0x004012a0                _WinMainCRTStartup
                0x00401280                _mainCRTStartup
                0x004012c0                _atexit
                0x004012d0                __onexit
 .text          0x004012e0     0x35b0 import.o
                0x00403400                _import_encrypted
                0x004012e0                _import_possible
                0x00403e90                _import_ssh2
                0x00401330                _strip_crlf
                0x00401c80                _openssh_read
                0x00401320                _export_ssh1
                0x004032a0                _sshcom_encrypted
                0x00401c10                _openssh_encrypted
                0x00401300                _import_target_type
                0x00404850                _export_ssh2
                0x00403500                _sshcom_read
                0x004022b0                _openssh_write
                0x00401310                _import_ssh1
                0x00403ee0                _sshcom_write
 .text          0x00404890      0xc10 misc.o
                0x00405210                _free_prompts
                0x00404940                _ctrlparse
                0x00404890                _parse_blocksize
                0x00405170                _fgetline
                0x00404a90                _bufchain_init
                0x00404f10                _dupvprintf
                0x004052e0                _debug_memdump
                0x00404b90                _safemalloc
                0x00404c20                _bufchain_add
                0x00404db0                _dupstr
                0x00405480                _cfg_dest
                0x00405070                _bufchain_consume
                0x00405130                _bufchain_clear
                0x00405450                _cfg_launchable
                0x00404af0                _bufchain_fetch
                0x004052a0                _debug_printf
                0x00404ac0                _bufchain_prefix
                0x00404d10                _dupcat
                0x00404e60                _saferealloc
                0x00404e00                _new_prompts
                0x00404fa0                _dupprintf
                0x00404fc0                _add_prompt
                0x00405050                _safefree
                0x00404a00                _base64_encode_atom
                0x00404ab0                _bufchain_size
 .text          0x004054a0       0x20 notiming.o
                0x004054b0                _expire_timer_context
                0x004054a0                _schedule_timer
 .text          0x004054c0     0x2db0 sshaes.o
                0x00408200                _aes256_decrypt_pubkey
                0x00408190                _aes256_encrypt_pubkey
 .text          0x00408270     0x1e90 sshbn.o
                0x00409690                _bignum_cmp
                0x00409940                _bigmul
                0x004096f0                _bignum_rshift
                0x00409630                _ssh1_write_bignum
                0x00408e80                _modpow
                0x00409ba0                _diagbn
                0x00409f70                _bignum_decimal
                0x00409460                _ssh1_read_bignum
                0x00409960                _bignum_bitmask
                0x00409550                _ssh2_bignum_length
                0x00409ca0                _bigdiv
                0x00408390                _freebn
                0x004099d0                _bignum_from_long
                0x00409580                _bignum_byte
                0x00409380                _bignum_from_bytes
                0x00409ce0                _biggcd
                0x00408440                _bn_power_2
                0x00408e40                _bigmod
                0x00408780                _modmul
                0x004082e0                _bn_restore_invariant
                0x004083e0                _bignum_set_bit
                0x00409320                _decbn
                0x00409ab0                _bignum_mod_short
                0x00409da0                _modinv
                0x004097c0                _bigmuladd
                0x00409520                _ssh1_bignum_length
                0x004094f0                _bignum_bitcount
                0x004095e0                _bignum_bit
                0x00409a10                _bignum_add_long
                0x00408320                _copybn
 .text          0x0040a100     0x2770 sshdes.o
                0x0040c3f0                _des3_decrypt_pubkey_ossh
                0x0040c780                _des_encrypt_xdmauth
                0x0040c560                _des3_encrypt_pubkey_ossh
                0x0040c2d0                _des3_encrypt_pubkey
                0x0040c7c0                _des_decrypt_xdmauth
                0x0040c1b0                _des3_decrypt_pubkey
 .text          0x0040c870     0x1810 sshdss.o
 .text          0x0040e080      0x3b0 sshdssg.o
                0x0040e080                _dsa_generate
 .text          0x0040e430      0xdf0 sshmd5.o
                0x0040f130                _hmacmd5_do_hmac
                0x0040ef10                _hmacmd5_make_context
                0x0040ef40                _hmacmd5_key
                0x0040ef30                _hmacmd5_free_context
                0x0040edb0                _MD5Final
                0x0040eed0                _MD5Simple
                0x0040e470                _MD5Update
                0x0040e430                _MD5Init
 .text          0x0040f220      0x620 sshprime.o
                0x0040f220                _primegen
 .text          0x0040f840     0x2680 sshpubk.o
                0x0040fdf0                _rsakey_encrypted
                0x00411580                _ssh2_save_userkey
                0x00411cd0                _key_type
                0x00411330                _ssh2_userkey_encrypted
                0x00410450                _base64_decode_atom
                0x004114d0                _base64_encode
                0x0040fea0                _rsakey_pubblob
                0x004106c0                _ssh2_load_userkey
                0x00410000                _saversakey
                0x0040fd10                _loadrsakey
                0x00410660                _find_pubkey_alg
                0x00411120                _ssh2_userkey_loadpub
                0x004114b0                _base64_lines
                0x00411e70                _key_type_to_str
 .text          0x00411ec0      0x4d0 sshrand.o
                0x004122d0                _random_unref
                0x004122e0                _random_byte
                0x00412320                _random_get_savedata
                0x00412250                _random_ref
                0x00412020                _random_add_noise
                0x00412110                _random_add_heavynoise
 .text          0x00412390     0x1e70 sshrsa.o
                0x00412990                _rsastr_len
                0x00412b60                _rsa_fingerprint
                0x00412980                _rsadecrypt
                0x00412390                _makekey
                0x00412a20                _rsastr_fmt
                0x00412ff0                _freersakey
                0x00412ec0                _rsa_public_blob
                0x004124e0                _makeprivate
                0x00412d60                _rsa_verify
                0x00412f70                _rsa_public_blob_len
                0x004124f0                _rsaencrypt
 .text          0x00414200      0x340 sshrsag.o
                0x00414200                _rsa_generate
 .text          0x00414540     0x27a0 sshsh512.o
                0x004145a0                _SHA512_Bytes
                0x00416b20                _SHA512_Final
                0x00414540                _SHA512_Init
                0x00416c90                _SHA512_Simple
 .text          0x00416ce0      0x9b0 sshsha.o
                0x00416f90                _SHA_Init
                0x00416ce0                _SHATransform
                0x004171f0                _SHA_Simple
                0x00416fd0                _SHA_Bytes
                0x00417610                _hmac_sha1_simple
                0x004170d0                _SHA_Final
 .text          0x00417690     0x1110 tree234.o
                0x00417dc0                _add234
                0x00418750                _del234
                0x00417df0                _addpos234
                0x00417690                _newtree234
                0x00417700                _freetree234
                0x00417760                _count234
                0x00418060                _find234
                0x00417ec0                _findrelpos234
                0x00417e20                _index234
                0x00418700                _delpos234
                0x00418090                _findrel234
                0x004180c0                _findpos234
 .text          0x004187a0        0x0 version.o
 .text          0x004187a0     0x56b0 winctrls.o
                0x0041c680                _dlg_listbox_index
                0x0041bfa0                _winctrl_context_help
                0x0041dd10                _dlg_set_privdata
                0x00419020                _checkbox
                0x0041a0d0                _prefslist
                0x004187a0                _ctlposinit
                0x00419e10                _ersatztab
                0x004190a0                _staticwrap
                0x00419310                _statictext
                0x00418bf0                _combobox
                0x0041a9c0                _progressbar
                0x0041c510                _dlg_listbox_addwithid
                0x00419d10                _listbox
                0x0041dc30                _dp_cleanup
                0x0041cac0                _dlg_fontsel_set
                0x0041c780                _dlg_listbox_issel
                0x0041c470                _dlg_listbox_add
                0x0041ac90                _winctrl_add
                0x0041c9e0                _dlg_filesel_set
                0x0041da20                _dlg_refresh
                0x00419c20                _bigeditctrl
                0x00418a60                _endbox
                0x00418a00                _beginbox
                0x0041dbf0                _dp_add_tree
                0x0041c250                _dlg_editbox_set
                0x0041cbc0                _winctrl_handle_command
                0x0041c330                _dlg_listbox_clear
                0x0041ab60                _winctrl_rem_shortcuts
                0x004198c0                _staticpassedit
                0x00419410                _staticbtn
                0x0041c8f0                _dlg_label_change
                0x0041c180                _dlg_checkbox_set
                0x0041ae00                _winctrl_findbyid
                0x00418980                _bartitle
                0x00418eb0                _radioline
                0x0041ad00                _winctrl_remove
                0x0041add0                _winctrl_findbyctrl
                0x0041ae50                _winctrl_layout
                0x00418860                _doctl
                0x0041a4c0                _pl_itemfrompt
                0x0041c2b0                _dlg_editbox_get
                0x0041db10                _dlg_coloursel_results
                0x00419b20                _staticddlbig
                0x0041c060                _dlg_radiobutton_set
                0x0041ac60                _winctrl_init
                0x0041da00                _dlg_end
                0x0041c3d0                _dlg_listbox_del
                0x0041ae30                _winctrl_findbyindex
                0x0041d7c0                _dlg_fontsel_get
                0x0041ad60                _winctrl_cleanup
                0x00419390                _paneltitle
                0x00418f40                _bareradioline
                0x0041bf80                _dlg_last_focused
                0x00419510                _button
                0x0041d820                _dlg_update_start
                0x0041dae0                _dlg_coloursel_start
                0x00419900                _staticddl
                0x0041a610                _handle_prefslist
                0x0041d9b0                _dlg_beep
                0x0041dd90                _dlg_alloc_privdata
                0x0041c800                _dlg_listbox_select
                0x00419880                _staticedit
                0x00418af0                _editboxfw
                0x0041d880                _dlg_update_done
                0x0041c1f0                _dlg_checkbox_get
                0x00419f70                _editbutton
                0x0041dcd0                _dlg_get_privdata
                0x0041c600                _dlg_listbox_getid
                0x0041c890                _dlg_text_set
                0x0041aaf0                _winctrl_add_shortcuts
                0x00419a10                _staticcombo
                0x0041ca40                _dlg_filesel_get
                0x0041d9d0                _dlg_error_msg
                0x0041db70                _dp_init
                0x00418fb0                _radiobig
                0x0041d900                _dlg_set_focus
                0x0041c0e0                _dlg_radiobutton_get
                0x004195e0                _static2btn
 .text          0x0041de50      0x270 winhelp.o
                0x0041df80                _has_help
                0x0041e070                _quit_help
                0x0041df70                _shutdown_help
                0x0041de50                _init_help
                0x0041df90                _launch_help
 .text          0x0041e0c0      0x250 winmisc.o
                0x0041e0c0                _platform_get_x11_auth
                0x0041e0f0                _filename_from_str
                0x0041e0d0                _platform_get_x_display
                0x0041e150                _filename_to_str
                0x0041e190                _filename_is_null
                0x0041e160                _filename_equal
                0x0041e200                _init_winver
                0x0041e240                _dputs
                0x0041e1a0                _get_username
 .text          0x0041e310      0x320 winnoise.o
                0x0041e420                _noise_get_light
                0x0041e310                _random_save_seed
                0x0041e5c0                _noise_ultralight
                0x0041e360                _noise_get_heavy
                0x0041e480                _noise_regular
 .text          0x0041e630     0x35a0 winpgen.o
                0x0041f970                _load_key_file
                0x00421b00                _WinMain@16
                0x0041e630                _modalfatalbox
                0x0041f150                _old_keyfile_warning
                0x00421ae0                _cleanup_exit
                0x0041f180                _ui_set_state
 .text          0x00421bd0     0x13b0 winstore.o
                0x004221e0                _read_setting_filename
                0x00421de0                _write_setting_i
                0x00421e20                _close_settings_w
                0x00422cc0                _read_random_seed
                0x00421d80                _write_setting_s
                0x00422510                _verify_host_key
                0x00422110                _write_setting_fontspec
                0x00421e40                _open_settings_r
                0x00421f10                _read_setting_s
                0x00422d40                _write_random_seed
                0x00422360                _enum_settings_next
                0x00422220                _write_setting_filename
                0x00421fd0                _read_setting_fontspec
                0x00421f70                _read_setting_i
                0x00421c70                _open_settings_w
                0x00422810                _store_host_key
                0x00422300                _enum_settings_start
                0x00422250                _close_settings_r
                0x00422e20                _cleanup_all
                0x00422270                _del_settings
                0x00422460                _enum_settings_finish
 .text          0x00422f80       0x90 wintime.o
                0x00422f80                _ltime
 .text          0x00423010      0x580 winutils.o
                0x00423250                _split_into_argv
                0x00423010                _request_file
                0x004231a0                _message_box
                0x00423120                _filereq_free
                0x00423100                _filereq_new
                0x00423220                _pgp_fingerprints
 .text          0x00423590        0x8 /usr/lib/w32api/libadvapi32.a(dykgs00245.o)
                0x00423590                _GetUserNameA@8
 .text          0x00423598        0x8 /usr/lib/w32api/libadvapi32.a(dykgs00389.o)
                0x00423598                _RegCreateKeyA@12
 .text          0x004235a0        0x8 /usr/lib/w32api/libadvapi32.a(dykgs00386.o)
                0x004235a0                _RegCloseKey@4
 .text          0x004235a8        0x8 /usr/lib/w32api/libadvapi32.a(dykgs00434.o)
                0x004235a8                _RegSetValueExA@24
 .text          0x004235b0        0x8 /usr/lib/w32api/libadvapi32.a(dykgs00412.o)
                0x004235b0                _RegOpenKeyA@12
 .text          0x004235b8        0x8 /usr/lib/w32api/libadvapi32.a(dykgs00423.o)
                0x004235b8                _RegQueryValueExA@24
 .text          0x004235c0        0x8 /usr/lib/w32api/libadvapi32.a(dykgs00393.o)
                0x004235c0                _RegDeleteKeyA@8
 .text          0x004235c8        0x8 /usr/lib/w32api/libadvapi32.a(dykgs00400.o)
                0x004235c8                _RegEnumKeyA@16
 .text          0x004235d0        0x0 /usr/lib/w32api/libadvapi32.a(dykgh.o)
 .text          0x004235d0        0x0 /usr/lib/w32api/libadvapi32.a(dykgt.o)
 .text          0x004235d0        0x8 /usr/lib/w32api/libcomctl32.a(dkzhs00094.o)
                0x004235d0                _MakeDragList@4
 .text          0x004235d8        0x8 /usr/lib/w32api/libcomctl32.a(dkzhs00093.o)
                0x004235d8                _LBItemFromPt@16
 .text          0x004235e0        0x8 /usr/lib/w32api/libcomctl32.a(dkzhs00041.o)
                0x004235e0                _DrawInsert@12
 .text          0x004235e8        0x8 /usr/lib/w32api/libcomctl32.a(dkzhs00091.o)
                0x004235e8                _InitCommonControls@0
 .text          0x004235f0        0x0 /usr/lib/w32api/libcomctl32.a(dkzhh.o)
 .text          0x004235f0        0x0 /usr/lib/w32api/libcomctl32.a(dkzht.o)
 .text          0x004235f0        0x8 /usr/lib/w32api/libcomdlg32.a(dmycs00002.o)
                0x004235f0                _ChooseFontA@4
 .text          0x004235f8        0x8 /usr/lib/w32api/libcomdlg32.a(dmycs00000.o)
                0x004235f8                _ChooseColorA@4
 .text          0x00423600        0x8 /usr/lib/w32api/libcomdlg32.a(dmycs00011.o)
                0x00423600                _GetSaveFileNameA@4
 .text          0x00423608        0x8 /usr/lib/w32api/libcomdlg32.a(dmycs00009.o)
                0x00423608                _GetOpenFileNameA@4
 .text          0x00423610        0x0 /usr/lib/w32api/libcomdlg32.a(dmych.o)
 .text          0x00423610        0x0 /usr/lib/w32api/libcomdlg32.a(dmyct.o)
 .text          0x00423610        0x8 /usr/lib/w32api/libgdi32.a(dyohs00146.o)
                0x00423610                _GetDeviceCaps@8
 .text          0x00423618        0x8 /usr/lib/w32api/libgdi32.a(dyohs00304.o)
                0x00423618                _SetMapMode@8
 .text          0x00423620        0x8 /usr/lib/w32api/libgdi32.a(dyohs00279.o)
                0x00423620                _SelectObject@8
 .text          0x00423628        0x8 /usr/lib/w32api/libgdi32.a(dyohs00208.o)
                0x00423628                _GetTextExtentExPointA@28
 .text          0x00423630        0x8 /usr/lib/w32api/libgdi32.a(dyohs00211.o)
                0x00423630                _GetTextExtentPoint32A@16
 .text          0x00423638        0x8 /usr/lib/w32api/libgdi32.a(dyohs00337.o)
                0x00423638                _TextOutA@20
 .text          0x00423640        0x0 /usr/lib/w32api/libgdi32.a(dyohh.o)
 .text          0x00423640        0x0 /usr/lib/w32api/libgdi32.a(dyoht.o)
 .text          0x00423640        0x8 /usr/lib/w32api/libuser32.a(dwxfs00504.o)
                0x00423640                _SendMessageA@16
 .text          0x00423648        0x8 /usr/lib/w32api/libuser32.a(dwxfs00235.o)
                0x00423648                _GetClientRect@8
 .text          0x00423650        0x8 /usr/lib/w32api/libuser32.a(dwxfs00423.o)
                0x00423650                _MapDialogRect@8
 .text          0x00423658        0x8 /usr/lib/w32api/libuser32.a(dwxfs00089.o)
                0x00423658                _CreateWindowExA@48
 .text          0x00423660        0x8 /usr/lib/w32api/libuser32.a(dwxfs00568.o)
                0x00423660                _SetWindowPos@28
 .text          0x00423668        0x8 /usr/lib/w32api/libuser32.a(dwxfs00247.o)
                0x00423668                _GetDC@4
 .text          0x00423670        0x8 /usr/lib/w32api/libuser32.a(dwxfs00490.o)
                0x00423670                _ReleaseDC@8
 .text          0x00423678        0x8 /usr/lib/w32api/libuser32.a(dwxfs00501.o)
                0x00423678                _SendDlgItemMessageA@20
 .text          0x00423680        0x8 /usr/lib/w32api/libuser32.a(dwxfs00565.o)
                0x00423680                _SetWindowLongA@12
 .text          0x00423688        0x8 /usr/lib/w32api/libuser32.a(dwxfs00430.o)
                0x00423688                _MessageBeep@4
 .text          0x00423690        0x8 /usr/lib/w32api/libuser32.a(dwxfs00056.o)
                0x00423690                _CheckRadioButton@16
 .text          0x00423698        0x8 /usr/lib/w32api/libuser32.a(dwxfs00384.o)
                0x00423698                _IsDlgButtonChecked@8
 .text          0x004236a0        0x8 /usr/lib/w32api/libuser32.a(dwxfs00053.o)
                0x004236a0                _CheckDlgButton@12
 .text          0x004236a8        0x8 /usr/lib/w32api/libuser32.a(dwxfs00526.o)
                0x004236a8                _SetDlgItemTextA@12
 .text          0x004236b0        0x8 /usr/lib/w32api/libuser32.a(dwxfs00254.o)
                0x004236b0                _GetDlgItemTextA@16
 .text          0x004236b8        0x8 /usr/lib/w32api/libuser32.a(dwxfs00487.o)
                0x004236b8                _RegisterWindowMessageA@4
 .text          0x004236c0        0x8 /usr/lib/w32api/libuser32.a(dwxfs00162.o)
                0x004236c0                _DrawEdge@16
 .text          0x004236c8        0x8 /usr/lib/w32api/libuser32.a(dwxfs00513.o)
                0x004236c8                _SetCapture@4
 .text          0x004236d0        0x8 /usr/lib/w32api/libuser32.a(dwxfs00252.o)
                0x004236d0                _GetDlgItem@8
 .text          0x004236d8        0x8 /usr/lib/w32api/libuser32.a(dwxfs00368.o)
                0x004236d8                _InvalidateRect@12
 .text          0x004236e0        0x8 /usr/lib/w32api/libuser32.a(dwxfs00529.o)
                0x004236e0                _SetFocus@4
 .text          0x004236e8        0x8 /usr/lib/w32api/libuser32.a(dwxfs00431.o)
                0x004236e8                _MessageBoxA@16
 .text          0x004236f0        0x8 /usr/lib/w32api/libuser32.a(dwxfs00627.o)
                0x004236f0                _WinHelpA@16
 .text          0x004236f8        0x8 /usr/lib/w32api/libuser32.a(dwxfs00258.o)
                0x004236f8                _GetForegroundWindow@0
 .text          0x00423700        0x8 /usr/lib/w32api/libuser32.a(dwxfs00223.o)
                0x00423700                _GetCapture@0
 .text          0x00423708        0x8 /usr/lib/w32api/libuser32.a(dwxfs00240.o)
                0x00423708                _GetClipboardOwner@0
 .text          0x00423710        0x8 /usr/lib/w32api/libuser32.a(dwxfs00309.o)
                0x00423710                _GetQueueStatus@4
 .text          0x00423718        0x8 /usr/lib/w32api/libuser32.a(dwxfs00246.o)
                0x00423718                _GetCursorPos@4
 .text          0x00423720        0x8 /usr/lib/w32api/libuser32.a(dwxfs00181.o)
                0x00423720                _EndDialog@8
 .text          0x00423728        0x8 /usr/lib/w32api/libuser32.a(dwxfs00530.o)
                0x00423728                _SetForegroundWindow@4
 .text          0x00423730        0x8 /usr/lib/w32api/libuser32.a(dwxfs00249.o)
                0x00423730                _GetDesktopWindow@0
 .text          0x00423738        0x8 /usr/lib/w32api/libuser32.a(dwxfs00346.o)
                0x00423738                _GetWindowRect@8
 .text          0x00423740        0x8 /usr/lib/w32api/libuser32.a(dwxfs00442.o)
                0x00423740                _MoveWindow@24
 .text          0x00423748        0x8 /usr/lib/w32api/libuser32.a(dwxfs00179.o)
                0x00423748                _EnableWindow@8
 .text          0x00423750        0x8 /usr/lib/w32api/libuser32.a(dwxfs00146.o)
                0x00423750                _DialogBoxParamA@20
 .text          0x00423758        0x8 /usr/lib/w32api/libuser32.a(dwxfs00512.o)
                0x00423758                _SetActiveWindow@4
 .text          0x00423760        0x8 /usr/lib/w32api/libuser32.a(dwxfs00463.o)
                0x00423760                _PostMessageA@16
 .text          0x00423768        0x8 /usr/lib/w32api/libuser32.a(dwxfs00581.o)
                0x00423768                _ShowWindow@8
 .text          0x00423770        0x8 /usr/lib/w32api/libuser32.a(dwxfs00177.o)
                0x00423770                _EnableMenuItem@12
 .text          0x00423778        0x8 /usr/lib/w32api/libuser32.a(dwxfs00340.o)
                0x00423778                _GetWindowLongA@8
 .text          0x00423780        0x8 /usr/lib/w32api/libuser32.a(dwxfs00406.o)
                0x00423780                _LoadIconA@8
 .text          0x00423788        0x8 /usr/lib/w32api/libuser32.a(dwxfs00087.o)
                0x00423788                _CreateMenu@0
 .text          0x00423790        0x8 /usr/lib/w32api/libuser32.a(dwxfs00006.o)
                0x00423790                _AppendMenuA@16
 .text          0x00423798        0x8 /usr/lib/w32api/libuser32.a(dwxfs00534.o)
                0x00423798                _SetMenu@8
 .text          0x004237a0        0x8 /usr/lib/w32api/libuser32.a(dwxfs00055.o)
                0x004237a0                _CheckMenuRadioItem@20
 .text          0x004237a8        0x8 /usr/lib/w32api/libuser32.a(dwxfs00525.o)
                0x004237a8                _SetDlgItemInt@16
 .text          0x004237b0        0x8 /usr/lib/w32api/libuser32.a(dwxfs00295.o)
                0x004237b0                _GetMessageTime@0
 .text          0x004237b8        0x8 /usr/lib/w32api/libuser32.a(dwxfs00253.o)
                0x004237b8                _GetDlgItemInt@16
 .text          0x004237c0        0x8 /usr/lib/w32api/libuser32.a(dwxfs00349.o)
                0x004237c0                _GetWindowTextLengthA@4
 .text          0x004237c8        0x8 /usr/lib/w32api/libuser32.a(dwxfs00348.o)
                0x004237c8                _GetWindowTextA@12
 .text          0x004237d0        0x8 /usr/lib/w32api/libuser32.a(dwxfs00434.o)
                0x004237d0                _MessageBoxIndirectA@4
 .text          0x004237d8        0x0 /usr/lib/w32api/libuser32.a(dwxfh.o)
 .text          0x004237d8        0x0 /usr/lib/w32api/libuser32.a(dwxft.o)
 .text          0x004237d8        0x0 /usr/lib/gcc/i686-pc-mingw32/3.4.4/../../../../i686-pc-mingw32/lib/libmingw32.a(CRTglob.o)
 .text          0x004237d8        0x0 /usr/lib/gcc/i686-pc-mingw32/3.4.4/../../../../i686-pc-mingw32/lib/libmingw32.a(CRTfmode.o)
 .text          0x004237d8        0x0 /usr/lib/gcc/i686-pc-mingw32/3.4.4/../../../../i686-pc-mingw32/lib/libmingw32.a(txtmode.o)
 *fill*         0x004237d8        0x8 00
 .text          0x004237e0      0x120 /usr/lib/gcc/i686-pc-mingw32/3.4.4/../../../../i686-pc-mingw32/lib/libmingw32.a(main.o)
                0x004237e0                _main
 .text          0x00423900       0xb0 /usr/lib/gcc/i686-pc-mingw32/3.4.4/../../../../i686-pc-mingw32/lib/libmingw32.a(gccmain.o)
                0x00423990                ___main
                0x00423900                ___do_global_dtors
                0x00423930                ___do_global_ctors
 .text          0x004239b0       0x30 /usr/lib/gcc/i686-pc-mingw32/3.4.4/../../../../i686-pc-mingw32/lib/libmingw32.a(pseudo-reloc.o)
                0x004239b0                __pei386_runtime_relocator
 .text          0x004239e0      0x100 /usr/lib/gcc/i686-pc-mingw32/3.4.4/../../../../i686-pc-mingw32/lib/libmingw32.a(cpu_features.o)
                0x004239e0                ___cpu_features_init
 .text          0x00423ae0       0x10 /usr/lib/gcc/i686-pc-mingw32/3.4.4/../../../../i686-pc-mingw32/lib/libmingw32.a(CRT_fp10.o)
                0x00423ae0                __fpreset
                0x00423ae0                _fpreset
 .text          0x00423af0        0x0 /usr/lib/gcc/i686-pc-mingw32/3.4.4/../../../../i686-pc-mingw32/lib/libmingw32.a(pseudo-reloc-list.o)
 .text          0x00423af0      0x1e0 /usr/lib/gcc/i686-pc-mingw32/3.4.4/libgcc.a(_umoddi3.o)
                0x00423af0                ___umoddi3
 .text          0x00423cd0      0x130 /usr/lib/gcc/i686-pc-mingw32/3.4.4/libgcc.a(_udivdi3.o)
                0x00423cd0                ___udivdi3
 .text          0x00423e00       0x30 /usr/lib/gcc/i686-pc-mingw32/3.4.4/libgcc.a(_chkstk.o)
                0x00423e00                ___chkstk
                0x00423e00                __alloca
 .text          0x00423e30        0x0 /usr/lib/gcc/i686-pc-mingw32/3.4.4/libgcc.a(_ctors.o)
 .text          0x00423e30        0x0 /usr/lib/gcc/i686-pc-mingw32/3.4.4/../../../../i686-pc-mingw32/lib/libmsvcrt.a(doxfs00266.o)
 .text          0x00423e30        0x0 /usr/lib/gcc/i686-pc-mingw32/3.4.4/../../../../i686-pc-mingw32/lib/libmsvcrt.a(doxfs00590.o)
 .text          0x00423e30        0x0 /usr/lib/gcc/i686-pc-mingw32/3.4.4/../../../../i686-pc-mingw32/lib/libmsvcrt.a(doxfs00383.o)
 .text          0x00423e30        0x8 /usr/lib/gcc/i686-pc-mingw32/3.4.4/../../../../i686-pc-mingw32/lib/libmsvcrt.a(doxfs00147.o)
                0x00423e30                __cexit
 .text          0x00423e38        0x8 /usr/lib/gcc/i686-pc-mingw32/3.4.4/../../../../i686-pc-mingw32/lib/libmsvcrt.a(doxfs00077.o)
                0x00423e38                ___p__environ
 .text          0x00423e40        0x8 /usr/lib/gcc/i686-pc-mingw32/3.4.4/../../../../i686-pc-mingw32/lib/libmsvcrt.a(doxfs00706.o)
                0x00423e40                _signal
 .text          0x00423e48        0x8 /usr/lib/gcc/i686-pc-mingw32/3.4.4/../../../../i686-pc-mingw32/lib/libmsvcrt.a(doxfs00079.o)
                0x00423e48                ___p__fmode
 .text          0x00423e50        0x8 /usr/lib/gcc/i686-pc-mingw32/3.4.4/../../../../i686-pc-mingw32/lib/libmsvcrt.a(doxfs00426.o)
                0x00423e50                __setmode
 .text          0x00423e58        0x8 /usr/lib/gcc/i686-pc-mingw32/3.4.4/../../../../i686-pc-mingw32/lib/libmsvcrt.a(doxfs00055.o)
                0x00423e58                ___getmainargs
 .text          0x00423e60        0x0 /usr/lib/gcc/i686-pc-mingw32/3.4.4/../../../../i686-pc-mingw32/lib/libmsvcrt.a(doxfs00392.o)
 .text          0x00423e60        0x0 /usr/lib/gcc/i686-pc-mingw32/3.4.4/../../../../i686-pc-mingw32/lib/libmsvcrt.a(doxfs00065.o)
 .text          0x00423e60        0x8 /usr/lib/gcc/i686-pc-mingw32/3.4.4/../../../../i686-pc-mingw32/lib/libmsvcrt.a(doxfs00633.o)
                0x00423e60                _fwrite
 .text          0x00423e68        0x8 /usr/lib/gcc/i686-pc-mingw32/3.4.4/../../../../i686-pc-mingw32/lib/libmsvcrt.a(doxfs00684.o)
                0x00423e68                _memset
 .text          0x00423e70        0x8 /usr/lib/gcc/i686-pc-mingw32/3.4.4/../../../../i686-pc-mingw32/lib/libmsvcrt.a(doxfs00682.o)
                0x00423e70                _memcpy
 .text          0x00423e78        0x8 /usr/lib/gcc/i686-pc-mingw32/3.4.4/../../../../i686-pc-mingw32/lib/libmsvcrt.a(doxfs00724.o)
                0x00423e78                _strncpy
 .text          0x00423e80        0x8 /usr/lib/gcc/i686-pc-mingw32/3.4.4/../../../../i686-pc-mingw32/lib/libmsvcrt.a(doxfs00717.o)
                0x00423e80                _strcpy
 .text          0x00423e88        0x8 /usr/lib/gcc/i686-pc-mingw32/3.4.4/../../../../i686-pc-mingw32/lib/libmsvcrt.a(doxfs00607.o)
                0x00423e88                _fclose
 .text          0x00423e90        0x8 /usr/lib/gcc/i686-pc-mingw32/3.4.4/../../../../i686-pc-mingw32/lib/libmsvcrt.a(doxfs00619.o)
                0x00423e90                _fprintf
 .text          0x00423e98        0x8 /usr/lib/gcc/i686-pc-mingw32/3.4.4/../../../../i686-pc-mingw32/lib/libmsvcrt.a(doxfs00621.o)
                0x00423e98                _fputs
 .text          0x00423ea0        0x8 /usr/lib/gcc/i686-pc-mingw32/3.4.4/../../../../i686-pc-mingw32/lib/libmsvcrt.a(doxfs00137.o)
                0x00423ea0                __assert
 .text          0x00423ea8        0x8 /usr/lib/gcc/i686-pc-mingw32/3.4.4/../../../../i686-pc-mingw32/lib/libmsvcrt.a(doxfs00712.o)
                0x00423ea8                _sscanf
 .text          0x00423eb0        0x8 /usr/lib/gcc/i686-pc-mingw32/3.4.4/../../../../i686-pc-mingw32/lib/libmsvcrt.a(doxfs00714.o)
                0x00423eb0                _strchr
 .text          0x00423eb8        0x8 /usr/lib/gcc/i686-pc-mingw32/3.4.4/../../../../i686-pc-mingw32/lib/libmsvcrt.a(doxfs00721.o)
                0x00423eb8                _strlen
 .text          0x00423ec0        0x8 /usr/lib/gcc/i686-pc-mingw32/3.4.4/../../../../i686-pc-mingw32/lib/libmsvcrt.a(doxfs00268.o)
                0x00423ec0                __isctype
 .text          0x00423ec8        0x8 /usr/lib/gcc/i686-pc-mingw32/3.4.4/../../../../i686-pc-mingw32/lib/libmsvcrt.a(doxfs00618.o)
                0x00423ec8                _fopen
 .text          0x00423ed0        0x8 /usr/lib/gcc/i686-pc-mingw32/3.4.4/../../../../i686-pc-mingw32/lib/libmsvcrt.a(doxfs00625.o)
                0x00423ed0                _free
 .text          0x00423ed8        0x8 /usr/lib/gcc/i686-pc-mingw32/3.4.4/../../../../i686-pc-mingw32/lib/libmsvcrt.a(doxfs00698.o)
                0x00423ed8                _realloc
 .text          0x00423ee0        0x8 /usr/lib/gcc/i686-pc-mingw32/3.4.4/../../../../i686-pc-mingw32/lib/libmsvcrt.a(doxfs00676.o)
                0x00423ee0                _malloc
 .text          0x00423ee8        0x8 /usr/lib/gcc/i686-pc-mingw32/3.4.4/../../../../i686-pc-mingw32/lib/libmsvcrt.a(doxfs00613.o)
                0x00423ee8                _fgets
 .text          0x00423ef0        0x8 /usr/lib/gcc/i686-pc-mingw32/3.4.4/../../../../i686-pc-mingw32/lib/libmsvcrt.a(doxfs00490.o)
                0x00423ef0                __vsnprintf
 .text          0x00423ef8        0x8 /usr/lib/gcc/i686-pc-mingw32/3.4.4/../../../../i686-pc-mingw32/lib/libmsvcrt.a(doxfs00731.o)
                0x00423ef8                _strtol
 .text          0x00423f00        0x8 /usr/lib/gcc/i686-pc-mingw32/3.4.4/../../../../i686-pc-mingw32/lib/libmsvcrt.a(doxfs00732.o)
                0x00423f00                _strtoul
 .text          0x00423f08        0x8 /usr/lib/gcc/i686-pc-mingw32/3.4.4/../../../../i686-pc-mingw32/lib/libmsvcrt.a(doxfs00683.o)
                0x00423f08                _memmove
 .text          0x00423f10        0x8 /usr/lib/gcc/i686-pc-mingw32/3.4.4/../../../../i686-pc-mingw32/lib/libmsvcrt.a(doxfs00583.o)
                0x00423f10                _abort
 .text          0x00423f18        0x8 /usr/lib/gcc/i686-pc-mingw32/3.4.4/../../../../i686-pc-mingw32/lib/libmsvcrt.a(doxfs00709.o)
                0x00423f18                _sprintf
 .text          0x00423f20        0x8 /usr/lib/gcc/i686-pc-mingw32/3.4.4/../../../../i686-pc-mingw32/lib/libmsvcrt.a(doxfs00620.o)
                0x00423f20                _fputc
 .text          0x00423f28        0x8 /usr/lib/gcc/i686-pc-mingw32/3.4.4/../../../../i686-pc-mingw32/lib/libmsvcrt.a(doxfs00592.o)
                0x00423f28                _atoi
 .text          0x00423f30        0x8 /usr/lib/gcc/i686-pc-mingw32/3.4.4/../../../../i686-pc-mingw32/lib/libmsvcrt.a(doxfs00746.o)
                0x00423f30                _ungetc
 .text          0x00423f38        0x8 /usr/lib/gcc/i686-pc-mingw32/3.4.4/../../../../i686-pc-mingw32/lib/libmsvcrt.a(doxfs00611.o)
                0x00423f38                _fgetc
 .text          0x00423f40        0x8 /usr/lib/gcc/i686-pc-mingw32/3.4.4/../../../../i686-pc-mingw32/lib/libmsvcrt.a(doxfs00715.o)
                0x00423f40                _strcmp
 .text          0x00423f48        0x8 /usr/lib/gcc/i686-pc-mingw32/3.4.4/../../../../i686-pc-mingw32/lib/libmsvcrt.a(doxfs00624.o)
                0x00423f48                _fread
 .text          0x00423f50        0x8 /usr/lib/gcc/i686-pc-mingw32/3.4.4/../../../../i686-pc-mingw32/lib/libmsvcrt.a(doxfs00742.o)
                0x00423f50                _tolower
 .text          0x00423f58        0x8 /usr/lib/gcc/i686-pc-mingw32/3.4.4/../../../../i686-pc-mingw32/lib/libmsvcrt.a(doxfs00718.o)
                0x00423f58                _strcspn
 .text          0x00423f60        0x8 /usr/lib/gcc/i686-pc-mingw32/3.4.4/../../../../i686-pc-mingw32/lib/libmsvcrt.a(doxfs00726.o)
                0x00423f60                _strrchr
 .text          0x00423f68        0x8 /usr/lib/gcc/i686-pc-mingw32/3.4.4/../../../../i686-pc-mingw32/lib/libmsvcrt.a(doxfs00610.o)
                0x00423f68                _fflush
 .text          0x00423f70        0x8 /usr/lib/gcc/i686-pc-mingw32/3.4.4/../../../../i686-pc-mingw32/lib/libmsvcrt.a(doxfs00637.o)
                0x00423f70                _getenv
 .text          0x00423f78        0x8 /usr/lib/gcc/i686-pc-mingw32/3.4.4/../../../../i686-pc-mingw32/lib/libmsvcrt.a(doxfs00720.o)
                0x00423f78                _strftime
 .text          0x00423f80        0x8 /usr/lib/gcc/i686-pc-mingw32/3.4.4/../../../../i686-pc-mingw32/lib/libmsvcrt.a(doxfs00604.o)
                0x00423f80                _exit
 .text          0x00423f88        0x8 /usr/lib/gcc/i686-pc-mingw32/3.4.4/../../../../i686-pc-mingw32/lib/libmsvcrt.a(doxfs00699.o)
                0x00423f88                _remove
 .text          0x00423f90        0x0 /usr/lib/gcc/i686-pc-mingw32/3.4.4/../../../../i686-pc-mingw32/lib/libmsvcrt.a(doxfh.o)
 .text          0x00423f90        0x0 /usr/lib/gcc/i686-pc-mingw32/3.4.4/../../../../i686-pc-mingw32/lib/libmsvcrt.a(doxft.o)
 .text          0x00423f90        0x8 /usr/lib/w32api/libkernel32.a(dyuhs00739.o)
                0x00423f90                _SetUnhandledExceptionFilter@4
 .text          0x00423f98        0x8 /usr/lib/w32api/libkernel32.a(dyuhs00156.o)
                0x00423f98                _ExitProcess@4
 .text          0x00423fa0        0x8 /usr/lib/w32api/libkernel32.a(dyuhs00559.o)
                0x00423fa0                _MulDiv@12
 .text          0x00423fa8        0x8 /usr/lib/w32api/libkernel32.a(dyuhs00335.o)
                0x00423fa8                _GetModuleFileNameA@12
 .text          0x00423fb0        0x8 /usr/lib/w32api/libkernel32.a(dyuhs00433.o)
                0x00423fb0                _GetVersionExA@4
 .text          0x00423fb8        0x8 /usr/lib/w32api/libkernel32.a(dyuhs00827.o)
                0x00423fb8                _WriteFile@20
 .text          0x00423fc0        0x8 /usr/lib/w32api/libkernel32.a(dyuhs00009.o)
                0x00423fc0                _AllocConsole@0
 .text          0x00423fc8        0x8 /usr/lib/w32api/libkernel32.a(dyuhs00388.o)
                0x00423fc8                _GetStdHandle@4
 .text          0x00423fd0        0x8 /usr/lib/w32api/libkernel32.a(dyuhs00443.o)
                0x00423fd0                _GetWindowsDirectoryA@8
 .text          0x00423fd8        0x8 /usr/lib/w32api/libkernel32.a(dyuhs00182.o)
                0x00423fd8                _FindFirstFileA@8
 .text          0x00423fe0        0x8 /usr/lib/w32api/libkernel32.a(dyuhs00191.o)
                0x00423fe0                _FindNextFileA@8
 .text          0x00423fe8        0x8 /usr/lib/w32api/libkernel32.a(dyuhs00178.o)
                0x00423fe8                _FindClose@4
 .text          0x00423ff0        0x8 /usr/lib/w32api/libkernel32.a(dyuhs00284.o)
                0x00423ff0                _GetCurrentProcessId@0
 .text          0x00423ff8        0x8 /usr/lib/w32api/libkernel32.a(dyuhs00401.o)
                0x00423ff8                _GetSystemTime@4
 .text          0x00424000        0x8 /usr/lib/w32api/libkernel32.a(dyuhs00402.o)
                0x00424000                _GetSystemTimeAdjustment@12
 .text          0x00424008        0x8 /usr/lib/w32api/libkernel32.a(dyuhs00460.o)
                0x00424008                _GlobalMemoryStatus@4
 .text          0x00424010        0x8 /usr/lib/w32api/libkernel32.a(dyuhs00285.o)
                0x00424010                _GetCurrentThread@0
 .text          0x00424018        0x8 /usr/lib/w32api/libkernel32.a(dyuhs00422.o)
                0x00424018                _GetThreadTimes@20
 .text          0x00424020        0x8 /usr/lib/w32api/libkernel32.a(dyuhs00283.o)
                0x00424020                _GetCurrentProcess@0
 .text          0x00424028        0x8 /usr/lib/w32api/libkernel32.a(dyuhs00373.o)
                0x00424028                _GetProcessTimes@20
 .text          0x00424030        0x8 /usr/lib/w32api/libkernel32.a(dyuhs00423.o)
                0x00424030                _GetTickCount@0
 .text          0x00424038        0x8 /usr/lib/w32api/libkernel32.a(dyuhs00597.o)
                0x00424038                _QueryPerformanceCounter@4
 .text          0x00424040        0x8 /usr/lib/w32api/libkernel32.a(dyuhs00091.o)
                0x00424040                _CreateThread@24
 .text          0x00424048        0x8 /usr/lib/w32api/libkernel32.a(dyuhs00068.o)
                0x00424048                _CreateFileA@28
 .text          0x00424050        0x8 /usr/lib/w32api/libkernel32.a(dyuhs00303.o)
                0x00424050                _GetEnvironmentVariableA@12
 .text          0x00424058        0x8 /usr/lib/w32api/libkernel32.a(dyuhs00524.o)
                0x00424058                _LoadLibraryA@4
 .text          0x00424060        0x8 /usr/lib/w32api/libkernel32.a(dyuhs00364.o)
                0x00424060                _GetProcAddress@8
 .text          0x00424068        0x8 /usr/lib/w32api/libkernel32.a(dyuhs00616.o)
                0x00424068                _ReadFile@20
 .text          0x00424070        0x8 /usr/lib/w32api/libkernel32.a(dyuhs00038.o)
                0x00424070                _CloseHandle@4
 .text          0x00424078        0x8 /usr/lib/w32api/libkernel32.a(dyuhs00326.o)
                0x00424078                _GetLocalTime@4
 .text          0x00424080        0x8 /usr/lib/w32api/libkernel32.a(dyuhs00281.o)
                0x00424080                _GetCurrentDirectoryA@8
 .text          0x00424088        0x8 /usr/lib/w32api/libkernel32.a(dyuhs00688.o)
                0x00424088                _SetCurrentDirectoryA@4
 .text          0x00424090        0x8 /usr/lib/w32api/libkernel32.a(dyuhs00237.o)
                0x00424090                _GetCommandLineA@0
 .text          0x00424098        0x8 /usr/lib/w32api/libkernel32.a(dyuhs00386.o)
                0x00424098                _GetStartupInfoA@4
 .text          0x004240a0        0x8 /usr/lib/w32api/libkernel32.a(dyuhs00337.o)
                0x004240a0                _GetModuleHandleA@4
 .text          0x004240a8        0x0 /usr/lib/w32api/libkernel32.a(dyuhh.o)
 .text          0x004240a8        0x0 /usr/lib/w32api/libkernel32.a(dyuht.o)
 *(SORT(.text$*))
 *(.glue_7t)
 *(.glue_7)
                0x004240a8                ___CTOR_LIST__ = .
                0x004240a8                __CTOR_LIST__ = .
                0x004240a8        0x4 LONG 0xffffffff
 *(.ctors)
 *(.ctor)
 *(SORT(.ctors.*))
                0x004240ac        0x4 LONG 0x0
                0x004240b0                ___DTOR_LIST__ = .
                0x004240b0                __DTOR_LIST__ = .
                0x004240b0        0x4 LONG 0xffffffff
 *(.dtors)
 *(.dtor)
 *(SORT(.dtors.*))
                0x004240b4        0x4 LONG 0x0
 *(.fini)
 *(.gcc_exc)
                0x004240b8                PROVIDE (etext, .)
 *(.gcc_except_table)

.data           0x00425000      0x200
                0x00425000                __data_start__ = .
 *(.data)
 .data          0x00425000        0x0 /usr/lib/gcc/i686-pc-mingw32/3.4.4/../../../../i686-pc-mingw32/lib/crt2.o
 .data          0x00425000        0x0 import.o
 .data          0x00425000        0x0 misc.o
 .data          0x00425000        0x0 notiming.o
 .data          0x00425000        0x0 sshaes.o
 .data          0x00425000       0x10 sshbn.o
                0x00425008                _bnOne
                0x00425000                _One
                0x00425004                _Zero
 .data          0x00425010        0x0 sshdes.o
 .data          0x00425010        0x0 sshdss.o
 .data          0x00425010        0x0 sshdssg.o
 .data          0x00425010        0x0 sshmd5.o
 .data          0x00425010        0x0 sshprime.o
 .data          0x00425010        0x0 sshpubk.o
 .data          0x00425010        0x0 sshrand.o
 .data          0x00425010        0x0 sshrsa.o
 .data          0x00425010        0x0 sshrsag.o
 .data          0x00425010        0x0 sshsh512.o
 .data          0x00425010        0x0 sshsha.o
 .data          0x00425010        0x0 tree234.o
 *fill*         0x00425010       0x10 00
 .data          0x00425020       0x80 version.o
                0x00425020                _sshver
                0x00425060                _ver
 .data          0x004250a0        0x0 winctrls.o
 .data          0x004250a0        0x0 winhelp.o
 .data          0x004250a0        0x4 winmisc.o
 .data          0x004250a4        0x0 winnoise.o
 .data          0x004250a4        0x0 winpgen.o
 .data          0x004250a4        0x0 winstore.o
 .data          0x004250a4        0x0 wintime.o
 .data          0x004250a4        0x0 winutils.o
 .data          0x004250a4        0x0 /usr/lib/w32api/libadvapi32.a(dykgs00245.o)
 .data          0x004250a4        0x0 /usr/lib/w32api/libadvapi32.a(dykgs00389.o)
 .data          0x004250a4        0x0 /usr/lib/w32api/libadvapi32.a(dykgs00386.o)
 .data          0x004250a4        0x0 /usr/lib/w32api/libadvapi32.a(dykgs00434.o)
 .data          0x004250a4        0x0 /usr/lib/w32api/libadvapi32.a(dykgs00412.o)
 .data          0x004250a4        0x0 /usr/lib/w32api/libadvapi32.a(dykgs00423.o)
 .data          0x004250a4        0x0 /usr/lib/w32api/libadvapi32.a(dykgs00393.o)
 .data          0x004250a4        0x0 /usr/lib/w32api/libadvapi32.a(dykgs00400.o)
 .data          0x004250a4        0x0 /usr/lib/w32api/libadvapi32.a(dykgh.o)
 .data          0x004250a4        0x0 /usr/lib/w32api/libadvapi32.a(dykgt.o)
 .data          0x004250a4        0x0 /usr/lib/w32api/libcomctl32.a(dkzhs00094.o)
 .data          0x004250a4        0x0 /usr/lib/w32api/libcomctl32.a(dkzhs00093.o)
 .data          0x004250a4        0x0 /usr/lib/w32api/libcomctl32.a(dkzhs00041.o)
 .data          0x004250a4        0x0 /usr/lib/w32api/libcomctl32.a(dkzhs00091.o)
 .data          0x004250a4        0x0 /usr/lib/w32api/libcomctl32.a(dkzhh.o)
 .data          0x004250a4        0x0 /usr/lib/w32api/libcomctl32.a(dkzht.o)
 .data          0x004250a4        0x0 /usr/lib/w32api/libcomdlg32.a(dmycs00002.o)
 .data          0x004250a4        0x0 /usr/lib/w32api/libcomdlg32.a(dmycs00000.o)
 .data          0x004250a4        0x0 /usr/lib/w32api/libcomdlg32.a(dmycs00011.o)
 .data          0x004250a4        0x0 /usr/lib/w32api/libcomdlg32.a(dmycs00009.o)
 .data          0x004250a4        0x0 /usr/lib/w32api/libcomdlg32.a(dmych.o)
 .data          0x004250a4        0x0 /usr/lib/w32api/libcomdlg32.a(dmyct.o)
 .data          0x004250a4        0x0 /usr/lib/w32api/libgdi32.a(dyohs00146.o)
 .data          0x004250a4        0x0 /usr/lib/w32api/libgdi32.a(dyohs00304.o)
 .data          0x004250a4        0x0 /usr/lib/w32api/libgdi32.a(dyohs00279.o)
 .data          0x004250a4        0x0 /usr/lib/w32api/libgdi32.a(dyohs00208.o)
 .data          0x004250a4        0x0 /usr/lib/w32api/libgdi32.a(dyohs00211.o)
 .data          0x004250a4        0x0 /usr/lib/w32api/libgdi32.a(dyohs00337.o)
 .data          0x004250a4        0x0 /usr/lib/w32api/libgdi32.a(dyohh.o)
 .data          0x004250a4        0x0 /usr/lib/w32api/libgdi32.a(dyoht.o)
 .data          0x004250a4        0x0 /usr/lib/w32api/libuser32.a(dwxfs00504.o)
 .data          0x004250a4        0x0 /usr/lib/w32api/libuser32.a(dwxfs00235.o)
 .data          0x004250a4        0x0 /usr/lib/w32api/libuser32.a(dwxfs00423.o)
 .data          0x004250a4        0x0 /usr/lib/w32api/libuser32.a(dwxfs00089.o)
 .data          0x004250a4        0x0 /usr/lib/w32api/libuser32.a(dwxfs00568.o)
 .data          0x004250a4        0x0 /usr/lib/w32api/libuser32.a(dwxfs00247.o)
 .data          0x004250a4        0x0 /usr/lib/w32api/libuser32.a(dwxfs00490.o)
 .data          0x004250a4        0x0 /usr/lib/w32api/libuser32.a(dwxfs00501.o)
 .data          0x004250a4        0x0 /usr/lib/w32api/libuser32.a(dwxfs00565.o)
 .data          0x004250a4        0x0 /usr/lib/w32api/libuser32.a(dwxfs00430.o)
 .data          0x004250a4        0x0 /usr/lib/w32api/libuser32.a(dwxfs00056.o)
 .data          0x004250a4        0x0 /usr/lib/w32api/libuser32.a(dwxfs00384.o)
 .data          0x004250a4        0x0 /usr/lib/w32api/libuser32.a(dwxfs00053.o)
 .data          0x004250a4        0x0 /usr/lib/w32api/libuser32.a(dwxfs00526.o)
 .data          0x004250a4        0x0 /usr/lib/w32api/libuser32.a(dwxfs00254.o)
 .data          0x004250a4        0x0 /usr/lib/w32api/libuser32.a(dwxfs00487.o)
 .data          0x004250a4        0x0 /usr/lib/w32api/libuser32.a(dwxfs00162.o)
 .data          0x004250a4        0x0 /usr/lib/w32api/libuser32.a(dwxfs00513.o)
 .data          0x004250a4        0x0 /usr/lib/w32api/libuser32.a(dwxfs00252.o)
 .data          0x004250a4        0x0 /usr/lib/w32api/libuser32.a(dwxfs00368.o)
 .data          0x004250a4        0x0 /usr/lib/w32api/libuser32.a(dwxfs00529.o)
 .data          0x004250a4        0x0 /usr/lib/w32api/libuser32.a(dwxfs00431.o)
 .data          0x004250a4        0x0 /usr/lib/w32api/libuser32.a(dwxfs00627.o)
 .data          0x004250a4        0x0 /usr/lib/w32api/libuser32.a(dwxfs00258.o)
 .data          0x004250a4        0x0 /usr/lib/w32api/libuser32.a(dwxfs00223.o)
 .data          0x004250a4        0x0 /usr/lib/w32api/libuser32.a(dwxfs00240.o)
 .data          0x004250a4        0x0 /usr/lib/w32api/libuser32.a(dwxfs00309.o)
 .data          0x004250a4        0x0 /usr/lib/w32api/libuser32.a(dwxfs00246.o)
 .data          0x004250a4        0x0 /usr/lib/w32api/libuser32.a(dwxfs00181.o)
 .data          0x004250a4        0x0 /usr/lib/w32api/libuser32.a(dwxfs00530.o)
 .data          0x004250a4        0x0 /usr/lib/w32api/libuser32.a(dwxfs00249.o)
 .data          0x004250a4        0x0 /usr/lib/w32api/libuser32.a(dwxfs00346.o)
 .data          0x004250a4        0x0 /usr/lib/w32api/libuser32.a(dwxfs00442.o)
 .data          0x004250a4        0x0 /usr/lib/w32api/libuser32.a(dwxfs00179.o)
 .data          0x004250a4        0x0 /usr/lib/w32api/libuser32.a(dwxfs00146.o)
 .data          0x004250a4        0x0 /usr/lib/w32api/libuser32.a(dwxfs00512.o)
 .data          0x004250a4        0x0 /usr/lib/w32api/libuser32.a(dwxfs00463.o)
 .data          0x004250a4        0x0 /usr/lib/w32api/libuser32.a(dwxfs00581.o)
 .data          0x004250a4        0x0 /usr/lib/w32api/libuser32.a(dwxfs00177.o)
 .data          0x004250a4        0x0 /usr/lib/w32api/libuser32.a(dwxfs00340.o)
 .data          0x004250a4        0x0 /usr/lib/w32api/libuser32.a(dwxfs00406.o)
 .data          0x004250a4        0x0 /usr/lib/w32api/libuser32.a(dwxfs00087.o)
 .data          0x004250a4        0x0 /usr/lib/w32api/libuser32.a(dwxfs00006.o)
 .data          0x004250a4        0x0 /usr/lib/w32api/libuser32.a(dwxfs00534.o)
 .data          0x004250a4        0x0 /usr/lib/w32api/libuser32.a(dwxfs00055.o)
 .data          0x004250a4        0x0 /usr/lib/w32api/libuser32.a(dwxfs00525.o)
 .data          0x004250a4        0x0 /usr/lib/w32api/libuser32.a(dwxfs00295.o)
 .data          0x004250a4        0x0 /usr/lib/w32api/libuser32.a(dwxfs00253.o)
 .data          0x004250a4        0x0 /usr/lib/w32api/libuser32.a(dwxfs00349.o)
 .data          0x004250a4        0x0 /usr/lib/w32api/libuser32.a(dwxfs00348.o)
 .data          0x004250a4        0x0 /usr/lib/w32api/libuser32.a(dwxfs00434.o)
 .data          0x004250a4        0x0 /usr/lib/w32api/libuser32.a(dwxfh.o)
 .data          0x004250a4        0x0 /usr/lib/w32api/libuser32.a(dwxft.o)
 .data          0x004250a4        0x4 /usr/lib/gcc/i686-pc-mingw32/3.4.4/../../../../i686-pc-mingw32/lib/libmingw32.a(CRTglob.o)
                0x004250a4                __CRT_glob
 .data          0x004250a8        0x0 /usr/lib/gcc/i686-pc-mingw32/3.4.4/../../../../i686-pc-mingw32/lib/libmingw32.a(CRTfmode.o)
 .data          0x004250a8        0x4 /usr/lib/gcc/i686-pc-mingw32/3.4.4/../../../../i686-pc-mingw32/lib/libmingw32.a(txtmode.o)
                0x004250a8                __fmode
 .data          0x004250ac        0x0 /usr/lib/gcc/i686-pc-mingw32/3.4.4/../../../../i686-pc-mingw32/lib/libmingw32.a(main.o)
 .data          0x004250ac        0x4 /usr/lib/gcc/i686-pc-mingw32/3.4.4/../../../../i686-pc-mingw32/lib/libmingw32.a(gccmain.o)
 .data          0x004250b0        0x0 /usr/lib/gcc/i686-pc-mingw32/3.4.4/../../../../i686-pc-mingw32/lib/libmingw32.a(pseudo-reloc.o)
 .data          0x004250b0        0x0 /usr/lib/gcc/i686-pc-mingw32/3.4.4/../../../../i686-pc-mingw32/lib/libmingw32.a(cpu_features.o)
 .data          0x004250b0        0x0 /usr/lib/gcc/i686-pc-mingw32/3.4.4/../../../../i686-pc-mingw32/lib/libmingw32.a(CRT_fp10.o)
 .data          0x004250b0        0x0 /usr/lib/gcc/i686-pc-mingw32/3.4.4/../../../../i686-pc-mingw32/lib/libmingw32.a(pseudo-reloc-list.o)
 .data          0x004250b0        0x0 /usr/lib/gcc/i686-pc-mingw32/3.4.4/libgcc.a(_umoddi3.o)
 .data          0x004250b0        0x0 /usr/lib/gcc/i686-pc-mingw32/3.4.4/libgcc.a(_udivdi3.o)
 .data          0x004250b0        0x0 /usr/lib/gcc/i686-pc-mingw32/3.4.4/libgcc.a(_chkstk.o)
 .data          0x004250b0        0x0 /usr/lib/gcc/i686-pc-mingw32/3.4.4/libgcc.a(_ctors.o)
 .data          0x004250b0        0x0 /usr/lib/gcc/i686-pc-mingw32/3.4.4/../../../../i686-pc-mingw32/lib/libmsvcrt.a(doxfs00266.o)
 .data          0x004250b0        0x0 /usr/lib/gcc/i686-pc-mingw32/3.4.4/../../../../i686-pc-mingw32/lib/libmsvcrt.a(doxfs00099.o)
 .data          0x004250b0        0x0 /usr/lib/gcc/i686-pc-mingw32/3.4.4/../../../../i686-pc-mingw32/lib/libmsvcrt.a(doxfs00590.o)
 .data          0x004250b0        0x0 /usr/lib/gcc/i686-pc-mingw32/3.4.4/../../../../i686-pc-mingw32/lib/libmsvcrt.a(doxfs00383.o)
 .data          0x004250b0        0x0 /usr/lib/gcc/i686-pc-mingw32/3.4.4/../../../../i686-pc-mingw32/lib/libmsvcrt.a(doxfs00147.o)
 .data          0x004250b0        0x0 /usr/lib/gcc/i686-pc-mingw32/3.4.4/../../../../i686-pc-mingw32/lib/libmsvcrt.a(doxfs00077.o)
 .data          0x004250b0        0x0 /usr/lib/gcc/i686-pc-mingw32/3.4.4/../../../../i686-pc-mingw32/lib/libmsvcrt.a(doxfs00706.o)
 .data          0x004250b0        0x0 /usr/lib/gcc/i686-pc-mingw32/3.4.4/../../../../i686-pc-mingw32/lib/libmsvcrt.a(doxfs00079.o)
 .data          0x004250b0        0x0 /usr/lib/gcc/i686-pc-mingw32/3.4.4/../../../../i686-pc-mingw32/lib/libmsvcrt.a(doxfs00426.o)
 .data          0x004250b0        0x0 /usr/lib/gcc/i686-pc-mingw32/3.4.4/../../../../i686-pc-mingw32/lib/libmsvcrt.a(doxfs00055.o)
 .data          0x004250b0        0x0 /usr/lib/gcc/i686-pc-mingw32/3.4.4/../../../../i686-pc-mingw32/lib/libmsvcrt.a(doxfs00392.o)
 .data          0x004250b0        0x0 /usr/lib/gcc/i686-pc-mingw32/3.4.4/../../../../i686-pc-mingw32/lib/libmsvcrt.a(doxfs00065.o)
 .data          0x004250b0        0x0 /usr/lib/gcc/i686-pc-mingw32/3.4.4/../../../../i686-pc-mingw32/lib/libmsvcrt.a(doxfs00633.o)
 .data          0x004250b0        0x0 /usr/lib/gcc/i686-pc-mingw32/3.4.4/../../../../i686-pc-mingw32/lib/libmsvcrt.a(doxfs00684.o)
 .data          0x004250b0        0x0 /usr/lib/gcc/i686-pc-mingw32/3.4.4/../../../../i686-pc-mingw32/lib/libmsvcrt.a(doxfs00682.o)
 .data          0x004250b0        0x0 /usr/lib/gcc/i686-pc-mingw32/3.4.4/../../../../i686-pc-mingw32/lib/libmsvcrt.a(doxfs00724.o)
 .data          0x004250b0        0x0 /usr/lib/gcc/i686-pc-mingw32/3.4.4/../../../../i686-pc-mingw32/lib/libmsvcrt.a(doxfs00717.o)
 .data          0x004250b0        0x0 /usr/lib/gcc/i686-pc-mingw32/3.4.4/../../../../i686-pc-mingw32/lib/libmsvcrt.a(doxfs00607.o)
 .data          0x004250b0        0x0 /usr/lib/gcc/i686-pc-mingw32/3.4.4/../../../../i686-pc-mingw32/lib/libmsvcrt.a(doxfs00619.o)
 .data          0x004250b0        0x0 /usr/lib/gcc/i686-pc-mingw32/3.4.4/../../../../i686-pc-mingw32/lib/libmsvcrt.a(doxfs00621.o)
 .data          0x004250b0        0x0 /usr/lib/gcc/i686-pc-mingw32/3.4.4/../../../../i686-pc-mingw32/lib/libmsvcrt.a(doxfs00137.o)
 .data          0x004250b0        0x0 /usr/lib/gcc/i686-pc-mingw32/3.4.4/../../../../i686-pc-mingw32/lib/libmsvcrt.a(doxfs00712.o)
 .data          0x004250b0        0x0 /usr/lib/gcc/i686-pc-mingw32/3.4.4/../../../../i686-pc-mingw32/lib/libmsvcrt.a(doxfs00714.o)
 .data          0x004250b0        0x0 /usr/lib/gcc/i686-pc-mingw32/3.4.4/../../../../i686-pc-mingw32/lib/libmsvcrt.a(doxfs00721.o)
 .data          0x004250b0        0x0 /usr/lib/gcc/i686-pc-mingw32/3.4.4/../../../../i686-pc-mingw32/lib/libmsvcrt.a(doxfs00268.o)
 .data          0x004250b0        0x0 /usr/lib/gcc/i686-pc-mingw32/3.4.4/../../../../i686-pc-mingw32/lib/libmsvcrt.a(doxfs00618.o)
 .data          0x004250b0        0x0 /usr/lib/gcc/i686-pc-mingw32/3.4.4/../../../../i686-pc-mingw32/lib/libmsvcrt.a(doxfs00625.o)
 .data          0x004250b0        0x0 /usr/lib/gcc/i686-pc-mingw32/3.4.4/../../../../i686-pc-mingw32/lib/libmsvcrt.a(doxfs00698.o)
 .data          0x004250b0        0x0 /usr/lib/gcc/i686-pc-mingw32/3.4.4/../../../../i686-pc-mingw32/lib/libmsvcrt.a(doxfs00676.o)
 .data          0x004250b0        0x0 /usr/lib/gcc/i686-pc-mingw32/3.4.4/../../../../i686-pc-mingw32/lib/libmsvcrt.a(doxfs00613.o)
 .data          0x004250b0        0x0 /usr/lib/gcc/i686-pc-mingw32/3.4.4/../../../../i686-pc-mingw32/lib/libmsvcrt.a(doxfs00490.o)
 .data          0x004250b0        0x0 /usr/lib/gcc/i686-pc-mingw32/3.4.4/../../../../i686-pc-mingw32/lib/libmsvcrt.a(doxfs00731.o)
 .data          0x004250b0        0x0 /usr/lib/gcc/i686-pc-mingw32/3.4.4/../../../../i686-pc-mingw32/lib/libmsvcrt.a(doxfs00732.o)
 .data          0x004250b0        0x0 /usr/lib/gcc/i686-pc-mingw32/3.4.4/../../../../i686-pc-mingw32/lib/libmsvcrt.a(doxfs00683.o)
 .data          0x004250b0        0x0 /usr/lib/gcc/i686-pc-mingw32/3.4.4/../../../../i686-pc-mingw32/lib/libmsvcrt.a(doxfs00583.o)
 .data          0x004250b0        0x0 /usr/lib/gcc/i686-pc-mingw32/3.4.4/../../../../i686-pc-mingw32/lib/libmsvcrt.a(doxfs00709.o)
 .data          0x004250b0        0x0 /usr/lib/gcc/i686-pc-mingw32/3.4.4/../../../../i686-pc-mingw32/lib/libmsvcrt.a(doxfs00620.o)
 .data          0x004250b0        0x0 /usr/lib/gcc/i686-pc-mingw32/3.4.4/../../../../i686-pc-mingw32/lib/libmsvcrt.a(doxfs00592.o)
 .data          0x004250b0        0x0 /usr/lib/gcc/i686-pc-mingw32/3.4.4/../../../../i686-pc-mingw32/lib/libmsvcrt.a(doxfs00746.o)
 .data          0x004250b0        0x0 /usr/lib/gcc/i686-pc-mingw32/3.4.4/../../../../i686-pc-mingw32/lib/libmsvcrt.a(doxfs00611.o)
 .data          0x004250b0        0x0 /usr/lib/gcc/i686-pc-mingw32/3.4.4/../../../../i686-pc-mingw32/lib/libmsvcrt.a(doxfs00715.o)
 .data          0x004250b0        0x0 /usr/lib/gcc/i686-pc-mingw32/3.4.4/../../../../i686-pc-mingw32/lib/libmsvcrt.a(doxfs00624.o)
 .data          0x004250b0        0x0 /usr/lib/gcc/i686-pc-mingw32/3.4.4/../../../../i686-pc-mingw32/lib/libmsvcrt.a(doxfs00742.o)
 .data          0x004250b0        0x0 /usr/lib/gcc/i686-pc-mingw32/3.4.4/../../../../i686-pc-mingw32/lib/libmsvcrt.a(doxfs00718.o)
 .data          0x004250b0        0x0 /usr/lib/gcc/i686-pc-mingw32/3.4.4/../../../../i686-pc-mingw32/lib/libmsvcrt.a(doxfs00726.o)
 .data          0x004250b0        0x0 /usr/lib/gcc/i686-pc-mingw32/3.4.4/../../../../i686-pc-mingw32/lib/libmsvcrt.a(doxfs00610.o)
 .data          0x004250b0        0x0 /usr/lib/gcc/i686-pc-mingw32/3.4.4/../../../../i686-pc-mingw32/lib/libmsvcrt.a(doxfs00637.o)
 .data          0x004250b0        0x0 /usr/lib/gcc/i686-pc-mingw32/3.4.4/../../../../i686-pc-mingw32/lib/libmsvcrt.a(doxfs00720.o)
 .data          0x004250b0        0x0 /usr/lib/gcc/i686-pc-mingw32/3.4.4/../../../../i686-pc-mingw32/lib/libmsvcrt.a(doxfs00604.o)
 .data          0x004250b0        0x0 /usr/lib/gcc/i686-pc-mingw32/3.4.4/../../../../i686-pc-mingw32/lib/libmsvcrt.a(doxfs00699.o)
 .data          0x004250b0        0x0 /usr/lib/gcc/i686-pc-mingw32/3.4.4/../../../../i686-pc-mingw32/lib/libmsvcrt.a(doxfh.o)
 .data          0x004250b0        0x0 /usr/lib/gcc/i686-pc-mingw32/3.4.4/../../../../i686-pc-mingw32/lib/libmsvcrt.a(doxft.o)
 .data          0x004250b0        0x0 /usr/lib/w32api/libkernel32.a(dyuhs00739.o)
 .data          0x004250b0        0x0 /usr/lib/w32api/libkernel32.a(dyuhs00156.o)
 .data          0x004250b0        0x0 /usr/lib/w32api/libkernel32.a(dyuhs00559.o)
 .data          0x004250b0        0x0 /usr/lib/w32api/libkernel32.a(dyuhs00335.o)
 .data          0x004250b0        0x0 /usr/lib/w32api/libkernel32.a(dyuhs00433.o)
 .data          0x004250b0        0x0 /usr/lib/w32api/libkernel32.a(dyuhs00827.o)
 .data          0x004250b0        0x0 /usr/lib/w32api/libkernel32.a(dyuhs00009.o)
 .data          0x004250b0        0x0 /usr/lib/w32api/libkernel32.a(dyuhs00388.o)
 .data          0x004250b0        0x0 /usr/lib/w32api/libkernel32.a(dyuhs00443.o)
 .data          0x004250b0        0x0 /usr/lib/w32api/libkernel32.a(dyuhs00182.o)
 .data          0x004250b0        0x0 /usr/lib/w32api/libkernel32.a(dyuhs00191.o)
 .data          0x004250b0        0x0 /usr/lib/w32api/libkernel32.a(dyuhs00178.o)
 .data          0x004250b0        0x0 /usr/lib/w32api/libkernel32.a(dyuhs00284.o)
 .data          0x004250b0        0x0 /usr/lib/w32api/libkernel32.a(dyuhs00401.o)
 .data          0x004250b0        0x0 /usr/lib/w32api/libkernel32.a(dyuhs00402.o)
 .data          0x004250b0        0x0 /usr/lib/w32api/libkernel32.a(dyuhs00460.o)
 .data          0x004250b0        0x0 /usr/lib/w32api/libkernel32.a(dyuhs00285.o)
 .data          0x004250b0        0x0 /usr/lib/w32api/libkernel32.a(dyuhs00422.o)
 .data          0x004250b0        0x0 /usr/lib/w32api/libkernel32.a(dyuhs00283.o)
 .data          0x004250b0        0x0 /usr/lib/w32api/libkernel32.a(dyuhs00373.o)
 .data          0x004250b0        0x0 /usr/lib/w32api/libkernel32.a(dyuhs00423.o)
 .data          0x004250b0        0x0 /usr/lib/w32api/libkernel32.a(dyuhs00597.o)
 .data          0x004250b0        0x0 /usr/lib/w32api/libkernel32.a(dyuhs00091.o)
 .data          0x004250b0        0x0 /usr/lib/w32api/libkernel32.a(dyuhs00068.o)
 .data          0x004250b0        0x0 /usr/lib/w32api/libkernel32.a(dyuhs00303.o)
 .data          0x004250b0        0x0 /usr/lib/w32api/libkernel32.a(dyuhs00524.o)
 .data          0x004250b0        0x0 /usr/lib/w32api/libkernel32.a(dyuhs00364.o)
 .data          0x004250b0        0x0 /usr/lib/w32api/libkernel32.a(dyuhs00616.o)
 .data          0x004250b0        0x0 /usr/lib/w32api/libkernel32.a(dyuhs00038.o)
 .data          0x004250b0        0x0 /usr/lib/w32api/libkernel32.a(dyuhs00326.o)
 .data          0x004250b0        0x0 /usr/lib/w32api/libkernel32.a(dyuhs00281.o)
 .data          0x004250b0        0x0 /usr/lib/w32api/libkernel32.a(dyuhs00688.o)
 .data          0x004250b0        0x0 /usr/lib/w32api/libkernel32.a(dyuhs00237.o)
 .data          0x004250b0        0x0 /usr/lib/w32api/libkernel32.a(dyuhs00386.o)
 .data          0x004250b0        0x0 /usr/lib/w32api/libkernel32.a(dyuhs00337.o)
 .data          0x004250b0        0x0 /usr/lib/w32api/libkernel32.a(dyuhh.o)
 .data          0x004250b0        0x0 /usr/lib/w32api/libkernel32.a(dyuht.o)
 *(.data2)
 *(SORT(.data$*))
 *(.jcr)
                0x004250b0                __data_end__ = .
 *(.data_cygwin_nocopy)

.rdata          0x00426000     0x9000
 *(.rdata)
 .rdata         0x00426000      0x75c import.o
 *fill*         0x0042675c        0x4 00
 .rdata         0x00426760      0x160 misc.o
 .rdata         0x004268c0     0x2580 sshaes.o
                0x004268c0                _ssh2_aes
 .rdata         0x00428e40       0x3c sshbn.o
 *fill*         0x00428e7c        0x4 00
 .rdata         0x00428e80      0xc20 sshdes.o
                0x00428ee0                _ssh2_des
                0x00428e90                _ssh_des
                0x00428f6c                _ssh2_3des
                0x00428ec4                _ssh_3des
 .rdata         0x00429aa0       0xe0 sshdss.o
                0x00429ac0                _ssh_dss
 .rdata         0x00429b80       0x40 sshmd5.o
                0x00429ba0                _ssh_hmac_md5
 .rdata         0x00429bc0     0x3340 sshprime.o
 .rdata         0x0042cf00      0x328 sshpubk.o
 *fill*         0x0042d228       0x18 00
 .rdata         0x0042d240      0x100 sshrsa.o
                0x0042d260                _ssh_rsa
 .rdata         0x0042d340      0x2c0 sshsh512.o
 .rdata         0x0042d600      0x160 sshsha.o
                0x0042d720                _ssh_hmac_sha1
                0x0042d748                _ssh_sha1
                0x0042d6a0                _ssh_hmac_sha1_buggy
                0x0042d640                _ssh_hmac_sha1_96_buggy
                0x0042d6e0                _ssh_hmac_sha1_96
 .rdata         0x0042d760       0x3c tree234.o
 .rdata         0x0042d79c      0x544 winctrls.o
 .rdata         0x0042dce0       0x14 winhelp.o
 .rdata         0x0042dcf4       0x20 winmisc.o
                0x0042dcf4                _platform_x11_best_transport
 *fill*         0x0042dd14        0xc 00
 .rdata         0x0042dd20      0xb40 winpgen.o
 .rdata         0x0042e860      0x398 winstore.o
 .rdata         0x0042ebf8      0x25c winutils.o
 *(SORT(.rdata$*))
 *(.eh_frame)
                0x0042ee54                ___RUNTIME_PSEUDO_RELOC_LIST__ = .
                0x0042ee54                __RUNTIME_PSEUDO_RELOC_LIST__ = .
 *(.rdata_runtime_pseudo_reloc)
                0x0042ee54                ___RUNTIME_PSEUDO_RELOC_LIST_END__ = .
                0x0042ee54                __RUNTIME_PSEUDO_RELOC_LIST_END__ = .

.pdata
 *(.pdata)

.bss            0x0042f000      0x7d0
                0x0042f000                __bss_start__ = .
 *(.bss)
 .bss           0x0042f000        0x8 /usr/lib/gcc/i686-pc-mingw32/3.4.4/../../../../i686-pc-mingw32/lib/crt2.o
                0x0042f004                __argc
                0x0042f000                __argv
 .bss           0x0042f008        0x0 import.o
 .bss           0x0042f008        0x0 misc.o
 .bss           0x0042f008        0x0 notiming.o
 .bss           0x0042f008        0x0 sshaes.o
 .bss           0x0042f008        0x4 sshbn.o
                0x0042f008                _bnZero
 .bss           0x0042f00c        0x0 sshdes.o
 .bss           0x0042f00c        0x0 sshdss.o
 .bss           0x0042f00c        0x0 sshdssg.o
 .bss           0x0042f00c        0x0 sshmd5.o
 .bss           0x0042f00c        0x0 sshprime.o
 .bss           0x0042f00c        0xc sshpubk.o
                0x0042f00c                _ssh2_wrong_passphrase
 .bss           0x0042f018      0x518 sshrand.o
                0x0042f018                _random_active
 .bss           0x0042f530        0x0 sshrsa.o
 .bss           0x0042f530        0x0 sshrsag.o
 .bss           0x0042f530        0x0 sshsh512.o
 .bss           0x0042f530        0x0 sshsha.o
 .bss           0x0042f530        0x0 tree234.o
 .bss           0x0042f530        0x0 version.o
 .bss           0x0042f530       0x80 winctrls.o
 .bss           0x0042f5b0       0x30 winhelp.o
 .bss           0x0042f5e0       0x20 winmisc.o
 .bss           0x0042f600        0x0 winnoise.o
 .bss           0x0042f600       0x20 winpgen.o
 .bss           0x0042f620       0x30 winstore.o
 .bss           0x0042f650        0x0 wintime.o
 .bss           0x0042f650        0x0 winutils.o
 .bss           0x0042f650        0x0 /usr/lib/w32api/libadvapi32.a(dykgs00245.o)
 .bss           0x0042f650        0x0 /usr/lib/w32api/libadvapi32.a(dykgs00389.o)
 .bss           0x0042f650        0x0 /usr/lib/w32api/libadvapi32.a(dykgs00386.o)
 .bss           0x0042f650        0x0 /usr/lib/w32api/libadvapi32.a(dykgs00434.o)
 .bss           0x0042f650        0x0 /usr/lib/w32api/libadvapi32.a(dykgs00412.o)
 .bss           0x0042f650        0x0 /usr/lib/w32api/libadvapi32.a(dykgs00423.o)
 .bss           0x0042f650        0x0 /usr/lib/w32api/libadvapi32.a(dykgs00393.o)
 .bss           0x0042f650        0x0 /usr/lib/w32api/libadvapi32.a(dykgs00400.o)
 .bss           0x0042f650        0x0 /usr/lib/w32api/libadvapi32.a(dykgh.o)
 .bss           0x0042f650        0x0 /usr/lib/w32api/libadvapi32.a(dykgt.o)
 .bss           0x0042f650        0x0 /usr/lib/w32api/libcomctl32.a(dkzhs00094.o)
 .bss           0x0042f650        0x0 /usr/lib/w32api/libcomctl32.a(dkzhs00093.o)
 .bss           0x0042f650        0x0 /usr/lib/w32api/libcomctl32.a(dkzhs00041.o)
 .bss           0x0042f650        0x0 /usr/lib/w32api/libcomctl32.a(dkzhs00091.o)
 .bss           0x0042f650        0x0 /usr/lib/w32api/libcomctl32.a(dkzhh.o)
 .bss           0x0042f650        0x0 /usr/lib/w32api/libcomctl32.a(dkzht.o)
 .bss           0x0042f650        0x0 /usr/lib/w32api/libcomdlg32.a(dmycs00002.o)
 .bss           0x0042f650        0x0 /usr/lib/w32api/libcomdlg32.a(dmycs00000.o)
 .bss           0x0042f650        0x0 /usr/lib/w32api/libcomdlg32.a(dmycs00011.o)
 .bss           0x0042f650        0x0 /usr/lib/w32api/libcomdlg32.a(dmycs00009.o)
 .bss           0x0042f650        0x0 /usr/lib/w32api/libcomdlg32.a(dmych.o)
 .bss           0x0042f650        0x0 /usr/lib/w32api/libcomdlg32.a(dmyct.o)
 .bss           0x0042f650        0x0 /usr/lib/w32api/libgdi32.a(dyohs00146.o)
 .bss           0x0042f650        0x0 /usr/lib/w32api/libgdi32.a(dyohs00304.o)
 .bss           0x0042f650        0x0 /usr/lib/w32api/libgdi32.a(dyohs00279.o)
 .bss           0x0042f650        0x0 /usr/lib/w32api/libgdi32.a(dyohs00208.o)
 .bss           0x0042f650        0x0 /usr/lib/w32api/libgdi32.a(dyohs00211.o)
 .bss           0x0042f650        0x0 /usr/lib/w32api/libgdi32.a(dyohs00337.o)
 .bss           0x0042f650        0x0 /usr/lib/w32api/libgdi32.a(dyohh.o)
 .bss           0x0042f650        0x0 /usr/lib/w32api/libgdi32.a(dyoht.o)
 .bss           0x0042f650        0x0 /usr/lib/w32api/libuser32.a(dwxfs00504.o)
 .bss           0x0042f650        0x0 /usr/lib/w32api/libuser32.a(dwxfs00235.o)
 .bss           0x0042f650        0x0 /usr/lib/w32api/libuser32.a(dwxfs00423.o)
 .bss           0x0042f650        0x0 /usr/lib/w32api/libuser32.a(dwxfs00089.o)
 .bss           0x0042f650        0x0 /usr/lib/w32api/libuser32.a(dwxfs00568.o)
 .bss           0x0042f650        0x0 /usr/lib/w32api/libuser32.a(dwxfs00247.o)
 .bss           0x0042f650        0x0 /usr/lib/w32api/libuser32.a(dwxfs00490.o)
 .bss           0x0042f650        0x0 /usr/lib/w32api/libuser32.a(dwxfs00501.o)
 .bss           0x0042f650        0x0 /usr/lib/w32api/libuser32.a(dwxfs00565.o)
 .bss           0x0042f650        0x0 /usr/lib/w32api/libuser32.a(dwxfs00430.o)
 .bss           0x0042f650        0x0 /usr/lib/w32api/libuser32.a(dwxfs00056.o)
 .bss           0x0042f650        0x0 /usr/lib/w32api/libuser32.a(dwxfs00384.o)
 .bss           0x0042f650        0x0 /usr/lib/w32api/libuser32.a(dwxfs00053.o)
 .bss           0x0042f650        0x0 /usr/lib/w32api/libuser32.a(dwxfs00526.o)
 .bss           0x0042f650        0x0 /usr/lib/w32api/libuser32.a(dwxfs00254.o)
 .bss           0x0042f650        0x0 /usr/lib/w32api/libuser32.a(dwxfs00487.o)
 .bss           0x0042f650        0x0 /usr/lib/w32api/libuser32.a(dwxfs00162.o)
 .bss           0x0042f650        0x0 /usr/lib/w32api/libuser32.a(dwxfs00513.o)
 .bss           0x0042f650        0x0 /usr/lib/w32api/libuser32.a(dwxfs00252.o)
 .bss           0x0042f650        0x0 /usr/lib/w32api/libuser32.a(dwxfs00368.o)
 .bss           0x0042f650        0x0 /usr/lib/w32api/libuser32.a(dwxfs00529.o)
 .bss           0x0042f650        0x0 /usr/lib/w32api/libuser32.a(dwxfs00431.o)
 .bss           0x0042f650        0x0 /usr/lib/w32api/libuser32.a(dwxfs00627.o)
 .bss           0x0042f650        0x0 /usr/lib/w32api/libuser32.a(dwxfs00258.o)
 .bss           0x0042f650        0x0 /usr/lib/w32api/libuser32.a(dwxfs00223.o)
 .bss           0x0042f650        0x0 /usr/lib/w32api/libuser32.a(dwxfs00240.o)
 .bss           0x0042f650        0x0 /usr/lib/w32api/libuser32.a(dwxfs00309.o)
 .bss           0x0042f650        0x0 /usr/lib/w32api/libuser32.a(dwxfs00246.o)
 .bss           0x0042f650        0x0 /usr/lib/w32api/libuser32.a(dwxfs00181.o)
 .bss           0x0042f650        0x0 /usr/lib/w32api/libuser32.a(dwxfs00530.o)
 .bss           0x0042f650        0x0 /usr/lib/w32api/libuser32.a(dwxfs00249.o)
 .bss           0x0042f650        0x0 /usr/lib/w32api/libuser32.a(dwxfs00346.o)
 .bss           0x0042f650        0x0 /usr/lib/w32api/libuser32.a(dwxfs00442.o)
 .bss           0x0042f650        0x0 /usr/lib/w32api/libuser32.a(dwxfs00179.o)
 .bss           0x0042f650        0x0 /usr/lib/w32api/libuser32.a(dwxfs00146.o)
 .bss           0x0042f650        0x0 /usr/lib/w32api/libuser32.a(dwxfs00512.o)
 .bss           0x0042f650        0x0 /usr/lib/w32api/libuser32.a(dwxfs00463.o)
 .bss           0x0042f650        0x0 /usr/lib/w32api/libuser32.a(dwxfs00581.o)
 .bss           0x0042f650        0x0 /usr/lib/w32api/libuser32.a(dwxfs00177.o)
 .bss           0x0042f650        0x0 /usr/lib/w32api/libuser32.a(dwxfs00340.o)
 .bss           0x0042f650        0x0 /usr/lib/w32api/libuser32.a(dwxfs00406.o)
 .bss           0x0042f650        0x0 /usr/lib/w32api/libuser32.a(dwxfs00087.o)
 .bss           0x0042f650        0x0 /usr/lib/w32api/libuser32.a(dwxfs00006.o)
 .bss           0x0042f650        0x0 /usr/lib/w32api/libuser32.a(dwxfs00534.o)
 .bss           0x0042f650        0x0 /usr/lib/w32api/libuser32.a(dwxfs00055.o)
 .bss           0x0042f650        0x0 /usr/lib/w32api/libuser32.a(dwxfs00525.o)
 .bss           0x0042f650        0x0 /usr/lib/w32api/libuser32.a(dwxfs00295.o)
 .bss           0x0042f650        0x0 /usr/lib/w32api/libuser32.a(dwxfs00253.o)
 .bss           0x0042f650        0x0 /usr/lib/w32api/libuser32.a(dwxfs00349.o)
 .bss           0x0042f650        0x0 /usr/lib/w32api/libuser32.a(dwxfs00348.o)
 .bss           0x0042f650        0x0 /usr/lib/w32api/libuser32.a(dwxfs00434.o)
 .bss           0x0042f650        0x0 /usr/lib/w32api/libuser32.a(dwxfh.o)
 .bss           0x0042f650        0x0 /usr/lib/w32api/libuser32.a(dwxft.o)
 .bss           0x0042f650        0x0 /usr/lib/gcc/i686-pc-mingw32/3.4.4/../../../../i686-pc-mingw32/lib/libmingw32.a(CRTglob.o)
 .bss           0x0042f650        0x4 /usr/lib/gcc/i686-pc-mingw32/3.4.4/../../../../i686-pc-mingw32/lib/libmingw32.a(CRTfmode.o)
                0x0042f650                __CRT_fmode
 .bss           0x0042f654        0x0 /usr/lib/gcc/i686-pc-mingw32/3.4.4/../../../../i686-pc-mingw32/lib/libmingw32.a(txtmode.o)
 .bss           0x0042f654        0x0 /usr/lib/gcc/i686-pc-mingw32/3.4.4/../../../../i686-pc-mingw32/lib/libmingw32.a(main.o)
 *fill*         0x0042f654        0x4 00
 .bss           0x0042f658       0x10 /usr/lib/gcc/i686-pc-mingw32/3.4.4/../../../../i686-pc-mingw32/lib/libmingw32.a(gccmain.o)
 .bss           0x0042f668        0x0 /usr/lib/gcc/i686-pc-mingw32/3.4.4/../../../../i686-pc-mingw32/lib/libmingw32.a(pseudo-reloc.o)
 .bss           0x0042f668        0x4 /usr/lib/gcc/i686-pc-mingw32/3.4.4/../../../../i686-pc-mingw32/lib/libmingw32.a(cpu_features.o)
                0x0042f668                ___cpu_features
 .bss           0x0042f66c        0x0 /usr/lib/gcc/i686-pc-mingw32/3.4.4/../../../../i686-pc-mingw32/lib/libmingw32.a(CRT_fp10.o)
 .bss           0x0042f66c        0x4 /usr/lib/gcc/i686-pc-mingw32/3.4.4/../../../../i686-pc-mingw32/lib/libmingw32.a(pseudo-reloc-list.o)
 .bss           0x0042f670        0x0 /usr/lib/gcc/i686-pc-mingw32/3.4.4/libgcc.a(_umoddi3.o)
 .bss           0x0042f670        0x0 /usr/lib/gcc/i686-pc-mingw32/3.4.4/libgcc.a(_udivdi3.o)
 .bss           0x0042f670        0x0 /usr/lib/gcc/i686-pc-mingw32/3.4.4/libgcc.a(_chkstk.o)
 .bss           0x0042f670        0x0 /usr/lib/gcc/i686-pc-mingw32/3.4.4/libgcc.a(_ctors.o)
 .bss           0x0042f670        0x0 /usr/lib/gcc/i686-pc-mingw32/3.4.4/../../../../i686-pc-mingw32/lib/libmsvcrt.a(doxfs00266.o)
 .bss           0x0042f670        0x0 /usr/lib/gcc/i686-pc-mingw32/3.4.4/../../../../i686-pc-mingw32/lib/libmsvcrt.a(doxfs00099.o)
 .bss           0x0042f670        0x0 /usr/lib/gcc/i686-pc-mingw32/3.4.4/../../../../i686-pc-mingw32/lib/libmsvcrt.a(doxfs00590.o)
 .bss           0x0042f670        0x0 /usr/lib/gcc/i686-pc-mingw32/3.4.4/../../../../i686-pc-mingw32/lib/libmsvcrt.a(doxfs00383.o)
 .bss           0x0042f670        0x0 /usr/lib/gcc/i686-pc-mingw32/3.4.4/../../../../i686-pc-mingw32/lib/libmsvcrt.a(doxfs00147.o)
 .bss           0x0042f670        0x0 /usr/lib/gcc/i686-pc-mingw32/3.4.4/../../../../i686-pc-mingw32/lib/libmsvcrt.a(doxfs00077.o)
 .bss           0x0042f670        0x0 /usr/lib/gcc/i686-pc-mingw32/3.4.4/../../../../i686-pc-mingw32/lib/libmsvcrt.a(doxfs00706.o)
 .bss           0x0042f670        0x0 /usr/lib/gcc/i686-pc-mingw32/3.4.4/../../../../i686-pc-mingw32/lib/libmsvcrt.a(doxfs00079.o)
 .bss           0x0042f670        0x0 /usr/lib/gcc/i686-pc-mingw32/3.4.4/../../../../i686-pc-mingw32/lib/libmsvcrt.a(doxfs00426.o)
 .bss           0x0042f670        0x0 /usr/lib/gcc/i686-pc-mingw32/3.4.4/../../../../i686-pc-mingw32/lib/libmsvcrt.a(doxfs00055.o)
 .bss           0x0042f670        0x0 /usr/lib/gcc/i686-pc-mingw32/3.4.4/../../../../i686-pc-mingw32/lib/libmsvcrt.a(doxfs00392.o)
 .bss           0x0042f670        0x0 /usr/lib/gcc/i686-pc-mingw32/3.4.4/../../../../i686-pc-mingw32/lib/libmsvcrt.a(doxfs00065.o)
 .bss           0x0042f670        0x0 /usr/lib/gcc/i686-pc-mingw32/3.4.4/../../../../i686-pc-mingw32/lib/libmsvcrt.a(doxfs00633.o)
 .bss           0x0042f670        0x0 /usr/lib/gcc/i686-pc-mingw32/3.4.4/../../../../i686-pc-mingw32/lib/libmsvcrt.a(doxfs00684.o)
 .bss           0x0042f670        0x0 /usr/lib/gcc/i686-pc-mingw32/3.4.4/../../../../i686-pc-mingw32/lib/libmsvcrt.a(doxfs00682.o)
 .bss           0x0042f670        0x0 /usr/lib/gcc/i686-pc-mingw32/3.4.4/../../../../i686-pc-mingw32/lib/libmsvcrt.a(doxfs00724.o)
 .bss           0x0042f670        0x0 /usr/lib/gcc/i686-pc-mingw32/3.4.4/../../../../i686-pc-mingw32/lib/libmsvcrt.a(doxfs00717.o)
 .bss           0x0042f670        0x0 /usr/lib/gcc/i686-pc-mingw32/3.4.4/../../../../i686-pc-mingw32/lib/libmsvcrt.a(doxfs00607.o)
 .bss           0x0042f670        0x0 /usr/lib/gcc/i686-pc-mingw32/3.4.4/../../../../i686-pc-mingw32/lib/libmsvcrt.a(doxfs00619.o)
 .bss           0x0042f670        0x0 /usr/lib/gcc/i686-pc-mingw32/3.4.4/../../../../i686-pc-mingw32/lib/libmsvcrt.a(doxfs00621.o)
 .bss           0x0042f670        0x0 /usr/lib/gcc/i686-pc-mingw32/3.4.4/../../../../i686-pc-mingw32/lib/libmsvcrt.a(doxfs00137.o)
 .bss           0x0042f670        0x0 /usr/lib/gcc/i686-pc-mingw32/3.4.4/../../../../i686-pc-mingw32/lib/libmsvcrt.a(doxfs00712.o)
 .bss           0x0042f670        0x0 /usr/lib/gcc/i686-pc-mingw32/3.4.4/../../../../i686-pc-mingw32/lib/libmsvcrt.a(doxfs00714.o)
 .bss           0x0042f670        0x0 /usr/lib/gcc/i686-pc-mingw32/3.4.4/../../../../i686-pc-mingw32/lib/libmsvcrt.a(doxfs00721.o)
 .bss           0x0042f670        0x0 /usr/lib/gcc/i686-pc-mingw32/3.4.4/../../../../i686-pc-mingw32/lib/libmsvcrt.a(doxfs00268.o)
 .bss           0x0042f670        0x0 /usr/lib/gcc/i686-pc-mingw32/3.4.4/../../../../i686-pc-mingw32/lib/libmsvcrt.a(doxfs00618.o)
 .bss           0x0042f670        0x0 /usr/lib/gcc/i686-pc-mingw32/3.4.4/../../../../i686-pc-mingw32/lib/libmsvcrt.a(doxfs00625.o)
 .bss           0x0042f670        0x0 /usr/lib/gcc/i686-pc-mingw32/3.4.4/../../../../i686-pc-mingw32/lib/libmsvcrt.a(doxfs00698.o)
 .bss           0x0042f670        0x0 /usr/lib/gcc/i686-pc-mingw32/3.4.4/../../../../i686-pc-mingw32/lib/libmsvcrt.a(doxfs00676.o)
 .bss           0x0042f670        0x0 /usr/lib/gcc/i686-pc-mingw32/3.4.4/../../../../i686-pc-mingw32/lib/libmsvcrt.a(doxfs00613.o)
 .bss           0x0042f670        0x0 /usr/lib/gcc/i686-pc-mingw32/3.4.4/../../../../i686-pc-mingw32/lib/libmsvcrt.a(doxfs00490.o)
 .bss           0x0042f670        0x0 /usr/lib/gcc/i686-pc-mingw32/3.4.4/../../../../i686-pc-mingw32/lib/libmsvcrt.a(doxfs00731.o)
 .bss           0x0042f670        0x0 /usr/lib/gcc/i686-pc-mingw32/3.4.4/../../../../i686-pc-mingw32/lib/libmsvcrt.a(doxfs00732.o)
 .bss           0x0042f670        0x0 /usr/lib/gcc/i686-pc-mingw32/3.4.4/../../../../i686-pc-mingw32/lib/libmsvcrt.a(doxfs00683.o)
 .bss           0x0042f670        0x0 /usr/lib/gcc/i686-pc-mingw32/3.4.4/../../../../i686-pc-mingw32/lib/libmsvcrt.a(doxfs00583.o)
 .bss           0x0042f670        0x0 /usr/lib/gcc/i686-pc-mingw32/3.4.4/../../../../i686-pc-mingw32/lib/libmsvcrt.a(doxfs00709.o)
 .bss           0x0042f670        0x0 /usr/lib/gcc/i686-pc-mingw32/3.4.4/../../../../i686-pc-mingw32/lib/libmsvcrt.a(doxfs00620.o)
 .bss           0x0042f670        0x0 /usr/lib/gcc/i686-pc-mingw32/3.4.4/../../../../i686-pc-mingw32/lib/libmsvcrt.a(doxfs00592.o)
 .bss           0x0042f670        0x0 /usr/lib/gcc/i686-pc-mingw32/3.4.4/../../../../i686-pc-mingw32/lib/libmsvcrt.a(doxfs00746.o)
 .bss           0x0042f670        0x0 /usr/lib/gcc/i686-pc-mingw32/3.4.4/../../../../i686-pc-mingw32/lib/libmsvcrt.a(doxfs00611.o)
 .bss           0x0042f670        0x0 /usr/lib/gcc/i686-pc-mingw32/3.4.4/../../../../i686-pc-mingw32/lib/libmsvcrt.a(doxfs00715.o)
 .bss           0x0042f670        0x0 /usr/lib/gcc/i686-pc-mingw32/3.4.4/../../../../i686-pc-mingw32/lib/libmsvcrt.a(doxfs00624.o)
 .bss           0x0042f670        0x0 /usr/lib/gcc/i686-pc-mingw32/3.4.4/../../../../i686-pc-mingw32/lib/libmsvcrt.a(doxfs00742.o)
 .bss           0x0042f670        0x0 /usr/lib/gcc/i686-pc-mingw32/3.4.4/../../../../i686-pc-mingw32/lib/libmsvcrt.a(doxfs00718.o)
 .bss           0x0042f670        0x0 /usr/lib/gcc/i686-pc-mingw32/3.4.4/../../../../i686-pc-mingw32/lib/libmsvcrt.a(doxfs00726.o)
 .bss           0x0042f670        0x0 /usr/lib/gcc/i686-pc-mingw32/3.4.4/../../../../i686-pc-mingw32/lib/libmsvcrt.a(doxfs00610.o)
 .bss           0x0042f670        0x0 /usr/lib/gcc/i686-pc-mingw32/3.4.4/../../../../i686-pc-mingw32/lib/libmsvcrt.a(doxfs00637.o)
 .bss           0x0042f670        0x0 /usr/lib/gcc/i686-pc-mingw32/3.4.4/../../../../i686-pc-mingw32/lib/libmsvcrt.a(doxfs00720.o)
 .bss           0x0042f670        0x0 /usr/lib/gcc/i686-pc-mingw32/3.4.4/../../../../i686-pc-mingw32/lib/libmsvcrt.a(doxfs00604.o)
 .bss           0x0042f670        0x0 /usr/lib/gcc/i686-pc-mingw32/3.4.4/../../../../i686-pc-mingw32/lib/libmsvcrt.a(doxfs00699.o)
 .bss           0x0042f670        0x0 /usr/lib/gcc/i686-pc-mingw32/3.4.4/../../../../i686-pc-mingw32/lib/libmsvcrt.a(doxfh.o)
 .bss           0x0042f670        0x0 /usr/lib/gcc/i686-pc-mingw32/3.4.4/../../../../i686-pc-mingw32/lib/libmsvcrt.a(doxft.o)
 .bss           0x0042f670        0x0 /usr/lib/w32api/libkernel32.a(dyuhs00739.o)
 .bss           0x0042f670        0x0 /usr/lib/w32api/libkernel32.a(dyuhs00156.o)
 .bss           0x0042f670        0x0 /usr/lib/w32api/libkernel32.a(dyuhs00559.o)
 .bss           0x0042f670        0x0 /usr/lib/w32api/libkernel32.a(dyuhs00335.o)
 .bss           0x0042f670        0x0 /usr/lib/w32api/libkernel32.a(dyuhs00433.o)
 .bss           0x0042f670        0x0 /usr/lib/w32api/libkernel32.a(dyuhs00827.o)
 .bss           0x0042f670        0x0 /usr/lib/w32api/libkernel32.a(dyuhs00009.o)
 .bss           0x0042f670        0x0 /usr/lib/w32api/libkernel32.a(dyuhs00388.o)
 .bss           0x0042f670        0x0 /usr/lib/w32api/libkernel32.a(dyuhs00443.o)
 .bss           0x0042f670        0x0 /usr/lib/w32api/libkernel32.a(dyuhs00182.o)
 .bss           0x0042f670        0x0 /usr/lib/w32api/libkernel32.a(dyuhs00191.o)
 .bss           0x0042f670        0x0 /usr/lib/w32api/libkernel32.a(dyuhs00178.o)
 .bss           0x0042f670        0x0 /usr/lib/w32api/libkernel32.a(dyuhs00284.o)
 .bss           0x0042f670        0x0 /usr/lib/w32api/libkernel32.a(dyuhs00401.o)
 .bss           0x0042f670        0x0 /usr/lib/w32api/libkernel32.a(dyuhs00402.o)
 .bss           0x0042f670        0x0 /usr/lib/w32api/libkernel32.a(dyuhs00460.o)
 .bss           0x0042f670        0x0 /usr/lib/w32api/libkernel32.a(dyuhs00285.o)
 .bss           0x0042f670        0x0 /usr/lib/w32api/libkernel32.a(dyuhs00422.o)
 .bss           0x0042f670        0x0 /usr/lib/w32api/libkernel32.a(dyuhs00283.o)
 .bss           0x0042f670        0x0 /usr/lib/w32api/libkernel32.a(dyuhs00373.o)
 .bss           0x0042f670        0x0 /usr/lib/w32api/libkernel32.a(dyuhs00423.o)
 .bss           0x0042f670        0x0 /usr/lib/w32api/libkernel32.a(dyuhs00597.o)
 .bss           0x0042f670        0x0 /usr/lib/w32api/libkernel32.a(dyuhs00091.o)
 .bss           0x0042f670        0x0 /usr/lib/w32api/libkernel32.a(dyuhs00068.o)
 .bss           0x0042f670        0x0 /usr/lib/w32api/libkernel32.a(dyuhs00303.o)
 .bss           0x0042f670        0x0 /usr/lib/w32api/libkernel32.a(dyuhs00524.o)
 .bss           0x0042f670        0x0 /usr/lib/w32api/libkernel32.a(dyuhs00364.o)
 .bss           0x0042f670        0x0 /usr/lib/w32api/libkernel32.a(dyuhs00616.o)
 .bss           0x0042f670        0x0 /usr/lib/w32api/libkernel32.a(dyuhs00038.o)
 .bss           0x0042f670        0x0 /usr/lib/w32api/libkernel32.a(dyuhs00326.o)
 .bss           0x0042f670        0x0 /usr/lib/w32api/libkernel32.a(dyuhs00281.o)
 .bss           0x0042f670        0x0 /usr/lib/w32api/libkernel32.a(dyuhs00688.o)
 .bss           0x0042f670        0x0 /usr/lib/w32api/libkernel32.a(dyuhs00237.o)
 .bss           0x0042f670        0x0 /usr/lib/w32api/libkernel32.a(dyuhs00386.o)
 .bss           0x0042f670        0x0 /usr/lib/w32api/libkernel32.a(dyuhs00337.o)
 .bss           0x0042f670        0x0 /usr/lib/w32api/libkernel32.a(dyuhh.o)
 .bss           0x0042f670        0x0 /usr/lib/w32api/libkernel32.a(dyuht.o)
 *(COMMON)
 COMMON         0x0042f670       0x10 sshrand.o
                0x0042f670                _next_noise_collection
 COMMON         0x0042f680       0xa0 winmisc.o
                0x0042f680                _osVersion
 COMMON         0x0042f720       0x90 winpgen.o
                0x0042f720                _loaded_session
                0x0042f730                _term
                0x0042f740                _default_port
                0x0042f750                _hinst
                0x0042f760                _logbox
                0x0042f770                _flags
                0x0042f780                _hwnd
                0x0042f790                _logctx
                0x0042f7a0                _default_protocol
 COMMON         0x0042f7b0       0x20 /usr/lib/gcc/i686-pc-mingw32/3.4.4/libgcc.a(_ctors.o)
                0x0042f7d0                __bss_end__ = .

.edata
 *(.edata)

/DISCARD/
 *(.debug$S)
 *(.debug$T)
 *(.debug$F)
 *(.drectve)

.idata          0x00430000     0x1400
 SORT(*)(.idata$2)
 .idata$2       0x00430000       0x14 /usr/lib/gcc/i686-pc-mingw32/3.4.4/../../../../i686-pc-mingw32/lib/libmsvcrt.a(doxfh.o)
                0x00430000                __head_libmsvcrt_a
 .idata$2       0x00430014       0x14 /usr/lib/w32api/libadvapi32.a(dykgh.o)
                0x00430014                __head_libadvapi32_a
 .idata$2       0x00430028       0x14 /usr/lib/w32api/libcomctl32.a(dkzhh.o)
                0x00430028                __head_libcomctl32_a
 .idata$2       0x0043003c       0x14 /usr/lib/w32api/libcomdlg32.a(dmych.o)
                0x0043003c                __head_libcomdlg32_a
 .idata$2       0x00430050       0x14 /usr/lib/w32api/libgdi32.a(dyohh.o)
                0x00430050                __head_libgdi32_a
 .idata$2       0x00430064       0x14 /usr/lib/w32api/libkernel32.a(dyuhh.o)
                0x00430064                __head_libkernel32_a
 .idata$2       0x00430078       0x14 /usr/lib/w32api/libuser32.a(dwxfh.o)
                0x00430078                __head_libuser32_a
 SORT(*)(.idata$3)
                0x0043008c        0x4 LONG 0x0
                0x00430090        0x4 LONG 0x0
                0x00430094        0x4 LONG 0x0
                0x00430098        0x4 LONG 0x0
                0x0043009c        0x4 LONG 0x0
 SORT(*)(.idata$4)
 .idata$4       0x004300a0        0x4 /usr/lib/gcc/i686-pc-mingw32/3.4.4/../../../../i686-pc-mingw32/lib/libmsvcrt.a(doxfh.o)
 .idata$4       0x004300a4        0x4 /usr/lib/gcc/i686-pc-mingw32/3.4.4/../../../../i686-pc-mingw32/lib/libmsvcrt.a(doxfs00055.o)
 .idata$4       0x004300a8        0x4 /usr/lib/gcc/i686-pc-mingw32/3.4.4/../../../../i686-pc-mingw32/lib/libmsvcrt.a(doxfs00065.o)
 .idata$4       0x004300ac        0x4 /usr/lib/gcc/i686-pc-mingw32/3.4.4/../../../../i686-pc-mingw32/lib/libmsvcrt.a(doxfs00077.o)
 .idata$4       0x004300b0        0x4 /usr/lib/gcc/i686-pc-mingw32/3.4.4/../../../../i686-pc-mingw32/lib/libmsvcrt.a(doxfs00079.o)
 .idata$4       0x004300b4        0x4 /usr/lib/gcc/i686-pc-mingw32/3.4.4/../../../../i686-pc-mingw32/lib/libmsvcrt.a(doxfs00099.o)
 .idata$4       0x004300b8        0x4 /usr/lib/gcc/i686-pc-mingw32/3.4.4/../../../../i686-pc-mingw32/lib/libmsvcrt.a(doxfs00137.o)
 .idata$4       0x004300bc        0x4 /usr/lib/gcc/i686-pc-mingw32/3.4.4/../../../../i686-pc-mingw32/lib/libmsvcrt.a(doxfs00147.o)
 .idata$4       0x004300c0        0x4 /usr/lib/gcc/i686-pc-mingw32/3.4.4/../../../../i686-pc-mingw32/lib/libmsvcrt.a(doxfs00266.o)
 .idata$4       0x004300c4        0x4 /usr/lib/gcc/i686-pc-mingw32/3.4.4/../../../../i686-pc-mingw32/lib/libmsvcrt.a(doxfs00268.o)
 .idata$4       0x004300c8        0x4 /usr/lib/gcc/i686-pc-mingw32/3.4.4/../../../../i686-pc-mingw32/lib/libmsvcrt.a(doxfs00383.o)
 .idata$4       0x004300cc        0x4 /usr/lib/gcc/i686-pc-mingw32/3.4.4/../../../../i686-pc-mingw32/lib/libmsvcrt.a(doxfs00392.o)
 .idata$4       0x004300d0        0x4 /usr/lib/gcc/i686-pc-mingw32/3.4.4/../../../../i686-pc-mingw32/lib/libmsvcrt.a(doxfs00426.o)
 .idata$4       0x004300d4        0x4 /usr/lib/gcc/i686-pc-mingw32/3.4.4/../../../../i686-pc-mingw32/lib/libmsvcrt.a(doxfs00490.o)