Archive member included because of file (symbol)

/usr/lib/w32api/libadvapi32.a(dykgs00245.o)
                              winmisc.o (_GetUserNameA@8)
/usr/lib/w32api/libadvapi32.a(dykgs00389.o)
                              winstore.o (_RegCreateKeyA@12)
/usr/lib/w32api/libadvapi32.a(dykgs00386.o)
                              winstore.o (_RegCloseKey@4)
/usr/lib/w32api/libadvapi32.a(dykgs00434.o)
                              winstore.o (_RegSetValueExA@24)
/usr/lib/w32api/libadvapi32.a(dykgs00412.o)
                              winstore.o (_RegOpenKeyA@12)
/usr/lib/w32api/libadvapi32.a(dykgs00423.o)
                              winstore.o (_RegQueryValueExA@24)
/usr/lib/w32api/libadvapi32.a(dykgs00393.o)
                              winstore.o (_RegDeleteKeyA@8)
/usr/lib/w32api/libadvapi32.a(dykgs00400.o)
                              winstore.o (_RegEnumKeyA@16)
/usr/lib/w32api/libadvapi32.a(dykgh.o)
                              /usr/lib/w32api/libadvapi32.a(dykgs00245.o) (__head_libadvapi32_a)
/usr/lib/w32api/libadvapi32.a(dykgt.o)
                              /usr/lib/w32api/libadvapi32.a(dykgh.o) (__libadvapi32_a_iname)
/usr/lib/w32api/libcomctl32.a(dkzhs00094.o)
                              winctrls.o (_MakeDragList@4)
/usr/lib/w32api/libcomctl32.a(dkzhs00093.o)
                              winctrls.o (_LBItemFromPt@16)
/usr/lib/w32api/libcomctl32.a(dkzhs00041.o)
                              winctrls.o (_DrawInsert@12)
/usr/lib/w32api/libcomctl32.a(dkzhs00091.o)
                              window.o (_InitCommonControls@0)
/usr/lib/w32api/libcomctl32.a(dkzhh.o)
                              /usr/lib/w32api/libcomctl32.a(dkzhs00094.o) (__head_libcomctl32_a)
/usr/lib/w32api/libcomctl32.a(dkzht.o)
                              /usr/lib/w32api/libcomctl32.a(dkzhh.o) (__libcomctl32_a_iname)
/usr/lib/w32api/libcomdlg32.a(dmycs00002.o)
                              winctrls.o (_ChooseFontA@4)
/usr/lib/w32api/libcomdlg32.a(dmycs00000.o)
                              winctrls.o (_ChooseColorA@4)
/usr/lib/w32api/libcomdlg32.a(dmycs00011.o)
                              winutils.o (_GetSaveFileNameA@4)
/usr/lib/w32api/libcomdlg32.a(dmycs00009.o)
                              winutils.o (_GetOpenFileNameA@4)
/usr/lib/w32api/libcomdlg32.a(dmych.o)
                              /usr/lib/w32api/libcomdlg32.a(dmycs00002.o) (__head_libcomdlg32_a)
/usr/lib/w32api/libcomdlg32.a(dmyct.o)
                              /usr/lib/w32api/libcomdlg32.a(dmych.o) (__libcomdlg32_a_iname)
/usr/lib/w32api/libgdi32.a(dyohs00034.o)
                              sizetip.o (_CreateCompatibleDC@4)
/usr/lib/w32api/libgdi32.a(dyohs00279.o)
                              sizetip.o (_SelectObject@8)
/usr/lib/w32api/libgdi32.a(dyohs00211.o)
                              sizetip.o (_GetTextExtentPoint32A@16)
/usr/lib/w32api/libgdi32.a(dyohs00070.o)
                              sizetip.o (_DeleteDC@4)
/usr/lib/w32api/libgdi32.a(dyohs00199.o)
                              sizetip.o (_GetStockObject@4)
/usr/lib/w32api/libgdi32.a(dyohs00067.o)
                              sizetip.o (_CreateSolidBrush@4)
/usr/lib/w32api/libgdi32.a(dyohs00261.o)
                              sizetip.o (_Rectangle@20)
/usr/lib/w32api/libgdi32.a(dyohs00321.o)
                              sizetip.o (_SetTextColor@8)
/usr/lib/w32api/libgdi32.a(dyohs00285.o)
                              sizetip.o (_SetBkColor@8)
/usr/lib/w32api/libgdi32.a(dyohs00337.o)
                              sizetip.o (_TextOutA@20)
/usr/lib/w32api/libgdi32.a(dyohs00073.o)
                              sizetip.o (_DeleteObject@4)
/usr/lib/w32api/libgdi32.a(dyohs00047.o)
                              sizetip.o (_CreateFontIndirectA@4)
/usr/lib/w32api/libgdi32.a(dyohs00146.o)
                              winctrls.o (_GetDeviceCaps@8)
/usr/lib/w32api/libgdi32.a(dyohs00304.o)
                              winctrls.o (_SetMapMode@8)
/usr/lib/w32api/libgdi32.a(dyohs00208.o)
                              winctrls.o (_GetTextExtentExPointA@28)
/usr/lib/w32api/libgdi32.a(dyohs00056.o)
                              window.o (_CreatePalette@4)
/usr/lib/w32api/libgdi32.a(dyohs00280.o)
                              window.o (_SelectPalette@12)
/usr/lib/w32api/libgdi32.a(dyohs00258.o)
                              window.o (_RealizePalette@4)
/usr/lib/w32api/libgdi32.a(dyohs00046.o)
                              window.o (_CreateFontA@56)
/usr/lib/w32api/libgdi32.a(dyohs00217.o)
                              window.o (_GetTextMetricsA@8)
/usr/lib/w32api/libgdi32.a(dyohs00183.o)
                              window.o (_GetObjectA@12)
/usr/lib/w32api/libgdi32.a(dyohs00339.o)
                              window.o (_TranslateCharsetInfo@12)
/usr/lib/w32api/libgdi32.a(dyohs00033.o)
                              window.o (_CreateCompatibleBitmap@12)
/usr/lib/w32api/libgdi32.a(dyohs00319.o)
                              window.o (_SetTextAlign@8)
/usr/lib/w32api/libgdi32.a(dyohs00286.o)
[...]
Memory Configuration

Name             Origin             Length             Attributes
*default*        0x00000000         0xffffffff

Linker script and memory map

                0x00400000                __image_base__ = 0x400000
                0x00000000                __dll__ = 0x0
                0x00400000                ___ImageBase = 0x400000
                0x00001000                __section_alignment__ = 0x1000
                0x00000200                __file_alignment__ = 0x200
                0x00000004                __major_os_version__ = 0x4
                0x00000000                __minor_os_version__ = 0x0
                0x00000001                __major_image_version__ = 0x1
                0x00000000                __minor_image_version__ = 0x0
                0x00000004                __major_subsystem_version__ = 0x4
                0x00000000                __minor_subsystem_version__ = 0x0
                0x00000002                __subsystem__ = 0x2
                0x00200000                __size_of_stack_reserve__ = 0x200000
                0x00001000                __size_of_stack_commit__ = 0x1000
                0x00100000                __size_of_heap_reserve__ = 0x100000
                0x00001000                __size_of_heap_commit__ = 0x1000
                0x00000000                __loader_flags__ = 0x0
LOAD /usr/lib/gcc/i686-pc-mingw32/3.4.4/../../../../i686-pc-mingw32/lib/crt2.o
LOAD be_nos_s.o
LOAD cmdline.o
LOAD config.o
LOAD dialog.o
LOAD ldisc.o
LOAD ldiscucs.o
LOAD logging.o
LOAD minibidi.o
LOAD misc.o
LOAD nocproxy.o
LOAD pinger.o
LOAD proxy.o
LOAD puttytel.res.o
LOAD raw.o
LOAD rlogin.o
LOAD sercfg.o
LOAD settings.o
LOAD sizetip.o
LOAD telnet.o
LOAD terminal.o
LOAD timing.o
LOAD tree234.o
LOAD version.o
LOAD wcwidth.o
LOAD wincfg.o
LOAD winctrls.o
LOAD windefs.o
LOAD windlg.o
LOAD window.o
LOAD winhandl.o
LOAD winhelp.o
LOAD winmisc.o
LOAD winnet.o
LOAD winprint.o
LOAD winproxy.o
LOAD winser.o
LOAD winstore.o
LOAD wintime.o
LOAD winucs.o
LOAD winutils.o
LOAD /usr/lib/w32api/libadvapi32.a
LOAD /usr/lib/w32api/libcomctl32.a
LOAD /usr/lib/w32api/libcomdlg32.a
LOAD /usr/lib/w32api/libgdi32.a
LOAD /usr/lib/w32api/libimm32.a
LOAD /usr/lib/w32api/libshell32.a
LOAD /usr/lib/w32api/libuser32.a
LOAD /usr/lib/w32api/libwinmm.a
LOAD /usr/lib/w32api/libwinspool.a
LOAD /usr/lib/gcc/i686-pc-mingw32/3.4.4/../../../../i686-pc-mingw32/lib/libmingw32.a
LOAD /usr/lib/gcc/i686-pc-mingw32/3.4.4/libgcc.a
LOAD /usr/lib/gcc/i686-pc-mingw32/3.4.4/../../../../i686-pc-mingw32/lib/libmoldname.a
LOAD /usr/lib/gcc/i686-pc-mingw32/3.4.4/../../../../i686-pc-mingw32/lib/libmingwex.a
LOAD /usr/lib/gcc/i686-pc-mingw32/3.4.4/../../../../i686-pc-mingw32/lib/libmsvcrt.a
LOAD /usr/lib/gcc/i686-pc-mingw32/3.4.4/../../../../i686-pc-mingw32/lib/libmingw32.a
LOAD /usr/lib/w32api/libgdi32.a
LOAD /usr/lib/w32api/libcomdlg32.a
LOAD /usr/lib/w32api/libuser32.a
LOAD /usr/lib/w32api/libkernel32.a
LOAD /usr/lib/w32api/libadvapi32.a
LOAD /usr/lib/w32api/libshell32.a
LOAD /usr/lib/gcc/i686-pc-mingw32/3.4.4/../../../../i686-pc-mingw32/lib/libmingw32.a
LOAD /usr/lib/gcc/i686-pc-mingw32/3.4.4/libgcc.a
LOAD /usr/lib/gcc/i686-pc-mingw32/3.4.4/../../../../i686-pc-mingw32/lib/libmoldname.a
LOAD /usr/lib/gcc/i686-pc-mingw32/3.4.4/../../../../i686-pc-mingw32/lib/libmingwex.a
LOAD /usr/lib/gcc/i686-pc-mingw32/3.4.4/../../../../i686-pc-mingw32/lib/libmsvcrt.a
                0x00000268                . = SIZEOF_HEADERS
                0x00001000                . = ALIGN (__section_alignment__)

.text           0x00401000    0x3f400
 *(.init)
 *(.text)
 .text          0x00401000      0x2e0 /usr/lib/gcc/i686-pc-mingw32/3.4.4/../../../../i686-pc-mingw32/lib/crt2.o
                0x004012a0                _WinMainCRTStartup
                0x00401280                _mainCRTStartup
                0x004012c0                _atexit
                0x004012d0                __onexit
 .text          0x004012e0       0x30 be_nos_s.o
                0x004012e0                _random_save_seed
                0x00401300                _noise_ultralight
                0x004012f0                _random_destroy_seed
 .text          0x00401310      0xfc0 cmdline.o
                0x004013b0                _cmdline_cleanup
                0x00402260                _cmdline_run_saved
                0x004013e0                _cmdline_get_passwd_input
                0x004014d0                _cmdline_process_param
 .text          0x004022d0     0x7860 config.o
                0x00402500                _config_protocolbuttons_handler
                0x004047d0                _setup_config_box
 .text          0x00409b30     0x1180 dialog.o
                0x00409b50                _ctrl_path_elements
                0x00409d60                _ctrl_free_box
                0x0040a680                _ctrl_draglist
                0x00409fc0                _ctrl_getset
                0x00409b40                _P
                0x0040a7d0                _ctrl_tabdelay
                0x0040a770                _ctrl_fontsel
                0x0040a240                _ctrl_columns
                0x0040a600                _ctrl_droplist
                0x00409bf0                _ctrl_new_box
                0x00409b30                _I
                0x0040ac40                _dlg_stdfontsel_handler
                0x0040a510                _ctrl_pushbutton
                0x0040a300                _ctrl_editbox
                0x0040a8c0                _dlg_stdradiobutton_handler
                0x0040a860                _ctrl_checkbox
                0x0040a580                _ctrl_listbox
                0x00409cf0                _ctrl_free_set
                0x00409ec0                _ctrl_settitle
                0x0040a700                _ctrl_filesel
                0x00409b80                _ctrl_path_compare
                0x0040a9b0                _dlg_stdcheckbox_handler
                0x00409e50                _ctrl_find_path
                0x0040a3e0                _ctrl_radiobuttons
                0x0040aa60                _dlg_stdeditbox_handler
                0x0040a810                _ctrl_text
                0x0040a370                _ctrl_combobox
                0x00409c40                _ctrl_free
                0x0040abc0                _dlg_stdfilesel_handler
                0x0040a120                _ctrl_alloc
 .text          0x0040acb0      0xd20 ldisc.o
                0x0040ae90                _ldisc_create
                0x0040af20                _ldisc_free
                0x0040af90                _ldisc_send
 .text          0x0040b9d0      0x250 ldiscucs.o
                0x0040bb60                _lpage_send
                0x0040b9d0                _luni_send
 .text          0x0040bc20      0xc00 logging.o
                0x0040bc50                _logfclose
                0x0040bd00                _log_free
                0x0040bd30                _logfopen
                0x0040c610                _logtraffic
                0x0040bc20                _logflush
                0x0040bc90                _log_init
                0x0040c570                _log_eventlog
                0x0040bfd0                _log_reconfig
                0x0040c1a0                _log_packet
 .text          0x0040c820     0x1900 minibidi.o
                0x0040c9c0                _is_rtl
                0x0040ca10                _getPreviousLevel
                0x0040c820                _findIndexOfRun
                0x0040c960                _getType
                0x0040d860                _do_bidi
                0x0040cdb0                _doMirror
                0x0040ca50                _do_shape
                0x0040c860                _flipThisRun
                0x0040c9e0                _setOverrideBits
 .text          0x0040e120      0xc10 misc.o
                0x0040eaa0                _free_prompts
                0x0040e1d0                _ctrlparse
                0x0040e120                _parse_blocksize
                0x0040ea00                _fgetline
                0x0040e320                _bufchain_init
                0x0040e7a0                _dupvprintf
                0x0040eb70                _debug_memdump
                0x0040e420                _safemalloc
                0x0040e4b0                _bufchain_add
                0x0040e640                _dupstr
                0x0040ed10                _cfg_dest
                0x0040e900                _bufchain_consume
                0x0040e9c0                _bufchain_clear
                0x0040ece0                _cfg_launchable
                0x0040e380                _bufchain_fetch
                0x0040eb30                _debug_printf
                0x0040e350                _bufchain_prefix
                0x0040e5a0                _dupcat
                0x0040e6f0                _saferealloc
                0x0040e690                _new_prompts
                0x0040e830                _dupprintf
                0x0040e850                _add_prompt
                0x0040e8e0                _safefree
                0x0040e290                _base64_encode_atom
                0x0040e340                _bufchain_size
 .text          0x0040ed30       0x90 nocproxy.o
                0x0040ed40                _proxy_socks5_handlechap
                0x0040ed30                _proxy_socks5_offerencryptedauth
                0x0040ed80                _proxy_socks5_selectchap
 .text          0x0040edc0      0x150 pinger.o
                0x0040eec0                _pinger_reconfig
                0x0040eef0                _pinger_free
                0x0040ee70                _pinger_new
 .text          0x0040ef10     0x2dd0 proxy.o
                0x004101d0                _proxy_socks4_negotiate
                0x00410fd0                _format_telnet_command
                0x00411bd0                _proxy_telnet_negotiate
                0x0040ef10                _proxy_activate
                0x0040f8c0                _new_connection
                0x0040f820                _name_lookup
                0x0040fb70                _new_listener
                0x0040fbd0                _proxy_http_negotiate
                0x004105b0                _proxy_socks5_negotiate
 .text          0x00411ce0      0x440 raw.o
 .text          0x00412120      0x740 rlogin.o
 .text          0x00412860      0x660 sercfg.o
                0x00412b00                _ser_setup_config_box
 .text          0x00412ec0     0x3900 settings.o
                0x00413410                _save_open_settings
                0x004163d0                _load_settings
                0x00414a90                _save_settings
                0x00416410                _do_defaults
                0x004164b0                _get_sesslist
                0x00414ae0                _load_open_settings
 .text          0x004167c0      0x5e0 sizetip.o
                0x00416d50                _EnableSizeTip
                0x00416aa0                _UpdateSizeTip
 .text          0x00416da0     0x1980 telnet.o
 .text          0x00418720     0xc200 terminal.o
                0x0041dd30                _term_scroll
                0x0041a380                _term_clrsb
                0x0041d370                _term_update
                0x00424450                _term_provide_logctx
                0x00424470                _term_set_focus
                0x0041fec0                _term_paste_pending
                0x0041b800                _term_init
                0x00419d60                _term_seen_key_event
                0x004244f0                _term_get_userpass_input
                0x00420020                _term_ldisc
                0x00420000                _term_deselect
                0x00424490                _term_get_ttymode
                0x0041eb90                _term_mouse
                0x0041ba70                _term_reconfig
                0x0041e360                _term_copyall
                0x0041a2f0                _term_provide_resize_fn
                0x00419e30                _term_free
                0x0041dbb0                _term_paint
                0x00420050                _term_data
                0x0041d4f0                _term_size
                0x004243d0                _term_data_untrusted
                0x0041a6d0                _term_invalidate
                0x0041e950                _term_do_paste
                0x0041f3e0                _term_key
                0x0041f3a0                _term_nopaste
                0x0041fee0                _term_paste
                0x0041db30                _term_pwron
 .text          0x00424920      0x2b0 timing.o
                0x00424ba0                _expire_timer_context
                0x00424a00                _schedule_timer
                0x00424ac0                _run_timers
 .text          0x00424bd0     0x1110 tree234.o
                0x00425300                _add234
                0x00425c90                _del234
                0x00425330                _addpos234
                0x00424bd0                _newtree234
                0x00424c40                _freetree234
                0x00424ca0                _count234
                0x004255a0                _find234
                0x00425400                _findrelpos234
                0x00425360                _index234
                0x00425c40                _delpos234
                0x004255d0                _findrel234
                0x00425600                _findpos234
 .text          0x00425ce0        0x0 version.o
 .text          0x00425ce0      0x270 wcwidth.o
                0x00425eb0                _mk_wcwidth_cjk
                0x00425ef0                _mk_wcswidth_cjk
                0x00425e50                _mk_wcswidth
                0x00425d60                _mk_wcwidth
 .text          0x00425f50      0xfb0 wincfg.o
                0x00425f90                _win_setup_config_box
 .text          0x00426f00     0x56b0 winctrls.o
                0x0042ade0                _dlg_listbox_index
                0x0042a700                _winctrl_context_help
                0x0042c470                _dlg_set_privdata
                0x00427780                _checkbox
                0x00428830                _prefslist
                0x00426f00                _ctlposinit
                0x00428570                _ersatztab
                0x00427800                _staticwrap
                0x00427a70                _statictext
                0x00427350                _combobox
                0x00429120                _progressbar
                0x0042ac70                _dlg_listbox_addwithid
                0x00428470                _listbox
                0x0042c390                _dp_cleanup
                0x0042b220                _dlg_fontsel_set
                0x0042aee0                _dlg_listbox_issel
                0x0042abd0                _dlg_listbox_add
                0x004293f0                _winctrl_add
                0x0042b140                _dlg_filesel_set
                0x0042c180                _dlg_refresh
                0x00428380                _bigeditctrl
                0x004271c0                _endbox
                0x00427160                _beginbox
                0x0042c350                _dp_add_tree
                0x0042a9b0                _dlg_editbox_set
                0x0042b320                _winctrl_handle_command
                0x0042aa90                _dlg_listbox_clear
                0x004292c0                _winctrl_rem_shortcuts
                0x00428020                _staticpassedit
                0x00427b70                _staticbtn
                0x0042b050                _dlg_label_change
                0x0042a8e0                _dlg_checkbox_set
                0x00429560                _winctrl_findbyid
                0x004270e0                _bartitle
                0x00427610                _radioline
                0x00429460                _winctrl_remove
                0x00429530                _winctrl_findbyctrl
                0x004295b0                _winctrl_layout
                0x00426fc0                _doctl
                0x00428c20                _pl_itemfrompt
                0x0042aa10                _dlg_editbox_get
                0x0042c270                _dlg_coloursel_results
                0x00428280                _staticddlbig
                0x0042a7c0                _dlg_radiobutton_set
                0x004293c0                _winctrl_init
                0x0042c160                _dlg_end
                0x0042ab30                _dlg_listbox_del
                0x00429590                _winctrl_findbyindex
                0x0042bf20                _dlg_fontsel_get
                0x004294c0                _winctrl_cleanup
                0x00427af0                _paneltitle
                0x004276a0                _bareradioline
                0x0042a6e0                _dlg_last_focused
                0x00427c70                _button
                0x0042bf80                _dlg_update_start
                0x0042c240                _dlg_coloursel_start
                0x00428060                _staticddl
                0x00428d70                _handle_prefslist
                0x0042c110                _dlg_beep
                0x0042c4f0                _dlg_alloc_privdata
                0x0042af60                _dlg_listbox_select
                0x00427fe0                _staticedit
                0x00427250                _editboxfw
                0x0042bfe0                _dlg_update_done
                0x0042a950                _dlg_checkbox_get
                0x004286d0                _editbutton
                0x0042c430                _dlg_get_privdata
                0x0042ad60                _dlg_listbox_getid
                0x0042aff0                _dlg_text_set
                0x00429250                _winctrl_add_shortcuts
                0x00428170                _staticcombo
                0x0042b1a0                _dlg_filesel_get
                0x0042c130                _dlg_error_msg
                0x0042c2d0                _dp_init
                0x00427710                _radiobig
                0x0042c060                _dlg_set_focus
                0x0042a840                _dlg_radiobutton_get
                0x00427d40                _static2btn
 .text          0x0042c5b0      0x160 windefs.o
                0x0042c700                _platform_default_i
                0x0042c6b0                _platform_default_s
                0x0042c630                _platform_default_filename
                0x0042c5b0                _platform_default_fontspec
 .text          0x0042c710     0x1ba0 windlg.o
                0x0042d910                _show_help
                0x0042dc90                _logevent
                0x0042de80                _showeventlog
                0x0042df40                _verify_ssh_host_key
                0x0042c710                _force_normal
                0x0042d8a0                _modal_about_box
                0x0042d930                _defuse_showwindow
                0x0042e230                _old_keyfile_warning
                0x0042df00                _showabout
                0x0042e100                _askalg
                0x0042e190                _askappend
                0x0042dae0                _do_reconfig
                0x0042d9a0                _do_config
 .text          0x0042e2b0     0xa550 window.o
                0x0042f730                _timer_change_notify
                0x0042e8a0                _connection_fatal
                0x004329f0                _refresh_window
                0x0042f7f0                _get_ctx
                0x004386f0                _from_backend
                0x00431310                _palette_set
                0x00432310                _get_clip
                0x0042f9c0                _do_text_internal
                0x00433480                _WinMain@16
                0x00430d90                _set_icon
                0x00432550                _modalfatalbox
                0x004316f0                _write_clip
                0x0042f690                _notify_remote_exit
                0x0042e2b0                _ldisc_update
                0x004387a0                _agent_schedule_callback
                0x00432a20                _set_zoomed
                0x00438710                _from_backend_untrusted
                0x00438730                _get_userpass_input
                0x004315b0                _write_aclip
                0x00432920                _move_window
                0x00432a80                _is_iconic
                0x0042e830                _cmdline_error
                0x004307d0                _do_text
                0x0042f840                _free_ctx
                0x00430890                _do_cursor
                0x00432aa0                _get_window_pos
                0x0042e690                _do_select
                0x0042e800                _set_raw_mouse_mode
                0x004386e0                _frontend_keypress
                0x004324d0                _fatalbox
                0x0042e2e0                _update_specials_menu
                0x00430b60                _char_width
                0x00432ad0                _get_window_pixels
                0x0042e7e0                _set_busy_status
                0x004328c0                _set_iconic
                0x0042e620                _cleanup_exit
                0x00431470                _palette_reset
                0x0042e2c0                _get_ttymode
                0x00432b10                _get_window_title
                0x00432750                _do_beep
                0x00430e10                _set_title
                0x0042f950                _sys_cursor
                0x00433290                _request_resize
                0x00430d70                _request_paste
                0x00431280                _set_sbar
                0x00432990                _set_zorder
 .text          0x00438800      0xa30 winhandl.o
                0x00438ee0                _handle_get_events
                0x00438e70                _handle_write
                0x00438c40                _handle_input_new
                0x00439050                _handle_got_event
                0x00438d50                _handle_output_new
                0x00439220                _handle_get_privdata
                0x00438fd0                _handle_free
                0x004391e0                _handle_backlog
                0x004391a0                _handle_unthrottle
 .text          0x00439230      0x270 winhelp.o
                0x00439360                _has_help
                0x00439450                _quit_help
                0x00439350                _shutdown_help
                0x00439230                _init_help
                0x00439370                _launch_help
 .text          0x004394a0      0x250 winmisc.o
                0x004394a0                _platform_get_x11_auth
                0x004394d0                _filename_from_str
                0x004394b0                _platform_get_x_display
                0x00439530                _filename_to_str
                0x00439570                _filename_is_null
                0x00439540                _filename_equal
                0x004395e0                _init_winver
                0x00439620                _dputs
                0x00439580                _get_username
 .text          0x004396f0     0x2660 winnet.o
                0x0043bb20                _sk_addr_error
                0x0043af10                _sk_newlistener
                0x0043a930                _sk_register
                0x00439fa0                _winsock_error_string
                0x0043a8b0                _sk_addr_free
                0x0043bc50                _next_socket
                0x00439f00                _sk_cleanup
                0x00439730                _sk_startup
                0x0043a460                _sk_nextaddr
                0x0043bc80                _socket_writable
                0x00439780                _sk_init
                0x0043a0c0                _sk_namelookup
                0x0043bc10                _first_socket
                0x0043bbb0                _socket_reselect_all
                0x0043a4b0                _sk_getaddr
                0x0043b330                _try_send
                0x0043bcc0                _net_service_lookup
                0x0043a6e0                _sk_address_is_local
                0x0043ae30                _sk_new
                0x0043a3e0                _sk_nonamelookup
                0x0043a7d0                _sk_addrcopy
                0x0043b5d0                _select_result
                0x0043ba90                _net_pending_errors
                0x0043a5a0                _sk_hostname_is_local
                0x0043a7b0                _sk_addrtype
                0x0043bd00                _platform_get_x11_unix_address
 .text          0x0043bd50      0x380 winprint.o
                0x0043bf10                _printer_finish_enum
                0x0043bed0                _printer_get_name
                0x0043bd50                _printer_start_enum
                0x0043c080                _printer_finish_job
                0x0043bf60                _printer_start_job
                0x0043c040                _printer_job_data
 .text          0x0043c0d0      0x450 winproxy.o
                0x0043c280                _platform_new_connection
                0x0043c0d0                _localproxy_gotdata
                0x0043c160                _localproxy_sentdata
 .text          0x0043c520      0x840 winser.o
 .text          0x0043cd60     0x13b0 winstore.o
                0x0043d370                _read_setting_filename
                0x0043cf70                _write_setting_i
                0x0043cfb0                _close_settings_w
                0x0043de50                _read_random_seed
                0x0043cf10                _write_setting_s
                0x0043d6a0                _verify_host_key
                0x0043d2a0                _write_setting_fontspec
                0x0043cfd0                _open_settings_r
                0x0043d0a0                _read_setting_s
                0x0043ded0                _write_random_seed
                0x0043d4f0                _enum_settings_next
                0x0043d3b0                _write_setting_filename
                0x0043d160                _read_setting_fontspec
                0x0043d100                _read_setting_i
                0x0043ce00                _open_settings_w
                0x0043d9a0                _store_host_key
                0x0043d490                _enum_settings_start
                0x0043d3e0                _close_settings_r
                0x0043dfb0                _cleanup_all
                0x0043d400                _del_settings
                0x0043d5f0                _enum_settings_finish
 .text          0x0043e110       0x90 wintime.o
                0x0043e110                _ltime
 .text          0x0043e1a0     0x1090 winucs.o
                0x0043eb70                _init_ucs
                0x0043e200                _xlat_uskbd2cyrllic
                0x0043e840                _cp_enumerate
                0x0043e320                _decode_codepage
                0x0043e9c0                _mb_to_wc
                0x0043e860                _wc_to_mb
                0x0043e220                _check_compose_internal
                0x0043ea00                _get_unitab
                0x0043e300                _check_compose
                0x0043f210                _is_dbcs_leadbyte
                0x0043e6f0                _cp_name
 .text          0x0043f230      0x580 winutils.o
                0x0043f470                _split_into_argv
                0x0043f230                _request_file
                0x0043f3c0                _message_box
                0x0043f340                _filereq_free
                0x0043f320                _filereq_new
                0x0043f440                _pgp_fingerprints
 .text          0x0043f7b0        0x8 /usr/lib/w32api/libadvapi32.a(dykgs00245.o)
                0x0043f7b0                _GetUserNameA@8
 .text          0x0043f7b8        0x8 /usr/lib/w32api/libadvapi32.a(dykgs00389.o)
                0x0043f7b8                _RegCreateKeyA@12
 .text          0x0043f7c0        0x8 /usr/lib/w32api/libadvapi32.a(dykgs00386.o)
                0x0043f7c0                _RegCloseKey@4
 .text          0x0043f7c8        0x8 /usr/lib/w32api/libadvapi32.a(dykgs00434.o)
                0x0043f7c8                _RegSetValueExA@24
 .text          0x0043f7d0        0x8 /usr/lib/w32api/libadvapi32.a(dykgs00412.o)
                0x0043f7d0                _RegOpenKeyA@12
 .text          0x0043f7d8        0x8 /usr/lib/w32api/libadvapi32.a(dykgs00423.o)
                0x0043f7d8                _RegQueryValueExA@24
 .text          0x0043f7e0        0x8 /usr/lib/w32api/libadvapi32.a(dykgs00393.o)
                0x0043f7e0                _RegDeleteKeyA@8
 .text          0x0043f7e8        0x8 /usr/lib/w32api/libadvapi32.a(dykgs00400.o)
                0x0043f7e8                _RegEnumKeyA@16
 .text          0x0043f7f0        0x0 /usr/lib/w32api/libadvapi32.a(dykgh.o)
 .text          0x0043f7f0        0x0 /usr/lib/w32api/libadvapi32.a(dykgt.o)
 .text          0x0043f7f0        0x8 /usr/lib/w32api/libcomctl32.a(dkzhs00094.o)
                0x0043f7f0                _MakeDragList@4
 .text          0x0043f7f8        0x8 /usr/lib/w32api/libcomctl32.a(dkzhs00093.o)
                0x0043f7f8                _LBItemFromPt@16
 .text          0x0043f800        0x8 /usr/lib/w32api/libcomctl32.a(dkzhs00041.o)
                0x0043f800                _DrawInsert@12
 .text          0x0043f808        0x8 /usr/lib/w32api/libcomctl32.a(dkzhs00091.o)
                0x0043f808                _InitCommonControls@0
 .text          0x0043f810        0x0 /usr/lib/w32api/libcomctl32.a(dkzhh.o)
 .text          0x0043f810        0x0 /usr/lib/w32api/libcomctl32.a(dkzht.o)
 .text          0x0043f810        0x8 /usr/lib/w32api/libcomdlg32.a(dmycs00002.o)
                0x0043f810                _ChooseFontA@4
 .text          0x0043f818        0x8 /usr/lib/w32api/libcomdlg32.a(dmycs00000.o)
                0x0043f818                _ChooseColorA@4
 .text          0x0043f820        0x8 /usr/lib/w32api/libcomdlg32.a(dmycs00011.o)
                0x0043f820                _GetSaveFileNameA@4
 .text          0x0043f828        0x8 /usr/lib/w32api/libcomdlg32.a(dmycs00009.o)
                0x0043f828                _GetOpenFileNameA@4
 .text          0x0043f830        0x0 /usr/lib/w32api/libcomdlg32.a(dmych.o)
 .text          0x0043f830        0x0 /usr/lib/w32api/libcomdlg32.a(dmyct.o)
 .text          0x0043f830        0x8 /usr/lib/w32api/libgdi32.a(dyohs00034.o)
                0x0043f830                _CreateCompatibleDC@4
 .text          0x0043f838        0x8 /usr/lib/w32api/libgdi32.a(dyohs00279.o)
                0x0043f838                _SelectObject@8
 .text          0x0043f840        0x8 /usr/lib/w32api/libgdi32.a(dyohs00211.o)
                0x0043f840                _GetTextExtentPoint32A@16
 .text          0x0043f848        0x8 /usr/lib/w32api/libgdi32.a(dyohs00070.o)
                0x0043f848                _DeleteDC@4
 .text          0x0043f850        0x8 /usr/lib/w32api/libgdi32.a(dyohs00199.o)
                0x0043f850                _GetStockObject@4
 .text          0x0043f858        0x8 /usr/lib/w32api/libgdi32.a(dyohs00067.o)
                0x0043f858                _CreateSolidBrush@4
 .text          0x0043f860        0x8 /usr/lib/w32api/libgdi32.a(dyohs00261.o)
                0x0043f860                _Rectangle@20
 .text          0x0043f868        0x8 /usr/lib/w32api/libgdi32.a(dyohs00321.o)
                0x0043f868                _SetTextColor@8
 .text          0x0043f870        0x8 /usr/lib/w32api/libgdi32.a(dyohs00285.o)
                0x0043f870                _SetBkColor@8
 .text          0x0043f878        0x8 /usr/lib/w32api/libgdi32.a(dyohs00337.o)
                0x0043f878                _TextOutA@20
 .text          0x0043f880        0x8 /usr/lib/w32api/libgdi32.a(dyohs00073.o)
                0x0043f880                _DeleteObject@4
 .text          0x0043f888        0x8 /usr/lib/w32api/libgdi32.a(dyohs00047.o)
                0x0043f888                _CreateFontIndirectA@4
 .text          0x0043f890        0x8 /usr/lib/w32api/libgdi32.a(dyohs00146.o)
                0x0043f890                _GetDeviceCaps@8
 .text          0x0043f898        0x8 /usr/lib/w32api/libgdi32.a(dyohs00304.o)
                0x0043f898                _SetMapMode@8
 .text          0x0043f8a0        0x8 /usr/lib/w32api/libgdi32.a(dyohs00208.o)
                0x0043f8a0                _GetTextExtentExPointA@28
 .text          0x0043f8a8        0x8 /usr/lib/w32api/libgdi32.a(dyohs00056.o)
                0x0043f8a8                _CreatePalette@4
 .text          0x0043f8b0        0x8 /usr/lib/w32api/libgdi32.a(dyohs00280.o)
                0x0043f8b0                _SelectPalette@12
 .text          0x0043f8b8        0x8 /usr/lib/w32api/libgdi32.a(dyohs00258.o)
                0x0043f8b8                _RealizePalette@4
 .text          0x0043f8c0        0x8 /usr/lib/w32api/libgdi32.a(dyohs00046.o)
                0x0043f8c0                _CreateFontA@56
 .text          0x0043f8c8        0x8 /usr/lib/w32api/libgdi32.a(dyohs00217.o)
                0x0043f8c8                _GetTextMetricsA@8
 .text          0x0043f8d0        0x8 /usr/lib/w32api/libgdi32.a(dyohs00183.o)
                0x0043f8d0                _GetObjectA@12
 .text          0x0043f8d8        0x8 /usr/lib/w32api/libgdi32.a(dyohs00339.o)
                0x0043f8d8                _TranslateCharsetInfo@12
 .text          0x0043f8e0        0x8 /usr/lib/w32api/libgdi32.a(dyohs00033.o)
                0x0043f8e0                _CreateCompatibleBitmap@12
 .text          0x0043f8e8        0x8 /usr/lib/w32api/libgdi32.a(dyohs00319.o)
                0x0043f8e8                _SetTextAlign@8
 .text          0x0043f8f0        0x8 /usr/lib/w32api/libgdi32.a(dyohs00286.o)
                0x0043f8f0                _SetBkMode@8
 .text          0x0043f8f8        0x8 /usr/lib/w32api/libgdi32.a(dyohs00102.o)
                0x0043f8f8                _ExtTextOutA@32
 .text          0x0043f900        0x8 /usr/lib/w32api/libgdi32.a(dyohs00190.o)
                0x0043f900                _GetPixel@12
 .text          0x0043f908        0x8 /usr/lib/w32api/libgdi32.a(dyohs00058.o)
                0x0043f908                _CreatePen@12
 .text          0x0043f910        0x8 /usr/lib/w32api/libgdi32.a(dyohs00232.o)
                0x0043f910                _MoveToEx@16
 .text          0x0043f918        0x8 /usr/lib/w32api/libgdi32.a(dyohs00229.o)
                0x0043f918                _LineTo@12
 .text          0x0043f920        0x8 /usr/lib/w32api/libgdi32.a(dyohs00103.o)
                0x0043f920                _ExtTextOutW@32
 .text          0x0043f928        0x8 /usr/lib/w32api/libgdi32.a(dyohs00136.o)
                0x0043f928                _GetCharacterPlacementW@24
 .text          0x0043f930        0x8 /usr/lib/w32api/libgdi32.a(dyohs00254.o)
                0x0043f930                _Polyline@12
 .text          0x0043f938        0x8 /usr/lib/w32api/libgdi32.a(dyohs00310.o)
                0x0043f938                _SetPixel@16
 .text          0x0043f940        0x8 /usr/lib/w32api/libgdi32.a(dyohs00130.o)
                0x0043f940                _GetCharWidth32W@16
 .text          0x0043f948        0x8 /usr/lib/w32api/libgdi32.a(dyohs00134.o)
                0x0043f948                _GetCharWidthW@16
 .text          0x0043f950        0x8 /usr/lib/w32api/libgdi32.a(dyohs00129.o)
                0x0043f950                _GetCharWidth32A@16
 .text          0x0043f958        0x8 /usr/lib/w32api/libgdi32.a(dyohs00131.o)
                0x0043f958                _GetCharWidthA@16
 .text          0x0043f960        0x8 /usr/lib/w32api/libgdi32.a(dyohs00309.o)
                0x0043f960                _SetPaletteEntries@16
 .text          0x0043f968        0x8 /usr/lib/w32api/libgdi32.a(dyohs00340.o)
                0x0043f968                _UnrealizeObject@4
 .text          0x0043f970        0x8 /usr/lib/w32api/libgdi32.a(dyohs00028.o)
                0x0043f970                _CreateBitmap@20
 .text          0x0043f978        0x8 /usr/lib/w32api/libgdi32.a(dyohs00225.o)
                0x0043f978                _IntersectClipRect@20
 .text          0x0043f980        0x8 /usr/lib/w32api/libgdi32.a(dyohs00096.o)
                0x0043f980                _ExcludeClipRect@20
 .text          0x0043f988        0x8 /usr/lib/w32api/libgdi32.a(dyohs00341.o)
                0x0043f988                _UpdateColors@4
 .text          0x0043f990        0x0 /usr/lib/w32api/libgdi32.a(dyohh.o)
 .text          0x0043f990        0x0 /usr/lib/w32api/libgdi32.a(dyoht.o)
 .text          0x0043f990        0x8 /usr/lib/w32api/libimm32.a(dasfs00025.o)
                0x0043f990                _ImmGetContext@4
 .text          0x0043f998        0x8 /usr/lib/w32api/libimm32.a(dasfs00065.o)
                0x0043f998                _ImmSetCompositionWindow@8
 .text          0x0043f9a0        0x8 /usr/lib/w32api/libimm32.a(dasfs00059.o)
                0x0043f9a0                _ImmReleaseContext@8
 .text          0x0043f9a8        0x8 /usr/lib/w32api/libimm32.a(dasfs00061.o)
                0x0043f9a8                _ImmSetCompositionFontA@8
 .text          0x0043f9b0        0x8 /usr/lib/w32api/libimm32.a(dasfs00023.o)
                0x0043f9b0                _ImmGetCompositionStringW@16
 .text          0x0043f9b8        0x0 /usr/lib/w32api/libimm32.a(dasfh.o)
 .text          0x0043f9b8        0x0 /usr/lib/w32api/libimm32.a(dasft.o)
 .text          0x0043f9b8        0x8 /usr/lib/w32api/libshell32.a(dsdfs00143.o)
                0x0043f9b8                _ShellExecuteA@24
 .text          0x0043f9c0        0x0 /usr/lib/w32api/libshell32.a(dsdfh.o)
 .text          0x0043f9c0        0x0 /usr/lib/w32api/libshell32.a(dsdft.o)
 .text          0x0043f9c0        0x8 /usr/lib/w32api/libuser32.a(dwxfs00133.o)
                0x0043f9c0                _DefWindowProcA@16
 .text          0x0043f9c8        0x8 /usr/lib/w32api/libuser32.a(dwxfs00568.o)
                0x0043f9c8                _SetWindowPos@28
 .text          0x0043f9d0        0x8 /usr/lib/w32api/libuser32.a(dwxfs00368.o)
                0x0043f9d0                _InvalidateRect@12
 .text          0x0043f9d8        0x8 /usr/lib/w32api/libuser32.a(dwxfs00011.o)
                0x0043f9d8                _BeginPaint@8
 .text          0x0043f9e0        0x8 /usr/lib/w32api/libuser32.a(dwxfs00235.o)
                0x0043f9e0                _GetClientRect@8
 .text          0x0043f9e8        0x8 /usr/lib/w32api/libuser32.a(dwxfs00349.o)
                0x0043f9e8                _GetWindowTextLengthA@4
 .text          0x0043f9f0        0x8 /usr/lib/w32api/libuser32.a(dwxfs00348.o)
                0x0043f9f0                _GetWindowTextA@12
 .text          0x0043f9f8        0x8 /usr/lib/w32api/libuser32.a(dwxfs00183.o)
                0x0043f9f8                _EndPaint@8
 .text          0x0043fa00        0x8 /usr/lib/w32api/libuser32.a(dwxfs00346.o)
                0x0043fa00                _GetWindowRect@8
 .text          0x0043fa08        0x8 /usr/lib/w32api/libuser32.a(dwxfs00089.o)
                0x0043fa08                _CreateWindowExA@48
 .text          0x0043fa10        0x8 /usr/lib/w32api/libuser32.a(dwxfs00581.o)
                0x0043fa10                _ShowWindow@8
 .text          0x0043fa18        0x8 /usr/lib/w32api/libuser32.a(dwxfs00322.o)
                0x0043fa18                _GetSysColor@4
 .text          0x0043fa20        0x8 /usr/lib/w32api/libuser32.a(dwxfs00587.o)
                0x0043fa20                _SystemParametersInfoA@16
 .text          0x0043fa28        0x8 /usr/lib/w32api/libuser32.a(dwxfs00570.o)
                0x0043fa28                _SetWindowTextA@8
 .text          0x0043fa30        0x8 /usr/lib/w32api/libuser32.a(dwxfs00476.o)
                0x0043fa30                _RegisterClassA@4
 .text          0x0043fa38        0x8 /usr/lib/w32api/libuser32.a(dwxfs00143.o)
                0x0043fa38                _DestroyWindow@4
 .text          0x0043fa40        0x8 /usr/lib/w32api/libuser32.a(dwxfs00224.o)
                0x0043fa40                _GetCaretBlinkTime@0
 .text          0x0043fa48        0x8 /usr/lib/w32api/libuser32.a(dwxfs00504.o)
                0x0043fa48                _SendMessageA@16
 .text          0x0043fa50        0x8 /usr/lib/w32api/libuser32.a(dwxfs00423.o)
                0x0043fa50                _MapDialogRect@8
 .text          0x0043fa58        0x8 /usr/lib/w32api/libuser32.a(dwxfs00247.o)
                0x0043fa58                _GetDC@4
 .text          0x0043fa60        0x8 /usr/lib/w32api/libuser32.a(dwxfs00490.o)
                0x0043fa60                _ReleaseDC@8
 .text          0x0043fa68        0x8 /usr/lib/w32api/libuser32.a(dwxfs00501.o)
                0x0043fa68                _SendDlgItemMessageA@20
 .text          0x0043fa70        0x8 /usr/lib/w32api/libuser32.a(dwxfs00565.o)
                0x0043fa70                _SetWindowLongA@12
 .text          0x0043fa78        0x8 /usr/lib/w32api/libuser32.a(dwxfs00430.o)
                0x0043fa78                _MessageBeep@4
 .text          0x0043fa80        0x8 /usr/lib/w32api/libuser32.a(dwxfs00056.o)
                0x0043fa80                _CheckRadioButton@16
 .text          0x0043fa88        0x8 /usr/lib/w32api/libuser32.a(dwxfs00384.o)
                0x0043fa88                _IsDlgButtonChecked@8
 .text          0x0043fa90        0x8 /usr/lib/w32api/libuser32.a(dwxfs00053.o)
                0x0043fa90                _CheckDlgButton@12
 .text          0x0043fa98        0x8 /usr/lib/w32api/libuser32.a(dwxfs00526.o)
                0x0043fa98                _SetDlgItemTextA@12
 .text          0x0043faa0        0x8 /usr/lib/w32api/libuser32.a(dwxfs00254.o)
                0x0043faa0                _GetDlgItemTextA@16
 .text          0x0043faa8        0x8 /usr/lib/w32api/libuser32.a(dwxfs00487.o)
                0x0043faa8                _RegisterWindowMessageA@4
 .text          0x0043fab0        0x8 /usr/lib/w32api/libuser32.a(dwxfs00162.o)
                0x0043fab0                _DrawEdge@16
 .text          0x0043fab8        0x8 /usr/lib/w32api/libuser32.a(dwxfs00513.o)
                0x0043fab8                _SetCapture@4
 .text          0x0043fac0        0x8 /usr/lib/w32api/libuser32.a(dwxfs00252.o)
                0x0043fac0                _GetDlgItem@8
 .text          0x0043fac8        0x8 /usr/lib/w32api/libuser32.a(dwxfs00529.o)
                0x0043fac8                _SetFocus@4
 .text          0x0043fad0        0x8 /usr/lib/w32api/libuser32.a(dwxfs00431.o)
                0x0043fad0                _MessageBoxA@16
 .text          0x0043fad8        0x8 /usr/lib/w32api/libuser32.a(dwxfs00345.o)
                0x0043fad8                _GetWindowPlacement@8
 .text          0x0043fae0        0x8 /usr/lib/w32api/libuser32.a(dwxfs00567.o)
                0x0043fae0                _SetWindowPlacement@8
 .text          0x0043fae8        0x8 /usr/lib/w32api/libuser32.a(dwxfs00303.o)
                0x0043fae8                _GetParent@4
 .text          0x0043faf0        0x8 /usr/lib/w32api/libuser32.a(dwxfs00512.o)
                0x0043faf0                _SetActiveWindow@4
 .text          0x0043faf8        0x8 /usr/lib/w32api/libuser32.a(dwxfs00181.o)
                0x0043faf8                _EndDialog@8
 .text          0x0043fb00        0x8 /usr/lib/w32api/libuser32.a(dwxfs00179.o)
                0x0043fb00                _EnableWindow@8
 .text          0x0043fb08        0x8 /usr/lib/w32api/libuser32.a(dwxfs00146.o)
                0x0043fb08                _DialogBoxParamA@20
 .text          0x0043fb10        0x8 /usr/lib/w32api/libuser32.a(dwxfs00126.o)
                0x0043fb10                _DefDlgProcA@16
 .text          0x0043fb18        0x8 /usr/lib/w32api/libuser32.a(dwxfs00402.o)
                0x0043fb18                _LoadCursorA@8
 .text          0x0043fb20        0x8 /usr/lib/w32api/libuser32.a(dwxfs00079.o)
                0x0043fb20                _CreateDialogParamA@20
 .text          0x0043fb28        0x8 /usr/lib/w32api/libuser32.a(dwxfs00292.o)
                0x0043fb28                _GetMessageA@16
 .text          0x0043fb30        0x8 /usr/lib/w32api/libuser32.a(dwxfs00340.o)
                0x0043fb30                _GetWindowLongA@8
 .text          0x0043fb38        0x8 /usr/lib/w32api/libuser32.a(dwxfs00382.o)
                0x0043fb38                _IsDialogMessageA@8
 .text          0x0043fb40        0x8 /usr/lib/w32api/libuser32.a(dwxfs00148.o)
                0x0043fb40                _DispatchMessageA@4
 .text          0x0043fb48        0x8 /usr/lib/w32api/libuser32.a(dwxfs00465.o)
                0x0043fb48                _PostQuitMessage@4
 .text          0x0043fb50        0x8 /usr/lib/w32api/libuser32.a(dwxfs00489.o)
                0x0043fb50                _ReleaseCapture@0
 .text          0x0043fb58        0x8 /usr/lib/w32api/libuser32.a(dwxfs00223.o)
                0x0043fb58                _GetCapture@0
 .text          0x0043fb60        0x8 /usr/lib/w32api/libuser32.a(dwxfs00406.o)
                0x0043fb60                _LoadIconA@8
 .text          0x0043fb68        0x8 /usr/lib/w32api/libuser32.a(dwxfs00249.o)
                0x0043fb68                _GetDesktopWindow@0
 .text          0x0043fb70        0x8 /usr/lib/w32api/libuser32.a(dwxfs00442.o)
                0x0043fb70                _MoveWindow@24
 .text          0x0043fb78        0x8 /usr/lib/w32api/libuser32.a(dwxfs00362.o)
                0x0043fb78                _InsertMenuA@20
 .text          0x0043fb80        0x8 /usr/lib/w32api/libuser32.a(dwxfs00136.o)
                0x0043fb80                _DeleteMenu@12
 .text          0x0043fb88        0x8 /usr/lib/w32api/libuser32.a(dwxfs00088.o)
                0x0043fb88                _CreatePopupMenu@0
 .text          0x0043fb90        0x8 /usr/lib/w32api/libuser32.a(dwxfs00006.o)
                0x0043fb90                _AppendMenuA@16
 .text          0x0043fb98        0x8 /usr/lib/w32api/libuser32.a(dwxfs00516.o)
                0x0043fb98                _SetClassLongA@12
 .text          0x0043fba0        0x8 /usr/lib/w32api/libuser32.a(dwxfs00521.o)
                0x0043fba0                _SetCursor@4
 .text          0x0043fba8        0x8 /usr/lib/w32api/libuser32.a(dwxfs00578.o)
                0x0043fba8                _ShowCursor@4
 .text          0x0043fbb0        0x8 /usr/lib/w32api/libuser32.a(dwxfs00272.o)
                0x0043fbb0                _GetKeyboardState@4
 .text          0x0043fbb8        0x8 /usr/lib/w32api/libuser32.a(dwxfs00397.o)
                0x0043fbb8                _KillTimer@8
 .text          0x0043fbc0        0x8 /usr/lib/w32api/libuser32.a(dwxfs00559.o)
                0x0043fbc0                _SetTimer@16
 .text          0x0043fbc8        0x8 /usr/lib/w32api/libuser32.a(dwxfs00395.o)
                0x0043fbc8                _IsZoomed@4
 .text          0x0043fbd0        0x8 /usr/lib/w32api/libuser32.a(dwxfs00515.o)
                0x0043fbd0                _SetCaretPos@8
 .text          0x0043fbd8        0x8 /usr/lib/w32api/libuser32.a(dwxfs00387.o)
                0x0043fbd8                _IsIconic@4
 .text          0x0043fbe0        0x8 /usr/lib/w32api/libuser32.a(dwxfs00550.o)
                0x0043fbe0                _SetScrollInfo@16
 .text          0x0043fbe8        0x8 /usr/lib/w32api/libuser32.a(dwxfs00452.o)
                0x0043fbe8                _OpenClipboard@4
 .text          0x0043fbf0        0x8 /usr/lib/w32api/libuser32.a(dwxfs00176.o)
                0x0043fbf0                _EmptyClipboard@0
 .text          0x0043fbf8        0x8 /usr/lib/w32api/libuser32.a(dwxfs00519.o)
                0x0043fbf8                _SetClipboardData@8
 .text          0x0043fc00        0x8 /usr/lib/w32api/libuser32.a(dwxfs00061.o)
                0x0043fc00                _CloseClipboard@0
 .text          0x0043fc08        0x8 /usr/lib/w32api/libuser32.a(dwxfs00480.o)
                0x0043fc08                _RegisterClipboardFormatA@4
 .text          0x0043fc10        0x8 /usr/lib/w32api/libuser32.a(dwxfs00237.o)
                0x0043fc10                _GetClipboardData@4
 .text          0x0043fc18        0x8 /usr/lib/w32api/libuser32.a(dwxfs00213.o)
                0x0043fc18                _FlashWindow@8
 .text          0x0043fc20        0x8 /usr/lib/w32api/libuser32.a(dwxfs00073.o)
                0x0043fc20                _CreateCaret@16
 .text          0x0043fc28        0x8 /usr/lib/w32api/libuser32.a(dwxfs00256.o)
                0x0043fc28                _GetDoubleClickTime@0
 .text          0x0043fc30        0x8 /usr/lib/w32api/libuser32.a(dwxfs00324.o)
                0x0043fc30                _GetSystemMenu@8
 .text          0x0043fc38        0x8 /usr/lib/w32api/libuser32.a(dwxfs00087.o)
                0x0043fc38                _CreateMenu@0
 .text          0x0043fc40        0x8 /usr/lib/w32api/libuser32.a(dwxfs00268.o)
                0x0043fc40                _GetKeyboardLayout@4
 .text          0x0043fc48        0x8 /usr/lib/w32api/libuser32.a(dwxfs00530.o)
                0x0043fc48                _SetForegroundWindow@4
 .text          0x0043fc50        0x8 /usr/lib/w32api/libuser32.a(dwxfs00258.o)
                0x0043fc50                _GetForegroundWindow@0
 .text          0x0043fc58        0x8 /usr/lib/w32api/libuser32.a(dwxfs00617.o)
                0x0043fc58                _UpdateWindow@4
 .text          0x0043fc60        0x8 /usr/lib/w32api/libuser32.a(dwxfs00443.o)
                0x0043fc60                _MsgWaitForMultipleObjects@20
 .text          0x0043fc68        0x8 /usr/lib/w32api/libuser32.a(dwxfs00461.o)
                0x0043fc68                _PeekMessageA@20
 .text          0x0043fc70        0x8 /usr/lib/w32api/libuser32.a(dwxfs00391.o)
                0x0043fc70                _IsWindow@4
 .text          0x0043fc78        0x8 /usr/lib/w32api/libuser32.a(dwxfs00054.o)
                0x0043fc78                _CheckMenuItem@12
 .text          0x0043fc80        0x8 /usr/lib/w32api/libuser32.a(dwxfs00139.o)
                0x0043fc80                _DestroyCaret@0
 .text          0x0043fc88        0x8 /usr/lib/w32api/libuser32.a(dwxfs00177.o)
                0x0043fc88                _EnableMenuItem@12
 .text          0x0043fc90        0x8 /usr/lib/w32api/libuser32.a(dwxfs00604.o)
                0x0043fc90                _TranslateMessage@4
 .text          0x0043fc98        0x8 /usr/lib/w32api/libuser32.a(dwxfs00246.o)
                0x0043fc98                _GetCursorPos@4
 .text          0x0043fca0        0x8 /usr/lib/w32api/libuser32.a(dwxfs00295.o)
                0x0043fca0                _GetMessageTime@0
 .text          0x0043fca8        0x8 /usr/lib/w32api/libuser32.a(dwxfs00598.o)
                0x0043fca8                _TrackPopupMenu@28
 .text          0x0043fcb0        0x8 /usr/lib/w32api/libuser32.a(dwxfs00463.o)
                0x0043fcb0                _PostMessageA@16
 .text          0x0043fcb8        0x8 /usr/lib/w32api/libuser32.a(dwxfs00577.o)
                0x0043fcb8                _ShowCaret@4
 .text          0x0043fcc0        0x8 /usr/lib/w32api/libuser32.a(dwxfs00531.o)
                0x0043fcc0                _SetKeyboardState@4
 .text          0x0043fcc8        0x8 /usr/lib/w32api/libuser32.a(dwxfs00594.o)
                0x0043fcc8                _ToAsciiEx@24
 .text          0x0043fcd0        0x8 /usr/lib/w32api/libuser32.a(dwxfs00356.o)
                0x0043fcd0                _HideCaret@4
 .text          0x0043fcd8        0x8 /usr/lib/w32api/libuser32.a(dwxfs00627.o)
                0x0043fcd8                _WinHelpA@16
 .text          0x0043fce0        0x8 /usr/lib/w32api/libuser32.a(dwxfs00434.o)
                0x0043fce0                _MessageBoxIndirectA@4
 .text          0x0043fce8        0x0 /usr/lib/w32api/libuser32.a(dwxfh.o)
 .text          0x0043fce8        0x0 /usr/lib/w32api/libuser32.a(dwxft.o)
 .text          0x0043fce8        0x8 /usr/lib/w32api/libwinmm.a(dumfs00008.o)
                0x0043fce8                _PlaySoundA@12
 .text          0x0043fcf0        0x0 /usr/lib/w32api/libwinmm.a(dumfh.o)
 .text          0x0043fcf0        0x0 /usr/lib/w32api/libwinmm.a(dumft.o)
 .text          0x0043fcf0        0x8 /usr/lib/w32api/libwinspool.a(dwbds00078.o)
                0x0043fcf0                _EnumPrintersA@28
 .text          0x0043fcf8        0x8 /usr/lib/w32api/libwinspool.a(dwbds00102.o)
                0x0043fcf8                _OpenPrinterA@12
 .text          0x0043fd00        0x8 /usr/lib/w32api/libwinspool.a(dwbds00126.o)
                0x0043fd00                _StartDocPrinterA@12
 .text          0x0043fd08        0x8 /usr/lib/w32api/libwinspool.a(dwbds00128.o)
                0x0043fd08                _StartPagePrinter@4
 .text          0x0043fd10        0x8 /usr/lib/w32api/libwinspool.a(dwbds00025.o)
                0x0043fd10                _ClosePrinter@4
 .text          0x0043fd18        0x8 /usr/lib/w32api/libwinspool.a(dwbds00059.o)
                0x0043fd18                _EndDocPrinter@4
 .text          0x0043fd20        0x8 /usr/lib/w32api/libwinspool.a(dwbds00130.o)
                0x0043fd20                _WritePrinter@16
 .text          0x0043fd28        0x8 /usr/lib/w32api/libwinspool.a(dwbds00060.o)
                0x0043fd28                _EndPagePrinter@4
 .text          0x0043fd30        0x0 /usr/lib/w32api/libwinspool.a(dwbdh.o)
 .text          0x0043fd30        0x0 /usr/lib/w32api/libwinspool.a(dwbdt.o)
 .text          0x0043fd30        0x0 /usr/lib/gcc/i686-pc-mingw32/3.4.4/../../../../i686-pc-mingw32/lib/libmingw32.a(CRTglob.o)
 .text          0x0043fd30        0x0 /usr/lib/gcc/i686-pc-mingw32/3.4.4/../../../../i686-pc-mingw32/lib/libmingw32.a(CRTfmode.o)
 .text          0x0043fd30        0x0 /usr/lib/gcc/i686-pc-mingw32/3.4.4/../../../../i686-pc-mingw32/lib/libmingw32.a(txtmode.o)
 .text          0x0043fd30      0x120 /usr/lib/gcc/i686-pc-mingw32/3.4.4/../../../../i686-pc-mingw32/lib/libmingw32.a(main.o)
                0x0043fd30                _main
 .text          0x0043fe50       0xb0 /usr/lib/gcc/i686-pc-mingw32/3.4.4/../../../../i686-pc-mingw32/lib/libmingw32.a(gccmain.o)
                0x0043fee0                ___main
                0x0043fe50                ___do_global_dtors
                0x0043fe80                ___do_global_ctors
 .text          0x0043ff00       0x30 /usr/lib/gcc/i686-pc-mingw32/3.4.4/../../../../i686-pc-mingw32/lib/libmingw32.a(pseudo-reloc.o)
                0x0043ff00                __pei386_runtime_relocator
 .text          0x0043ff30      0x100 /usr/lib/gcc/i686-pc-mingw32/3.4.4/../../../../i686-pc-mingw32/lib/libmingw32.a(cpu_features.o)
                0x0043ff30                ___cpu_features_init
 .text          0x00440030       0x10 /usr/lib/gcc/i686-pc-mingw32/3.4.4/../../../../i686-pc-mingw32/lib/libmingw32.a(CRT_fp10.o)
                0x00440030                __fpreset
                0x00440030                _fpreset
 .text          0x00440040        0x0 /usr/lib/gcc/i686-pc-mingw32/3.4.4/../../../../i686-pc-mingw32/lib/libmingw32.a(pseudo-reloc-list.o)
 .text          0x00440040       0x30 /usr/lib/gcc/i686-pc-mingw32/3.4.4/libgcc.a(_chkstk.o)
                0x00440040                ___chkstk
                0x00440040                __alloca
 .text          0x00440070        0x0 /usr/lib/gcc/i686-pc-mingw32/3.4.4/libgcc.a(_ctors.o)
 .text          0x00440070        0x8 /usr/lib/gcc/i686-pc-mingw32/3.4.4/../../../../i686-pc-mingw32/lib/libmoldname.a(dctgs00084.o)
                0x00440070                _strnicmp
 .text          0x00440078        0x0 /usr/lib/gcc/i686-pc-mingw32/3.4.4/../../../../i686-pc-mingw32/lib/libmoldname.a(dctgh.o)
 .text          0x00440078        0x0 /usr/lib/gcc/i686-pc-mingw32/3.4.4/../../../../i686-pc-mingw32/lib/libmoldname.a(dctgt.o)
 .text          0x00440078        0x0 /usr/lib/gcc/i686-pc-mingw32/3.4.4/../../../../i686-pc-mingw32/lib/libmsvcrt.a(doxfs00266.o)
 .text          0x00440078        0x0 /usr/lib/gcc/i686-pc-mingw32/3.4.4/../../../../i686-pc-mingw32/lib/libmsvcrt.a(doxfs00590.o)
 .text          0x00440078        0x0 /usr/lib/gcc/i686-pc-mingw32/3.4.4/../../../../i686-pc-mingw32/lib/libmsvcrt.a(doxfs00383.o)
 .text          0x00440078        0x8 /usr/lib/gcc/i686-pc-mingw32/3.4.4/../../../../i686-pc-mingw32/lib/libmsvcrt.a(doxfs00147.o)
                0x00440078                __cexit
 .text          0x00440080        0x8 /usr/lib/gcc/i686-pc-mingw32/3.4.4/../../../../i686-pc-mingw32/lib/libmsvcrt.a(doxfs00077.o)
                0x00440080                ___p__environ
 .text          0x00440088        0x8 /usr/lib/gcc/i686-pc-mingw32/3.4.4/../../../../i686-pc-mingw32/lib/libmsvcrt.a(doxfs00706.o)
                0x00440088                _signal
 .text          0x00440090        0x8 /usr/lib/gcc/i686-pc-mingw32/3.4.4/../../../../i686-pc-mingw32/lib/libmsvcrt.a(doxfs00079.o)
                0x00440090                ___p__fmode
 .text          0x00440098        0x8 /usr/lib/gcc/i686-pc-mingw32/3.4.4/../../../../i686-pc-mingw32/lib/libmsvcrt.a(doxfs00426.o)
                0x00440098                __setmode
 .text          0x004400a0        0x8 /usr/lib/gcc/i686-pc-mingw32/3.4.4/../../../../i686-pc-mingw32/lib/libmsvcrt.a(doxfs00055.o)
                0x004400a0                ___getmainargs
 .text          0x004400a8        0x8 /usr/lib/gcc/i686-pc-mingw32/3.4.4/../../../../i686-pc-mingw32/lib/libmsvcrt.a(doxfs00684.o)
                0x004400a8                _memset
 .text          0x004400b0        0x8 /usr/lib/gcc/i686-pc-mingw32/3.4.4/../../../../i686-pc-mingw32/lib/libmsvcrt.a(doxfs00611.o)
                0x004400b0                _fgetc
 .text          0x004400b8        0x8 /usr/lib/gcc/i686-pc-mingw32/3.4.4/../../../../i686-pc-mingw32/lib/libmsvcrt.a(doxfs00592.o)
                0x004400b8                _atoi
 .text          0x004400c0        0x8 /usr/lib/gcc/i686-pc-mingw32/3.4.4/../../../../i686-pc-mingw32/lib/libmsvcrt.a(doxfs00714.o)
                0x004400c0                _strchr
 .text          0x004400c8        0x8 /usr/lib/gcc/i686-pc-mingw32/3.4.4/../../../../i686-pc-mingw32/lib/libmsvcrt.a(doxfs00721.o)
                0x004400c8                _strlen
 .text          0x004400d0        0x8 /usr/lib/gcc/i686-pc-mingw32/3.4.4/../../../../i686-pc-mingw32/lib/libmsvcrt.a(doxfs00724.o)
                0x004400d0                _strncpy
 .text          0x004400d8        0x8 /usr/lib/gcc/i686-pc-mingw32/3.4.4/../../../../i686-pc-mingw32/lib/libmsvcrt.a(doxfs00618.o)
                0x004400d8                _fopen
 .text          0x004400e0        0x8 /usr/lib/gcc/i686-pc-mingw32/3.4.4/../../../../i686-pc-mingw32/lib/libmsvcrt.a(doxfs00682.o)
                0x004400e0                _memcpy
 .text          0x004400e8        0x8 /usr/lib/gcc/i686-pc-mingw32/3.4.4/../../../../i686-pc-mingw32/lib/libmsvcrt.a(doxfs00683.o)
                0x004400e8                _memmove
 .text          0x004400f0        0x8 /usr/lib/gcc/i686-pc-mingw32/3.4.4/../../../../i686-pc-mingw32/lib/libmsvcrt.a(doxfs00723.o)
                0x004400f0                _strncmp
 .text          0x004400f8        0x8 /usr/lib/gcc/i686-pc-mingw32/3.4.4/../../../../i686-pc-mingw32/lib/libmsvcrt.a(doxfs00717.o)
                0x004400f8                _strcpy
 .text          0x00440100        0x8 /usr/lib/gcc/i686-pc-mingw32/3.4.4/../../../../i686-pc-mingw32/lib/libmsvcrt.a(doxfs00715.o)
                0x00440100                _strcmp
 .text          0x00440108        0x8 /usr/lib/gcc/i686-pc-mingw32/3.4.4/../../../../i686-pc-mingw32/lib/libmsvcrt.a(doxfs00137.o)
                0x00440108                __assert
 .text          0x00440110        0x8 /usr/lib/gcc/i686-pc-mingw32/3.4.4/../../../../i686-pc-mingw32/lib/libmsvcrt.a(doxfs00709.o)
                0x00440110                _sprintf
 .text          0x00440118        0x8 /usr/lib/gcc/i686-pc-mingw32/3.4.4/../../../../i686-pc-mingw32/lib/libmsvcrt.a(doxfs00591.o)
                0x00440118                _atof
 .text          0x00440120        0x0 /usr/lib/gcc/i686-pc-mingw32/3.4.4/../../../../i686-pc-mingw32/lib/libmsvcrt.a(doxfs00065.o)
 .text          0x00440120        0x0 /usr/lib/gcc/i686-pc-mingw32/3.4.4/../../../../i686-pc-mingw32/lib/libmsvcrt.a(doxfs00392.o)
 .text          0x00440120        0x8 /usr/lib/gcc/i686-pc-mingw32/3.4.4/../../../../i686-pc-mingw32/lib/libmsvcrt.a(doxfs00268.o)
                0x00440120                __isctype
 .text          0x00440128        0x8 /usr/lib/gcc/i686-pc-mingw32/3.4.4/../../../../i686-pc-mingw32/lib/libmsvcrt.a(doxfs00742.o)
                0x00440128                _tolower
 .text          0x00440130        0x8 /usr/lib/gcc/i686-pc-mingw32/3.4.4/../../../../i686-pc-mingw32/lib/libmsvcrt.a(doxfs00619.o)
                0x00440130                _fprintf
 .text          0x00440138        0x8 /usr/lib/gcc/i686-pc-mingw32/3.4.4/../../../../i686-pc-mingw32/lib/libmsvcrt.a(doxfs00607.o)
                0x00440138                _fclose
 .text          0x00440140        0x8 /usr/lib/gcc/i686-pc-mingw32/3.4.4/../../../../i686-pc-mingw32/lib/libmsvcrt.a(doxfs00720.o)
                0x00440140                _strftime
 .text          0x00440148        0x8 /usr/lib/gcc/i686-pc-mingw32/3.4.4/../../../../i686-pc-mingw32/lib/libmsvcrt.a(doxfs00610.o)
                0x00440148                _fflush
 .text          0x00440150        0x8 /usr/lib/gcc/i686-pc-mingw32/3.4.4/../../../../i686-pc-mingw32/lib/libmsvcrt.a(doxfs00633.o)
                0x00440150                _fwrite
 .text          0x00440158        0x8 /usr/lib/gcc/i686-pc-mingw32/3.4.4/../../../../i686-pc-mingw32/lib/libmsvcrt.a(doxfs00625.o)
                0x00440158                _free
 .text          0x00440160        0x8 /usr/lib/gcc/i686-pc-mingw32/3.4.4/../../../../i686-pc-mingw32/lib/libmsvcrt.a(doxfs00698.o)
                0x00440160                _realloc
 .text          0x00440168        0x8 /usr/lib/gcc/i686-pc-mingw32/3.4.4/../../../../i686-pc-mingw32/lib/libmsvcrt.a(doxfs00676.o)
                0x00440168                _malloc
 .text          0x00440170        0x8 /usr/lib/gcc/i686-pc-mingw32/3.4.4/../../../../i686-pc-mingw32/lib/libmsvcrt.a(doxfs00613.o)
                0x00440170                _fgets
 .text          0x00440178        0x8 /usr/lib/gcc/i686-pc-mingw32/3.4.4/../../../../i686-pc-mingw32/lib/libmsvcrt.a(doxfs00490.o)
                0x00440178                __vsnprintf
 .text          0x00440180        0x8 /usr/lib/gcc/i686-pc-mingw32/3.4.4/../../../../i686-pc-mingw32/lib/libmsvcrt.a(doxfs00731.o)
                0x00440180                _strtol
 .text          0x00440188        0x8 /usr/lib/gcc/i686-pc-mingw32/3.4.4/../../../../i686-pc-mingw32/lib/libmsvcrt.a(doxfs00732.o)
                0x00440188                _strtoul
 .text          0x00440190        0x8 /usr/lib/gcc/i686-pc-mingw32/3.4.4/../../../../i686-pc-mingw32/lib/libmsvcrt.a(doxfs00712.o)
                0x00440190                _sscanf
 .text          0x00440198        0x8 /usr/lib/gcc/i686-pc-mingw32/3.4.4/../../../../i686-pc-mingw32/lib/libmsvcrt.a(doxfs00695.o)
                0x00440198                _qsort
 .text          0x004401a0        0x8 /usr/lib/gcc/i686-pc-mingw32/3.4.4/../../../../i686-pc-mingw32/lib/libmsvcrt.a(doxfs00722.o)
                0x004401a0                _strncat
 .text          0x004401a8        0x8 /usr/lib/gcc/i686-pc-mingw32/3.4.4/../../../../i686-pc-mingw32/lib/libmsvcrt.a(doxfs00730.o)
                0x004401a8                _strtok
 .text          0x004401b0        0x8 /usr/lib/gcc/i686-pc-mingw32/3.4.4/../../../../i686-pc-mingw32/lib/libmsvcrt.a(doxfs00743.o)
                0x004401b0                _toupper
 .text          0x004401b8        0x8 /usr/lib/gcc/i686-pc-mingw32/3.4.4/../../../../i686-pc-mingw32/lib/libmsvcrt.a(doxfs00713.o)
                0x004401b8                _strcat
 .text          0x004401c0        0x8 /usr/lib/gcc/i686-pc-mingw32/3.4.4/../../../../i686-pc-mingw32/lib/libmsvcrt.a(doxfs00726.o)
                0x004401c0                _strrchr
 .text          0x004401c8        0x8 /usr/lib/gcc/i686-pc-mingw32/3.4.4/../../../../i686-pc-mingw32/lib/libmsvcrt.a(doxfs00727.o)
                0x004401c8                _strspn
 .text          0x004401d0        0x8 /usr/lib/gcc/i686-pc-mingw32/3.4.4/../../../../i686-pc-mingw32/lib/libmsvcrt.a(doxfs00604.o)
                0x004401d0                _exit
 .text          0x004401d8        0x8 /usr/lib/gcc/i686-pc-mingw32/3.4.4/../../../../i686-pc-mingw32/lib/libmsvcrt.a(doxfs00718.o)
                0x004401d8                _strcspn
 .text          0x004401e0        0x8 /usr/lib/gcc/i686-pc-mingw32/3.4.4/../../../../i686-pc-mingw32/lib/libmsvcrt.a(doxfs00621.o)
                0x004401e0                _fputs
 .text          0x004401e8        0x8 /usr/lib/gcc/i686-pc-mingw32/3.4.4/../../../../i686-pc-mingw32/lib/libmsvcrt.a(doxfs00637.o)
                0x004401e8                _getenv
 .text          0x004401f0        0x8 /usr/lib/gcc/i686-pc-mingw32/3.4.4/../../../../i686-pc-mingw32/lib/libmsvcrt.a(doxfs00699.o)
                0x004401f0                _remove
 .text          0x004401f8        0x0 /usr/lib/gcc/i686-pc-mingw32/3.4.4/../../../../i686-pc-mingw32/lib/libmsvcrt.a(doxfh.o)
 .text          0x004401f8        0x0 /usr/lib/gcc/i686-pc-mingw32/3.4.4/../../../../i686-pc-mingw32/lib/libmsvcrt.a(doxft.o)
 .text          0x004401f8        0x8 /usr/lib/w32api/libkernel32.a(dyuhs00739.o)
                0x004401f8                _SetUnhandledExceptionFilter@4
 .text          0x00440200        0x8 /usr/lib/w32api/libkernel32.a(dyuhs00156.o)
                0x00440200                _ExitProcess@4
 .text          0x00440208        0x8 /usr/lib/w32api/libkernel32.a(dyuhs00423.o)
                0x00440208                _GetTickCount@0
 .text          0x00440210        0x8 /usr/lib/w32api/libkernel32.a(dyuhs00559.o)
                0x00440210                _MulDiv@12
 .text          0x00440218        0x8 /usr/lib/w32api/libkernel32.a(dyuhs00226.o)
                0x00440218                _GetCPInfo@8
 .text          0x00440220        0x8 /usr/lib/w32api/libkernel32.a(dyuhs00351.o)
                0x00440220                _GetOEMCP@0
 .text          0x00440228        0x8 /usr/lib/w32api/libkernel32.a(dyuhs00327.o)
                0x00440228                _GetLocaleInfoA@16
 .text          0x00440230        0x8 /usr/lib/w32api/libkernel32.a(dyuhs00560.o)
                0x00440230                _MultiByteToWideChar@24
 .text          0x00440238        0x8 /usr/lib/w32api/libkernel32.a(dyuhs00512.o)
                0x00440238                _IsDBCSLeadByteEx@8
 .text          0x00440240        0x8 /usr/lib/w32api/libkernel32.a(dyuhs00448.o)
                0x00440240                _GlobalAlloc@8
 .text          0x00440248        0x8 /usr/lib/w32api/libkernel32.a(dyuhs00459.o)
                0x00440248                _GlobalLock@4
 .text          0x00440250        0x8 /usr/lib/w32api/libkernel32.a(dyuhs00467.o)
                0x00440250                _GlobalUnlock@4
 .text          0x00440258        0x8 /usr/lib/w32api/libkernel32.a(dyuhs00455.o)
                0x00440258                _GlobalFree@4
 .text          0x00440260        0x8 /usr/lib/w32api/libkernel32.a(dyuhs00814.o)
                0x00440260                _WideCharToMultiByte@32
 .text          0x00440268        0x8 /usr/lib/w32api/libkernel32.a(dyuhs00018.o)
                0x00440268                _Beep@8
 .text          0x00440270        0x8 /usr/lib/w32api/libkernel32.a(dyuhs00524.o)
                0x00440270                _LoadLibraryA@4
 .text          0x00440278        0x8 /usr/lib/w32api/libkernel32.a(dyuhs00364.o)
                0x00440278                _GetProcAddress@8
 .text          0x00440280        0x8 /usr/lib/w32api/libkernel32.a(dyuhs00546.o)
                0x00440280                _MapViewOfFile@20
 .text          0x00440288        0x8 /usr/lib/w32api/libkernel32.a(dyuhs00776.o)
                0x00440288                _UnmapViewOfFile@4
 .text          0x00440290        0x8 /usr/lib/w32api/libkernel32.a(dyuhs00038.o)
                0x00440290                _CloseHandle@4
 .text          0x00440298        0x8 /usr/lib/w32api/libkernel32.a(dyuhs00335.o)
                0x00440298                _GetModuleFileNameA@12
 .text          0x004402a0        0x8 /usr/lib/w32api/libkernel32.a(dyuhs00085.o)
                0x004402a0                _CreateProcessA@40
 .text          0x004402a8        0x8 /usr/lib/w32api/libkernel32.a(dyuhs00069.o)
                0x004402a8                _CreateFileMappingA@24
 .text          0x004402b0        0x8 /usr/lib/w32api/libkernel32.a(dyuhs00616.o)
                0x004402b0                _ReadFile@20
 .text          0x004402b8        0x8 /usr/lib/w32api/libkernel32.a(dyuhs00698.o)
                0x004402b8                _SetEvent@4
 .text          0x004402c0        0x8 /usr/lib/w32api/libkernel32.a(dyuhs00810.o)
                0x004402c0                _WaitForSingleObject@8
 .text          0x004402c8        0x8 /usr/lib/w32api/libkernel32.a(dyuhs00325.o)
                0x004402c8                _GetLastError@0
 .text          0x004402d0        0x8 /usr/lib/w32api/libkernel32.a(dyuhs00352.o)
                0x004402d0                _GetOverlappedResult@16
 .text          0x004402d8        0x8 /usr/lib/w32api/libkernel32.a(dyuhs00064.o)
                0x004402d8                _CreateEventA@16
 .text          0x004402e0        0x8 /usr/lib/w32api/libkernel32.a(dyuhs00827.o)
                0x004402e0                _WriteFile@20
 .text          0x004402e8        0x8 /usr/lib/w32api/libkernel32.a(dyuhs00091.o)
                0x004402e8                _CreateThread@24
 .text          0x004402f0        0x8 /usr/lib/w32api/libkernel32.a(dyuhs00433.o)
                0x004402f0                _GetVersionExA@4
 .text          0x004402f8        0x8 /usr/lib/w32api/libkernel32.a(dyuhs00009.o)
                0x004402f8                _AllocConsole@0
 .text          0x00440300        0x8 /usr/lib/w32api/libkernel32.a(dyuhs00388.o)
                0x00440300                _GetStdHandle@4
 .text          0x00440308        0x8 /usr/lib/w32api/libkernel32.a(dyuhs00214.o)
                0x00440308                _FreeLibrary@4
 .text          0x00440310        0x8 /usr/lib/w32api/libkernel32.a(dyuhs00084.o)
                0x00440310                _CreatePipe@16
 .text          0x00440318        0x8 /usr/lib/w32api/libkernel32.a(dyuhs00710.o)
                0x00440318                _SetHandleInformation@12
 .text          0x00440320        0x8 /usr/lib/w32api/libkernel32.a(dyuhs00035.o)
                0x00440320                _ClearCommBreak@4
 .text          0x00440328        0x8 /usr/lib/w32api/libkernel32.a(dyuhs00235.o)
                0x00440328                _GetCommState@8
 .text          0x00440330        0x8 /usr/lib/w32api/libkernel32.a(dyuhs00655.o)
                0x00440330                _SetCommState@8
 .text          0x00440338        0x8 /usr/lib/w32api/libkernel32.a(dyuhs00656.o)
                0x00440338                _SetCommTimeouts@8
 .text          0x00440340        0x8 /usr/lib/w32api/libkernel32.a(dyuhs00068.o)
                0x00440340                _CreateFileA@28
 .text          0x00440348        0x8 /usr/lib/w32api/libkernel32.a(dyuhs00652.o)
                0x00440348                _SetCommBreak@4
 .text          0x00440350        0x8 /usr/lib/w32api/libkernel32.a(dyuhs00303.o)
                0x00440350                _GetEnvironmentVariableA@12
 .text          0x00440358        0x8 /usr/lib/w32api/libkernel32.a(dyuhs00443.o)
                0x00440358                _GetWindowsDirectoryA@8
 .text          0x00440360        0x8 /usr/lib/w32api/libkernel32.a(dyuhs00326.o)
                0x00440360                _GetLocalTime@4
 .text          0x00440368        0x8 /usr/lib/w32api/libkernel32.a(dyuhs00220.o)
                0x00440368                _GetACP@0
 .text          0x00440370        0x8 /usr/lib/w32api/libkernel32.a(dyuhs00281.o)
                0x00440370                _GetCurrentDirectoryA@8
 .text          0x00440378        0x8 /usr/lib/w32api/libkernel32.a(dyuhs00688.o)
                0x00440378                _SetCurrentDirectoryA@4
 .text          0x00440380        0x8 /usr/lib/w32api/libkernel32.a(dyuhs00237.o)
                0x00440380                _GetCommandLineA@0
 .text          0x00440388        0x8 /usr/lib/w32api/libkernel32.a(dyuhs00386.o)
                0x00440388                _GetStartupInfoA@4
 .text          0x00440390        0x8 /usr/lib/w32api/libkernel32.a(dyuhs00337.o)
                0x00440390                _GetModuleHandleA@4
 .text          0x00440398        0x0 /usr/lib/w32api/libkernel32.a(dyuhh.o)
 .text          0x00440398        0x0 /usr/lib/w32api/libkernel32.a(dyuht.o)
 *(SORT(.text$*))
 *(.glue_7t)
 *(.glue_7)
                0x00440398                ___CTOR_LIST__ = .
                0x00440398                __CTOR_LIST__ = .
                0x00440398        0x4 LONG 0xffffffff
 *(.ctors)
 *(.ctor)
 *(SORT(.ctors.*))
                0x0044039c        0x4 LONG 0x0
                0x004403a0                ___DTOR_LIST__ = .
                0x004403a0                __DTOR_LIST__ = .
                0x004403a0        0x4 LONG 0xffffffff
 *(.dtors)
 *(.dtor)
 *(SORT(.dtors.*))
                0x004403a4        0x4 LONG 0x0
 *(.fini)
 *(.gcc_exc)
                0x004403a8                PROVIDE (etext, .)
 *(.gcc_except_table)

.data           0x00441000      0x400
                0x00441000                __data_start__ = .
 *(.data)
 .data          0x00441000        0x0 /usr/lib/gcc/i686-pc-mingw32/3.4.4/../../../../i686-pc-mingw32/lib/crt2.o
 .data          0x00441000       0x40 be_nos_s.o
                0x00441000                _backends
 .data          0x00441040        0x0 cmdline.o
 .data          0x00441040        0x0 config.o
 .data          0x00441040        0x0 dialog.o
 .data          0x00441040        0x0 ldisc.o
 .data          0x00441040        0x0 ldiscucs.o
 .data          0x00441040        0x0 logging.o
 .data          0x00441040        0x0 minibidi.o
 .data          0x00441040        0x0 misc.o
 .data          0x00441040        0x0 nocproxy.o
 .data          0x00441040        0x0 pinger.o
 .data          0x00441040        0x0 proxy.o
 .data          0x00441040       0x60 raw.o
                0x00441040                _raw_backend
 .data          0x004410a0       0x60 rlogin.o
                0x004410a0                _rlogin_backend
 .data          0x00441100        0x0 sercfg.o
 .data          0x00441100        0x0 settings.o
 .data          0x00441100        0x0 sizetip.o
 .data          0x00441100       0x60 telnet.o
                0x00441100                _telnet_backend
 .data          0x00441160        0x4 terminal.o
                0x00441160                _EMPTY_WINDOW_TITLE
 .data          0x00441164        0x0 timing.o
 .data          0x00441164        0x0 tree234.o
 *fill*         0x00441164       0x1c 00
 .data          0x00441180       0x80 version.o
                0x00441180                _sshver
                0x004411c0                _ver
 .data          0x00441200        0x0 wcwidth.o
 .data          0x00441200        0x0 wincfg.o
 .data          0x00441200        0x0 winctrls.o
 .data          0x00441200        0x0 windefs.o
 .data          0x00441200       0x14 windlg.o
 .data          0x00441214       0x14 window.o
 .data          0x00441228        0x0 winhandl.o
 .data          0x00441228        0x0 winhelp.o
 .data          0x00441228        0x4 winmisc.o
 .data          0x0044122c        0x0 winnet.o
 .data          0x0044122c        0x0 winprint.o
 .data          0x0044122c        0x0 winproxy.o
 *fill*         0x0044122c       0x14 00
 .data          0x00441240       0x60 winser.o
                0x00441240                _serial_backend
 .data          0x004412a0        0x0 winstore.o
 .data          0x004412a0        0x0 wintime.o
 .data          0x004412a0        0x0 winucs.o
 .data          0x004412a0        0x0 winutils.o
 .data          0x004412a0        0x0 /usr/lib/w32api/libadvapi32.a(dykgs00245.o)
 .data          0x004412a0        0x0 /usr/lib/w32api/libadvapi32.a(dykgs00389.o)
 .data          0x004412a0        0x0 /usr/lib/w32api/libadvapi32.a(dykgs00386.o)
 .data          0x004412a0        0x0 /usr/lib/w32api/libadvapi32.a(dykgs00434.o)
 .data          0x004412a0        0x0 /usr/lib/w32api/libadvapi32.a(dykgs00412.o)
 .data          0x004412a0        0x0 /usr/lib/w32api/libadvapi32.a(dykgs00423.o)
 .data          0x004412a0        0x0 /usr/lib/w32api/libadvapi32.a(dykgs00393.o)
 .data          0x004412a0        0x0 /usr/lib/w32api/libadvapi32.a(dykgs00400.o)
 .data          0x004412a0        0x0 /usr/lib/w32api/libadvapi32.a(dykgh.o)
 .data          0x004412a0        0x0 /usr/lib/w32api/libadvapi32.a(dykgt.o)
 .data          0x004412a0        0x0 /usr/lib/w32api/libcomctl32.a(dkzhs00094.o)
 .data          0x004412a0        0x0 /usr/lib/w32api/libcomctl32.a(dkzhs00093.o)
 .data          0x004412a0        0x0 /usr/lib/w32api/libcomctl32.a(dkzhs00041.o)
 .data          0x004412a0        0x0 /usr/lib/w32api/libcomctl32.a(dkzhs00091.o)
 .data          0x004412a0        0x0 /usr/lib/w32api/libcomctl32.a(dkzhh.o)
 .data          0x004412a0        0x0 /usr/lib/w32api/libcomctl32.a(dkzht.o)
 .data          0x004412a0        0x0 /usr/lib/w32api/libcomdlg32.a(dmycs00002.o)
 .data          0x004412a0        0x0 /usr/lib/w32api/libcomdlg32.a(dmycs00000.o)
 .data          0x004412a0        0x0 /usr/lib/w32api/libcomdlg32.a(dmycs00011.o)
 .data          0x004412a0        0x0 /usr/lib/w32api/libcomdlg32.a(dmycs00009.o)
 .data          0x004412a0        0x0 /usr/lib/w32api/libcomdlg32.a(dmych.o)
 .data          0x004412a0        0x0 /usr/lib/w32api/libcomdlg32.a(dmyct.o)
 .data          0x004412a0        0x0 /usr/lib/w32api/libgdi32.a(dyohs00034.o)
 .data          0x004412a0        0x0 /usr/lib/w32api/libgdi32.a(dyohs00279.o)
 .data          0x004412a0        0x0 /usr/lib/w32api/libgdi32.a(dyohs00211.o)
 .data          0x004412a0        0x0 /usr/lib/w32api/libgdi32.a(dyohs00070.o)
 .data          0x004412a0        0x0 /usr/lib/w32api/libgdi32.a(dyohs00199.o)
 .data          0x004412a0        0x0 /usr/lib/w32api/libgdi32.a(dyohs00067.o)
 .data          0x004412a0        0x0 /usr/lib/w32api/libgdi32.a(dyohs00261.o)
 .data          0x004412a0        0x0 /usr/lib/w32api/libgdi32.a(dyohs00321.o)
 .data          0x004412a0        0x0 /usr/lib/w32api/libgdi32.a(dyohs00285.o)
 .data          0x004412a0        0x0 /usr/lib/w32api/libgdi32.a(dyohs00337.o)
 .data          0x004412a0        0x0 /usr/lib/w32api/libgdi32.a(dyohs00073.o)
 .data          0x004412a0        0x0 /usr/lib/w32api/libgdi32.a(dyohs00047.o)
 .data          0x004412a0        0x0 /usr/lib/w32api/libgdi32.a(dyohs00146.o)
 .data          0x004412a0        0x0 /usr/lib/w32api/libgdi32.a(dyohs00304.o)
 .data          0x004412a0        0x0 /usr/lib/w32api/libgdi32.a(dyohs00208.o)
 .data          0x004412a0        0x0 /usr/lib/w32api/libgdi32.a(dyohs00056.o)
 .data          0x004412a0        0x0 /usr/lib/w32api/libgdi32.a(dyohs00280.o)
 .data          0x004412a0        0x0 /usr/lib/w32api/libgdi32.a(dyohs00258.o)
 .data          0x004412a0        0x0 /usr/lib/w32api/libgdi32.a(dyohs00046.o)
 .data          0x004412a0        0x0 /usr/lib/w32api/libgdi32.a(dyohs00217.o)
 .data          0x004412a0        0x0 /usr/lib/w32api/libgdi32.a(dyohs00183.o)
 .data          0x004412a0        0x0 /usr/lib/w32api/libgdi32.a(dyohs00339.o)
 .data          0x004412a0        0x0 /usr/lib/w32api/libgdi32.a(dyohs00033.o)
 .data          0x004412a0        0x0 /usr/lib/w32api/libgdi32.a(dyohs00319.o)
 .data          0x004412a0        0x0 /usr/lib/w32api/libgdi32.a(dyohs00286.o)
 .data          0x004412a0        0x0 /usr/lib/w32api/libgdi32.a(dyohs00102.o)
 .data          0x004412a0        0x0 /usr/lib/w32api/libgdi32.a(dyohs00190.o)
 .data          0x004412a0        0x0 /usr/lib/w32api/libgdi32.a(dyohs00058.o)
 .data          0x004412a0        0x0 /usr/lib/w32api/libgdi32.a(dyohs00232.o)
 .data          0x004412a0        0x0 /usr/lib/w32api/libgdi32.a(dyohs00229.o)
 .data          0x004412a0        0x0 /usr/lib/w32api/libgdi32.a(dyohs00103.o)
 .data          0x004412a0        0x0 /usr/lib/w32api/libgdi32.a(dyohs00136.o)
 .data          0x004412a0        0x0 /usr/lib/w32api/libgdi32.a(dyohs00254.o)
 .data          0x004412a0        0x0 /usr/lib/w32api/libgdi32.a(dyohs00310.o)
 .data          0x004412a0        0x0 /usr/lib/w32api/libgdi32.a(dyohs00130.o)
 .data          0x004412a0        0x0 /usr/lib/w32api/libgdi32.a(dyohs00134.o)
 .data          0x004412a0        0x0 /usr/lib/w32api/libgdi32.a(dyohs00129.o)
 .data          0x004412a0        0x0 /usr/lib/w32api/libgdi32.a(dyohs00131.o)
 .data          0x004412a0        0x0 /usr/lib/w32api/libgdi32.a(dyohs00309.o)
 .data          0x004412a0        0x0 /usr/lib/w32api/libgdi32.a(dyohs00340.o)
 .data          0x004412a0        0x0 /usr/lib/w32api/libgdi32.a(dyohs00028.o)
 .data          0x004412a0        0x0 /usr/lib/w32api/libgdi32.a(dyohs00225.o)
 .data          0x004412a0        0x0 /usr/lib/w32api/libgdi32.a(dyohs00096.o)
 .data          0x004412a0        0x0 /usr/lib/w32api/libgdi32.a(dyohs00341.o)
 .data          0x004412a0        0x0 /usr/lib/w32api/libgdi32.a(dyohh.o)
 .data          0x004412a0        0x0 /usr/lib/w32api/libgdi32.a(dyoht.o)
 .data          0x004412a0        0x0 /usr/lib/w32api/libimm32.a(dasfs00025.o)
 .data          0x004412a0        0x0 /usr/lib/w32api/libimm32.a(dasfs00065.o)
 .data          0x004412a0        0x0 /usr/lib/w32api/libimm32.a(dasfs00059.o)
 .data          0x004412a0        0x0 /usr/lib/w32api/libimm32.a(dasfs00061.o)
 .data          0x004412a0        0x0 /usr/lib/w32api/libimm32.a(dasfs00023.o)
 .data          0x004412a0        0x0 /usr/lib/w32api/libimm32.a(dasfh.o)
 .data          0x004412a0        0x0 /usr/lib/w32api/libimm32.a(dasft.o)
 .data          0x004412a0        0x0 /usr/lib/w32api/libshell32.a(dsdfs00143.o)
 .data          0x004412a0        0x0 /usr/lib/w32api/libshell32.a(dsdfh.o)
 .data          0x004412a0        0x0 /usr/lib/w32api/libshell32.a(dsdft.o)
 .data          0x004412a0        0x0 /usr/lib/w32api/libuser32.a(dwxfs00133.o)
 .data          0x004412a0        0x0 /usr/lib/w32api/libuser32.a(dwxfs00568.o)
 .data          0x004412a0        0x0 /usr/lib/w32api/libuser32.a(dwxfs00368.o)
 .data          0x004412a0        0x0 /usr/lib/w32api/libuser32.a(dwxfs00011.o)
 .data          0x004412a0        0x0 /usr/lib/w32api/libuser32.a(dwxfs00235.o)
 .data          0x004412a0        0x0 /usr/lib/w32api/libuser32.a(dwxfs00349.o)
 .data          0x004412a0        0x0 /usr/lib/w32api/libuser32.a(dwxfs00348.o)
 .data          0x004412a0        0x0 /usr/lib/w32api/libuser32.a(dwxfs00183.o)
 .data          0x004412a0        0x0 /usr/lib/w32api/libuser32.a(dwxfs00346.o)
 .data          0x004412a0        0x0 /usr/lib/w32api/libuser32.a(dwxfs00089.o)
 .data          0x004412a0        0x0 /usr/lib/w32api/libuser32.a(dwxfs00581.o)
 .data          0x004412a0        0x0 /usr/lib/w32api/libuser32.a(dwxfs00322.o)
 .data          0x004412a0        0x0 /usr/lib/w32api/libuser32.a(dwxfs00587.o)
 .data          0x004412a0        0x0 /usr/lib/w32api/libuser32.a(dwxfs00570.o)
 .data          0x004412a0        0x0 /usr/lib/w32api/libuser32.a(dwxfs00476.o)
 .data          0x004412a0        0x0 /usr/lib/w32api/libuser32.a(dwxfs00143.o)
 .data          0x004412a0        0x0 /usr/lib/w32api/libuser32.a(dwxfs00224.o)
 .data          0x004412a0        0x0 /usr/lib/w32api/libuser32.a(dwxfs00504.o)
 .data          0x004412a0        0x0 /usr/lib/w32api/libuser32.a(dwxfs00423.o)
 .data          0x004412a0        0x0 /usr/lib/w32api/libuser32.a(dwxfs00247.o)
 .data          0x004412a0        0x0 /usr/lib/w32api/libuser32.a(dwxfs00490.o)
 .data          0x004412a0        0x0 /usr/lib/w32api/libuser32.a(dwxfs00501.o)
 .data          0x004412a0        0x0 /usr/lib/w32api/libuser32.a(dwxfs00565.o)
 .data          0x004412a0        0x0 /usr/lib/w32api/libuser32.a(dwxfs00430.o)
 .data          0x004412a0        0x0 /usr/lib/w32api/libuser32.a(dwxfs00056.o)
 .data          0x004412a0        0x0 /usr/lib/w32api/libuser32.a(dwxfs00384.o)
 .data          0x004412a0        0x0 /usr/lib/w32api/libuser32.a(dwxfs00053.o)
 .data          0x004412a0        0x0 /usr/lib/w32api/libuser32.a(dwxfs00526.o)
 .data          0x004412a0        0x0 /usr/lib/w32api/libuser32.a(dwxfs00254.o)
 .data          0x004412a0        0x0 /usr/lib/w32api/libuser32.a(dwxfs00487.o)
 .data          0x004412a0        0x0 /usr/lib/w32api/libuser32.a(dwxfs00162.o)
 .data          0x004412a0        0x0 /usr/lib/w32api/libuser32.a(dwxfs00513.o)
 .data          0x004412a0        0x0 /usr/lib/w32api/libuser32.a(dwxfs00252.o)
 .data          0x004412a0        0x0 /usr/lib/w32api/libuser32.a(dwxfs00529.o)
 .data          0x004412a0        0x0 /usr/lib/w32api/libuser32.a(dwxfs00431.o)
 .data          0x004412a0        0x0 /usr/lib/w32api/libuser32.a(dwxfs00345.o)
 .data          0x004412a0        0x0 /usr/lib/w32api/libuser32.a(dwxfs00567.o)
 .data          0x004412a0        0x0 /usr/lib/w32api/libuser32.a(dwxfs00303.o)
 .data          0x004412a0        0x0 /usr/lib/w32api/libuser32.a(dwxfs00512.o)
 .data          0x004412a0        0x0 /usr/lib/w32api/libuser32.a(dwxfs00181.o)
 .data          0x004412a0        0x0 /usr/lib/w32api/libuser32.a(dwxfs00179.o)
 .data          0x004412a0        0x0 /usr/lib/w32api/libuser32.a(dwxfs00146.o)
 .data          0x004412a0        0x0 /usr/lib/w32api/libuser32.a(dwxfs00126.o)
 .data          0x004412a0        0x0 /usr/lib/w32api/libuser32.a(dwxfs00402.o)
 .data          0x004412a0        0x0 /usr/lib/w32api/libuser32.a(dwxfs00079.o)
 .data          0x004412a0        0x0 /usr/lib/w32api/libuser32.a(dwxfs00292.o)
 .data          0x004412a0        0x0 /usr/lib/w32api/libuser32.a(dwxfs00340.o)
 .data          0x004412a0        0x0 /usr/lib/w32api/libuser32.a(dwxfs00382.o)
 .data          0x004412a0        0x0 /usr/lib/w32api/libuser32.a(dwxfs00148.o)
 .data          0x004412a0        0x0 /usr/lib/w32api/libuser32.a(dwxfs00465.o)
 .data          0x004412a0        0x0 /usr/lib/w32api/libuser32.a(dwxfs00489.o)
 .data          0x004412a0        0x0 /usr/lib/w32api/libuser32.a(dwxfs00223.o)
 .data          0x004412a0        0x0 /usr/lib/w32api/libuser32.a(dwxfs00406.o)
 .data          0x004412a0        0x0 /usr/lib/w32api/libuser32.a(dwxfs00249.o)
 .data          0x004412a0        0x0 /usr/lib/w32api/libuser32.a(dwxfs00442.o)
 .data          0x004412a0        0x0 /usr/lib/w32api/libuser32.a(dwxfs00362.o)
 .data          0x004412a0        0x0 /usr/lib/w32api/libuser32.a(dwxfs00136.o)
 .data          0x004412a0        0x0 /usr/lib/w32api/libuser32.a(dwxfs00088.o)
 .data          0x004412a0        0x0 /usr/lib/w32api/libuser32.a(dwxfs00006.o)
 .data          0x004412a0        0x0 /usr/lib/w32api/libuser32.a(dwxfs00516.o)
 .data          0x004412a0        0x0 /usr/lib/w32api/libuser32.a(dwxfs00521.o)
 .data          0x004412a0        0x0 /usr/lib/w32api/libuser32.a(dwxfs00578.o)
 .data          0x004412a0        0x0 /usr/lib/w32api/libuser32.a(dwxfs00272.o)
 .data          0x004412a0        0x0 /usr/lib/w32api/libuser32.a(dwxfs00397.o)
 .data          0x004412a0        0x0 /usr/lib/w32api/libuser32.a(dwxfs00559.o)
 .data          0x004412a0        0x0 /usr/lib/w32api/libuser32.a(dwxfs00395.o)
 .data          0x004412a0        0x0 /usr/lib/w32api/libuser32.a(dwxfs00515.o)
 .data          0x004412a0        0x0 /usr/lib/w32api/libuser32.a(dwxfs00387.o)
 .data          0x004412a0        0x0 /usr/lib/w32api/libuser32.a(dwxfs00550.o)
 .data          0x004412a0        0x0 /usr/lib/w32api/libuser32.a(dwxfs00452.o)
 .data          0x004412a0        0x0 /usr/lib/w32api/libuser32.a(dwxfs00176.o)
 .data          0x004412a0        0x0 /usr/lib/w32api/libuser32.a(dwxfs00519.o)
 .data          0x004412a0        0x0 /usr/lib/w32api/libuser32.a(dwxfs00061.o)
 .data          0x004412a0        0x0 /usr/lib/w32api/libuser32.a(dwxfs00480.o)
 .data          0x004412a0        0x0 /usr/lib/w32api/libuser32.a(dwxfs00237.o)
 .data          0x004412a0        0x0 /usr/lib/w32api/libuser32.a(dwxfs00213.o)
 .data          0x004412a0        0x0 /usr/lib/w32api/libuser32.a(dwxfs00073.o)
 .data          0x004412a0        0x0 /usr/lib/w32api/libuser32.a(dwxfs00256.o)
 .data          0x004412a0        0x0 /usr/lib/w32api/libuser32.a(dwxfs00324.o)
 .data          0x004412a0        0x0 /usr/lib/w32api/libuser32.a(dwxfs00087.o)
 .data          0x004412a0        0x0 /usr/lib/w32api/libuser32.a(dwxfs00268.o)
 .data          0x004412a0        0x0 /usr/lib/w32api/libuser32.a(dwxfs00530.o)
 .data          0x004412a0        0x0 /usr/lib/w32api/libuser32.a(dwxfs00258.o)
 .data          0x004412a0        0x0 /usr/lib/w32api/libuser32.a(dwxfs00617.o)
 .data          0x004412a0        0x0 /usr/lib/w32api/libuser32.a(dwxfs00443.o)
 .data          0x004412a0        0x0 /usr/lib/w32api/libuser32.a(dwxfs00461.o)
 .data          0x004412a0        0x0 /usr/lib/w32api/libuser32.a(dwxfs00391.o)
 .data          0x004412a0        0x0 /usr/lib/w32api/libuser32.a(dwxfs00054.o)
 .data          0x004412a0        0x0 /usr/lib/w32api/libuser32.a(dwxfs00139.o)
 .data          0x004412a0        0x0 /usr/lib/w32api/libuser32.a(dwxfs00177.o)
 .data          0x004412a0        0x0 /usr/lib/w32api/libuser32.a(dwxfs00604.o)
 .data          0x004412a0        0x0 /usr/lib/w32api/libuser32.a(dwxfs00246.o)
 .data          0x004412a0        0x0 /usr/lib/w32api/libuser32.a(dwxfs00295.o)
 .data          0x004412a0        0x0 /usr/lib/w32api/libuser32.a(dwxfs00598.o)
 .data          0x004412a0        0x0 /usr/lib/w32api/libuser32.a(dwxfs00463.o)
 .data          0x004412a0        0x0 /usr/lib/w32api/libuser32.a(dwxfs00577.o)
 .data          0x004412a0        0x0 /usr/lib/w32api/libuser32.a(dwxfs00531.o)
 .data          0x004412a0        0x0 /usr/lib/w32api/libuser32.a(dwxfs00594.o)
 .data          0x004412a0        0x0 /usr/lib/w32api/libuser32.a(dwxfs00356.o)
 .data          0x004412a0        0x0 /usr/lib/w32api/libuser32.a(dwxfs00627.o)
 .data          0x004412a0        0x0 /usr/lib/w32api/libuser32.a(dwxfs00434.o)
 .data          0x004412a0        0x0 /usr/lib/w32api/libuser32.a(dwxfh.o)
 .data          0x004412a0        0x0 /usr/lib/w32api/libuser32.a(dwxft.o)
 .data          0x004412a0        0x0 /usr/lib/w32api/libwinmm.a(dumfs00008.o)
 .data          0x004412a0        0x0 /usr/lib/w32api/libwinmm.a(dumfh.o)
 .data          0x004412a0        0x0 /usr/lib/w32api/libwinmm.a(dumft.o)
 .data          0x004412a0        0x0 /usr/lib/w32api/libwinspool.a(dwbds00078.o)
 .data          0x004412a0        0x0 /usr/lib/w32api/libwinspool.a(dwbds00102.o)
 .data          0x004412a0        0x0 /usr/lib/w32api/libwinspool.a(dwbds00126.o)
 .data          0x004412a0        0x0 /usr/lib/w32api/libwinspool.a(dwbds00128.o)
 .data          0x004412a0        0x0 /usr/lib/w32api/libwinspool.a(dwbds00025.o)
 .data          0x004412a0        0x0 /usr/lib/w32api/libwinspool.a(dwbds00059.o)
 .data          0x004412a0        0x0 /usr/lib/w32api/libwinspool.a(dwbds00130.o)
 .data          0x004412a0        0x0 /usr/lib/w32api/libwinspool.a(dwbds00060.o)
 .data          0x004412a0        0x0 /usr/lib/w32api/libwinspool.a(dwbdh.o)
 .data          0x004412a0        0x0 /usr/lib/w32api/libwinspool.a(dwbdt.o)
 .data          0x004412a0        0x4 /usr/lib/gcc/i686-pc-mingw32/3.4.4/../../../../i686-pc-mingw32/lib/libmingw32.a(CRTglob.o)
                0x004412a0                __CRT_glob
 .data          0x004412a4        0x0 /usr/lib/gcc/i686-pc-mingw32/3.4.4/../../../../i686-pc-mingw32/lib/libmingw32.a(CRTfmode.o)
 .data          0x004412a4        0x4 /usr/lib/gcc/i686-pc-mingw32/3.4.4/../../../../i686-pc-mingw32/lib/libmingw32.a(txtmode.o)
                0x004412a4                __fmode
 .data          0x004412a8        0x0 /usr/lib/gcc/i686-pc-mingw32/3.4.4/../../../../i686-pc-mingw32/lib/libmingw32.a(main.o)
 .data          0x004412a8        0x4 /usr/lib/gcc/i686-pc-mingw32/3.4.4/../../../../i686-pc-mingw32/lib/libmingw32.a(gccmain.o)
 .data          0x004412ac        0x0 /usr/lib/gcc/i686-pc-mingw32/3.4.4/../../../../i686-pc-mingw32/lib/libmingw32.a(pseudo-reloc.o)
 .data          0x004412ac        0x0 /usr/lib/gcc/i686-pc-mingw32/3.4.4/../../../../i686-pc-mingw32/lib/libmingw32.a(cpu_features.o)
 .data          0x004412ac        0x0 /usr/lib/gcc/i686-pc-mingw32/3.4.4/../../../../i686-pc-mingw32/lib/libmingw32.a(CRT_fp10.o)
 .data          0x004412ac        0x0 /usr/lib/gcc/i686-pc-mingw32/3.4.4/../../../../i686-pc-mingw32/lib/libmingw32.a(pseudo-reloc-list.o)
 .data          0x004412ac        0x0 /usr/lib/gcc/i686-pc-mingw32/3.4.4/libgcc.a(_chkstk.o)
 .data          0x004412ac        0x0 /usr/lib/gcc/i686-pc-mingw32/3.4.4/libgcc.a(_ctors.o)
 .data          0x004412ac        0x0 /usr/lib/gcc/i686-pc-mingw32/3.4.4/../../../../i686-pc-mingw32/lib/libmoldname.a(dctgs00084.o)
 .data          0x004412ac        0x0 /usr/lib/gcc/i686-pc-mingw32/3.4.4/../../../../i686-pc-mingw32/lib/libmoldname.a(dctgh.o)
 .data          0x004412ac        0x0 /usr/lib/gcc/i686-pc-mingw32/3.4.4/../../../../i686-pc-mingw32/lib/libmoldname.a(dctgt.o)
 .data          0x004412ac        0x0 /usr/lib/gcc/i686-pc-mingw32/3.4.4/../../../../i686-pc-mingw32/lib/libmsvcrt.a(doxfs00266.o)
 .data          0x004412ac        0x0 /usr/lib/gcc/i686-pc-mingw32/3.4.4/../../../../i686-pc-mingw32/lib/libmsvcrt.a(doxfs00099.o)